[1.656s] Invoking command in '/home/ssfa/ros2_ws/build/topic_exercise': PYTHONPATH=/home/ssfa/ros2_ws/build/topic_exercise/prefix_override:/usr/lib/python3/dist-packages/colcon_core/task/python/colcon_distutils_commands:/home/ssfa/ros2_ws/install/topic_exercise/lib/python3.10/site-packages:${PYTHONPATH} /usr/bin/python3 -W ignore:setup.py install is deprecated setup.py develop --editable --build-directory /home/ssfa/ros2_ws/build/topic_exercise/build --no-deps symlink_data
[1.976s] running develop
[1.977s] /usr/lib/python3/dist-packages/setuptools/command/easy_install.py:158: EasyInstallDeprecationWarning: easy_install command is deprecated. Use build and pip and other standards-based tools.
[1.977s]   warnings.warn(
[2.045s] /usr/lib/python3/dist-packages/setuptools/command/easy_install.py:355: UserWarning: Unbuilt egg for turtlebot3-example 2.0.1 (/home/ssfa/ros2_ws/build/turtlebot3_example)
[2.045s]   self.local_index = Environment(self.shadow_path + sys.path)
[2.160s] running egg_info
[2.160s] writing topic_exercise.egg-info/PKG-INFO
[2.161s] writing dependency_links to topic_exercise.egg-info/dependency_links.txt
[2.161s] writing entry points to topic_exercise.egg-info/entry_points.txt
[2.161s] writing requirements to topic_exercise.egg-info/requires.txt
[2.161s] writing top-level names to topic_exercise.egg-info/top_level.txt
[2.162s] reading manifest file 'topic_exercise.egg-info/SOURCES.txt'
[2.163s] writing manifest file 'topic_exercise.egg-info/SOURCES.txt'
[2.165s] running build_ext
[2.165s] Creating /home/ssfa/ros2_ws/install/topic_exercise/lib/python3.10/site-packages/topic-exercise.egg-link (link to .)
[2.166s] Installing exercise script to /home/ssfa/ros2_ws/install/topic_exercise/lib/topic_exercise
[2.166s] 
[2.166s] Installed /home/ssfa/ros2_ws/build/topic_exercise
[2.166s] running symlink_data
[2.200s] Invoked command in '/home/ssfa/ros2_ws/build/topic_exercise' returned '0': PYTHONPATH=/home/ssfa/ros2_ws/build/topic_exercise/prefix_override:/usr/lib/python3/dist-packages/colcon_core/task/python/colcon_distutils_commands:/home/ssfa/ros2_ws/install/topic_exercise/lib/python3.10/site-packages:${PYTHONPATH} /usr/bin/python3 -W ignore:setup.py install is deprecated setup.py develop --editable --build-directory /home/ssfa/ros2_ws/build/topic_exercise/build --no-deps symlink_data
