[2.355s] Invoking command in '/home/ssfa/ros2_ws/src/t3/services_pkg': PYTHONPATH=/home/ssfa/ros2_ws/build/services_pkg/prefix_override:/usr/lib/python3/dist-packages/colcon_core/task/python/colcon_distutils_commands:/home/ssfa/ros2_ws/install/services_pkg/lib/python3.10/site-packages:${PYTHONPATH} /usr/bin/python3 -W ignore:setup.py install is deprecated setup.py egg_info --egg-base ../../../build/services_pkg build --build-base /home/ssfa/ros2_ws/build/services_pkg/build install --record /home/ssfa/ros2_ws/build/services_pkg/install.log --install-scripts $base/lib/services_pkg --single-version-externally-managed install_data
[2.789s] /usr/lib/python3/dist-packages/setuptools/dist.py:723: UserWarning: Usage of dash-separated 'script-dir' will not be supported in future versions. Please use the underscore name 'script_dir' instead
[2.789s]   warnings.warn(
[2.801s] running egg_info
[2.805s] writing ../../../build/services_pkg/services_pkg.egg-info/PKG-INFO
[2.805s] writing dependency_links to ../../../build/services_pkg/services_pkg.egg-info/dependency_links.txt
[2.805s] writing entry points to ../../../build/services_pkg/services_pkg.egg-info/entry_points.txt
[2.805s] writing requirements to ../../../build/services_pkg/services_pkg.egg-info/requires.txt
[2.806s] writing top-level names to ../../../build/services_pkg/services_pkg.egg-info/top_level.txt
[2.809s] reading manifest file '../../../build/services_pkg/services_pkg.egg-info/SOURCES.txt'
[2.811s] writing manifest file '../../../build/services_pkg/services_pkg.egg-info/SOURCES.txt'
[2.811s] running build
[2.812s] running build_py
[2.812s] running install
[2.812s] running install_lib
[2.816s] running install_data
[2.816s] running install_egg_info
[2.822s] removing '/home/ssfa/ros2_ws/install/services_pkg/lib/python3.10/site-packages/services_pkg-0.0.0-py3.10.egg-info' (and everything under it)
[2.826s] Copying ../../../build/services_pkg/services_pkg.egg-info to /home/ssfa/ros2_ws/install/services_pkg/lib/python3.10/site-packages/services_pkg-0.0.0-py3.10.egg-info
[2.830s] running install_scripts
[2.871s] Installing service script to /home/ssfa/ros2_ws/install/services_pkg/lib/services_pkg
[2.871s] Installing service2 script to /home/ssfa/ros2_ws/install/services_pkg/lib/services_pkg
[2.871s] Installing service_client script to /home/ssfa/ros2_ws/install/services_pkg/lib/services_pkg
[2.871s] writing list of installed files to '/home/ssfa/ros2_ws/build/services_pkg/install.log'
[3.150s] Invoked command in '/home/ssfa/ros2_ws/src/t3/services_pkg' returned '0': PYTHONPATH=/home/ssfa/ros2_ws/build/services_pkg/prefix_override:/usr/lib/python3/dist-packages/colcon_core/task/python/colcon_distutils_commands:/home/ssfa/ros2_ws/install/services_pkg/lib/python3.10/site-packages:${PYTHONPATH} /usr/bin/python3 -W ignore:setup.py install is deprecated setup.py egg_info --egg-base ../../../build/services_pkg build --build-base /home/ssfa/ros2_ws/build/services_pkg/build install --record /home/ssfa/ros2_ws/build/services_pkg/install.log --install-scripts $base/lib/services_pkg --single-version-externally-managed install_data
