[0.944s] Invoking command in '/home/ssfa/ros2_ws/src/t3/turtlebot3/turtlebot3/turtlebot3_example': CMAKE_PREFIX_PATH=/home/ssfa/ros2_ws/install/turtlebot3_msgs:/home/ssfa/ros2_ws/install/yolov8_bringup:/home/ssfa/ros2_ws/install/yolov8_msgs:/home/ssfa/ros2_ws/install/usb_cam:/home/ssfa/ros2_ws/install/turtlebot3:/home/ssfa/ros2_ws/install/turtlebot3_simulations:/home/ssfa/ros2_ws/install/turtlebot3_navigation2:/home/ssfa/ros2_ws/install/turtlebot3_gazebo:/home/ssfa/ros2_ws/install/turtlebot3_bringup:/home/ssfa/ros2_ws/install/turtlebot3_description:/home/ssfa/ros2_ws/install/turtlebot3_cartographer:/home/ssfa/ros2_ws/install/turtlebot3_as:/home/ssfa/ros2_ws/install/t3_action_msg:/home/ssfa/ros2_ws/install/dynamixel_sdk LD_LIBRARY_PATH=/home/ssfa/ros2_ws/install/turtlebot3_msgs/lib:/home/ssfa/ros2_ws/install/yolov8_msgs/lib:/home/ssfa/ros2_ws/install/usb_cam/lib:/home/ssfa/ros2_ws/install/t3_action_msg/lib:/home/ssfa/ros2_ws/install/dynamixel_sdk/lib:/usr/lib/x86_64-linux-gnu/gazebo-11/plugins:/opt/ros/humble/opt/rviz_ogre_vendor/lib:/opt/ros/humble/lib/x86_64-linux-gnu:/opt/ros/humble/lib PYTHONPATH=/home/ssfa/ros2_ws/build/turtlebot3_example/prefix_override:/usr/lib/python3/dist-packages/colcon_core/task/python/colcon_distutils_commands:/home/ssfa/ros2_ws/install/turtlebot3_example/lib/python3.10/site-packages:${PYTHONPATH} /usr/bin/python3 -W ignore:setup.py install is deprecated setup.py egg_info --egg-base ../../../../../build/turtlebot3_example build --build-base /home/ssfa/ros2_ws/build/turtlebot3_example/build install --record /home/ssfa/ros2_ws/build/turtlebot3_example/install.log --install-scripts $base/lib/turtlebot3_example --single-version-externally-managed install_data
[1.311s] /usr/lib/python3/dist-packages/setuptools/dist.py:723: UserWarning: Usage of dash-separated 'script-dir' will not be supported in future versions. Please use the underscore name 'script_dir' instead
[1.312s]   warnings.warn(
[1.327s] running egg_info
[1.328s] writing ../../../../../build/turtlebot3_example/turtlebot3_example.egg-info/PKG-INFO
[1.328s] writing dependency_links to ../../../../../build/turtlebot3_example/turtlebot3_example.egg-info/dependency_links.txt
[1.328s] writing entry points to ../../../../../build/turtlebot3_example/turtlebot3_example.egg-info/entry_points.txt
[1.328s] writing requirements to ../../../../../build/turtlebot3_example/turtlebot3_example.egg-info/requires.txt
[1.328s] writing top-level names to ../../../../../build/turtlebot3_example/turtlebot3_example.egg-info/top_level.txt
[1.332s] reading manifest file '../../../../../build/turtlebot3_example/turtlebot3_example.egg-info/SOURCES.txt'
[1.333s] writing manifest file '../../../../../build/turtlebot3_example/turtlebot3_example.egg-info/SOURCES.txt'
[1.333s] running build
[1.333s] running build_py
[1.335s] running install
[1.335s] running install_lib
[1.338s] running install_data
[1.338s] running install_egg_info
[1.340s] removing '/home/ssfa/ros2_ws/install/turtlebot3_example/lib/python3.10/site-packages/turtlebot3_example-2.0.1-py3.10.egg-info' (and everything under it)
[1.340s] Copying ../../../../../build/turtlebot3_example/turtlebot3_example.egg-info to /home/ssfa/ros2_ws/install/turtlebot3_example/lib/python3.10/site-packages/turtlebot3_example-2.0.1-py3.10.egg-info
[1.341s] running install_scripts
[1.373s] Installing turtlebot3_obstacle_detection script to /home/ssfa/ros2_ws/install/turtlebot3_example/lib/turtlebot3_example
[1.373s] Installing turtlebot3_patrol_client script to /home/ssfa/ros2_ws/install/turtlebot3_example/lib/turtlebot3_example
[1.373s] Installing turtlebot3_patrol_server script to /home/ssfa/ros2_ws/install/turtlebot3_example/lib/turtlebot3_example
[1.374s] Installing turtlebot3_position_control script to /home/ssfa/ros2_ws/install/turtlebot3_example/lib/turtlebot3_example
[1.374s] writing list of installed files to '/home/ssfa/ros2_ws/build/turtlebot3_example/install.log'
[1.408s] Invoked command in '/home/ssfa/ros2_ws/src/t3/turtlebot3/turtlebot3/turtlebot3_example' returned '0': CMAKE_PREFIX_PATH=/home/ssfa/ros2_ws/install/turtlebot3_msgs:/home/ssfa/ros2_ws/install/yolov8_bringup:/home/ssfa/ros2_ws/install/yolov8_msgs:/home/ssfa/ros2_ws/install/usb_cam:/home/ssfa/ros2_ws/install/turtlebot3:/home/ssfa/ros2_ws/install/turtlebot3_simulations:/home/ssfa/ros2_ws/install/turtlebot3_navigation2:/home/ssfa/ros2_ws/install/turtlebot3_gazebo:/home/ssfa/ros2_ws/install/turtlebot3_bringup:/home/ssfa/ros2_ws/install/turtlebot3_description:/home/ssfa/ros2_ws/install/turtlebot3_cartographer:/home/ssfa/ros2_ws/install/turtlebot3_as:/home/ssfa/ros2_ws/install/t3_action_msg:/home/ssfa/ros2_ws/install/dynamixel_sdk LD_LIBRARY_PATH=/home/ssfa/ros2_ws/install/turtlebot3_msgs/lib:/home/ssfa/ros2_ws/install/yolov8_msgs/lib:/home/ssfa/ros2_ws/install/usb_cam/lib:/home/ssfa/ros2_ws/install/t3_action_msg/lib:/home/ssfa/ros2_ws/install/dynamixel_sdk/lib:/usr/lib/x86_64-linux-gnu/gazebo-11/plugins:/opt/ros/humble/opt/rviz_ogre_vendor/lib:/opt/ros/humble/lib/x86_64-linux-gnu:/opt/ros/humble/lib PYTHONPATH=/home/ssfa/ros2_ws/build/turtlebot3_example/prefix_override:/usr/lib/python3/dist-packages/colcon_core/task/python/colcon_distutils_commands:/home/ssfa/ros2_ws/install/turtlebot3_example/lib/python3.10/site-packages:${PYTHONPATH} /usr/bin/python3 -W ignore:setup.py install is deprecated setup.py egg_info --egg-base ../../../../../build/turtlebot3_example build --build-base /home/ssfa/ros2_ws/build/turtlebot3_example/build install --record /home/ssfa/ros2_ws/build/turtlebot3_example/install.log --install-scripts $base/lib/turtlebot3_example --single-version-externally-managed install_data
