[0.066s] Invoking command in '/home/ssfa/ros2_ws/build/usb_cam': CMAKE_PREFIX_PATH=${CMAKE_PREFIX_PATH}:/home/ssfa/ros2_ws/install/shape_detector:/home/ssfa/ros2_ws/install/yolov8_ros:/home/ssfa/ros2_ws/install/turtlebot3_teleop:/home/ssfa/ros2_ws/install/turtlebot3_example:/home/ssfa/ros2_ws/install/topic_exercise:/home/ssfa/ros2_ws/install/subscriber_pkg:/home/ssfa/ros2_ws/install/services_pkg:/home/ssfa/ros2_ws/install/publisher_pkg:/home/ssfa/ros2_ws/install/my_package:/home/ssfa/ros2_ws/install/movement_pkg:/home/ssfa/ros2_ws/install/exercise_pkg:/home/ssfa/ros2_ws/install/cv_basics:/home/ssfa/ros2_ws/install/custom_interface_example:/home/ssfa/ros2_ws/install/client_pkg:/opt/ros/humble /usr/bin/cmake /home/ssfa/ros2_ws/src/usb_cam -DCMAKE_INSTALL_PREFIX=/home/ssfa/ros2_ws/install/usb_cam
[0.179s] -- The C compiler identification is GNU 11.4.0
[0.282s] -- The CXX compiler identification is GNU 11.4.0
[0.322s] -- Detecting C compiler ABI info
[0.584s] -- Detecting C compiler ABI info - done
[0.596s] -- Check for working C compiler: /usr/bin/cc - skipped
[0.596s] -- Detecting C compile features
[0.596s] -- Detecting C compile features - done
[0.605s] -- Detecting CXX compiler ABI info
[0.827s] -- Detecting CXX compiler ABI info - done
[0.828s] -- Check for working CXX compiler: /usr/bin/c++ - skipped
[0.828s] -- Detecting CXX compile features
[0.828s] -- Detecting CXX compile features - done
[0.834s] -- Found ament_cmake_auto: 1.3.9 (/opt/ros/humble/share/ament_cmake_auto/cmake)
[1.318s] -- Found Python3: /usr/bin/python3 (found version "3.10.12") found components: Interpreter 
[1.807s] -- Found rosidl_generator_c: 3.1.5 (/opt/ros/humble/share/rosidl_generator_c/cmake)
[1.821s] -- Found rosidl_adapter: 3.1.5 (/opt/ros/humble/share/rosidl_adapter/cmake)
[1.837s] -- Found rosidl_generator_cpp: 3.1.5 (/opt/ros/humble/share/rosidl_generator_cpp/cmake)
[1.890s] -- Using all available rosidl_typesupport_c: rosidl_typesupport_fastrtps_c;rosidl_typesupport_introspection_c
[1.959s] -- Using all available rosidl_typesupport_cpp: rosidl_typesupport_fastrtps_cpp;rosidl_typesupport_introspection_cpp
[2.216s] -- Found rmw_implementation_cmake: 6.1.2 (/opt/ros/humble/share/rmw_implementation_cmake/cmake)
[2.226s] -- Found rmw_fastrtps_cpp: 6.2.6 (/opt/ros/humble/share/rmw_fastrtps_cpp/cmake)
[2.489s] -- Found OpenSSL: /usr/lib/x86_64-linux-gnu/libcrypto.so (found version "3.0.2")  
[2.578s] -- Found FastRTPS: /opt/ros/humble/include  
[2.643s] -- Using RMW implementation 'rmw_fastrtps_cpp' as default
[2.669s] -- Looking for pthread.h
[2.896s] -- Looking for pthread.h - found
[2.897s] -- Performing Test CMAKE_HAVE_LIBC_PTHREAD
[3.336s] -- Performing Test CMAKE_HAVE_LIBC_PTHREAD - Success
[3.338s] -- Found Threads: TRUE  
[4.543s] -- Found OpenCV: /usr (found version "4.5.4") 
[4.549s] -- Found PkgConfig: /usr/bin/pkg-config (found version "0.29.2") 
[4.550s] -- Checking for module 'libavcodec'
[4.657s] --   Found libavcodec, version 58.134.100
[4.734s] -- Checking for module 'libavutil'
[4.752s] --   Found libavutil, version 56.70.100
[4.794s] -- Checking for module 'libswscale'
[4.811s] --   Found libswscale, version 5.9.100
[4.868s] -- Found ament_lint_auto: 0.12.11 (/opt/ros/humble/share/ament_lint_auto/cmake)
[4.901s] -- Found gtest sources under '/opt/ros/humble/src/gtest_vendor': C++ tests using 'Google Test' will be built
[4.908s] -- Added test 'copyright' to check source files copyright and LICENSE
[4.911s] -- Added test 'cppcheck' to perform static code analysis on C / C++ code
[4.912s] -- Configured cppcheck include dirs: /home/ssfa/ros2_ws/src/usb_cam/include
[4.912s] -- Configured cppcheck exclude dirs and/or files: 
[4.915s] -- Added test 'cpplint' to check C / C++ code against the Google style
[4.915s] -- Configured cpplint exclude dirs and/or files: 
[4.915s] -- Added test 'flake8' to check Python code syntax and style conventions
[4.916s] -- Added test 'lint_cmake' to check CMake code style
[4.917s] -- Added test 'pep257' to check Python code against some of the docstring style conventions in PEP 257
[4.920s] -- Added test 'uncrustify' to check C / C++ code style
[4.920s] -- Configured uncrustify additional arguments: 
[4.921s] -- Added test 'xmllint' to check XML markup files
[4.923s] -- Configuring done
[4.942s] -- Generating done
[4.944s] -- Build files have been written to: /home/ssfa/ros2_ws/build/usb_cam
[4.956s] Invoked command in '/home/ssfa/ros2_ws/build/usb_cam' returned '0': CMAKE_PREFIX_PATH=${CMAKE_PREFIX_PATH}:/home/ssfa/ros2_ws/install/shape_detector:/home/ssfa/ros2_ws/install/yolov8_ros:/home/ssfa/ros2_ws/install/turtlebot3_teleop:/home/ssfa/ros2_ws/install/turtlebot3_example:/home/ssfa/ros2_ws/install/topic_exercise:/home/ssfa/ros2_ws/install/subscriber_pkg:/home/ssfa/ros2_ws/install/services_pkg:/home/ssfa/ros2_ws/install/publisher_pkg:/home/ssfa/ros2_ws/install/my_package:/home/ssfa/ros2_ws/install/movement_pkg:/home/ssfa/ros2_ws/install/exercise_pkg:/home/ssfa/ros2_ws/install/cv_basics:/home/ssfa/ros2_ws/install/custom_interface_example:/home/ssfa/ros2_ws/install/client_pkg:/opt/ros/humble /usr/bin/cmake /home/ssfa/ros2_ws/src/usb_cam -DCMAKE_INSTALL_PREFIX=/home/ssfa/ros2_ws/install/usb_cam
[4.957s] Invoking command in '/home/ssfa/ros2_ws/build/usb_cam': CMAKE_PREFIX_PATH=${CMAKE_PREFIX_PATH}:/home/ssfa/ros2_ws/install/shape_detector:/home/ssfa/ros2_ws/install/yolov8_ros:/home/ssfa/ros2_ws/install/turtlebot3_teleop:/home/ssfa/ros2_ws/install/turtlebot3_example:/home/ssfa/ros2_ws/install/topic_exercise:/home/ssfa/ros2_ws/install/subscriber_pkg:/home/ssfa/ros2_ws/install/services_pkg:/home/ssfa/ros2_ws/install/publisher_pkg:/home/ssfa/ros2_ws/install/my_package:/home/ssfa/ros2_ws/install/movement_pkg:/home/ssfa/ros2_ws/install/exercise_pkg:/home/ssfa/ros2_ws/install/cv_basics:/home/ssfa/ros2_ws/install/custom_interface_example:/home/ssfa/ros2_ws/install/client_pkg:/opt/ros/humble /usr/bin/cmake --build /home/ssfa/ros2_ws/build/usb_cam -- -j12 -l12
[4.996s] [ 14%] [32mBuilding CXX object CMakeFiles/usb_cam_node_exe.dir/rclcpp_components/node_main_usb_cam_node_exe.cpp.o[0m
[4.996s] [ 14%] [32mBuilding CXX object CMakeFiles/usb_cam.dir/src/usb_cam.cpp.o[0m
[5.002s] [ 21%] [32mBuilding CXX object gtest/CMakeFiles/gtest_main.dir/src/gtest_main.cc.o[0m
[5.003s] [ 28%] [32mBuilding CXX object gtest/CMakeFiles/gtest.dir/src/gtest-all.cc.o[0m
[5.779s] [ 35%] [32m[1mLinking CXX static library libgtest_main.a[0m
[5.816s] [ 35%] Built target gtest_main
[7.335s] [ 42%] [32m[1mLinking CXX shared library libusb_cam.so[0m
[7.748s] [ 42%] Built target usb_cam
[7.783s] [ 50%] [32mBuilding CXX object CMakeFiles/usb_cam_node.dir/src/ros2/usb_cam_node.cpp.o[0m
[9.609s] [ 57%] [32m[1mLinking CXX executable usb_cam_node_exe[0m
[9.779s] [ 57%] Built target usb_cam_node_exe
[10.379s] [ 64%] [32m[1mLinking CXX static library libgtest.a[0m
[10.452s] [ 64%] Built target gtest
[10.482s] [ 71%] [32mBuilding CXX object CMakeFiles/test_usb_cam_utils.dir/test/test_usb_cam_utils.cpp.o[0m
[10.487s] [ 78%] [32mBuilding CXX object CMakeFiles/test_pixel_formats.dir/test/test_pixel_formats.cpp.o[0m
[12.083s] [ 85%] [32m[1mLinking CXX executable test_usb_cam_utils[0m
[12.453s] [ 85%] Built target test_usb_cam_utils
[12.959s] [ 92%] [32m[1mLinking CXX executable test_pixel_formats[0m
[13.162s] [ 92%] Built target test_pixel_formats
[17.428s] [100%] [32m[1mLinking CXX shared library libusb_cam_node.so[0m
[17.788s] [100%] Built target usb_cam_node
[17.800s] Invoked command in '/home/ssfa/ros2_ws/build/usb_cam' returned '0': CMAKE_PREFIX_PATH=${CMAKE_PREFIX_PATH}:/home/ssfa/ros2_ws/install/shape_detector:/home/ssfa/ros2_ws/install/yolov8_ros:/home/ssfa/ros2_ws/install/turtlebot3_teleop:/home/ssfa/ros2_ws/install/turtlebot3_example:/home/ssfa/ros2_ws/install/topic_exercise:/home/ssfa/ros2_ws/install/subscriber_pkg:/home/ssfa/ros2_ws/install/services_pkg:/home/ssfa/ros2_ws/install/publisher_pkg:/home/ssfa/ros2_ws/install/my_package:/home/ssfa/ros2_ws/install/movement_pkg:/home/ssfa/ros2_ws/install/exercise_pkg:/home/ssfa/ros2_ws/install/cv_basics:/home/ssfa/ros2_ws/install/custom_interface_example:/home/ssfa/ros2_ws/install/client_pkg:/opt/ros/humble /usr/bin/cmake --build /home/ssfa/ros2_ws/build/usb_cam -- -j12 -l12
[17.831s] Invoking command in '/home/ssfa/ros2_ws/build/usb_cam': CMAKE_PREFIX_PATH=${CMAKE_PREFIX_PATH}:/home/ssfa/ros2_ws/install/shape_detector:/home/ssfa/ros2_ws/install/yolov8_ros:/home/ssfa/ros2_ws/install/turtlebot3_teleop:/home/ssfa/ros2_ws/install/turtlebot3_example:/home/ssfa/ros2_ws/install/topic_exercise:/home/ssfa/ros2_ws/install/subscriber_pkg:/home/ssfa/ros2_ws/install/services_pkg:/home/ssfa/ros2_ws/install/publisher_pkg:/home/ssfa/ros2_ws/install/my_package:/home/ssfa/ros2_ws/install/movement_pkg:/home/ssfa/ros2_ws/install/exercise_pkg:/home/ssfa/ros2_ws/install/cv_basics:/home/ssfa/ros2_ws/install/custom_interface_example:/home/ssfa/ros2_ws/install/client_pkg:/opt/ros/humble /usr/bin/cmake --install /home/ssfa/ros2_ws/build/usb_cam
[17.837s] -- Install configuration: ""
[17.837s] -- Installing: /home/ssfa/ros2_ws/install/usb_cam/share/usb_cam/environment/library_path.sh
[17.837s] -- Installing: /home/ssfa/ros2_ws/install/usb_cam/share/usb_cam/environment/library_path.dsv
[17.837s] -- Installing: /home/ssfa/ros2_ws/install/usb_cam/lib/usb_cam/usb_cam_node_exe
[17.838s] -- Set runtime path of "/home/ssfa/ros2_ws/install/usb_cam/lib/usb_cam/usb_cam_node_exe" to ""
[17.838s] -- Installing: /home/ssfa/ros2_ws/install/usb_cam/lib/usb_cam/show_image.py
[17.838s] -- Installing: /home/ssfa/ros2_ws/install/usb_cam/lib/libusb_cam.so
[17.839s] -- Installing: /home/ssfa/ros2_ws/install/usb_cam/lib/libusb_cam_node.so
[17.843s] -- Set runtime path of "/home/ssfa/ros2_ws/install/usb_cam/lib/libusb_cam_node.so" to ""
[17.843s] -- Installing: /home/ssfa/ros2_ws/install/usb_cam/include
[17.843s] -- Installing: /home/ssfa/ros2_ws/install/usb_cam/include/usb_cam
[17.843s] -- Installing: /home/ssfa/ros2_ws/install/usb_cam/include/usb_cam/utils.hpp
[17.843s] -- Installing: /home/ssfa/ros2_ws/install/usb_cam/include/usb_cam/usb_cam.hpp
[17.843s] -- Installing: /home/ssfa/ros2_ws/install/usb_cam/include/usb_cam/conversions.hpp
[17.843s] -- Installing: /home/ssfa/ros2_ws/install/usb_cam/include/usb_cam/formats
[17.843s] -- Installing: /home/ssfa/ros2_ws/install/usb_cam/include/usb_cam/formats/utils.hpp
[17.843s] -- Installing: /home/ssfa/ros2_ws/install/usb_cam/include/usb_cam/formats/m420.hpp
[17.844s] -- Installing: /home/ssfa/ros2_ws/install/usb_cam/include/usb_cam/formats/yuyv.hpp
[17.844s] -- Installing: /home/ssfa/ros2_ws/install/usb_cam/include/usb_cam/formats/uyvy.hpp
[17.844s] -- Installing: /home/ssfa/ros2_ws/install/usb_cam/include/usb_cam/formats/mjpeg.hpp
[17.844s] -- Installing: /home/ssfa/ros2_ws/install/usb_cam/include/usb_cam/formats/mono.hpp
[17.844s] -- Installing: /home/ssfa/ros2_ws/install/usb_cam/include/usb_cam/formats/rgb.hpp
[17.844s] -- Installing: /home/ssfa/ros2_ws/install/usb_cam/include/usb_cam/formats/av_pixel_format_helper.hpp
[17.844s] -- Installing: /home/ssfa/ros2_ws/install/usb_cam/include/usb_cam/formats/pixel_format_base.hpp
[17.844s] -- Installing: /home/ssfa/ros2_ws/install/usb_cam/include/usb_cam/usb_cam_node.hpp
[17.844s] -- Installing: /home/ssfa/ros2_ws/install/usb_cam/include/usb_cam/constants.hpp
[17.844s] -- Up-to-date: /home/ssfa/ros2_ws/install/usb_cam/lib/libusb_cam_node.so
[17.844s] -- Installing: /home/ssfa/ros2_ws/install/usb_cam/share/usb_cam/launch
[17.844s] -- Installing: /home/ssfa/ros2_ws/install/usb_cam/share/usb_cam/launch/__init__.py
[17.845s] -- Installing: /home/ssfa/ros2_ws/install/usb_cam/share/usb_cam/launch/camera_config.py
[17.845s] -- Installing: /home/ssfa/ros2_ws/install/usb_cam/share/usb_cam/launch/camera.launch.py
[17.845s] -- Installing: /home/ssfa/ros2_ws/install/usb_cam/share/usb_cam/config
[17.845s] -- Installing: /home/ssfa/ros2_ws/install/usb_cam/share/usb_cam/config/params_2.yaml
[17.845s] -- Installing: /home/ssfa/ros2_ws/install/usb_cam/share/usb_cam/config/params_1.yaml
[17.845s] -- Installing: /home/ssfa/ros2_ws/install/usb_cam/share/usb_cam/config/camera_info.yaml
[17.845s] -- Installing: /home/ssfa/ros2_ws/install/usb_cam/share/ament_index/resource_index/package_run_dependencies/usb_cam
[17.845s] -- Installing: /home/ssfa/ros2_ws/install/usb_cam/share/ament_index/resource_index/parent_prefix_path/usb_cam
[17.845s] -- Installing: /home/ssfa/ros2_ws/install/usb_cam/share/usb_cam/environment/ament_prefix_path.sh
[17.845s] -- Installing: /home/ssfa/ros2_ws/install/usb_cam/share/usb_cam/environment/ament_prefix_path.dsv
[17.846s] -- Installing: /home/ssfa/ros2_ws/install/usb_cam/share/usb_cam/environment/path.sh
[17.846s] -- Installing: /home/ssfa/ros2_ws/install/usb_cam/share/usb_cam/environment/path.dsv
[17.846s] -- Installing: /home/ssfa/ros2_ws/install/usb_cam/share/usb_cam/local_setup.bash
[17.846s] -- Installing: /home/ssfa/ros2_ws/install/usb_cam/share/usb_cam/local_setup.sh
[17.846s] -- Installing: /home/ssfa/ros2_ws/install/usb_cam/share/usb_cam/local_setup.zsh
[17.846s] -- Installing: /home/ssfa/ros2_ws/install/usb_cam/share/usb_cam/local_setup.dsv
[17.846s] -- Installing: /home/ssfa/ros2_ws/install/usb_cam/share/usb_cam/package.dsv
[17.846s] -- Installing: /home/ssfa/ros2_ws/install/usb_cam/share/ament_index/resource_index/packages/usb_cam
[17.847s] -- Installing: /home/ssfa/ros2_ws/install/usb_cam/share/ament_index/resource_index/rclcpp_components/usb_cam
[17.847s] -- Installing: /home/ssfa/ros2_ws/install/usb_cam/share/usb_cam/cmake/ament_cmake_export_libraries-extras.cmake
[17.847s] -- Installing: /home/ssfa/ros2_ws/install/usb_cam/share/usb_cam/cmake/ament_cmake_export_dependencies-extras.cmake
[17.847s] -- Installing: /home/ssfa/ros2_ws/install/usb_cam/share/usb_cam/cmake/ament_cmake_export_include_directories-extras.cmake
[17.847s] -- Installing: /home/ssfa/ros2_ws/install/usb_cam/share/usb_cam/cmake/usb_camConfig.cmake
[17.847s] -- Installing: /home/ssfa/ros2_ws/install/usb_cam/share/usb_cam/cmake/usb_camConfig-version.cmake
[17.847s] -- Installing: /home/ssfa/ros2_ws/install/usb_cam/share/usb_cam/package.xml
[17.849s] Invoked command in '/home/ssfa/ros2_ws/build/usb_cam' returned '0': CMAKE_PREFIX_PATH=${CMAKE_PREFIX_PATH}:/home/ssfa/ros2_ws/install/shape_detector:/home/ssfa/ros2_ws/install/yolov8_ros:/home/ssfa/ros2_ws/install/turtlebot3_teleop:/home/ssfa/ros2_ws/install/turtlebot3_example:/home/ssfa/ros2_ws/install/topic_exercise:/home/ssfa/ros2_ws/install/subscriber_pkg:/home/ssfa/ros2_ws/install/services_pkg:/home/ssfa/ros2_ws/install/publisher_pkg:/home/ssfa/ros2_ws/install/my_package:/home/ssfa/ros2_ws/install/movement_pkg:/home/ssfa/ros2_ws/install/exercise_pkg:/home/ssfa/ros2_ws/install/cv_basics:/home/ssfa/ros2_ws/install/custom_interface_example:/home/ssfa/ros2_ws/install/client_pkg:/opt/ros/humble /usr/bin/cmake --install /home/ssfa/ros2_ws/build/usb_cam
