/home/ssfa/ros2_ws/install/services_pkg/lib/python3.10/site-packages/services_pkg/service_moving.py
/home/ssfa/ros2_ws/install/services_pkg/lib/python3.10/site-packages/services_pkg/service_stop.py
/home/ssfa/ros2_ws/install/services_pkg/lib/python3.10/site-packages/services_pkg/__init__.py
/home/ssfa/ros2_ws/install/services_pkg/lib/python3.10/site-packages/services_pkg/server_client.py
/home/ssfa/ros2_ws/install/services_pkg/lib/python3.10/site-packages/services_pkg/__pycache__/service_moving.cpython-310.pyc
/home/ssfa/ros2_ws/install/services_pkg/lib/python3.10/site-packages/services_pkg/__pycache__/service_stop.cpython-310.pyc
/home/ssfa/ros2_ws/install/services_pkg/lib/python3.10/site-packages/services_pkg/__pycache__/__init__.cpython-310.pyc
/home/ssfa/ros2_ws/install/services_pkg/lib/python3.10/site-packages/services_pkg/__pycache__/server_client.cpython-310.pyc
/home/ssfa/ros2_ws/install/services_pkg/share/ament_index/resource_index/packages/services_pkg
/home/ssfa/ros2_ws/install/services_pkg/share/services_pkg/package.xml
/home/ssfa/ros2_ws/install/services_pkg/share/services_pkg/server_stop.launch.py
/home/ssfa/ros2_ws/install/services_pkg/share/services_pkg/server_moving.launch.py
/home/ssfa/ros2_ws/install/services_pkg/lib/python3.10/site-packages/services_pkg-0.0.0-py3.10.egg-info/requires.txt
/home/ssfa/ros2_ws/install/services_pkg/lib/python3.10/site-packages/services_pkg-0.0.0-py3.10.egg-info/SOURCES.txt
/home/ssfa/ros2_ws/install/services_pkg/lib/python3.10/site-packages/services_pkg-0.0.0-py3.10.egg-info/top_level.txt
/home/ssfa/ros2_ws/install/services_pkg/lib/python3.10/site-packages/services_pkg-0.0.0-py3.10.egg-info/entry_points.txt
/home/ssfa/ros2_ws/install/services_pkg/lib/python3.10/site-packages/services_pkg-0.0.0-py3.10.egg-info/dependency_links.txt
/home/ssfa/ros2_ws/install/services_pkg/lib/python3.10/site-packages/services_pkg-0.0.0-py3.10.egg-info/zip-safe
/home/ssfa/ros2_ws/install/services_pkg/lib/python3.10/site-packages/services_pkg-0.0.0-py3.10.egg-info/PKG-INFO
/home/ssfa/ros2_ws/install/services_pkg/lib/services_pkg/service
/home/ssfa/ros2_ws/install/services_pkg/lib/services_pkg/service2
/home/ssfa/ros2_ws/install/services_pkg/lib/services_pkg/service_client
