[1.519s] Invoking command in '/home/ssfa/ros2_ws/build/usb_cam': CMAKE_PREFIX_PATH=${CMAKE_PREFIX_PATH}:/home/ssfa/ros2_ws/install/yolov8_ros:/home/ssfa/ros2_ws/install/turtlebot3_teleop:/home/ssfa/ros2_ws/install/turtlebot3_example:/home/ssfa/ros2_ws/install/shape_detector:/home/ssfa/ros2_ws/install/services_pkg:/home/ssfa/ros2_ws/install/cv_basics:/home/ssfa/ros2_ws/install/color_shape_detector:/opt/ros/humble /usr/bin/cmake --build /home/ssfa/ros2_ws/build/usb_cam -- -j12 -l12
[1.606s] [ 14%] Built target usb_cam
[1.611s] [ 28%] Built target gtest_main
[1.625s] [ 42%] Built target gtest
[1.625s] [ 57%] Built target usb_cam_node_exe
[1.690s] [ 71%] Built target usb_cam_node
[1.696s] [ 85%] Built target test_usb_cam_utils
[1.704s] [100%] Built target test_pixel_formats
[1.758s] Invoked command in '/home/ssfa/ros2_ws/build/usb_cam' returned '0': CMAKE_PREFIX_PATH=${CMAKE_PREFIX_PATH}:/home/ssfa/ros2_ws/install/yolov8_ros:/home/ssfa/ros2_ws/install/turtlebot3_teleop:/home/ssfa/ros2_ws/install/turtlebot3_example:/home/ssfa/ros2_ws/install/shape_detector:/home/ssfa/ros2_ws/install/services_pkg:/home/ssfa/ros2_ws/install/cv_basics:/home/ssfa/ros2_ws/install/color_shape_detector:/opt/ros/humble /usr/bin/cmake --build /home/ssfa/ros2_ws/build/usb_cam -- -j12 -l12
[1.920s] Invoking command in '/home/ssfa/ros2_ws/build/usb_cam': CMAKE_PREFIX_PATH=${CMAKE_PREFIX_PATH}:/home/ssfa/ros2_ws/install/yolov8_ros:/home/ssfa/ros2_ws/install/turtlebot3_teleop:/home/ssfa/ros2_ws/install/turtlebot3_example:/home/ssfa/ros2_ws/install/shape_detector:/home/ssfa/ros2_ws/install/services_pkg:/home/ssfa/ros2_ws/install/cv_basics:/home/ssfa/ros2_ws/install/color_shape_detector:/opt/ros/humble /usr/bin/cmake --install /home/ssfa/ros2_ws/build/usb_cam
[1.950s] -- Install configuration: ""
[1.950s] -- Up-to-date: /home/ssfa/ros2_ws/install/usb_cam/share/usb_cam/environment/library_path.sh
[1.951s] -- Up-to-date: /home/ssfa/ros2_ws/install/usb_cam/share/usb_cam/environment/library_path.dsv
[1.951s] -- Up-to-date: /home/ssfa/ros2_ws/install/usb_cam/lib/usb_cam/usb_cam_node_exe
[1.951s] -- Up-to-date: /home/ssfa/ros2_ws/install/usb_cam/lib/usb_cam/show_image.py
[1.951s] -- Up-to-date: /home/ssfa/ros2_ws/install/usb_cam/lib/libusb_cam.so
[1.952s] -- Up-to-date: /home/ssfa/ros2_ws/install/usb_cam/lib/libusb_cam_node.so
[1.952s] -- Up-to-date: /home/ssfa/ros2_ws/install/usb_cam/include
[1.952s] -- Up-to-date: /home/ssfa/ros2_ws/install/usb_cam/include/usb_cam
[1.952s] -- Up-to-date: /home/ssfa/ros2_ws/install/usb_cam/include/usb_cam/utils.hpp
[1.953s] -- Up-to-date: /home/ssfa/ros2_ws/install/usb_cam/include/usb_cam/usb_cam.hpp
[1.953s] -- Up-to-date: /home/ssfa/ros2_ws/install/usb_cam/include/usb_cam/conversions.hpp
[1.953s] -- Up-to-date: /home/ssfa/ros2_ws/install/usb_cam/include/usb_cam/formats
[1.954s] -- Up-to-date: /home/ssfa/ros2_ws/install/usb_cam/include/usb_cam/formats/utils.hpp
[1.955s] -- Up-to-date: /home/ssfa/ros2_ws/install/usb_cam/include/usb_cam/formats/m420.hpp
[1.958s] -- Up-to-date: /home/ssfa/ros2_ws/install/usb_cam/include/usb_cam/formats/yuyv.hpp
[1.959s] -- Up-to-date: /home/ssfa/ros2_ws/install/usb_cam/include/usb_cam/formats/uyvy.hpp
[1.959s] -- Up-to-date: /home/ssfa/ros2_ws/install/usb_cam/include/usb_cam/formats/mjpeg.hpp
[1.959s] -- Up-to-date: /home/ssfa/ros2_ws/install/usb_cam/include/usb_cam/formats/mono.hpp
[1.959s] -- Up-to-date: /home/ssfa/ros2_ws/install/usb_cam/include/usb_cam/formats/rgb.hpp
[1.959s] -- Up-to-date: /home/ssfa/ros2_ws/install/usb_cam/include/usb_cam/formats/av_pixel_format_helper.hpp
[1.959s] -- Up-to-date: /home/ssfa/ros2_ws/install/usb_cam/include/usb_cam/formats/pixel_format_base.hpp
[1.960s] -- Up-to-date: /home/ssfa/ros2_ws/install/usb_cam/include/usb_cam/usb_cam_node.hpp
[1.960s] -- Up-to-date: /home/ssfa/ros2_ws/install/usb_cam/include/usb_cam/constants.hpp
[1.960s] -- Up-to-date: /home/ssfa/ros2_ws/install/usb_cam/lib/libusb_cam_node.so
[1.960s] -- Up-to-date: /home/ssfa/ros2_ws/install/usb_cam/share/usb_cam/launch
[1.960s] -- Up-to-date: /home/ssfa/ros2_ws/install/usb_cam/share/usb_cam/launch/__init__.py
[1.961s] -- Up-to-date: /home/ssfa/ros2_ws/install/usb_cam/share/usb_cam/launch/camera_config.py
[1.961s] -- Up-to-date: /home/ssfa/ros2_ws/install/usb_cam/share/usb_cam/launch/camera.launch.py
[1.961s] -- Up-to-date: /home/ssfa/ros2_ws/install/usb_cam/share/usb_cam/config
[1.961s] -- Up-to-date: /home/ssfa/ros2_ws/install/usb_cam/share/usb_cam/config/params_2.yaml
[1.961s] -- Up-to-date: /home/ssfa/ros2_ws/install/usb_cam/share/usb_cam/config/params_1.yaml
[1.961s] -- Up-to-date: /home/ssfa/ros2_ws/install/usb_cam/share/usb_cam/config/camera_info.yaml
[1.961s] -- Up-to-date: /home/ssfa/ros2_ws/install/usb_cam/share/ament_index/resource_index/package_run_dependencies/usb_cam
[1.962s] -- Up-to-date: /home/ssfa/ros2_ws/install/usb_cam/share/ament_index/resource_index/parent_prefix_path/usb_cam
[1.962s] -- Up-to-date: /home/ssfa/ros2_ws/install/usb_cam/share/usb_cam/environment/ament_prefix_path.sh
[1.962s] -- Up-to-date: /home/ssfa/ros2_ws/install/usb_cam/share/usb_cam/environment/ament_prefix_path.dsv
[1.962s] -- Up-to-date: /home/ssfa/ros2_ws/install/usb_cam/share/usb_cam/environment/path.sh
[1.962s] -- Up-to-date: /home/ssfa/ros2_ws/install/usb_cam/share/usb_cam/environment/path.dsv
[1.963s] -- Up-to-date: /home/ssfa/ros2_ws/install/usb_cam/share/usb_cam/local_setup.bash
[1.963s] -- Up-to-date: /home/ssfa/ros2_ws/install/usb_cam/share/usb_cam/local_setup.sh
[1.963s] -- Up-to-date: /home/ssfa/ros2_ws/install/usb_cam/share/usb_cam/local_setup.zsh
[1.963s] -- Up-to-date: /home/ssfa/ros2_ws/install/usb_cam/share/usb_cam/local_setup.dsv
[1.963s] -- Installing: /home/ssfa/ros2_ws/install/usb_cam/share/usb_cam/package.dsv
[1.964s] -- Up-to-date: /home/ssfa/ros2_ws/install/usb_cam/share/ament_index/resource_index/packages/usb_cam
[1.964s] -- Up-to-date: /home/ssfa/ros2_ws/install/usb_cam/share/ament_index/resource_index/rclcpp_components/usb_cam
[1.985s] -- Up-to-date: /home/ssfa/ros2_ws/install/usb_cam/share/usb_cam/cmake/ament_cmake_export_libraries-extras.cmake
[1.985s] -- Up-to-date: /home/ssfa/ros2_ws/install/usb_cam/share/usb_cam/cmake/ament_cmake_export_dependencies-extras.cmake
[1.986s] -- Up-to-date: /home/ssfa/ros2_ws/install/usb_cam/share/usb_cam/cmake/ament_cmake_export_include_directories-extras.cmake
[1.986s] -- Up-to-date: /home/ssfa/ros2_ws/install/usb_cam/share/usb_cam/cmake/usb_camConfig.cmake
[1.986s] -- Up-to-date: /home/ssfa/ros2_ws/install/usb_cam/share/usb_cam/cmake/usb_camConfig-version.cmake
[1.986s] -- Up-to-date: /home/ssfa/ros2_ws/install/usb_cam/share/usb_cam/package.xml
[2.012s] Invoked command in '/home/ssfa/ros2_ws/build/usb_cam' returned '0': CMAKE_PREFIX_PATH=${CMAKE_PREFIX_PATH}:/home/ssfa/ros2_ws/install/yolov8_ros:/home/ssfa/ros2_ws/install/turtlebot3_teleop:/home/ssfa/ros2_ws/install/turtlebot3_example:/home/ssfa/ros2_ws/install/shape_detector:/home/ssfa/ros2_ws/install/services_pkg:/home/ssfa/ros2_ws/install/cv_basics:/home/ssfa/ros2_ws/install/color_shape_detector:/opt/ros/humble /usr/bin/cmake --install /home/ssfa/ros2_ws/build/usb_cam
