[1.772s] Invoking command in '/home/ssfa/ros2_ws/build/exercise_pkg': PYTHONPATH=/home/ssfa/ros2_ws/build/exercise_pkg/prefix_override:/usr/lib/python3/dist-packages/colcon_core/task/python/colcon_distutils_commands:/home/ssfa/ros2_ws/install/exercise_pkg/lib/python3.10/site-packages:${PYTHONPATH} /usr/bin/python3 -W ignore:setup.py install is deprecated setup.py develop --editable --build-directory /home/ssfa/ros2_ws/build/exercise_pkg/build --no-deps symlink_data --force
[2.116s] running develop
[2.117s] /usr/lib/python3/dist-packages/setuptools/command/easy_install.py:158: EasyInstallDeprecationWarning: easy_install command is deprecated. Use build and pip and other standards-based tools.
[2.118s]   warnings.warn(
[2.338s] running egg_info
[2.338s] writing exercise_pkg.egg-info/PKG-INFO
[2.338s] writing dependency_links to exercise_pkg.egg-info/dependency_links.txt
[2.338s] writing entry points to exercise_pkg.egg-info/entry_points.txt
[2.338s] writing requirements to exercise_pkg.egg-info/requires.txt
[2.338s] writing top-level names to exercise_pkg.egg-info/top_level.txt
[2.342s] reading manifest file 'exercise_pkg.egg-info/SOURCES.txt'
[2.344s] writing manifest file 'exercise_pkg.egg-info/SOURCES.txt'
[2.346s] running build_ext
[2.347s] Creating /home/ssfa/ros2_ws/install/exercise_pkg/lib/python3.10/site-packages/exercise-pkg.egg-link (link to .)
[2.349s] Installing exercise1 script to /home/ssfa/ros2_ws/install/exercise_pkg/lib/exercise_pkg
[2.349s] Installing exercise2 script to /home/ssfa/ros2_ws/install/exercise_pkg/lib/exercise_pkg
[2.349s] Installing exercise3 script to /home/ssfa/ros2_ws/install/exercise_pkg/lib/exercise_pkg
[2.350s] 
[2.350s] Installed /home/ssfa/ros2_ws/build/exercise_pkg
[2.350s] running symlink_data
[2.350s] symbolically linking /home/ssfa/ros2_ws/build/exercise_pkg/resource/exercise_pkg -> /home/ssfa/ros2_ws/install/exercise_pkg/share/ament_index/resource_index/packages
[2.350s] symbolically linking /home/ssfa/ros2_ws/build/exercise_pkg/package.xml -> /home/ssfa/ros2_ws/install/exercise_pkg/share/exercise_pkg
[2.351s] symbolically linking /home/ssfa/ros2_ws/build/exercise_pkg/launch/exercise3.launch.py -> /home/ssfa/ros2_ws/install/exercise_pkg/share/exercise_pkg/launch
[2.351s] symbolically linking /home/ssfa/ros2_ws/build/exercise_pkg/launch/exercise2.launch.py -> /home/ssfa/ros2_ws/install/exercise_pkg/share/exercise_pkg/launch
[2.351s] symbolically linking /home/ssfa/ros2_ws/build/exercise_pkg/launch/exercise1.launch.py -> /home/ssfa/ros2_ws/install/exercise_pkg/share/exercise_pkg/launch
[2.545s] Invoked command in '/home/ssfa/ros2_ws/build/exercise_pkg' returned '0': PYTHONPATH=/home/ssfa/ros2_ws/build/exercise_pkg/prefix_override:/usr/lib/python3/dist-packages/colcon_core/task/python/colcon_distutils_commands:/home/ssfa/ros2_ws/install/exercise_pkg/lib/python3.10/site-packages:${PYTHONPATH} /usr/bin/python3 -W ignore:setup.py install is deprecated setup.py develop --editable --build-directory /home/ssfa/ros2_ws/build/exercise_pkg/build --no-deps symlink_data --force
