[3.026s] Invoking command in '/home/ssfa/ros2_ws/build/turtlebot3_teleop': PYTHONPATH=/home/ssfa/ros2_ws/build/turtlebot3_teleop/prefix_override:/usr/lib/python3/dist-packages/colcon_core/task/python/colcon_distutils_commands:/home/ssfa/ros2_ws/install/turtlebot3_teleop/lib/python3.10/site-packages:${PYTHONPATH} /usr/bin/python3 -W ignore:setup.py install is deprecated setup.py develop --uninstall --editable --build-directory /home/ssfa/ros2_ws/build/turtlebot3_teleop/build
[3.544s] /usr/lib/python3/dist-packages/setuptools/dist.py:723: UserWarning: Usage of dash-separated 'script-dir' will not be supported in future versions. Please use the underscore name 'script_dir' instead
[3.544s]   warnings.warn(
[3.594s] running develop
[3.602s] /usr/lib/python3/dist-packages/setuptools/command/easy_install.py:158: EasyInstallDeprecationWarning: easy_install command is deprecated. Use build and pip and other standards-based tools.
[3.602s]   warnings.warn(
[4.063s] Removing /home/ssfa/ros2_ws/install/turtlebot3_teleop/lib/python3.10/site-packages/turtlebot3-teleop.egg-link (link to .)
[4.122s] Invoked command in '/home/ssfa/ros2_ws/build/turtlebot3_teleop' returned '0': PYTHONPATH=/home/ssfa/ros2_ws/build/turtlebot3_teleop/prefix_override:/usr/lib/python3/dist-packages/colcon_core/task/python/colcon_distutils_commands:/home/ssfa/ros2_ws/install/turtlebot3_teleop/lib/python3.10/site-packages:${PYTHONPATH} /usr/bin/python3 -W ignore:setup.py install is deprecated setup.py develop --uninstall --editable --build-directory /home/ssfa/ros2_ws/build/turtlebot3_teleop/build
[4.123s] Invoking command in '/home/ssfa/ros2_ws/src/t3/turtlebot3/turtlebot3/turtlebot3_teleop': PYTHONPATH=/home/ssfa/ros2_ws/build/turtlebot3_teleop/prefix_override:/usr/lib/python3/dist-packages/colcon_core/task/python/colcon_distutils_commands:/home/ssfa/ros2_ws/install/turtlebot3_teleop/lib/python3.10/site-packages:${PYTHONPATH} /usr/bin/python3 -W ignore:setup.py install is deprecated setup.py egg_info --egg-base ../../../../../build/turtlebot3_teleop build --build-base /home/ssfa/ros2_ws/build/turtlebot3_teleop/build install --record /home/ssfa/ros2_ws/build/turtlebot3_teleop/install.log --install-scripts $base/lib/turtlebot3_teleop --single-version-externally-managed install_data --force
[4.577s] /usr/lib/python3/dist-packages/setuptools/dist.py:723: UserWarning: Usage of dash-separated 'script-dir' will not be supported in future versions. Please use the underscore name 'script_dir' instead
[4.578s]   warnings.warn(
[4.590s] running egg_info
[4.593s] writing ../../../../../build/turtlebot3_teleop/turtlebot3_teleop.egg-info/PKG-INFO
[4.593s] writing dependency_links to ../../../../../build/turtlebot3_teleop/turtlebot3_teleop.egg-info/dependency_links.txt
[4.593s] writing entry points to ../../../../../build/turtlebot3_teleop/turtlebot3_teleop.egg-info/entry_points.txt
[4.593s] writing requirements to ../../../../../build/turtlebot3_teleop/turtlebot3_teleop.egg-info/requires.txt
[4.594s] writing top-level names to ../../../../../build/turtlebot3_teleop/turtlebot3_teleop.egg-info/top_level.txt
[4.596s] reading manifest file '../../../../../build/turtlebot3_teleop/turtlebot3_teleop.egg-info/SOURCES.txt'
[4.598s] writing manifest file '../../../../../build/turtlebot3_teleop/turtlebot3_teleop.egg-info/SOURCES.txt'
[4.598s] running build
[4.598s] running build_py
[4.598s] creating /home/ssfa/ros2_ws/build/turtlebot3_teleop/build
[4.598s] creating /home/ssfa/ros2_ws/build/turtlebot3_teleop/build/lib
[4.598s] creating /home/ssfa/ros2_ws/build/turtlebot3_teleop/build/lib/turtlebot3_teleop
[4.598s] copying turtlebot3_teleop/__init__.py -> /home/ssfa/ros2_ws/build/turtlebot3_teleop/build/lib/turtlebot3_teleop
[4.599s] creating /home/ssfa/ros2_ws/build/turtlebot3_teleop/build/lib/turtlebot3_teleop/script
[4.599s] copying turtlebot3_teleop/script/__init__.py -> /home/ssfa/ros2_ws/build/turtlebot3_teleop/build/lib/turtlebot3_teleop/script
[4.599s] copying turtlebot3_teleop/script/teleop_keyboard_ori.py -> /home/ssfa/ros2_ws/build/turtlebot3_teleop/build/lib/turtlebot3_teleop/script
[4.599s] copying turtlebot3_teleop/script/teleop_keyboard.py -> /home/ssfa/ros2_ws/build/turtlebot3_teleop/build/lib/turtlebot3_teleop/script
[4.599s] running install
[4.600s] running install_lib
[4.601s] creating /home/ssfa/ros2_ws/install/turtlebot3_teleop/lib/python3.10/site-packages/turtlebot3_teleop
[4.601s] creating /home/ssfa/ros2_ws/install/turtlebot3_teleop/lib/python3.10/site-packages/turtlebot3_teleop/script
[4.601s] copying /home/ssfa/ros2_ws/build/turtlebot3_teleop/build/lib/turtlebot3_teleop/script/__init__.py -> /home/ssfa/ros2_ws/install/turtlebot3_teleop/lib/python3.10/site-packages/turtlebot3_teleop/script
[4.601s] copying /home/ssfa/ros2_ws/build/turtlebot3_teleop/build/lib/turtlebot3_teleop/script/teleop_keyboard_ori.py -> /home/ssfa/ros2_ws/install/turtlebot3_teleop/lib/python3.10/site-packages/turtlebot3_teleop/script
[4.602s] copying /home/ssfa/ros2_ws/build/turtlebot3_teleop/build/lib/turtlebot3_teleop/script/teleop_keyboard.py -> /home/ssfa/ros2_ws/install/turtlebot3_teleop/lib/python3.10/site-packages/turtlebot3_teleop/script
[4.602s] copying /home/ssfa/ros2_ws/build/turtlebot3_teleop/build/lib/turtlebot3_teleop/__init__.py -> /home/ssfa/ros2_ws/install/turtlebot3_teleop/lib/python3.10/site-packages/turtlebot3_teleop
[4.603s] byte-compiling /home/ssfa/ros2_ws/install/turtlebot3_teleop/lib/python3.10/site-packages/turtlebot3_teleop/script/__init__.py to __init__.cpython-310.pyc
[4.603s] byte-compiling /home/ssfa/ros2_ws/install/turtlebot3_teleop/lib/python3.10/site-packages/turtlebot3_teleop/script/teleop_keyboard_ori.py to teleop_keyboard_ori.cpython-310.pyc
[4.604s] byte-compiling /home/ssfa/ros2_ws/install/turtlebot3_teleop/lib/python3.10/site-packages/turtlebot3_teleop/script/teleop_keyboard.py to teleop_keyboard.cpython-310.pyc
[4.606s] byte-compiling /home/ssfa/ros2_ws/install/turtlebot3_teleop/lib/python3.10/site-packages/turtlebot3_teleop/__init__.py to __init__.cpython-310.pyc
[4.606s] running install_data
[4.606s] copying resource/turtlebot3_teleop -> /home/ssfa/ros2_ws/install/turtlebot3_teleop/share/ament_index/resource_index/packages
[4.606s] copying package.xml -> /home/ssfa/ros2_ws/install/turtlebot3_teleop/share/turtlebot3_teleop
[4.607s] running install_egg_info
[4.610s] Copying ../../../../../build/turtlebot3_teleop/turtlebot3_teleop.egg-info to /home/ssfa/ros2_ws/install/turtlebot3_teleop/lib/python3.10/site-packages/turtlebot3_teleop-2.0.1-py3.10.egg-info
[4.611s] running install_scripts
[4.642s] Installing teleop_keyboard script to /home/ssfa/ros2_ws/install/turtlebot3_teleop/lib/turtlebot3_teleop
[4.642s] writing list of installed files to '/home/ssfa/ros2_ws/build/turtlebot3_teleop/install.log'
[4.871s] Invoked command in '/home/ssfa/ros2_ws/src/t3/turtlebot3/turtlebot3/turtlebot3_teleop' returned '0': PYTHONPATH=/home/ssfa/ros2_ws/build/turtlebot3_teleop/prefix_override:/usr/lib/python3/dist-packages/colcon_core/task/python/colcon_distutils_commands:/home/ssfa/ros2_ws/install/turtlebot3_teleop/lib/python3.10/site-packages:${PYTHONPATH} /usr/bin/python3 -W ignore:setup.py install is deprecated setup.py egg_info --egg-base ../../../../../build/turtlebot3_teleop build --build-base /home/ssfa/ros2_ws/build/turtlebot3_teleop/build install --record /home/ssfa/ros2_ws/build/turtlebot3_teleop/install.log --install-scripts $base/lib/turtlebot3_teleop --single-version-externally-managed install_data --force
