[1.444s] Invoking command in '/home/ssfa/ros2_ws/build/cv_basics': PYTHONPATH=/home/ssfa/ros2_ws/build/cv_basics/prefix_override:/usr/lib/python3/dist-packages/colcon_core/task/python/colcon_distutils_commands:/home/ssfa/ros2_ws/install/cv_basics/lib/python3.10/site-packages:${PYTHONPATH} /usr/bin/python3 -W ignore:setup.py install is deprecated setup.py develop --editable --build-directory /home/ssfa/ros2_ws/build/cv_basics/build --no-deps symlink_data
[1.642s] running develop
[1.643s] /usr/lib/python3/dist-packages/setuptools/command/easy_install.py:158: EasyInstallDeprecationWarning: easy_install command is deprecated. Use build and pip and other standards-based tools.
[1.643s]   warnings.warn(
[1.804s] running egg_info
[1.804s] writing cv_basics.egg-info/PKG-INFO
[1.805s] writing dependency_links to cv_basics.egg-info/dependency_links.txt
[1.805s] writing entry points to cv_basics.egg-info/entry_points.txt
[1.805s] writing requirements to cv_basics.egg-info/requires.txt
[1.805s] writing top-level names to cv_basics.egg-info/top_level.txt
[1.808s] reading manifest file 'cv_basics.egg-info/SOURCES.txt'
[1.809s] writing manifest file 'cv_basics.egg-info/SOURCES.txt'
[1.811s] running build_ext
[1.811s] Creating /home/ssfa/ros2_ws/install/cv_basics/lib/python3.10/site-packages/cv-basics.egg-link (link to .)
[1.812s] Installing img_publisher script to /home/ssfa/ros2_ws/install/cv_basics/lib/cv_basics
[1.812s] Installing img_subscriber script to /home/ssfa/ros2_ws/install/cv_basics/lib/cv_basics
[1.813s] 
[1.813s] Installed /home/ssfa/ros2_ws/build/cv_basics
[1.813s] running symlink_data
[2.158s] Invoked command in '/home/ssfa/ros2_ws/build/cv_basics' returned '0': PYTHONPATH=/home/ssfa/ros2_ws/build/cv_basics/prefix_override:/usr/lib/python3/dist-packages/colcon_core/task/python/colcon_distutils_commands:/home/ssfa/ros2_ws/install/cv_basics/lib/python3.10/site-packages:${PYTHONPATH} /usr/bin/python3 -W ignore:setup.py install is deprecated setup.py develop --editable --build-directory /home/ssfa/ros2_ws/build/cv_basics/build --no-deps symlink_data
