running develop
/usr/lib/python3/dist-packages/setuptools/command/easy_install.py:158: EasyInstallDeprecationWarning: easy_install command is deprecated. Use build and pip and other standards-based tools.
  warnings.warn(
Removing /home/ssfa/ros2_ws/install/subscriber_pkg/lib/python3.10/site-packages/subscriber-pkg.egg-link (link to .)
running egg_info
writing ../../build/subscriber_pkg/subscriber_pkg.egg-info/PKG-INFO
writing dependency_links to ../../build/subscriber_pkg/subscriber_pkg.egg-info/dependency_links.txt
writing entry points to ../../build/subscriber_pkg/subscriber_pkg.egg-info/entry_points.txt
writing requirements to ../../build/subscriber_pkg/subscriber_pkg.egg-info/requires.txt
writing top-level names to ../../build/subscriber_pkg/subscriber_pkg.egg-info/top_level.txt
reading manifest file '../../build/subscriber_pkg/subscriber_pkg.egg-info/SOURCES.txt'
writing manifest file '../../build/subscriber_pkg/subscriber_pkg.egg-info/SOURCES.txt'
running build
running build_py
creating /home/ssfa/ros2_ws/build/subscriber_pkg/build
creating /home/ssfa/ros2_ws/build/subscriber_pkg/build/lib
creating /home/ssfa/ros2_ws/build/subscriber_pkg/build/lib/subscriber_pkg
copying subscriber_pkg/simple_subscriber.py -> /home/ssfa/ros2_ws/build/subscriber_pkg/build/lib/subscriber_pkg
copying subscriber_pkg/__init__.py -> /home/ssfa/ros2_ws/build/subscriber_pkg/build/lib/subscriber_pkg
running install
running install_lib
creating /home/ssfa/ros2_ws/install/subscriber_pkg/lib/python3.10/site-packages/subscriber_pkg
copying /home/ssfa/ros2_ws/build/subscriber_pkg/build/lib/subscriber_pkg/simple_subscriber.py -> /home/ssfa/ros2_ws/install/subscriber_pkg/lib/python3.10/site-packages/subscriber_pkg
copying /home/ssfa/ros2_ws/build/subscriber_pkg/build/lib/subscriber_pkg/__init__.py -> /home/ssfa/ros2_ws/install/subscriber_pkg/lib/python3.10/site-packages/subscriber_pkg
byte-compiling /home/ssfa/ros2_ws/install/subscriber_pkg/lib/python3.10/site-packages/subscriber_pkg/simple_subscriber.py to simple_subscriber.cpython-310.pyc
byte-compiling /home/ssfa/ros2_ws/install/subscriber_pkg/lib/python3.10/site-packages/subscriber_pkg/__init__.py to __init__.cpython-310.pyc
running install_data
copying resource/subscriber_pkg -> /home/ssfa/ros2_ws/install/subscriber_pkg/share/ament_index/resource_index/packages
copying package.xml -> /home/ssfa/ros2_ws/install/subscriber_pkg/share/subscriber_pkg
copying launch/subscriber_pkg_launch_file.launch.py -> /home/ssfa/ros2_ws/install/subscriber_pkg/share/subscriber_pkg
running install_egg_info
Copying ../../build/subscriber_pkg/subscriber_pkg.egg-info to /home/ssfa/ros2_ws/install/subscriber_pkg/lib/python3.10/site-packages/subscriber_pkg-0.0.0-py3.10.egg-info
running install_scripts
Installing simple_subscriber script to /home/ssfa/ros2_ws/install/subscriber_pkg/lib/subscriber_pkg
writing list of installed files to '/home/ssfa/ros2_ws/build/subscriber_pkg/install.log'
