[0.666s] Invoking command in '/home/ssfa/ros2_ws/build/turtlebot3_example': AMENT_PREFIX_PATH=/home/ssfa/ros2_ws/install/turtlebot3_msgs:${AMENT_PREFIX_PATH} CMAKE_PREFIX_PATH=/home/ssfa/ros2_ws/install/turtlebot3_msgs LD_LIBRARY_PATH=/home/ssfa/ros2_ws/install/turtlebot3_msgs/lib:${LD_LIBRARY_PATH} PYTHONPATH=/home/ssfa/ros2_ws/build/turtlebot3_example/prefix_override:/usr/lib/python3/dist-packages/colcon_core/task/python/colcon_distutils_commands:/home/ssfa/ros2_ws/install/turtlebot3_example/lib/python3.10/site-packages:/home/ssfa/ros2_ws/install/turtlebot3_msgs/local/lib/python3.10/dist-packages:${PYTHONPATH} /usr/bin/python3 -W ignore:setup.py install is deprecated setup.py develop --editable --build-directory /home/ssfa/ros2_ws/build/turtlebot3_example/build --no-deps symlink_data
[0.918s] /usr/lib/python3/dist-packages/setuptools/dist.py:723: UserWarning: Usage of dash-separated 'script-dir' will not be supported in future versions. Please use the underscore name 'script_dir' instead
[0.918s]   warnings.warn(
[0.954s] running develop
[0.955s] /usr/lib/python3/dist-packages/setuptools/command/easy_install.py:158: EasyInstallDeprecationWarning: easy_install command is deprecated. Use build and pip and other standards-based tools.
[0.955s]   warnings.warn(
[1.117s] running egg_info
[1.117s] creating turtlebot3_example.egg-info
[1.117s] writing turtlebot3_example.egg-info/PKG-INFO
[1.118s] writing dependency_links to turtlebot3_example.egg-info/dependency_links.txt
[1.118s] writing entry points to turtlebot3_example.egg-info/entry_points.txt
[1.118s] writing requirements to turtlebot3_example.egg-info/requires.txt
[1.118s] writing top-level names to turtlebot3_example.egg-info/top_level.txt
[1.118s] writing manifest file 'turtlebot3_example.egg-info/SOURCES.txt'
[1.121s] reading manifest file 'turtlebot3_example.egg-info/SOURCES.txt'
[1.122s] writing manifest file 'turtlebot3_example.egg-info/SOURCES.txt'
[1.123s] running build_ext
[1.123s] Creating /home/ssfa/ros2_ws/install/turtlebot3_example/lib/python3.10/site-packages/turtlebot3-example.egg-link (link to .)
[1.124s] Installing turtlebot3_obstacle_detection script to /home/ssfa/ros2_ws/install/turtlebot3_example/lib/turtlebot3_example
[1.125s] Installing turtlebot3_patrol_client script to /home/ssfa/ros2_ws/install/turtlebot3_example/lib/turtlebot3_example
[1.125s] Installing turtlebot3_patrol_server script to /home/ssfa/ros2_ws/install/turtlebot3_example/lib/turtlebot3_example
[1.125s] Installing turtlebot3_position_control script to /home/ssfa/ros2_ws/install/turtlebot3_example/lib/turtlebot3_example
[1.126s] 
[1.126s] Installed /home/ssfa/ros2_ws/build/turtlebot3_example
[1.126s] running symlink_data
[1.126s] creating /home/ssfa/ros2_ws/install/turtlebot3_example/share/ament_index
[1.126s] creating /home/ssfa/ros2_ws/install/turtlebot3_example/share/ament_index/resource_index
[1.126s] creating /home/ssfa/ros2_ws/install/turtlebot3_example/share/ament_index/resource_index/packages
[1.127s] symbolically linking /home/ssfa/ros2_ws/build/turtlebot3_example/resource/turtlebot3_example -> /home/ssfa/ros2_ws/install/turtlebot3_example/share/ament_index/resource_index/packages
[1.127s] symbolically linking /home/ssfa/ros2_ws/build/turtlebot3_example/package.xml -> /home/ssfa/ros2_ws/install/turtlebot3_example/share/turtlebot3_example
[1.158s] Invoked command in '/home/ssfa/ros2_ws/build/turtlebot3_example' returned '0': AMENT_PREFIX_PATH=/home/ssfa/ros2_ws/install/turtlebot3_msgs:${AMENT_PREFIX_PATH} CMAKE_PREFIX_PATH=/home/ssfa/ros2_ws/install/turtlebot3_msgs LD_LIBRARY_PATH=/home/ssfa/ros2_ws/install/turtlebot3_msgs/lib:${LD_LIBRARY_PATH} PYTHONPATH=/home/ssfa/ros2_ws/build/turtlebot3_example/prefix_override:/usr/lib/python3/dist-packages/colcon_core/task/python/colcon_distutils_commands:/home/ssfa/ros2_ws/install/turtlebot3_example/lib/python3.10/site-packages:/home/ssfa/ros2_ws/install/turtlebot3_msgs/local/lib/python3.10/dist-packages:${PYTHONPATH} /usr/bin/python3 -W ignore:setup.py install is deprecated setup.py develop --editable --build-directory /home/ssfa/ros2_ws/build/turtlebot3_example/build --no-deps symlink_data
