[0.081s] Invoking command in '/home/ssfa/ros2_ws/build/t3_action_msg': CMAKE_PREFIX_PATH=${CMAKE_PREFIX_PATH}:/home/ssfa/ros2_ws/install/yolov8_ros:/home/ssfa/ros2_ws/install/turtlebot3_teleop:/home/ssfa/ros2_ws/install/turtlebot3_example:/home/ssfa/ros2_ws/install/shape_detector:/home/ssfa/ros2_ws/install/services_pkg:/home/ssfa/ros2_ws/install/cv_basics:/home/ssfa/ros2_ws/install/color_shape_detector:/opt/ros/humble /usr/bin/cmake --build /home/ssfa/ros2_ws/build/t3_action_msg -- -j12 -l12
[1.738s] [  6%] Built target t3_action_msg__cpp
[1.740s] [ 12%] Built target t3_action_msg__rosidl_generator_c
[1.740s] [ 12%] Built target ament_cmake_python_symlink_t3_action_msg
[1.740s] [ 22%] Built target t3_action_msg__rosidl_typesupport_c
[1.741s] [ 32%] Built target t3_action_msg__rosidl_typesupport_cpp
[1.742s] [ 41%] Built target t3_action_msg__rosidl_typesupport_fastrtps_c
[1.742s] [ 51%] Built target t3_action_msg__rosidl_typesupport_introspection_cpp
[1.742s] [ 61%] Built target t3_action_msg__rosidl_typesupport_introspection_c
[1.743s] [ 70%] Built target t3_action_msg__rosidl_typesupport_fastrtps_cpp
[1.743s] [ 70%] Built target t3_action_msg
[1.743s] [ 74%] Built target t3_action_msg__py
[1.745s] [ 80%] Built target t3_action_msg__rosidl_generator_py
[1.746s] [ 87%] Built target t3_action_msg__rosidl_typesupport_fastrtps_c__pyext
[1.746s] [ 93%] Built target t3_action_msg__rosidl_typesupport_introspection_c__pyext
[1.747s] [100%] Built target t3_action_msg__rosidl_typesupport_c__pyext
[1.747s] running egg_info
[1.747s] writing t3_action_msg.egg-info/PKG-INFO
[1.747s] writing dependency_links to t3_action_msg.egg-info/dependency_links.txt
[1.747s] writing top-level names to t3_action_msg.egg-info/top_level.txt
[1.748s] reading manifest file 't3_action_msg.egg-info/SOURCES.txt'
[1.748s] writing manifest file 't3_action_msg.egg-info/SOURCES.txt'
[1.748s] [100%] Built target ament_cmake_python_build_t3_action_msg_egg
[1.757s] Invoked command in '/home/ssfa/ros2_ws/build/t3_action_msg' returned '0': CMAKE_PREFIX_PATH=${CMAKE_PREFIX_PATH}:/home/ssfa/ros2_ws/install/yolov8_ros:/home/ssfa/ros2_ws/install/turtlebot3_teleop:/home/ssfa/ros2_ws/install/turtlebot3_example:/home/ssfa/ros2_ws/install/shape_detector:/home/ssfa/ros2_ws/install/services_pkg:/home/ssfa/ros2_ws/install/cv_basics:/home/ssfa/ros2_ws/install/color_shape_detector:/opt/ros/humble /usr/bin/cmake --build /home/ssfa/ros2_ws/build/t3_action_msg -- -j12 -l12
[2.025s] Invoking command in '/home/ssfa/ros2_ws/build/t3_action_msg': CMAKE_PREFIX_PATH=${CMAKE_PREFIX_PATH}:/home/ssfa/ros2_ws/install/yolov8_ros:/home/ssfa/ros2_ws/install/turtlebot3_teleop:/home/ssfa/ros2_ws/install/turtlebot3_example:/home/ssfa/ros2_ws/install/shape_detector:/home/ssfa/ros2_ws/install/services_pkg:/home/ssfa/ros2_ws/install/cv_basics:/home/ssfa/ros2_ws/install/color_shape_detector:/opt/ros/humble /usr/bin/cmake --install /home/ssfa/ros2_ws/build/t3_action_msg
[2.044s] -- Install configuration: ""
[2.046s] -- Execute custom install script
[2.046s] -- Up-to-date symlink: /home/ssfa/ros2_ws/install/t3_action_msg/share/ament_index/resource_index/rosidl_interfaces/t3_action_msg
[2.047s] -- Up-to-date symlink: /home/ssfa/ros2_ws/install/t3_action_msg/include/t3_action_msg/t3_action_msg/action/detail/move__functions.h
[2.049s] -- Up-to-date symlink: /home/ssfa/ros2_ws/install/t3_action_msg/include/t3_action_msg/t3_action_msg/action/detail/move__struct.h
[2.049s] -- Up-to-date symlink: /home/ssfa/ros2_ws/install/t3_action_msg/include/t3_action_msg/t3_action_msg/action/detail/move__type_support.h
[2.049s] -- Up-to-date symlink: /home/ssfa/ros2_ws/install/t3_action_msg/include/t3_action_msg/t3_action_msg/action/move.h
[2.049s] -- Up-to-date symlink: /home/ssfa/ros2_ws/install/t3_action_msg/include/t3_action_msg/t3_action_msg/msg/rosidl_generator_c__visibility_control.h
[2.049s] -- Up-to-date symlink: /home/ssfa/ros2_ws/install/t3_action_msg/share/t3_action_msg/environment/library_path.sh
[2.053s] -- Up-to-date symlink: /home/ssfa/ros2_ws/install/t3_action_msg/share/t3_action_msg/environment/library_path.dsv
[2.053s] -- Up-to-date symlink: /home/ssfa/ros2_ws/install/t3_action_msg/include/t3_action_msg/t3_action_msg/action/detail/move__rosidl_typesupport_fastrtps_c.h
[2.053s] -- Up-to-date symlink: /home/ssfa/ros2_ws/install/t3_action_msg/include/t3_action_msg/t3_action_msg/msg/rosidl_typesupport_fastrtps_c__visibility_control.h
[2.053s] -- Up-to-date symlink: /home/ssfa/ros2_ws/install/t3_action_msg/include/t3_action_msg/t3_action_msg/action/detail/move__builder.hpp
[2.053s] -- Up-to-date symlink: /home/ssfa/ros2_ws/install/t3_action_msg/include/t3_action_msg/t3_action_msg/action/detail/move__struct.hpp
[2.053s] -- Up-to-date symlink: /home/ssfa/ros2_ws/install/t3_action_msg/include/t3_action_msg/t3_action_msg/action/detail/move__traits.hpp
[2.053s] -- Up-to-date symlink: /home/ssfa/ros2_ws/install/t3_action_msg/include/t3_action_msg/t3_action_msg/action/move.hpp
[2.057s] -- Up-to-date symlink: /home/ssfa/ros2_ws/install/t3_action_msg/include/t3_action_msg/t3_action_msg/action/detail/move__rosidl_typesupport_fastrtps_cpp.hpp
[2.057s] -- Up-to-date symlink: /home/ssfa/ros2_ws/install/t3_action_msg/include/t3_action_msg/t3_action_msg/msg/rosidl_typesupport_fastrtps_cpp__visibility_control.h
[2.057s] -- Up-to-date symlink: /home/ssfa/ros2_ws/install/t3_action_msg/include/t3_action_msg/t3_action_msg/action/detail/move__rosidl_typesupport_introspection_c.h
[2.057s] -- Up-to-date symlink: /home/ssfa/ros2_ws/install/t3_action_msg/include/t3_action_msg/t3_action_msg/msg/rosidl_typesupport_introspection_c__visibility_control.h
[2.057s] -- Up-to-date symlink: /home/ssfa/ros2_ws/install/t3_action_msg/include/t3_action_msg/t3_action_msg/action/detail/move__rosidl_typesupport_introspection_cpp.hpp
[2.057s] -- Up-to-date symlink: /home/ssfa/ros2_ws/install/t3_action_msg/share/t3_action_msg/environment/pythonpath.sh
[2.058s] -- Up-to-date symlink: /home/ssfa/ros2_ws/install/t3_action_msg/share/t3_action_msg/environment/pythonpath.dsv
[2.058s] -- Up-to-date symlink: /home/ssfa/ros2_ws/install/t3_action_msg/local/lib/python3.10/dist-packages/t3_action_msg-0.0.0-py3.10.egg-info/PKG-INFO
[2.058s] -- Up-to-date symlink: /home/ssfa/ros2_ws/install/t3_action_msg/local/lib/python3.10/dist-packages/t3_action_msg-0.0.0-py3.10.egg-info/SOURCES.txt
[2.058s] -- Up-to-date symlink: /home/ssfa/ros2_ws/install/t3_action_msg/local/lib/python3.10/dist-packages/t3_action_msg-0.0.0-py3.10.egg-info/dependency_links.txt
[2.058s] -- Up-to-date symlink: /home/ssfa/ros2_ws/install/t3_action_msg/local/lib/python3.10/dist-packages/t3_action_msg-0.0.0-py3.10.egg-info/top_level.txt
[2.059s] -- Up-to-date symlink: /home/ssfa/ros2_ws/install/t3_action_msg/local/lib/python3.10/dist-packages/t3_action_msg/__init__.py
[2.060s] -- Up-to-date symlink: /home/ssfa/ros2_ws/install/t3_action_msg/local/lib/python3.10/dist-packages/t3_action_msg/_t3_action_msg_s.ep.rosidl_typesupport_c.c
[2.060s] -- Up-to-date symlink: /home/ssfa/ros2_ws/install/t3_action_msg/local/lib/python3.10/dist-packages/t3_action_msg/_t3_action_msg_s.ep.rosidl_typesupport_fastrtps_c.c
[2.060s] -- Up-to-date symlink: /home/ssfa/ros2_ws/install/t3_action_msg/local/lib/python3.10/dist-packages/t3_action_msg/_t3_action_msg_s.ep.rosidl_typesupport_introspection_c.c
[2.060s] -- Up-to-date symlink: /home/ssfa/ros2_ws/install/t3_action_msg/local/lib/python3.10/dist-packages/t3_action_msg/action/__init__.py
[2.060s] -- Up-to-date symlink: /home/ssfa/ros2_ws/install/t3_action_msg/local/lib/python3.10/dist-packages/t3_action_msg/action/_move.py
[2.060s] -- Up-to-date symlink: /home/ssfa/ros2_ws/install/t3_action_msg/local/lib/python3.10/dist-packages/t3_action_msg/action/_move_s.c
[2.060s] -- Up-to-date symlink: /home/ssfa/ros2_ws/install/t3_action_msg/local/lib/python3.10/dist-packages/t3_action_msg/libt3_action_msg__rosidl_generator_py.so
[2.060s] -- Up-to-date symlink: /home/ssfa/ros2_ws/install/t3_action_msg/local/lib/python3.10/dist-packages/t3_action_msg/t3_action_msg_s__rosidl_typesupport_c.cpython-310-x86_64-linux-gnu.so
[2.061s] -- Up-to-date symlink: /home/ssfa/ros2_ws/install/t3_action_msg/local/lib/python3.10/dist-packages/t3_action_msg/t3_action_msg_s__rosidl_typesupport_fastrtps_c.cpython-310-x86_64-linux-gnu.so
[2.061s] -- Up-to-date symlink: /home/ssfa/ros2_ws/install/t3_action_msg/local/lib/python3.10/dist-packages/t3_action_msg/t3_action_msg_s__rosidl_typesupport_introspection_c.cpython-310-x86_64-linux-gnu.so
[2.061s] -- Up-to-date symlink: /home/ssfa/ros2_ws/install/t3_action_msg/local/lib/python3.10/dist-packages/t3_action_msg/t3_action_msg_s__rosidl_typesupport_fastrtps_c.cpython-310-x86_64-linux-gnu.so
[2.061s] -- Up-to-date symlink: /home/ssfa/ros2_ws/install/t3_action_msg/local/lib/python3.10/dist-packages/t3_action_msg/t3_action_msg_s__rosidl_typesupport_introspection_c.cpython-310-x86_64-linux-gnu.so
[2.061s] -- Up-to-date symlink: /home/ssfa/ros2_ws/install/t3_action_msg/local/lib/python3.10/dist-packages/t3_action_msg/t3_action_msg_s__rosidl_typesupport_c.cpython-310-x86_64-linux-gnu.so
[2.062s] -- Up-to-date symlink: /home/ssfa/ros2_ws/install/t3_action_msg/share/t3_action_msg/action/Move.idl
[2.062s] -- Up-to-date symlink: /home/ssfa/ros2_ws/install/t3_action_msg/share/t3_action_msg/action/Move.action
[2.062s] -- Up-to-date symlink: /home/ssfa/ros2_ws/install/t3_action_msg/share/ament_index/resource_index/package_run_dependencies/t3_action_msg
[2.063s] -- Up-to-date symlink: /home/ssfa/ros2_ws/install/t3_action_msg/share/ament_index/resource_index/parent_prefix_path/t3_action_msg
[2.072s] -- Up-to-date symlink: /home/ssfa/ros2_ws/install/t3_action_msg/share/t3_action_msg/environment/ament_prefix_path.sh
[2.072s] -- Up-to-date symlink: /home/ssfa/ros2_ws/install/t3_action_msg/share/t3_action_msg/environment/ament_prefix_path.dsv
[2.072s] -- Up-to-date symlink: /home/ssfa/ros2_ws/install/t3_action_msg/share/t3_action_msg/environment/path.sh
[2.072s] -- Up-to-date symlink: /home/ssfa/ros2_ws/install/t3_action_msg/share/t3_action_msg/environment/path.dsv
[2.073s] -- Up-to-date symlink: /home/ssfa/ros2_ws/install/t3_action_msg/share/t3_action_msg/local_setup.bash
[2.073s] -- Up-to-date symlink: /home/ssfa/ros2_ws/install/t3_action_msg/share/t3_action_msg/local_setup.sh
[2.073s] -- Up-to-date symlink: /home/ssfa/ros2_ws/install/t3_action_msg/share/t3_action_msg/local_setup.zsh
[2.073s] -- Up-to-date symlink: /home/ssfa/ros2_ws/install/t3_action_msg/share/t3_action_msg/local_setup.dsv
[2.073s] -- Symlinking: /home/ssfa/ros2_ws/install/t3_action_msg/share/t3_action_msg/package.dsv
[2.086s] -- Up-to-date symlink: /home/ssfa/ros2_ws/install/t3_action_msg/share/ament_index/resource_index/packages/t3_action_msg
[2.086s] -- Up-to-date symlink: /home/ssfa/ros2_ws/install/t3_action_msg/share/t3_action_msg/cmake/rosidl_cmake-extras.cmake
[2.086s] -- Up-to-date symlink: /home/ssfa/ros2_ws/install/t3_action_msg/share/t3_action_msg/cmake/ament_cmake_export_dependencies-extras.cmake
[2.086s] -- Up-to-date symlink: /home/ssfa/ros2_ws/install/t3_action_msg/share/t3_action_msg/cmake/ament_cmake_export_include_directories-extras.cmake
[2.086s] -- Up-to-date symlink: /home/ssfa/ros2_ws/install/t3_action_msg/share/t3_action_msg/cmake/ament_cmake_export_libraries-extras.cmake
[2.087s] -- Up-to-date symlink: /home/ssfa/ros2_ws/install/t3_action_msg/share/t3_action_msg/cmake/ament_cmake_export_targets-extras.cmake
[2.091s] -- Up-to-date symlink: /home/ssfa/ros2_ws/install/t3_action_msg/share/t3_action_msg/cmake/rosidl_cmake_export_typesupport_targets-extras.cmake
[2.093s] -- Up-to-date symlink: /home/ssfa/ros2_ws/install/t3_action_msg/share/t3_action_msg/cmake/rosidl_cmake_export_typesupport_libraries-extras.cmake
[2.093s] -- Up-to-date symlink: /home/ssfa/ros2_ws/install/t3_action_msg/share/t3_action_msg/cmake/t3_action_msgConfig.cmake
[2.102s] -- Up-to-date symlink: /home/ssfa/ros2_ws/install/t3_action_msg/share/t3_action_msg/cmake/t3_action_msgConfig-version.cmake
[2.103s] -- Up-to-date symlink: /home/ssfa/ros2_ws/install/t3_action_msg/share/t3_action_msg/package.xml
[2.103s] -- Up-to-date: /home/ssfa/ros2_ws/install/t3_action_msg/lib/libt3_action_msg__rosidl_generator_c.so
[2.103s] -- Up-to-date: /home/ssfa/ros2_ws/install/t3_action_msg/lib/libt3_action_msg__rosidl_typesupport_fastrtps_c.so
[2.103s] -- Up-to-date: /home/ssfa/ros2_ws/install/t3_action_msg/lib/libt3_action_msg__rosidl_typesupport_fastrtps_cpp.so
[2.103s] -- Up-to-date: /home/ssfa/ros2_ws/install/t3_action_msg/lib/libt3_action_msg__rosidl_typesupport_introspection_c.so
[2.103s] -- Up-to-date: /home/ssfa/ros2_ws/install/t3_action_msg/lib/libt3_action_msg__rosidl_typesupport_c.so
[2.103s] -- Up-to-date: /home/ssfa/ros2_ws/install/t3_action_msg/lib/libt3_action_msg__rosidl_typesupport_introspection_cpp.so
[2.104s] -- Up-to-date: /home/ssfa/ros2_ws/install/t3_action_msg/lib/libt3_action_msg__rosidl_typesupport_cpp.so
[2.157s] Listing '/home/ssfa/ros2_ws/install/t3_action_msg/local/lib/python3.10/dist-packages/t3_action_msg'...
[2.160s] Listing '/home/ssfa/ros2_ws/install/t3_action_msg/local/lib/python3.10/dist-packages/t3_action_msg/action'...
[2.164s] -- Up-to-date: /home/ssfa/ros2_ws/install/t3_action_msg/lib/libt3_action_msg__rosidl_generator_py.so
[2.164s] -- Up-to-date: /home/ssfa/ros2_ws/install/t3_action_msg/share/t3_action_msg/cmake/export_t3_action_msg__rosidl_generator_cExport.cmake
[2.167s] -- Up-to-date: /home/ssfa/ros2_ws/install/t3_action_msg/share/t3_action_msg/cmake/export_t3_action_msg__rosidl_generator_cExport-noconfig.cmake
[2.167s] -- Up-to-date: /home/ssfa/ros2_ws/install/t3_action_msg/share/t3_action_msg/cmake/export_t3_action_msg__rosidl_typesupport_fastrtps_cExport.cmake
[2.167s] -- Up-to-date: /home/ssfa/ros2_ws/install/t3_action_msg/share/t3_action_msg/cmake/export_t3_action_msg__rosidl_typesupport_fastrtps_cExport-noconfig.cmake
[2.177s] -- Up-to-date: /home/ssfa/ros2_ws/install/t3_action_msg/share/t3_action_msg/cmake/export_t3_action_msg__rosidl_generator_cppExport.cmake
[2.179s] -- Up-to-date: /home/ssfa/ros2_ws/install/t3_action_msg/share/t3_action_msg/cmake/export_t3_action_msg__rosidl_typesupport_fastrtps_cppExport.cmake
[2.179s] -- Up-to-date: /home/ssfa/ros2_ws/install/t3_action_msg/share/t3_action_msg/cmake/export_t3_action_msg__rosidl_typesupport_fastrtps_cppExport-noconfig.cmake
[2.179s] -- Up-to-date: /home/ssfa/ros2_ws/install/t3_action_msg/share/t3_action_msg/cmake/t3_action_msg__rosidl_typesupport_introspection_cExport.cmake
[2.179s] -- Up-to-date: /home/ssfa/ros2_ws/install/t3_action_msg/share/t3_action_msg/cmake/t3_action_msg__rosidl_typesupport_introspection_cExport-noconfig.cmake
[2.179s] -- Up-to-date: /home/ssfa/ros2_ws/install/t3_action_msg/share/t3_action_msg/cmake/t3_action_msg__rosidl_typesupport_cExport.cmake
[2.179s] -- Up-to-date: /home/ssfa/ros2_ws/install/t3_action_msg/share/t3_action_msg/cmake/t3_action_msg__rosidl_typesupport_cExport-noconfig.cmake
[2.180s] -- Up-to-date: /home/ssfa/ros2_ws/install/t3_action_msg/share/t3_action_msg/cmake/t3_action_msg__rosidl_typesupport_introspection_cppExport.cmake
[2.180s] -- Up-to-date: /home/ssfa/ros2_ws/install/t3_action_msg/share/t3_action_msg/cmake/t3_action_msg__rosidl_typesupport_introspection_cppExport-noconfig.cmake
[2.180s] -- Up-to-date: /home/ssfa/ros2_ws/install/t3_action_msg/share/t3_action_msg/cmake/t3_action_msg__rosidl_typesupport_cppExport.cmake
[2.180s] -- Up-to-date: /home/ssfa/ros2_ws/install/t3_action_msg/share/t3_action_msg/cmake/t3_action_msg__rosidl_typesupport_cppExport-noconfig.cmake
[2.180s] -- Up-to-date: /home/ssfa/ros2_ws/install/t3_action_msg/share/t3_action_msg/cmake/export_t3_action_msg__rosidl_generator_pyExport.cmake
[2.180s] -- Up-to-date: /home/ssfa/ros2_ws/install/t3_action_msg/share/t3_action_msg/cmake/export_t3_action_msg__rosidl_generator_pyExport-noconfig.cmake
[2.209s] Invoked command in '/home/ssfa/ros2_ws/build/t3_action_msg' returned '0': CMAKE_PREFIX_PATH=${CMAKE_PREFIX_PATH}:/home/ssfa/ros2_ws/install/yolov8_ros:/home/ssfa/ros2_ws/install/turtlebot3_teleop:/home/ssfa/ros2_ws/install/turtlebot3_example:/home/ssfa/ros2_ws/install/shape_detector:/home/ssfa/ros2_ws/install/services_pkg:/home/ssfa/ros2_ws/install/cv_basics:/home/ssfa/ros2_ws/install/color_shape_detector:/opt/ros/humble /usr/bin/cmake --install /home/ssfa/ros2_ws/build/t3_action_msg
