[0.846s] Invoking command in '/home/ssfa/ros2_ws/build/dynamixel_sdk': CMAKE_PREFIX_PATH=${CMAKE_PREFIX_PATH}:/home/ssfa/ros2_ws/install/yolov8_ros:/home/ssfa/ros2_ws/install/turtlebot3_teleop:/home/ssfa/ros2_ws/install/turtlebot3_example:/home/ssfa/ros2_ws/install/shape_detector:/home/ssfa/ros2_ws/install/services_pkg:/home/ssfa/ros2_ws/install/cv_basics:/home/ssfa/ros2_ws/install/color_shape_detector:/opt/ros/humble /usr/bin/cmake --build /home/ssfa/ros2_ws/build/dynamixel_sdk -- -j12 -l12
[1.562s] [100%] Built target dynamixel_sdk
[1.576s] Invoked command in '/home/ssfa/ros2_ws/build/dynamixel_sdk' returned '0': CMAKE_PREFIX_PATH=${CMAKE_PREFIX_PATH}:/home/ssfa/ros2_ws/install/yolov8_ros:/home/ssfa/ros2_ws/install/turtlebot3_teleop:/home/ssfa/ros2_ws/install/turtlebot3_example:/home/ssfa/ros2_ws/install/shape_detector:/home/ssfa/ros2_ws/install/services_pkg:/home/ssfa/ros2_ws/install/cv_basics:/home/ssfa/ros2_ws/install/color_shape_detector:/opt/ros/humble /usr/bin/cmake --build /home/ssfa/ros2_ws/build/dynamixel_sdk -- -j12 -l12
[1.771s] Invoking command in '/home/ssfa/ros2_ws/build/dynamixel_sdk': CMAKE_PREFIX_PATH=${CMAKE_PREFIX_PATH}:/home/ssfa/ros2_ws/install/yolov8_ros:/home/ssfa/ros2_ws/install/turtlebot3_teleop:/home/ssfa/ros2_ws/install/turtlebot3_example:/home/ssfa/ros2_ws/install/shape_detector:/home/ssfa/ros2_ws/install/services_pkg:/home/ssfa/ros2_ws/install/cv_basics:/home/ssfa/ros2_ws/install/color_shape_detector:/opt/ros/humble /usr/bin/cmake --install /home/ssfa/ros2_ws/build/dynamixel_sdk
[1.784s] -- Install configuration: ""
[1.784s] -- Execute custom install script
[1.785s] -- Up-to-date symlink: /home/ssfa/ros2_ws/install/dynamixel_sdk/include//dynamixel_sdk/dynamixel_sdk.h
[1.786s] -- Up-to-date symlink: /home/ssfa/ros2_ws/install/dynamixel_sdk/include//dynamixel_sdk/group_bulk_read.h
[1.786s] -- Up-to-date symlink: /home/ssfa/ros2_ws/install/dynamixel_sdk/include//dynamixel_sdk/group_bulk_write.h
[1.787s] -- Up-to-date symlink: /home/ssfa/ros2_ws/install/dynamixel_sdk/include//dynamixel_sdk/group_sync_read.h
[1.787s] -- Up-to-date symlink: /home/ssfa/ros2_ws/install/dynamixel_sdk/include//dynamixel_sdk/group_sync_write.h
[1.788s] -- Up-to-date symlink: /home/ssfa/ros2_ws/install/dynamixel_sdk/include//dynamixel_sdk/packet_handler.h
[1.788s] -- Up-to-date symlink: /home/ssfa/ros2_ws/install/dynamixel_sdk/include//dynamixel_sdk/port_handler.h
[1.789s] -- Up-to-date symlink: /home/ssfa/ros2_ws/install/dynamixel_sdk/include//dynamixel_sdk/port_handler_arduino.h
[1.790s] -- Up-to-date symlink: /home/ssfa/ros2_ws/install/dynamixel_sdk/include//dynamixel_sdk/port_handler_linux.h
[1.790s] -- Up-to-date symlink: /home/ssfa/ros2_ws/install/dynamixel_sdk/include//dynamixel_sdk/port_handler_mac.h
[1.790s] -- Up-to-date symlink: /home/ssfa/ros2_ws/install/dynamixel_sdk/include//dynamixel_sdk/port_handler_windows.h
[1.790s] -- Up-to-date symlink: /home/ssfa/ros2_ws/install/dynamixel_sdk/include//dynamixel_sdk/protocol1_packet_handler.h
[1.791s] -- Up-to-date symlink: /home/ssfa/ros2_ws/install/dynamixel_sdk/include//dynamixel_sdk/protocol2_packet_handler.h
[1.791s] -- Up-to-date symlink: /home/ssfa/ros2_ws/install/dynamixel_sdk/lib/libdynamixel_sdk.so
[1.792s] -- Up-to-date symlink: /home/ssfa/ros2_ws/install/dynamixel_sdk/share/dynamixel_sdk/environment/library_path.sh
[1.792s] -- Up-to-date symlink: /home/ssfa/ros2_ws/install/dynamixel_sdk/share/dynamixel_sdk/environment/library_path.dsv
[1.792s] -- Up-to-date symlink: /home/ssfa/ros2_ws/install/dynamixel_sdk/share/ament_index/resource_index/package_run_dependencies/dynamixel_sdk
[1.793s] -- Up-to-date symlink: /home/ssfa/ros2_ws/install/dynamixel_sdk/share/ament_index/resource_index/parent_prefix_path/dynamixel_sdk
[1.793s] -- Up-to-date symlink: /home/ssfa/ros2_ws/install/dynamixel_sdk/share/dynamixel_sdk/environment/ament_prefix_path.sh
[1.793s] -- Up-to-date symlink: /home/ssfa/ros2_ws/install/dynamixel_sdk/share/dynamixel_sdk/environment/ament_prefix_path.dsv
[1.793s] -- Up-to-date symlink: /home/ssfa/ros2_ws/install/dynamixel_sdk/share/dynamixel_sdk/environment/path.sh
[1.794s] -- Up-to-date symlink: /home/ssfa/ros2_ws/install/dynamixel_sdk/share/dynamixel_sdk/environment/path.dsv
[1.795s] -- Up-to-date symlink: /home/ssfa/ros2_ws/install/dynamixel_sdk/share/dynamixel_sdk/local_setup.bash
[1.795s] -- Up-to-date symlink: /home/ssfa/ros2_ws/install/dynamixel_sdk/share/dynamixel_sdk/local_setup.sh
[1.795s] -- Up-to-date symlink: /home/ssfa/ros2_ws/install/dynamixel_sdk/share/dynamixel_sdk/local_setup.zsh
[1.795s] -- Up-to-date symlink: /home/ssfa/ros2_ws/install/dynamixel_sdk/share/dynamixel_sdk/local_setup.dsv
[1.796s] -- Symlinking: /home/ssfa/ros2_ws/install/dynamixel_sdk/share/dynamixel_sdk/package.dsv
[1.824s] -- Up-to-date symlink: /home/ssfa/ros2_ws/install/dynamixel_sdk/share/ament_index/resource_index/packages/dynamixel_sdk
[1.827s] -- Up-to-date symlink: /home/ssfa/ros2_ws/install/dynamixel_sdk/share/dynamixel_sdk/cmake/ament_cmake_export_include_directories-extras.cmake
[1.827s] -- Up-to-date symlink: /home/ssfa/ros2_ws/install/dynamixel_sdk/share/dynamixel_sdk/cmake/ament_cmake_export_libraries-extras.cmake
[1.827s] -- Up-to-date symlink: /home/ssfa/ros2_ws/install/dynamixel_sdk/share/dynamixel_sdk/cmake/dynamixel_sdkConfig.cmake
[1.828s] -- Up-to-date symlink: /home/ssfa/ros2_ws/install/dynamixel_sdk/share/dynamixel_sdk/cmake/dynamixel_sdkConfig-version.cmake
[1.828s] -- Up-to-date symlink: /home/ssfa/ros2_ws/install/dynamixel_sdk/share/dynamixel_sdk/package.xml
[1.859s] Invoked command in '/home/ssfa/ros2_ws/build/dynamixel_sdk' returned '0': CMAKE_PREFIX_PATH=${CMAKE_PREFIX_PATH}:/home/ssfa/ros2_ws/install/yolov8_ros:/home/ssfa/ros2_ws/install/turtlebot3_teleop:/home/ssfa/ros2_ws/install/turtlebot3_example:/home/ssfa/ros2_ws/install/shape_detector:/home/ssfa/ros2_ws/install/services_pkg:/home/ssfa/ros2_ws/install/cv_basics:/home/ssfa/ros2_ws/install/color_shape_detector:/opt/ros/humble /usr/bin/cmake --install /home/ssfa/ros2_ws/build/dynamixel_sdk
