running develop
running egg_info
creating client_pkg.egg-info
writing client_pkg.egg-info/PKG-INFO
writing dependency_links to client_pkg.egg-info/dependency_links.txt
writing entry points to client_pkg.egg-info/entry_points.txt
writing requirements to client_pkg.egg-info/requires.txt
writing top-level names to client_pkg.egg-info/top_level.txt
writing manifest file 'client_pkg.egg-info/SOURCES.txt'
reading manifest file 'client_pkg.egg-info/SOURCES.txt'
writing manifest file 'client_pkg.egg-info/SOURCES.txt'
running build_ext
Creating /home/ssfa/ros2_ws/install/client_pkg/lib/python3.10/site-packages/client-pkg.egg-link (link to .)
Installing service_client script to /home/ssfa/ros2_ws/install/client_pkg/lib/client_pkg

Installed /home/ssfa/ros2_ws/build/client_pkg
running symlink_data
creating /home/ssfa/ros2_ws/install/client_pkg/share/ament_index
creating /home/ssfa/ros2_ws/install/client_pkg/share/ament_index/resource_index
creating /home/ssfa/ros2_ws/install/client_pkg/share/ament_index/resource_index/packages
symbolically linking /home/ssfa/ros2_ws/build/client_pkg/resource/client_pkg -> /home/ssfa/ros2_ws/install/client_pkg/share/ament_index/resource_index/packages
symbolically linking /home/ssfa/ros2_ws/build/client_pkg/package.xml -> /home/ssfa/ros2_ws/install/client_pkg/share/client_pkg
symbolically linking /home/ssfa/ros2_ws/build/client_pkg/launch/service_client_launch_file.launch.py -> /home/ssfa/ros2_ws/install/client_pkg/share/client_pkg
