[0.777s] Invoking command in '/home/ssfa/ros2_ws/build/exercise_pkg': PYTHONPATH=/home/ssfa/ros2_ws/build/exercise_pkg/prefix_override:/usr/lib/python3/dist-packages/colcon_core/task/python/colcon_distutils_commands:/home/ssfa/ros2_ws/install/exercise_pkg/lib/python3.10/site-packages:${PYTHONPATH} /usr/bin/python3 -W ignore:setup.py install is deprecated setup.py develop --editable --build-directory /home/ssfa/ros2_ws/build/exercise_pkg/build --no-deps symlink_data
[1.111s] running develop
[1.111s] /usr/lib/python3/dist-packages/setuptools/command/easy_install.py:158: EasyInstallDeprecationWarning: easy_install command is deprecated. Use build and pip and other standards-based tools.
[1.111s]   warnings.warn(
[1.296s] running egg_info
[1.296s] writing exercise_pkg.egg-info/PKG-INFO
[1.296s] writing dependency_links to exercise_pkg.egg-info/dependency_links.txt
[1.296s] writing entry points to exercise_pkg.egg-info/entry_points.txt
[1.297s] writing requirements to exercise_pkg.egg-info/requires.txt
[1.297s] writing top-level names to exercise_pkg.egg-info/top_level.txt
[1.299s] reading manifest file 'exercise_pkg.egg-info/SOURCES.txt'
[1.299s] writing manifest file 'exercise_pkg.egg-info/SOURCES.txt'
[1.301s] running build_ext
[1.302s] Creating /home/ssfa/ros2_ws/install/exercise_pkg/lib/python3.10/site-packages/exercise-pkg.egg-link (link to .)
[1.303s] Installing exercise1 script to /home/ssfa/ros2_ws/install/exercise_pkg/lib/exercise_pkg
[1.303s] Installing exercise2 script to /home/ssfa/ros2_ws/install/exercise_pkg/lib/exercise_pkg
[1.303s] 
[1.304s] Installed /home/ssfa/ros2_ws/build/exercise_pkg
[1.304s] running symlink_data
[1.304s] symbolically linking /home/ssfa/ros2_ws/build/exercise_pkg/launch/exercise2.launch.py -> /home/ssfa/ros2_ws/install/exercise_pkg/share/exercise_pkg/launch
[1.335s] Invoked command in '/home/ssfa/ros2_ws/build/exercise_pkg' returned '0': PYTHONPATH=/home/ssfa/ros2_ws/build/exercise_pkg/prefix_override:/usr/lib/python3/dist-packages/colcon_core/task/python/colcon_distutils_commands:/home/ssfa/ros2_ws/install/exercise_pkg/lib/python3.10/site-packages:${PYTHONPATH} /usr/bin/python3 -W ignore:setup.py install is deprecated setup.py develop --editable --build-directory /home/ssfa/ros2_ws/build/exercise_pkg/build --no-deps symlink_data
