[0.234s] Invoking command in '/home/ssfa/ros2_ws/build/tiago_demo': CMAKE_PREFIX_PATH=${CMAKE_PREFIX_PATH}:/home/ssfa/ros2_ws/install/yolov8_ros:/home/ssfa/ros2_ws/install/turtlebot3_teleop:/home/ssfa/ros2_ws/install/turtlebot3_example:/home/ssfa/ros2_ws/install/topic_exercise:/home/ssfa/ros2_ws/install/subscriber_pkg:/home/ssfa/ros2_ws/install/services_pkg:/home/ssfa/ros2_ws/install/publisher_pkg:/home/ssfa/ros2_ws/install/my_package:/home/ssfa/ros2_ws/install/movement_pkg:/home/ssfa/ros2_ws/install/exercise_pkg:/home/ssfa/ros2_ws/install/cv_basics:/home/ssfa/ros2_ws/install/custom_interface_example:/home/ssfa/ros2_ws/install/client_pkg:/opt/ros/humble /usr/bin/cmake /home/ssfa/ros2_ws/src/tiago_demo -DAMENT_CMAKE_SYMLINK_INSTALL=1 -DCMAKE_INSTALL_PREFIX=/home/ssfa/ros2_ws/install/tiago_demo
[0.794s] -- Found ament_cmake: 1.3.9 (/opt/ros/humble/share/ament_cmake/cmake)
[0.794s] -- Override CMake install command with custom implementation using symlinks instead of copying resources
[0.794s] -- Configuring done
[0.795s] -- Generating done
[0.795s] -- Build files have been written to: /home/ssfa/ros2_ws/build/tiago_demo
[0.804s] Invoked command in '/home/ssfa/ros2_ws/build/tiago_demo' returned '0': CMAKE_PREFIX_PATH=${CMAKE_PREFIX_PATH}:/home/ssfa/ros2_ws/install/yolov8_ros:/home/ssfa/ros2_ws/install/turtlebot3_teleop:/home/ssfa/ros2_ws/install/turtlebot3_example:/home/ssfa/ros2_ws/install/topic_exercise:/home/ssfa/ros2_ws/install/subscriber_pkg:/home/ssfa/ros2_ws/install/services_pkg:/home/ssfa/ros2_ws/install/publisher_pkg:/home/ssfa/ros2_ws/install/my_package:/home/ssfa/ros2_ws/install/movement_pkg:/home/ssfa/ros2_ws/install/exercise_pkg:/home/ssfa/ros2_ws/install/cv_basics:/home/ssfa/ros2_ws/install/custom_interface_example:/home/ssfa/ros2_ws/install/client_pkg:/opt/ros/humble /usr/bin/cmake /home/ssfa/ros2_ws/src/tiago_demo -DAMENT_CMAKE_SYMLINK_INSTALL=1 -DCMAKE_INSTALL_PREFIX=/home/ssfa/ros2_ws/install/tiago_demo
[0.805s] Invoking command in '/home/ssfa/ros2_ws/build/tiago_demo': CMAKE_PREFIX_PATH=${CMAKE_PREFIX_PATH}:/home/ssfa/ros2_ws/install/yolov8_ros:/home/ssfa/ros2_ws/install/turtlebot3_teleop:/home/ssfa/ros2_ws/install/turtlebot3_example:/home/ssfa/ros2_ws/install/topic_exercise:/home/ssfa/ros2_ws/install/subscriber_pkg:/home/ssfa/ros2_ws/install/services_pkg:/home/ssfa/ros2_ws/install/publisher_pkg:/home/ssfa/ros2_ws/install/my_package:/home/ssfa/ros2_ws/install/movement_pkg:/home/ssfa/ros2_ws/install/exercise_pkg:/home/ssfa/ros2_ws/install/cv_basics:/home/ssfa/ros2_ws/install/custom_interface_example:/home/ssfa/ros2_ws/install/client_pkg:/opt/ros/humble /usr/bin/cmake --build /home/ssfa/ros2_ws/build/tiago_demo -- -j12 -l12
[0.840s] Invoked command in '/home/ssfa/ros2_ws/build/tiago_demo' returned '0': CMAKE_PREFIX_PATH=${CMAKE_PREFIX_PATH}:/home/ssfa/ros2_ws/install/yolov8_ros:/home/ssfa/ros2_ws/install/turtlebot3_teleop:/home/ssfa/ros2_ws/install/turtlebot3_example:/home/ssfa/ros2_ws/install/topic_exercise:/home/ssfa/ros2_ws/install/subscriber_pkg:/home/ssfa/ros2_ws/install/services_pkg:/home/ssfa/ros2_ws/install/publisher_pkg:/home/ssfa/ros2_ws/install/my_package:/home/ssfa/ros2_ws/install/movement_pkg:/home/ssfa/ros2_ws/install/exercise_pkg:/home/ssfa/ros2_ws/install/cv_basics:/home/ssfa/ros2_ws/install/custom_interface_example:/home/ssfa/ros2_ws/install/client_pkg:/opt/ros/humble /usr/bin/cmake --build /home/ssfa/ros2_ws/build/tiago_demo -- -j12 -l12
[0.863s] Invoking command in '/home/ssfa/ros2_ws/build/tiago_demo': CMAKE_PREFIX_PATH=${CMAKE_PREFIX_PATH}:/home/ssfa/ros2_ws/install/yolov8_ros:/home/ssfa/ros2_ws/install/turtlebot3_teleop:/home/ssfa/ros2_ws/install/turtlebot3_example:/home/ssfa/ros2_ws/install/topic_exercise:/home/ssfa/ros2_ws/install/subscriber_pkg:/home/ssfa/ros2_ws/install/services_pkg:/home/ssfa/ros2_ws/install/publisher_pkg:/home/ssfa/ros2_ws/install/my_package:/home/ssfa/ros2_ws/install/movement_pkg:/home/ssfa/ros2_ws/install/exercise_pkg:/home/ssfa/ros2_ws/install/cv_basics:/home/ssfa/ros2_ws/install/custom_interface_example:/home/ssfa/ros2_ws/install/client_pkg:/opt/ros/humble /usr/bin/cmake --install /home/ssfa/ros2_ws/build/tiago_demo
[0.871s] -- Install configuration: ""
[0.872s] -- Execute custom install script
[0.873s] -- Symlinking: /home/ssfa/ros2_ws/install/tiago_demo/share/tiago_demo/launch/spawn.launch.py
[0.884s] -- Symlinking: /home/ssfa/ros2_ws/install/tiago_demo/share/tiago_demo/launch/start_simulation.launch.py
[0.893s] -- Symlinking: /home/ssfa/ros2_ws/install/tiago_demo/share/tiago_demo/launch/tiago_demo.launch.py
[0.904s] -- Symlinking: /home/ssfa/ros2_ws/install/tiago_demo/share/tiago_demo/worlds/cafe_tables_boxes.world
[0.914s] -- Symlinking: /home/ssfa/ros2_ws/install/tiago_demo/share/tiago_demo/worlds/cafe_tables_cans.world
[0.924s] -- Symlinking: /home/ssfa/ros2_ws/install/tiago_demo/share/tiago_demo/models/cafe_table/materials/textures/Maple.jpg
[0.935s] -- Symlinking: /home/ssfa/ros2_ws/install/tiago_demo/share/tiago_demo/models/cafe_table/materials/textures/Wood_Floor_Dark.jpg
[0.947s] -- Symlinking: /home/ssfa/ros2_ws/install/tiago_demo/share/tiago_demo/models/cafe_table/meshes/cafe_table.dae
[0.956s] -- Symlinking: /home/ssfa/ros2_ws/install/tiago_demo/share/tiago_demo/models/cafe_table/model-1_4.sdf
[0.967s] -- Symlinking: /home/ssfa/ros2_ws/install/tiago_demo/share/tiago_demo/models/cafe_table/model.config
[0.978s] -- Symlinking: /home/ssfa/ros2_ws/install/tiago_demo/share/tiago_demo/models/cafe_table/model.sdf
[0.990s] -- Symlinking: /home/ssfa/ros2_ws/install/tiago_demo/share/tiago_demo/models/cardboard_box/materials/textures/cardboard_box.png
[1.003s] -- Symlinking: /home/ssfa/ros2_ws/install/tiago_demo/share/tiago_demo/models/cardboard_box/meshes/cardboard_box.dae
[1.030s] -- Symlinking: /home/ssfa/ros2_ws/install/tiago_demo/share/tiago_demo/models/cardboard_box/model.config
[1.042s] -- Symlinking: /home/ssfa/ros2_ws/install/tiago_demo/share/tiago_demo/models/cardboard_box/model.sdf
[1.055s] -- Symlinking: /home/ssfa/ros2_ws/install/tiago_demo/share/ament_index/resource_index/package_run_dependencies/tiago_demo
[1.069s] -- Symlinking: /home/ssfa/ros2_ws/install/tiago_demo/share/ament_index/resource_index/parent_prefix_path/tiago_demo
[1.081s] -- Symlinking: /home/ssfa/ros2_ws/install/tiago_demo/share/tiago_demo/environment/ament_prefix_path.sh
[1.095s] -- Symlinking: /home/ssfa/ros2_ws/install/tiago_demo/share/tiago_demo/environment/ament_prefix_path.dsv
[1.105s] -- Symlinking: /home/ssfa/ros2_ws/install/tiago_demo/share/tiago_demo/environment/path.sh
[1.116s] -- Symlinking: /home/ssfa/ros2_ws/install/tiago_demo/share/tiago_demo/environment/path.dsv
[1.127s] -- Symlinking: /home/ssfa/ros2_ws/install/tiago_demo/share/tiago_demo/local_setup.bash
[1.139s] -- Symlinking: /home/ssfa/ros2_ws/install/tiago_demo/share/tiago_demo/local_setup.sh
[1.149s] -- Symlinking: /home/ssfa/ros2_ws/install/tiago_demo/share/tiago_demo/local_setup.zsh
[1.161s] -- Symlinking: /home/ssfa/ros2_ws/install/tiago_demo/share/tiago_demo/local_setup.dsv
[1.172s] -- Symlinking: /home/ssfa/ros2_ws/install/tiago_demo/share/tiago_demo/package.dsv
[1.185s] -- Symlinking: /home/ssfa/ros2_ws/install/tiago_demo/share/ament_index/resource_index/packages/tiago_demo
[1.199s] -- Symlinking: /home/ssfa/ros2_ws/install/tiago_demo/share/tiago_demo/cmake/tiago_demoConfig.cmake
[1.211s] -- Symlinking: /home/ssfa/ros2_ws/install/tiago_demo/share/tiago_demo/cmake/tiago_demoConfig-version.cmake
[1.220s] -- Symlinking: /home/ssfa/ros2_ws/install/tiago_demo/share/tiago_demo/package.xml
[1.266s] Invoked command in '/home/ssfa/ros2_ws/build/tiago_demo' returned '0': CMAKE_PREFIX_PATH=${CMAKE_PREFIX_PATH}:/home/ssfa/ros2_ws/install/yolov8_ros:/home/ssfa/ros2_ws/install/turtlebot3_teleop:/home/ssfa/ros2_ws/install/turtlebot3_example:/home/ssfa/ros2_ws/install/topic_exercise:/home/ssfa/ros2_ws/install/subscriber_pkg:/home/ssfa/ros2_ws/install/services_pkg:/home/ssfa/ros2_ws/install/publisher_pkg:/home/ssfa/ros2_ws/install/my_package:/home/ssfa/ros2_ws/install/movement_pkg:/home/ssfa/ros2_ws/install/exercise_pkg:/home/ssfa/ros2_ws/install/cv_basics:/home/ssfa/ros2_ws/install/custom_interface_example:/home/ssfa/ros2_ws/install/client_pkg:/opt/ros/humble /usr/bin/cmake --install /home/ssfa/ros2_ws/build/tiago_demo
