[1.810s] Invoking command in '/home/ssfa/ros2_ws/build/turtlebot3_teleop': PYTHONPATH=/home/ssfa/ros2_ws/build/turtlebot3_teleop/prefix_override:/usr/lib/python3/dist-packages/colcon_core/task/python/colcon_distutils_commands:/home/ssfa/ros2_ws/install/turtlebot3_teleop/lib/python3.10/site-packages:${PYTHONPATH} /usr/bin/python3 -W ignore:setup.py install is deprecated setup.py develop --editable --build-directory /home/ssfa/ros2_ws/build/turtlebot3_teleop/build --no-deps symlink_data --force
[2.132s] /usr/lib/python3/dist-packages/setuptools/dist.py:723: UserWarning: Usage of dash-separated 'script-dir' will not be supported in future versions. Please use the underscore name 'script_dir' instead
[2.132s]   warnings.warn(
[2.170s] running develop
[2.170s] /usr/lib/python3/dist-packages/setuptools/command/easy_install.py:158: EasyInstallDeprecationWarning: easy_install command is deprecated. Use build and pip and other standards-based tools.
[2.170s]   warnings.warn(
[2.374s] running egg_info
[2.374s] writing turtlebot3_teleop.egg-info/PKG-INFO
[2.375s] writing dependency_links to turtlebot3_teleop.egg-info/dependency_links.txt
[2.375s] writing entry points to turtlebot3_teleop.egg-info/entry_points.txt
[2.375s] writing requirements to turtlebot3_teleop.egg-info/requires.txt
[2.375s] writing top-level names to turtlebot3_teleop.egg-info/top_level.txt
[2.378s] reading manifest file 'turtlebot3_teleop.egg-info/SOURCES.txt'
[2.379s] writing manifest file 'turtlebot3_teleop.egg-info/SOURCES.txt'
[2.382s] running build_ext
[2.382s] Creating /home/ssfa/ros2_ws/install/turtlebot3_teleop/lib/python3.10/site-packages/turtlebot3-teleop.egg-link (link to .)
[2.383s] Installing teleop_keyboard script to /home/ssfa/ros2_ws/install/turtlebot3_teleop/lib/turtlebot3_teleop
[2.384s] 
[2.384s] Installed /home/ssfa/ros2_ws/build/turtlebot3_teleop
[2.384s] running symlink_data
[2.384s] symbolically linking /home/ssfa/ros2_ws/build/turtlebot3_teleop/resource/turtlebot3_teleop -> /home/ssfa/ros2_ws/install/turtlebot3_teleop/share/ament_index/resource_index/packages
[2.384s] symbolically linking /home/ssfa/ros2_ws/build/turtlebot3_teleop/package.xml -> /home/ssfa/ros2_ws/install/turtlebot3_teleop/share/turtlebot3_teleop
[2.576s] Invoked command in '/home/ssfa/ros2_ws/build/turtlebot3_teleop' returned '0': PYTHONPATH=/home/ssfa/ros2_ws/build/turtlebot3_teleop/prefix_override:/usr/lib/python3/dist-packages/colcon_core/task/python/colcon_distutils_commands:/home/ssfa/ros2_ws/install/turtlebot3_teleop/lib/python3.10/site-packages:${PYTHONPATH} /usr/bin/python3 -W ignore:setup.py install is deprecated setup.py develop --editable --build-directory /home/ssfa/ros2_ws/build/turtlebot3_teleop/build --no-deps symlink_data --force
