[1.694s] Invoking command in '/home/ssfa/ros2_ws/build/usb_cam': CMAKE_PREFIX_PATH=${CMAKE_PREFIX_PATH}:/home/ssfa/ros2_ws/install/yolov8_ros:/home/ssfa/ros2_ws/install/turtlebot3_teleop:/home/ssfa/ros2_ws/install/turtlebot3_example:/home/ssfa/ros2_ws/install/shape_detector:/home/ssfa/ros2_ws/install/cv_basics:/opt/ros/humble /usr/bin/cmake --build /home/ssfa/ros2_ws/build/usb_cam -- -j12 -l12
[1.788s] [35m[1mConsolidate compiler generated dependencies of target usb_cam[0m
[1.796s] [35m[1mConsolidate compiler generated dependencies of target gtest_main[0m
[1.818s] [35m[1mConsolidate compiler generated dependencies of target gtest[0m
[1.819s] [35m[1mConsolidate compiler generated dependencies of target usb_cam_node_exe[0m
[1.823s] [ 14%] Built target usb_cam
[1.827s] [ 28%] Built target gtest_main
[1.850s] [ 42%] Built target gtest
[1.854s] [35m[1mConsolidate compiler generated dependencies of target usb_cam_node[0m
[1.861s] [ 57%] Built target usb_cam_node_exe
[1.877s] [35m[1mConsolidate compiler generated dependencies of target test_usb_cam_utils[0m
[1.898s] [35m[1mConsolidate compiler generated dependencies of target test_pixel_formats[0m
[1.905s] [ 71%] Built target test_usb_cam_utils
[1.918s] [ 85%] Built target usb_cam_node
[1.937s] [100%] Built target test_pixel_formats
[1.962s] Invoked command in '/home/ssfa/ros2_ws/build/usb_cam' returned '0': CMAKE_PREFIX_PATH=${CMAKE_PREFIX_PATH}:/home/ssfa/ros2_ws/install/yolov8_ros:/home/ssfa/ros2_ws/install/turtlebot3_teleop:/home/ssfa/ros2_ws/install/turtlebot3_example:/home/ssfa/ros2_ws/install/shape_detector:/home/ssfa/ros2_ws/install/cv_basics:/opt/ros/humble /usr/bin/cmake --build /home/ssfa/ros2_ws/build/usb_cam -- -j12 -l12
[2.091s] Invoking command in '/home/ssfa/ros2_ws/build/usb_cam': CMAKE_PREFIX_PATH=${CMAKE_PREFIX_PATH}:/home/ssfa/ros2_ws/install/yolov8_ros:/home/ssfa/ros2_ws/install/turtlebot3_teleop:/home/ssfa/ros2_ws/install/turtlebot3_example:/home/ssfa/ros2_ws/install/shape_detector:/home/ssfa/ros2_ws/install/cv_basics:/opt/ros/humble /usr/bin/cmake --install /home/ssfa/ros2_ws/build/usb_cam
[2.129s] -- Install configuration: ""
[2.130s] -- Up-to-date: /home/ssfa/ros2_ws/install/usb_cam/share/usb_cam/environment/library_path.sh
[2.130s] -- Up-to-date: /home/ssfa/ros2_ws/install/usb_cam/share/usb_cam/environment/library_path.dsv
[2.130s] -- Up-to-date: /home/ssfa/ros2_ws/install/usb_cam/lib/usb_cam/usb_cam_node_exe
[2.130s] -- Up-to-date: /home/ssfa/ros2_ws/install/usb_cam/lib/usb_cam/show_image.py
[2.130s] -- Up-to-date: /home/ssfa/ros2_ws/install/usb_cam/lib/libusb_cam.so
[2.131s] -- Up-to-date: /home/ssfa/ros2_ws/install/usb_cam/lib/libusb_cam_node.so
[2.131s] -- Up-to-date: /home/ssfa/ros2_ws/install/usb_cam/include
[2.131s] -- Up-to-date: /home/ssfa/ros2_ws/install/usb_cam/include/usb_cam
[2.131s] -- Up-to-date: /home/ssfa/ros2_ws/install/usb_cam/include/usb_cam/utils.hpp
[2.131s] -- Up-to-date: /home/ssfa/ros2_ws/install/usb_cam/include/usb_cam/usb_cam.hpp
[2.132s] -- Up-to-date: /home/ssfa/ros2_ws/install/usb_cam/include/usb_cam/conversions.hpp
[2.132s] -- Up-to-date: /home/ssfa/ros2_ws/install/usb_cam/include/usb_cam/formats
[2.132s] -- Up-to-date: /home/ssfa/ros2_ws/install/usb_cam/include/usb_cam/formats/utils.hpp
[2.132s] -- Up-to-date: /home/ssfa/ros2_ws/install/usb_cam/include/usb_cam/formats/m420.hpp
[2.132s] -- Up-to-date: /home/ssfa/ros2_ws/install/usb_cam/include/usb_cam/formats/yuyv.hpp
[2.132s] -- Up-to-date: /home/ssfa/ros2_ws/install/usb_cam/include/usb_cam/formats/uyvy.hpp
[2.133s] -- Up-to-date: /home/ssfa/ros2_ws/install/usb_cam/include/usb_cam/formats/mjpeg.hpp
[2.133s] -- Up-to-date: /home/ssfa/ros2_ws/install/usb_cam/include/usb_cam/formats/mono.hpp
[2.133s] -- Up-to-date: /home/ssfa/ros2_ws/install/usb_cam/include/usb_cam/formats/rgb.hpp
[2.133s] -- Up-to-date: /home/ssfa/ros2_ws/install/usb_cam/include/usb_cam/formats/av_pixel_format_helper.hpp
[2.133s] -- Up-to-date: /home/ssfa/ros2_ws/install/usb_cam/include/usb_cam/formats/pixel_format_base.hpp
[2.134s] -- Up-to-date: /home/ssfa/ros2_ws/install/usb_cam/include/usb_cam/usb_cam_node.hpp
[2.134s] -- Up-to-date: /home/ssfa/ros2_ws/install/usb_cam/include/usb_cam/constants.hpp
[2.137s] -- Up-to-date: /home/ssfa/ros2_ws/install/usb_cam/lib/libusb_cam_node.so
[2.137s] -- Up-to-date: /home/ssfa/ros2_ws/install/usb_cam/share/usb_cam/launch
[2.138s] -- Up-to-date: /home/ssfa/ros2_ws/install/usb_cam/share/usb_cam/launch/__init__.py
[2.139s] -- Up-to-date: /home/ssfa/ros2_ws/install/usb_cam/share/usb_cam/launch/camera_config.py
[2.139s] -- Up-to-date: /home/ssfa/ros2_ws/install/usb_cam/share/usb_cam/launch/camera.launch.py
[2.139s] -- Up-to-date: /home/ssfa/ros2_ws/install/usb_cam/share/usb_cam/config
[2.140s] -- Up-to-date: /home/ssfa/ros2_ws/install/usb_cam/share/usb_cam/config/params_2.yaml
[2.140s] -- Up-to-date: /home/ssfa/ros2_ws/install/usb_cam/share/usb_cam/config/params_1.yaml
[2.140s] -- Up-to-date: /home/ssfa/ros2_ws/install/usb_cam/share/usb_cam/config/camera_info.yaml
[2.140s] -- Up-to-date: /home/ssfa/ros2_ws/install/usb_cam/share/ament_index/resource_index/package_run_dependencies/usb_cam
[2.140s] -- Up-to-date: /home/ssfa/ros2_ws/install/usb_cam/share/ament_index/resource_index/parent_prefix_path/usb_cam
[2.140s] -- Up-to-date: /home/ssfa/ros2_ws/install/usb_cam/share/usb_cam/environment/ament_prefix_path.sh
[2.141s] -- Up-to-date: /home/ssfa/ros2_ws/install/usb_cam/share/usb_cam/environment/ament_prefix_path.dsv
[2.141s] -- Up-to-date: /home/ssfa/ros2_ws/install/usb_cam/share/usb_cam/environment/path.sh
[2.141s] -- Up-to-date: /home/ssfa/ros2_ws/install/usb_cam/share/usb_cam/environment/path.dsv
[2.142s] -- Up-to-date: /home/ssfa/ros2_ws/install/usb_cam/share/usb_cam/local_setup.bash
[2.142s] -- Up-to-date: /home/ssfa/ros2_ws/install/usb_cam/share/usb_cam/local_setup.sh
[2.142s] -- Up-to-date: /home/ssfa/ros2_ws/install/usb_cam/share/usb_cam/local_setup.zsh
[2.142s] -- Up-to-date: /home/ssfa/ros2_ws/install/usb_cam/share/usb_cam/local_setup.dsv
[2.142s] -- Installing: /home/ssfa/ros2_ws/install/usb_cam/share/usb_cam/package.dsv
[2.142s] -- Up-to-date: /home/ssfa/ros2_ws/install/usb_cam/share/ament_index/resource_index/packages/usb_cam
[2.143s] -- Up-to-date: /home/ssfa/ros2_ws/install/usb_cam/share/ament_index/resource_index/rclcpp_components/usb_cam
[2.143s] -- Up-to-date: /home/ssfa/ros2_ws/install/usb_cam/share/usb_cam/cmake/ament_cmake_export_libraries-extras.cmake
[2.143s] -- Up-to-date: /home/ssfa/ros2_ws/install/usb_cam/share/usb_cam/cmake/ament_cmake_export_dependencies-extras.cmake
[2.143s] -- Up-to-date: /home/ssfa/ros2_ws/install/usb_cam/share/usb_cam/cmake/ament_cmake_export_include_directories-extras.cmake
[2.144s] -- Up-to-date: /home/ssfa/ros2_ws/install/usb_cam/share/usb_cam/cmake/usb_camConfig.cmake
[2.144s] -- Up-to-date: /home/ssfa/ros2_ws/install/usb_cam/share/usb_cam/cmake/usb_camConfig-version.cmake
[2.144s] -- Up-to-date: /home/ssfa/ros2_ws/install/usb_cam/share/usb_cam/package.xml
[2.144s] Invoked command in '/home/ssfa/ros2_ws/build/usb_cam' returned '0': CMAKE_PREFIX_PATH=${CMAKE_PREFIX_PATH}:/home/ssfa/ros2_ws/install/yolov8_ros:/home/ssfa/ros2_ws/install/turtlebot3_teleop:/home/ssfa/ros2_ws/install/turtlebot3_example:/home/ssfa/ros2_ws/install/shape_detector:/home/ssfa/ros2_ws/install/cv_basics:/opt/ros/humble /usr/bin/cmake --install /home/ssfa/ros2_ws/build/usb_cam
