[0.100s] Invoking command in '/home/ssfa/ros2_ws/build/custom_interfaces': CMAKE_PREFIX_PATH=${CMAKE_PREFIX_PATH}:/home/ssfa/ros2_ws/install/visionsensor:/home/ssfa/ros2_ws/install/turtlebot3_teleop:/home/ssfa/ros2_ws/install/turtlebot3_example:/home/ssfa/ros2_ws/install/topic_exercise:/home/ssfa/ros2_ws/install/subscriber_pkg:/home/ssfa/ros2_ws/install/services_pkg:/home/ssfa/ros2_ws/install/publisher_pkg:/home/ssfa/ros2_ws/install/opencv_tools:/home/ssfa/ros2_ws/install/my_package:/home/ssfa/ros2_ws/install/movement_pkg:/home/ssfa/ros2_ws/install/exercise_pkg:/home/ssfa/ros2_ws/install/custom_interface_example:/home/ssfa/ros2_ws/install/client_pkg:/opt/ros/humble /usr/bin/cmake --build /home/ssfa/ros2_ws/build/custom_interfaces -- -j12 -l12
[2.397s] [35m[1mConsolidate compiler generated dependencies of target custom_interfaces__rosidl_generator_c[0m
[2.397s] [  2%] Built target custom_interfaces__cpp
[2.398s] [ 12%] Built target custom_interfaces__rosidl_generator_c
[2.398s] [ 12%] Built target ament_cmake_python_symlink_custom_interfaces
[2.399s] [35m[1mConsolidate compiler generated dependencies of target custom_interfaces__rosidl_typesupport_cpp[0m
[2.399s] [35m[1mConsolidate compiler generated dependencies of target custom_interfaces__rosidl_typesupport_fastrtps_c[0m
[2.399s] [35m[1mConsolidate compiler generated dependencies of target custom_interfaces__rosidl_typesupport_introspection_c[0m
[2.399s] [35m[1mConsolidate compiler generated dependencies of target custom_interfaces__rosidl_typesupport_introspection_cpp[0m
[2.399s] [35m[1mConsolidate compiler generated dependencies of target custom_interfaces__rosidl_typesupport_fastrtps_cpp[0m
[2.399s] [35m[1mConsolidate compiler generated dependencies of target custom_interfaces__rosidl_typesupport_c[0m
[2.399s] [ 23%] Built target custom_interfaces__rosidl_typesupport_cpp
[2.400s] [ 43%] Built target custom_interfaces__rosidl_typesupport_fastrtps_cpp
[2.400s] [ 43%] Built target custom_interfaces__rosidl_typesupport_introspection_cpp
[2.400s] [ 53%] Built target custom_interfaces__rosidl_typesupport_fastrtps_c
[2.400s] [ 64%] Built target custom_interfaces__rosidl_typesupport_c
[2.400s] [ 74%] Built target custom_interfaces__rosidl_typesupport_introspection_c
[2.400s] [ 74%] Built target custom_interfaces
[2.400s] [ 76%] Built target custom_interfaces__py
[2.400s] [35m[1mConsolidate compiler generated dependencies of target custom_interfaces__rosidl_generator_py[0m
[2.400s] [ 84%] Built target custom_interfaces__rosidl_generator_py
[2.402s] [35m[1mConsolidate compiler generated dependencies of target custom_interfaces__rosidl_typesupport_introspection_c__pyext[0m
[2.402s] [35m[1mConsolidate compiler generated dependencies of target custom_interfaces__rosidl_typesupport_fastrtps_c__pyext[0m
[2.403s] [35m[1mConsolidate compiler generated dependencies of target custom_interfaces__rosidl_typesupport_c__pyext[0m
[2.403s] [ 89%] Built target custom_interfaces__rosidl_typesupport_introspection_c__pyext
[2.403s] [ 94%] Built target custom_interfaces__rosidl_typesupport_fastrtps_c__pyext
[2.403s] [100%] Built target custom_interfaces__rosidl_typesupport_c__pyext
[2.404s] running egg_info
[2.404s] writing custom_interfaces.egg-info/PKG-INFO
[2.405s] writing dependency_links to custom_interfaces.egg-info/dependency_links.txt
[2.405s] writing top-level names to custom_interfaces.egg-info/top_level.txt
[2.405s] reading manifest file 'custom_interfaces.egg-info/SOURCES.txt'
[2.405s] writing manifest file 'custom_interfaces.egg-info/SOURCES.txt'
[2.405s] [100%] Built target ament_cmake_python_build_custom_interfaces_egg
[2.417s] Invoked command in '/home/ssfa/ros2_ws/build/custom_interfaces' returned '0': CMAKE_PREFIX_PATH=${CMAKE_PREFIX_PATH}:/home/ssfa/ros2_ws/install/visionsensor:/home/ssfa/ros2_ws/install/turtlebot3_teleop:/home/ssfa/ros2_ws/install/turtlebot3_example:/home/ssfa/ros2_ws/install/topic_exercise:/home/ssfa/ros2_ws/install/subscriber_pkg:/home/ssfa/ros2_ws/install/services_pkg:/home/ssfa/ros2_ws/install/publisher_pkg:/home/ssfa/ros2_ws/install/opencv_tools:/home/ssfa/ros2_ws/install/my_package:/home/ssfa/ros2_ws/install/movement_pkg:/home/ssfa/ros2_ws/install/exercise_pkg:/home/ssfa/ros2_ws/install/custom_interface_example:/home/ssfa/ros2_ws/install/client_pkg:/opt/ros/humble /usr/bin/cmake --build /home/ssfa/ros2_ws/build/custom_interfaces -- -j12 -l12
[2.620s] Invoking command in '/home/ssfa/ros2_ws/build/custom_interfaces': CMAKE_PREFIX_PATH=${CMAKE_PREFIX_PATH}:/home/ssfa/ros2_ws/install/visionsensor:/home/ssfa/ros2_ws/install/turtlebot3_teleop:/home/ssfa/ros2_ws/install/turtlebot3_example:/home/ssfa/ros2_ws/install/topic_exercise:/home/ssfa/ros2_ws/install/subscriber_pkg:/home/ssfa/ros2_ws/install/services_pkg:/home/ssfa/ros2_ws/install/publisher_pkg:/home/ssfa/ros2_ws/install/opencv_tools:/home/ssfa/ros2_ws/install/my_package:/home/ssfa/ros2_ws/install/movement_pkg:/home/ssfa/ros2_ws/install/exercise_pkg:/home/ssfa/ros2_ws/install/custom_interface_example:/home/ssfa/ros2_ws/install/client_pkg:/opt/ros/humble /usr/bin/cmake --install /home/ssfa/ros2_ws/build/custom_interfaces
[2.649s] -- Install configuration: ""
[2.650s] -- Execute custom install script
[2.650s] -- Up-to-date symlink: /home/ssfa/ros2_ws/install/custom_interfaces/share/ament_index/resource_index/rosidl_interfaces/custom_interfaces
[2.650s] -- Up-to-date symlink: /home/ssfa/ros2_ws/install/custom_interfaces/include/custom_interfaces/custom_interfaces/msg/age.h
[2.650s] -- Up-to-date symlink: /home/ssfa/ros2_ws/install/custom_interfaces/include/custom_interfaces/custom_interfaces/msg/detail/age__functions.h
[2.651s] -- Up-to-date symlink: /home/ssfa/ros2_ws/install/custom_interfaces/include/custom_interfaces/custom_interfaces/msg/detail/age__struct.h
[2.651s] -- Up-to-date symlink: /home/ssfa/ros2_ws/install/custom_interfaces/include/custom_interfaces/custom_interfaces/msg/detail/age__type_support.h
[2.651s] -- Up-to-date symlink: /home/ssfa/ros2_ws/install/custom_interfaces/include/custom_interfaces/custom_interfaces/msg/rosidl_generator_c__visibility_control.h
[2.651s] -- Up-to-date symlink: /home/ssfa/ros2_ws/install/custom_interfaces/include/custom_interfaces/custom_interfaces/srv/detail/my_custom_service_message__functions.h
[2.651s] -- Up-to-date symlink: /home/ssfa/ros2_ws/install/custom_interfaces/include/custom_interfaces/custom_interfaces/srv/detail/my_custom_service_message__struct.h
[2.651s] -- Up-to-date symlink: /home/ssfa/ros2_ws/install/custom_interfaces/include/custom_interfaces/custom_interfaces/srv/detail/my_custom_service_message__type_support.h
[2.652s] -- Up-to-date symlink: /home/ssfa/ros2_ws/install/custom_interfaces/include/custom_interfaces/custom_interfaces/srv/my_custom_service_message.h
[2.652s] -- Up-to-date symlink: /home/ssfa/ros2_ws/install/custom_interfaces/share/custom_interfaces/environment/library_path.sh
[2.653s] -- Up-to-date symlink: /home/ssfa/ros2_ws/install/custom_interfaces/share/custom_interfaces/environment/library_path.dsv
[2.654s] -- Up-to-date symlink: /home/ssfa/ros2_ws/install/custom_interfaces/include/custom_interfaces/custom_interfaces/msg/detail/age__rosidl_typesupport_fastrtps_c.h
[2.654s] -- Up-to-date symlink: /home/ssfa/ros2_ws/install/custom_interfaces/include/custom_interfaces/custom_interfaces/msg/rosidl_typesupport_fastrtps_c__visibility_control.h
[2.655s] -- Up-to-date symlink: /home/ssfa/ros2_ws/install/custom_interfaces/include/custom_interfaces/custom_interfaces/srv/detail/my_custom_service_message__rosidl_typesupport_fastrtps_c.h
[2.655s] -- Up-to-date symlink: /home/ssfa/ros2_ws/install/custom_interfaces/include/custom_interfaces/custom_interfaces/msg/age.hpp
[2.656s] -- Up-to-date symlink: /home/ssfa/ros2_ws/install/custom_interfaces/include/custom_interfaces/custom_interfaces/msg/detail/age__builder.hpp
[2.657s] -- Up-to-date symlink: /home/ssfa/ros2_ws/install/custom_interfaces/include/custom_interfaces/custom_interfaces/msg/detail/age__struct.hpp
[2.658s] -- Up-to-date symlink: /home/ssfa/ros2_ws/install/custom_interfaces/include/custom_interfaces/custom_interfaces/msg/detail/age__traits.hpp
[2.658s] -- Up-to-date symlink: /home/ssfa/ros2_ws/install/custom_interfaces/include/custom_interfaces/custom_interfaces/srv/detail/my_custom_service_message__builder.hpp
[2.659s] -- Up-to-date symlink: /home/ssfa/ros2_ws/install/custom_interfaces/include/custom_interfaces/custom_interfaces/srv/detail/my_custom_service_message__struct.hpp
[2.659s] -- Up-to-date symlink: /home/ssfa/ros2_ws/install/custom_interfaces/include/custom_interfaces/custom_interfaces/srv/detail/my_custom_service_message__traits.hpp
[2.661s] -- Up-to-date symlink: /home/ssfa/ros2_ws/install/custom_interfaces/include/custom_interfaces/custom_interfaces/srv/my_custom_service_message.hpp
[2.665s] -- Up-to-date symlink: /home/ssfa/ros2_ws/install/custom_interfaces/include/custom_interfaces/custom_interfaces/msg/detail/age__rosidl_typesupport_fastrtps_cpp.hpp
[2.665s] -- Up-to-date symlink: /home/ssfa/ros2_ws/install/custom_interfaces/include/custom_interfaces/custom_interfaces/msg/rosidl_typesupport_fastrtps_cpp__visibility_control.h
[2.673s] -- Up-to-date symlink: /home/ssfa/ros2_ws/install/custom_interfaces/include/custom_interfaces/custom_interfaces/srv/detail/my_custom_service_message__rosidl_typesupport_fastrtps_cpp.hpp
[2.675s] -- Up-to-date symlink: /home/ssfa/ros2_ws/install/custom_interfaces/include/custom_interfaces/custom_interfaces/msg/detail/age__rosidl_typesupport_introspection_c.h
[2.677s] -- Up-to-date symlink: /home/ssfa/ros2_ws/install/custom_interfaces/include/custom_interfaces/custom_interfaces/msg/rosidl_typesupport_introspection_c__visibility_control.h
[2.678s] -- Up-to-date symlink: /home/ssfa/ros2_ws/install/custom_interfaces/include/custom_interfaces/custom_interfaces/srv/detail/my_custom_service_message__rosidl_typesupport_introspection_c.h
[2.678s] -- Up-to-date symlink: /home/ssfa/ros2_ws/install/custom_interfaces/include/custom_interfaces/custom_interfaces/msg/detail/age__rosidl_typesupport_introspection_cpp.hpp
[2.680s] -- Up-to-date symlink: /home/ssfa/ros2_ws/install/custom_interfaces/include/custom_interfaces/custom_interfaces/srv/detail/my_custom_service_message__rosidl_typesupport_introspection_cpp.hpp
[2.681s] -- Up-to-date symlink: /home/ssfa/ros2_ws/install/custom_interfaces/share/custom_interfaces/environment/pythonpath.sh
[2.682s] -- Up-to-date symlink: /home/ssfa/ros2_ws/install/custom_interfaces/share/custom_interfaces/environment/pythonpath.dsv
[2.682s] -- Up-to-date symlink: /home/ssfa/ros2_ws/install/custom_interfaces/local/lib/python3.10/dist-packages/custom_interfaces-0.0.0-py3.10.egg-info/PKG-INFO
[2.683s] -- Up-to-date symlink: /home/ssfa/ros2_ws/install/custom_interfaces/local/lib/python3.10/dist-packages/custom_interfaces-0.0.0-py3.10.egg-info/SOURCES.txt
[2.684s] -- Up-to-date symlink: /home/ssfa/ros2_ws/install/custom_interfaces/local/lib/python3.10/dist-packages/custom_interfaces-0.0.0-py3.10.egg-info/dependency_links.txt
[2.684s] -- Up-to-date symlink: /home/ssfa/ros2_ws/install/custom_interfaces/local/lib/python3.10/dist-packages/custom_interfaces-0.0.0-py3.10.egg-info/top_level.txt
[2.684s] -- Up-to-date symlink: /home/ssfa/ros2_ws/install/custom_interfaces/local/lib/python3.10/dist-packages/custom_interfaces/__init__.py
[2.684s] -- Up-to-date symlink: /home/ssfa/ros2_ws/install/custom_interfaces/local/lib/python3.10/dist-packages/custom_interfaces/_custom_interfaces_s.ep.rosidl_typesupport_c.c
[2.684s] -- Up-to-date symlink: /home/ssfa/ros2_ws/install/custom_interfaces/local/lib/python3.10/dist-packages/custom_interfaces/_custom_interfaces_s.ep.rosidl_typesupport_fastrtps_c.c
[2.685s] -- Up-to-date symlink: /home/ssfa/ros2_ws/install/custom_interfaces/local/lib/python3.10/dist-packages/custom_interfaces/_custom_interfaces_s.ep.rosidl_typesupport_introspection_c.c
[2.685s] -- Up-to-date symlink: /home/ssfa/ros2_ws/install/custom_interfaces/local/lib/python3.10/dist-packages/custom_interfaces/custom_interfaces_s__rosidl_typesupport_c.cpython-310-x86_64-linux-gnu.so
[2.685s] -- Up-to-date symlink: /home/ssfa/ros2_ws/install/custom_interfaces/local/lib/python3.10/dist-packages/custom_interfaces/custom_interfaces_s__rosidl_typesupport_fastrtps_c.cpython-310-x86_64-linux-gnu.so
[2.686s] -- Up-to-date symlink: /home/ssfa/ros2_ws/install/custom_interfaces/local/lib/python3.10/dist-packages/custom_interfaces/custom_interfaces_s__rosidl_typesupport_introspection_c.cpython-310-x86_64-linux-gnu.so
[2.686s] -- Up-to-date symlink: /home/ssfa/ros2_ws/install/custom_interfaces/local/lib/python3.10/dist-packages/custom_interfaces/libcustom_interfaces__rosidl_generator_py.so
[2.686s] -- Up-to-date symlink: /home/ssfa/ros2_ws/install/custom_interfaces/local/lib/python3.10/dist-packages/custom_interfaces/msg/__init__.py
[2.686s] -- Up-to-date symlink: /home/ssfa/ros2_ws/install/custom_interfaces/local/lib/python3.10/dist-packages/custom_interfaces/msg/_age.py
[2.686s] -- Up-to-date symlink: /home/ssfa/ros2_ws/install/custom_interfaces/local/lib/python3.10/dist-packages/custom_interfaces/msg/_age_s.c
[2.687s] -- Up-to-date symlink: /home/ssfa/ros2_ws/install/custom_interfaces/local/lib/python3.10/dist-packages/custom_interfaces/srv/__init__.py
[2.696s] -- Up-to-date symlink: /home/ssfa/ros2_ws/install/custom_interfaces/local/lib/python3.10/dist-packages/custom_interfaces/srv/_my_custom_service_message.py
[2.696s] -- Up-to-date symlink: /home/ssfa/ros2_ws/install/custom_interfaces/local/lib/python3.10/dist-packages/custom_interfaces/srv/_my_custom_service_message_s.c
[2.697s] -- Up-to-date symlink: /home/ssfa/ros2_ws/install/custom_interfaces/local/lib/python3.10/dist-packages/custom_interfaces/custom_interfaces_s__rosidl_typesupport_fastrtps_c.cpython-310-x86_64-linux-gnu.so
[2.697s] -- Up-to-date symlink: /home/ssfa/ros2_ws/install/custom_interfaces/local/lib/python3.10/dist-packages/custom_interfaces/custom_interfaces_s__rosidl_typesupport_introspection_c.cpython-310-x86_64-linux-gnu.so
[2.697s] -- Up-to-date symlink: /home/ssfa/ros2_ws/install/custom_interfaces/local/lib/python3.10/dist-packages/custom_interfaces/custom_interfaces_s__rosidl_typesupport_c.cpython-310-x86_64-linux-gnu.so
[2.697s] -- Up-to-date symlink: /home/ssfa/ros2_ws/install/custom_interfaces/share/custom_interfaces/msg/Age.idl
[2.698s] -- Up-to-date symlink: /home/ssfa/ros2_ws/install/custom_interfaces/share/custom_interfaces/srv/MyCustomServiceMessage.idl
[2.699s] -- Up-to-date symlink: /home/ssfa/ros2_ws/install/custom_interfaces/share/custom_interfaces/msg/Age.msg
[2.699s] -- Up-to-date symlink: /home/ssfa/ros2_ws/install/custom_interfaces/share/custom_interfaces/srv/MyCustomServiceMessage.srv
[2.699s] -- Up-to-date symlink: /home/ssfa/ros2_ws/install/custom_interfaces/share/custom_interfaces/srv/MyCustomServiceMessage_Request.msg
[2.699s] -- Up-to-date symlink: /home/ssfa/ros2_ws/install/custom_interfaces/share/custom_interfaces/srv/MyCustomServiceMessage_Response.msg
[2.699s] -- Up-to-date symlink: /home/ssfa/ros2_ws/install/custom_interfaces/share/ament_index/resource_index/package_run_dependencies/custom_interfaces
[2.699s] -- Up-to-date symlink: /home/ssfa/ros2_ws/install/custom_interfaces/share/ament_index/resource_index/parent_prefix_path/custom_interfaces
[2.699s] -- Up-to-date symlink: /home/ssfa/ros2_ws/install/custom_interfaces/share/custom_interfaces/environment/ament_prefix_path.sh
[2.699s] -- Up-to-date symlink: /home/ssfa/ros2_ws/install/custom_interfaces/share/custom_interfaces/environment/ament_prefix_path.dsv
[2.699s] -- Up-to-date symlink: /home/ssfa/ros2_ws/install/custom_interfaces/share/custom_interfaces/environment/path.sh
[2.700s] -- Up-to-date symlink: /home/ssfa/ros2_ws/install/custom_interfaces/share/custom_interfaces/environment/path.dsv
[2.700s] -- Up-to-date symlink: /home/ssfa/ros2_ws/install/custom_interfaces/share/custom_interfaces/local_setup.bash
[2.700s] -- Up-to-date symlink: /home/ssfa/ros2_ws/install/custom_interfaces/share/custom_interfaces/local_setup.sh
[2.700s] -- Up-to-date symlink: /home/ssfa/ros2_ws/install/custom_interfaces/share/custom_interfaces/local_setup.zsh
[2.700s] -- Up-to-date symlink: /home/ssfa/ros2_ws/install/custom_interfaces/share/custom_interfaces/local_setup.dsv
[2.700s] -- Symlinking: /home/ssfa/ros2_ws/install/custom_interfaces/share/custom_interfaces/package.dsv
[2.705s] -- Up-to-date symlink: /home/ssfa/ros2_ws/install/custom_interfaces/share/ament_index/resource_index/packages/custom_interfaces
[2.705s] -- Up-to-date symlink: /home/ssfa/ros2_ws/install/custom_interfaces/share/custom_interfaces/cmake/rosidl_cmake-extras.cmake
[2.705s] -- Up-to-date symlink: /home/ssfa/ros2_ws/install/custom_interfaces/share/custom_interfaces/cmake/ament_cmake_export_include_directories-extras.cmake
[2.706s] -- Up-to-date symlink: /home/ssfa/ros2_ws/install/custom_interfaces/share/custom_interfaces/cmake/ament_cmake_export_libraries-extras.cmake
[2.706s] -- Up-to-date symlink: /home/ssfa/ros2_ws/install/custom_interfaces/share/custom_interfaces/cmake/ament_cmake_export_targets-extras.cmake
[2.707s] -- Up-to-date symlink: /home/ssfa/ros2_ws/install/custom_interfaces/share/custom_interfaces/cmake/rosidl_cmake_export_typesupport_targets-extras.cmake
[2.708s] -- Up-to-date symlink: /home/ssfa/ros2_ws/install/custom_interfaces/share/custom_interfaces/cmake/ament_cmake_export_dependencies-extras.cmake
[2.710s] -- Up-to-date symlink: /home/ssfa/ros2_ws/install/custom_interfaces/share/custom_interfaces/cmake/rosidl_cmake_export_typesupport_libraries-extras.cmake
[2.713s] -- Up-to-date symlink: /home/ssfa/ros2_ws/install/custom_interfaces/share/custom_interfaces/cmake/custom_interfacesConfig.cmake
[2.714s] -- Up-to-date symlink: /home/ssfa/ros2_ws/install/custom_interfaces/share/custom_interfaces/cmake/custom_interfacesConfig-version.cmake
[2.714s] -- Up-to-date symlink: /home/ssfa/ros2_ws/install/custom_interfaces/share/custom_interfaces/package.xml
[2.714s] -- Up-to-date: /home/ssfa/ros2_ws/install/custom_interfaces/lib/libcustom_interfaces__rosidl_generator_c.so
[2.714s] -- Up-to-date: /home/ssfa/ros2_ws/install/custom_interfaces/lib/libcustom_interfaces__rosidl_typesupport_fastrtps_c.so
[2.715s] -- Up-to-date: /home/ssfa/ros2_ws/install/custom_interfaces/lib/libcustom_interfaces__rosidl_typesupport_fastrtps_cpp.so
[2.715s] -- Up-to-date: /home/ssfa/ros2_ws/install/custom_interfaces/lib/libcustom_interfaces__rosidl_typesupport_introspection_c.so
[2.715s] -- Up-to-date: /home/ssfa/ros2_ws/install/custom_interfaces/lib/libcustom_interfaces__rosidl_typesupport_c.so
[2.715s] -- Up-to-date: /home/ssfa/ros2_ws/install/custom_interfaces/lib/libcustom_interfaces__rosidl_typesupport_introspection_cpp.so
[2.716s] -- Up-to-date: /home/ssfa/ros2_ws/install/custom_interfaces/lib/libcustom_interfaces__rosidl_typesupport_cpp.so
[2.818s] Listing '/home/ssfa/ros2_ws/install/custom_interfaces/local/lib/python3.10/dist-packages/custom_interfaces'...
[2.818s] Listing '/home/ssfa/ros2_ws/install/custom_interfaces/local/lib/python3.10/dist-packages/custom_interfaces/msg'...
[2.819s] Listing '/home/ssfa/ros2_ws/install/custom_interfaces/local/lib/python3.10/dist-packages/custom_interfaces/srv'...
[2.829s] -- Up-to-date: /home/ssfa/ros2_ws/install/custom_interfaces/lib/libcustom_interfaces__rosidl_generator_py.so
[2.830s] -- Up-to-date: /home/ssfa/ros2_ws/install/custom_interfaces/share/custom_interfaces/cmake/export_custom_interfaces__rosidl_generator_cExport.cmake
[2.831s] -- Up-to-date: /home/ssfa/ros2_ws/install/custom_interfaces/share/custom_interfaces/cmake/export_custom_interfaces__rosidl_generator_cExport-noconfig.cmake
[2.831s] -- Up-to-date: /home/ssfa/ros2_ws/install/custom_interfaces/share/custom_interfaces/cmake/export_custom_interfaces__rosidl_typesupport_fastrtps_cExport.cmake
[2.831s] -- Up-to-date: /home/ssfa/ros2_ws/install/custom_interfaces/share/custom_interfaces/cmake/export_custom_interfaces__rosidl_typesupport_fastrtps_cExport-noconfig.cmake
[2.831s] -- Up-to-date: /home/ssfa/ros2_ws/install/custom_interfaces/share/custom_interfaces/cmake/export_custom_interfaces__rosidl_generator_cppExport.cmake
[2.832s] -- Up-to-date: /home/ssfa/ros2_ws/install/custom_interfaces/share/custom_interfaces/cmake/export_custom_interfaces__rosidl_typesupport_fastrtps_cppExport.cmake
[2.832s] -- Up-to-date: /home/ssfa/ros2_ws/install/custom_interfaces/share/custom_interfaces/cmake/export_custom_interfaces__rosidl_typesupport_fastrtps_cppExport-noconfig.cmake
[2.832s] -- Up-to-date: /home/ssfa/ros2_ws/install/custom_interfaces/share/custom_interfaces/cmake/custom_interfaces__rosidl_typesupport_introspection_cExport.cmake
[2.832s] -- Up-to-date: /home/ssfa/ros2_ws/install/custom_interfaces/share/custom_interfaces/cmake/custom_interfaces__rosidl_typesupport_introspection_cExport-noconfig.cmake
[2.833s] -- Up-to-date: /home/ssfa/ros2_ws/install/custom_interfaces/share/custom_interfaces/cmake/custom_interfaces__rosidl_typesupport_cExport.cmake
[2.833s] -- Up-to-date: /home/ssfa/ros2_ws/install/custom_interfaces/share/custom_interfaces/cmake/custom_interfaces__rosidl_typesupport_cExport-noconfig.cmake
[2.833s] -- Up-to-date: /home/ssfa/ros2_ws/install/custom_interfaces/share/custom_interfaces/cmake/custom_interfaces__rosidl_typesupport_introspection_cppExport.cmake
[2.833s] -- Up-to-date: /home/ssfa/ros2_ws/install/custom_interfaces/share/custom_interfaces/cmake/custom_interfaces__rosidl_typesupport_introspection_cppExport-noconfig.cmake
[2.834s] -- Up-to-date: /home/ssfa/ros2_ws/install/custom_interfaces/share/custom_interfaces/cmake/custom_interfaces__rosidl_typesupport_cppExport.cmake
[2.834s] -- Up-to-date: /home/ssfa/ros2_ws/install/custom_interfaces/share/custom_interfaces/cmake/custom_interfaces__rosidl_typesupport_cppExport-noconfig.cmake
[2.834s] -- Up-to-date: /home/ssfa/ros2_ws/install/custom_interfaces/share/custom_interfaces/cmake/export_custom_interfaces__rosidl_generator_pyExport.cmake
[2.834s] -- Up-to-date: /home/ssfa/ros2_ws/install/custom_interfaces/share/custom_interfaces/cmake/export_custom_interfaces__rosidl_generator_pyExport-noconfig.cmake
[3.274s] Invoked command in '/home/ssfa/ros2_ws/build/custom_interfaces' returned '0': CMAKE_PREFIX_PATH=${CMAKE_PREFIX_PATH}:/home/ssfa/ros2_ws/install/visionsensor:/home/ssfa/ros2_ws/install/turtlebot3_teleop:/home/ssfa/ros2_ws/install/turtlebot3_example:/home/ssfa/ros2_ws/install/topic_exercise:/home/ssfa/ros2_ws/install/subscriber_pkg:/home/ssfa/ros2_ws/install/services_pkg:/home/ssfa/ros2_ws/install/publisher_pkg:/home/ssfa/ros2_ws/install/opencv_tools:/home/ssfa/ros2_ws/install/my_package:/home/ssfa/ros2_ws/install/movement_pkg:/home/ssfa/ros2_ws/install/exercise_pkg:/home/ssfa/ros2_ws/install/custom_interface_example:/home/ssfa/ros2_ws/install/client_pkg:/opt/ros/humble /usr/bin/cmake --install /home/ssfa/ros2_ws/build/custom_interfaces
