/usr/lib/python3/dist-packages/setuptools/dist.py:723: UserWarning: Usage of dash-separated 'script-dir' will not be supported in future versions. Please use the underscore name 'script_dir' instead
  warnings.warn(
running develop
/usr/lib/python3/dist-packages/setuptools/command/easy_install.py:158: EasyInstallDeprecationWarning: easy_install command is deprecated. Use build and pip and other standards-based tools.
  warnings.warn(
Removing /home/ssfa/ros2_ws/install/services_pkg/lib/python3.10/site-packages/services-pkg.egg-link (link to .)
/usr/lib/python3/dist-packages/setuptools/dist.py:723: UserWarning: Usage of dash-separated 'script-dir' will not be supported in future versions. Please use the underscore name 'script_dir' instead
  warnings.warn(
running egg_info
writing ../../../build/services_pkg/services_pkg.egg-info/PKG-INFO
writing dependency_links to ../../../build/services_pkg/services_pkg.egg-info/dependency_links.txt
writing entry points to ../../../build/services_pkg/services_pkg.egg-info/entry_points.txt
writing requirements to ../../../build/services_pkg/services_pkg.egg-info/requires.txt
writing top-level names to ../../../build/services_pkg/services_pkg.egg-info/top_level.txt
reading manifest file '../../../build/services_pkg/services_pkg.egg-info/SOURCES.txt'
writing manifest file '../../../build/services_pkg/services_pkg.egg-info/SOURCES.txt'
running build
running build_py
running install
running install_lib
creating /home/ssfa/ros2_ws/install/services_pkg/lib/python3.10/site-packages/services_pkg
copying /home/ssfa/ros2_ws/build/services_pkg/build/lib/services_pkg/service_moving.py -> /home/ssfa/ros2_ws/install/services_pkg/lib/python3.10/site-packages/services_pkg
copying /home/ssfa/ros2_ws/build/services_pkg/build/lib/services_pkg/service_stop.py -> /home/ssfa/ros2_ws/install/services_pkg/lib/python3.10/site-packages/services_pkg
copying /home/ssfa/ros2_ws/build/services_pkg/build/lib/services_pkg/__init__.py -> /home/ssfa/ros2_ws/install/services_pkg/lib/python3.10/site-packages/services_pkg
copying /home/ssfa/ros2_ws/build/services_pkg/build/lib/services_pkg/server_client.py -> /home/ssfa/ros2_ws/install/services_pkg/lib/python3.10/site-packages/services_pkg
byte-compiling /home/ssfa/ros2_ws/install/services_pkg/lib/python3.10/site-packages/services_pkg/service_moving.py to service_moving.cpython-310.pyc
byte-compiling /home/ssfa/ros2_ws/install/services_pkg/lib/python3.10/site-packages/services_pkg/service_stop.py to service_stop.cpython-310.pyc
byte-compiling /home/ssfa/ros2_ws/install/services_pkg/lib/python3.10/site-packages/services_pkg/__init__.py to __init__.cpython-310.pyc
byte-compiling /home/ssfa/ros2_ws/install/services_pkg/lib/python3.10/site-packages/services_pkg/server_client.py to server_client.cpython-310.pyc
running install_data
copying resource/services_pkg -> /home/ssfa/ros2_ws/install/services_pkg/share/ament_index/resource_index/packages
copying package.xml -> /home/ssfa/ros2_ws/install/services_pkg/share/services_pkg
copying launch/server_stop.launch.py -> /home/ssfa/ros2_ws/install/services_pkg/share/services_pkg
copying launch/server_moving.launch.py -> /home/ssfa/ros2_ws/install/services_pkg/share/services_pkg
running install_egg_info
Copying ../../../build/services_pkg/services_pkg.egg-info to /home/ssfa/ros2_ws/install/services_pkg/lib/python3.10/site-packages/services_pkg-0.0.0-py3.10.egg-info
running install_scripts
Installing service script to /home/ssfa/ros2_ws/install/services_pkg/lib/services_pkg
Installing service2 script to /home/ssfa/ros2_ws/install/services_pkg/lib/services_pkg
Installing service_client script to /home/ssfa/ros2_ws/install/services_pkg/lib/services_pkg
writing list of installed files to '/home/ssfa/ros2_ws/build/services_pkg/install.log'
