-- Found ament_cmake: 1.3.9 (/opt/ros/humble/share/ament_cmake/cmake)
-- Found rclpy: 3.3.13 (/opt/ros/humble/share/rclpy/cmake)
-- Found image_transport: 3.1.9 (/opt/ros/humble/share/image_transport/cmake)
-- Found rosidl_generator_c: 3.1.5 (/opt/ros/humble/share/rosidl_generator_c/cmake)
-- Found rosidl_adapter: 3.1.5 (/opt/ros/humble/share/rosidl_adapter/cmake)
-- Found rosidl_generator_cpp: 3.1.5 (/opt/ros/humble/share/rosidl_generator_cpp/cmake)
-- Using all available rosidl_typesupport_c: rosidl_typesupport_fastrtps_c;rosidl_typesupport_introspection_c
-- Using all available rosidl_typesupport_cpp: rosidl_typesupport_fastrtps_cpp;rosidl_typesupport_introspection_cpp
-- Found rmw_implementation_cmake: 6.1.2 (/opt/ros/humble/share/rmw_implementation_cmake/cmake)
-- Found rmw_fastrtps_cpp: 6.2.6 (/opt/ros/humble/share/rmw_fastrtps_cpp/cmake)
-- Using RMW implementation 'rmw_fastrtps_cpp' as default
-- Found cv_bridge: 3.2.1 (/opt/ros/humble/share/cv_bridge/cmake)
-- Found rosidl_default_generators: 1.2.0 (/opt/ros/humble/share/rosidl_default_generators/cmake)
-- Found ament_cmake_ros: 0.10.0 (/opt/ros/humble/share/ament_cmake_ros/cmake)
-- Using all available rosidl_typesupport_c: rosidl_typesupport_fastrtps_c;rosidl_typesupport_introspection_c
-- Using all available rosidl_typesupport_cpp: rosidl_typesupport_fastrtps_cpp;rosidl_typesupport_introspection_cpp
-- Found PythonInterp: /usr/bin/python3 (found suitable version "3.10.12", minimum required is "3.6") 
-- Found python_cmake_module: 0.10.0 (/opt/ros/humble/share/python_cmake_module/cmake)
-- Found PythonLibs: /usr/lib/x86_64-linux-gnu/libpython3.10.so (found suitable version "3.10.12", minimum required is "3.5") 
-- Using PYTHON_EXECUTABLE: /usr/bin/python3
-- Using PYTHON_INCLUDE_DIRS: /usr/include/python3.10
-- Using PYTHON_LIBRARIES: /usr/lib/x86_64-linux-gnu/libpython3.10.so
-- Found PythonExtra: .so  
-- Found ament_lint_auto: 0.12.11 (/opt/ros/humble/share/ament_lint_auto/cmake)
-- Added test 'flake8' to check Python code syntax and style conventions
-- Added test 'lint_cmake' to check CMake code style
-- Added test 'pep257' to check Python code against some of the docstring style conventions in PEP 257
-- Added test 'xmllint' to check XML markup files
-- Configuring done
-- Generating done
-- Build files have been written to: /home/ssfa/ros2_ws/build/color_shape_detector
[  3%] [34m[1mGenerating C code for ROS interfaces[0m
[  6%] [34m[1mGenerating C++ code for ROS interfaces[0m
[  6%] Built target ament_cmake_python_copy_color_shape_detector
running egg_info
creating color_shape_detector.egg-info
writing color_shape_detector.egg-info/PKG-INFO
writing dependency_links to color_shape_detector.egg-info/dependency_links.txt
writing top-level names to color_shape_detector.egg-info/top_level.txt
writing manifest file 'color_shape_detector.egg-info/SOURCES.txt'
reading manifest file 'color_shape_detector.egg-info/SOURCES.txt'
writing manifest file 'color_shape_detector.egg-info/SOURCES.txt'
[  6%] Built target color_shape_detector__cpp
[  9%] [32mBuilding C object CMakeFiles/color_shape_detector__rosidl_generator_c.dir/rosidl_generator_c/color_shape_detector/srv/detail/process_image__functions.c.o[0m
[ 12%] [34m[1mGenerating C++ type support for eProsima Fast-RTPS[0m
[ 16%] [34m[1mGenerating C++ type support dispatch for ROS interfaces[0m
[ 19%] [34m[1mGenerating C++ introspection for ROS interfaces[0m
[ 19%] Built target ament_cmake_python_build_color_shape_detector_egg
[ 22%] [32m[1mLinking C shared library libcolor_shape_detector__rosidl_generator_c.so[0m
[ 22%] Built target color_shape_detector__rosidl_generator_c
[ 25%] [34m[1mGenerating C type support for eProsima Fast-RTPS[0m
[ 32%] [34m[1mGenerating C type support dispatch for ROS interfaces[0m
[ 32%] [34m[1mGenerating C introspection for ROS interfaces[0m
[ 35%] [32mBuilding CXX object CMakeFiles/color_shape_detector__rosidl_typesupport_cpp.dir/rosidl_typesupport_cpp/color_shape_detector/srv/process_image__type_support.cpp.o[0m
[ 38%] [32mBuilding CXX object CMakeFiles/color_shape_detector__rosidl_typesupport_introspection_cpp.dir/rosidl_typesupport_introspection_cpp/color_shape_detector/srv/detail/process_image__type_support.cpp.o[0m
[ 41%] [32mBuilding CXX object CMakeFiles/color_shape_detector__rosidl_typesupport_fastrtps_cpp.dir/rosidl_typesupport_fastrtps_cpp/color_shape_detector/srv/detail/dds_fastrtps/process_image__type_support.cpp.o[0m
[ 45%] [32mBuilding CXX object CMakeFiles/color_shape_detector__rosidl_typesupport_c.dir/rosidl_typesupport_c/color_shape_detector/srv/process_image__type_support.cpp.o[0m
[ 48%] [32mBuilding CXX object CMakeFiles/color_shape_detector__rosidl_typesupport_fastrtps_c.dir/rosidl_typesupport_fastrtps_c/color_shape_detector/srv/detail/process_image__type_support_c.cpp.o[0m
[ 51%] [32m[1mLinking CXX shared library libcolor_shape_detector__rosidl_typesupport_c.so[0m
[ 54%] [32mBuilding C object CMakeFiles/color_shape_detector__rosidl_typesupport_introspection_c.dir/rosidl_typesupport_introspection_c/color_shape_detector/srv/detail/process_image__type_support.c.o[0m
[ 54%] Built target color_shape_detector__rosidl_typesupport_c
[ 58%] [32m[1mLinking C shared library libcolor_shape_detector__rosidl_typesupport_introspection_c.so[0m
[ 58%] Built target color_shape_detector__rosidl_typesupport_introspection_c
[ 61%] [32m[1mLinking CXX shared library libcolor_shape_detector__rosidl_typesupport_cpp.so[0m
[ 61%] Built target color_shape_detector__rosidl_typesupport_cpp
[ 64%] [32m[1mLinking CXX shared library libcolor_shape_detector__rosidl_typesupport_fastrtps_cpp.so[0m
[ 67%] [32m[1mLinking CXX shared library libcolor_shape_detector__rosidl_typesupport_introspection_cpp.so[0m
[ 70%] [32m[1mLinking CXX shared library libcolor_shape_detector__rosidl_typesupport_fastrtps_c.so[0m
[ 70%] Built target color_shape_detector__rosidl_typesupport_introspection_cpp
[ 70%] Built target color_shape_detector__rosidl_typesupport_fastrtps_cpp
[ 70%] Built target color_shape_detector__rosidl_typesupport_fastrtps_c
[ 70%] Built target color_shape_detector
[ 74%] [34m[1mGenerating Python code for ROS interfaces[0m
[ 74%] Built target color_shape_detector__py
[ 77%] [32mBuilding C object CMakeFiles/color_shape_detector__rosidl_generator_py.dir/rosidl_generator_py/color_shape_detector/srv/_process_image_s.c.o[0m
[ 80%] [32m[1mLinking C shared library rosidl_generator_py/color_shape_detector/libcolor_shape_detector__rosidl_generator_py.so[0m
[ 80%] Built target color_shape_detector__rosidl_generator_py
[ 87%] [32mBuilding C object CMakeFiles/color_shape_detector__rosidl_typesupport_c__pyext.dir/rosidl_generator_py/color_shape_detector/_color_shape_detector_s.ep.rosidl_typesupport_c.c.o[0m
[ 87%] [32mBuilding C object CMakeFiles/color_shape_detector__rosidl_typesupport_introspection_c__pyext.dir/rosidl_generator_py/color_shape_detector/_color_shape_detector_s.ep.rosidl_typesupport_introspection_c.c.o[0m
[ 90%] [32mBuilding C object CMakeFiles/color_shape_detector__rosidl_typesupport_fastrtps_c__pyext.dir/rosidl_generator_py/color_shape_detector/_color_shape_detector_s.ep.rosidl_typesupport_fastrtps_c.c.o[0m
[ 96%] [32m[1mLinking C shared library rosidl_generator_py/color_shape_detector/color_shape_detector_s__rosidl_typesupport_c.cpython-310-x86_64-linux-gnu.so[0m
[ 96%] [32m[1mLinking C shared library rosidl_generator_py/color_shape_detector/color_shape_detector_s__rosidl_typesupport_introspection_c.cpython-310-x86_64-linux-gnu.so[0m
[100%] [32m[1mLinking C shared library rosidl_generator_py/color_shape_detector/color_shape_detector_s__rosidl_typesupport_fastrtps_c.cpython-310-x86_64-linux-gnu.so[0m
[100%] Built target color_shape_detector__rosidl_typesupport_introspection_c__pyext
[100%] Built target color_shape_detector__rosidl_typesupport_c__pyext
[100%] Built target color_shape_detector__rosidl_typesupport_fastrtps_c__pyext
-- Install configuration: ""
-- Installing: /home/ssfa/ros2_ws/install/color_shape_detector/share/ament_index/resource_index/rosidl_interfaces/color_shape_detector
-- Installing: /home/ssfa/ros2_ws/install/color_shape_detector/include/color_shape_detector/color_shape_detector
-- Installing: /home/ssfa/ros2_ws/install/color_shape_detector/include/color_shape_detector/color_shape_detector/msg
-- Installing: /home/ssfa/ros2_ws/install/color_shape_detector/include/color_shape_detector/color_shape_detector/msg/rosidl_generator_c__visibility_control.h
-- Installing: /home/ssfa/ros2_ws/install/color_shape_detector/include/color_shape_detector/color_shape_detector/srv
-- Installing: /home/ssfa/ros2_ws/install/color_shape_detector/include/color_shape_detector/color_shape_detector/srv/process_image.h
-- Installing: /home/ssfa/ros2_ws/install/color_shape_detector/include/color_shape_detector/color_shape_detector/srv/detail
-- Installing: /home/ssfa/ros2_ws/install/color_shape_detector/include/color_shape_detector/color_shape_detector/srv/detail/process_image__functions.c
-- Installing: /home/ssfa/ros2_ws/install/color_shape_detector/include/color_shape_detector/color_shape_detector/srv/detail/process_image__struct.h
-- Installing: /home/ssfa/ros2_ws/install/color_shape_detector/include/color_shape_detector/color_shape_detector/srv/detail/process_image__functions.h
-- Installing: /home/ssfa/ros2_ws/install/color_shape_detector/include/color_shape_detector/color_shape_detector/srv/detail/process_image__type_support.h
-- Installing: /home/ssfa/ros2_ws/install/color_shape_detector/share/color_shape_detector/environment/library_path.sh
-- Installing: /home/ssfa/ros2_ws/install/color_shape_detector/share/color_shape_detector/environment/library_path.dsv
-- Installing: /home/ssfa/ros2_ws/install/color_shape_detector/lib/libcolor_shape_detector__rosidl_generator_c.so
-- Set runtime path of "/home/ssfa/ros2_ws/install/color_shape_detector/lib/libcolor_shape_detector__rosidl_generator_c.so" to ""
-- Up-to-date: /home/ssfa/ros2_ws/install/color_shape_detector/include/color_shape_detector/color_shape_detector
-- Up-to-date: /home/ssfa/ros2_ws/install/color_shape_detector/include/color_shape_detector/color_shape_detector/msg
-- Installing: /home/ssfa/ros2_ws/install/color_shape_detector/include/color_shape_detector/color_shape_detector/msg/rosidl_typesupport_fastrtps_c__visibility_control.h
-- Up-to-date: /home/ssfa/ros2_ws/install/color_shape_detector/include/color_shape_detector/color_shape_detector/srv
-- Up-to-date: /home/ssfa/ros2_ws/install/color_shape_detector/include/color_shape_detector/color_shape_detector/srv/detail
-- Installing: /home/ssfa/ros2_ws/install/color_shape_detector/include/color_shape_detector/color_shape_detector/srv/detail/process_image__rosidl_typesupport_fastrtps_c.h
-- Installing: /home/ssfa/ros2_ws/install/color_shape_detector/lib/libcolor_shape_detector__rosidl_typesupport_fastrtps_c.so
-- Set runtime path of "/home/ssfa/ros2_ws/install/color_shape_detector/lib/libcolor_shape_detector__rosidl_typesupport_fastrtps_c.so" to ""
-- Up-to-date: /home/ssfa/ros2_ws/install/color_shape_detector/include/color_shape_detector/color_shape_detector
-- Up-to-date: /home/ssfa/ros2_ws/install/color_shape_detector/include/color_shape_detector/color_shape_detector/srv
-- Installing: /home/ssfa/ros2_ws/install/color_shape_detector/include/color_shape_detector/color_shape_detector/srv/process_image.hpp
-- Up-to-date: /home/ssfa/ros2_ws/install/color_shape_detector/include/color_shape_detector/color_shape_detector/srv/detail
-- Installing: /home/ssfa/ros2_ws/install/color_shape_detector/include/color_shape_detector/color_shape_detector/srv/detail/process_image__struct.hpp
-- Installing: /home/ssfa/ros2_ws/install/color_shape_detector/include/color_shape_detector/color_shape_detector/srv/detail/process_image__builder.hpp
-- Installing: /home/ssfa/ros2_ws/install/color_shape_detector/include/color_shape_detector/color_shape_detector/srv/detail/process_image__traits.hpp
-- Up-to-date: /home/ssfa/ros2_ws/install/color_shape_detector/include/color_shape_detector/color_shape_detector
-- Up-to-date: /home/ssfa/ros2_ws/install/color_shape_detector/include/color_shape_detector/color_shape_detector/msg
-- Installing: /home/ssfa/ros2_ws/install/color_shape_detector/include/color_shape_detector/color_shape_detector/msg/rosidl_typesupport_fastrtps_cpp__visibility_control.h
-- Up-to-date: /home/ssfa/ros2_ws/install/color_shape_detector/include/color_shape_detector/color_shape_detector/srv
-- Up-to-date: /home/ssfa/ros2_ws/install/color_shape_detector/include/color_shape_detector/color_shape_detector/srv/detail
-- Installing: /home/ssfa/ros2_ws/install/color_shape_detector/include/color_shape_detector/color_shape_detector/srv/detail/process_image__rosidl_typesupport_fastrtps_cpp.hpp
-- Installing: /home/ssfa/ros2_ws/install/color_shape_detector/include/color_shape_detector/color_shape_detector/srv/detail/dds_fastrtps
-- Installing: /home/ssfa/ros2_ws/install/color_shape_detector/lib/libcolor_shape_detector__rosidl_typesupport_fastrtps_cpp.so
-- Set runtime path of "/home/ssfa/ros2_ws/install/color_shape_detector/lib/libcolor_shape_detector__rosidl_typesupport_fastrtps_cpp.so" to ""
-- Up-to-date: /home/ssfa/ros2_ws/install/color_shape_detector/include/color_shape_detector/color_shape_detector
-- Up-to-date: /home/ssfa/ros2_ws/install/color_shape_detector/include/color_shape_detector/color_shape_detector/msg
-- Installing: /home/ssfa/ros2_ws/install/color_shape_detector/include/color_shape_detector/color_shape_detector/msg/rosidl_typesupport_introspection_c__visibility_control.h
-- Up-to-date: /home/ssfa/ros2_ws/install/color_shape_detector/include/color_shape_detector/color_shape_detector/srv
-- Up-to-date: /home/ssfa/ros2_ws/install/color_shape_detector/include/color_shape_detector/color_shape_detector/srv/detail
-- Installing: /home/ssfa/ros2_ws/install/color_shape_detector/include/color_shape_detector/color_shape_detector/srv/detail/process_image__rosidl_typesupport_introspection_c.h
-- Installing: /home/ssfa/ros2_ws/install/color_shape_detector/include/color_shape_detector/color_shape_detector/srv/detail/process_image__type_support.c
-- Installing: /home/ssfa/ros2_ws/install/color_shape_detector/lib/libcolor_shape_detector__rosidl_typesupport_introspection_c.so
-- Set runtime path of "/home/ssfa/ros2_ws/install/color_shape_detector/lib/libcolor_shape_detector__rosidl_typesupport_introspection_c.so" to ""
-- Installing: /home/ssfa/ros2_ws/install/color_shape_detector/lib/libcolor_shape_detector__rosidl_typesupport_c.so
-- Set runtime path of "/home/ssfa/ros2_ws/install/color_shape_detector/lib/libcolor_shape_detector__rosidl_typesupport_c.so" to ""
-- Up-to-date: /home/ssfa/ros2_ws/install/color_shape_detector/include/color_shape_detector/color_shape_detector
-- Up-to-date: /home/ssfa/ros2_ws/install/color_shape_detector/include/color_shape_detector/color_shape_detector/srv
-- Up-to-date: /home/ssfa/ros2_ws/install/color_shape_detector/include/color_shape_detector/color_shape_detector/srv/detail
-- Installing: /home/ssfa/ros2_ws/install/color_shape_detector/include/color_shape_detector/color_shape_detector/srv/detail/process_image__rosidl_typesupport_introspection_cpp.hpp
-- Installing: /home/ssfa/ros2_ws/install/color_shape_detector/include/color_shape_detector/color_shape_detector/srv/detail/process_image__type_support.cpp
-- Installing: /home/ssfa/ros2_ws/install/color_shape_detector/lib/libcolor_shape_detector__rosidl_typesupport_introspection_cpp.so
-- Set runtime path of "/home/ssfa/ros2_ws/install/color_shape_detector/lib/libcolor_shape_detector__rosidl_typesupport_introspection_cpp.so" to ""
-- Installing: /home/ssfa/ros2_ws/install/color_shape_detector/lib/libcolor_shape_detector__rosidl_typesupport_cpp.so
-- Set runtime path of "/home/ssfa/ros2_ws/install/color_shape_detector/lib/libcolor_shape_detector__rosidl_typesupport_cpp.so" to ""
-- Installing: /home/ssfa/ros2_ws/install/color_shape_detector/share/color_shape_detector/environment/pythonpath.sh
-- Installing: /home/ssfa/ros2_ws/install/color_shape_detector/share/color_shape_detector/environment/pythonpath.dsv
-- Installing: /home/ssfa/ros2_ws/install/color_shape_detector/local/lib/python3.10/dist-packages/color_shape_detector-0.0.0-py3.10.egg-info
-- Installing: /home/ssfa/ros2_ws/install/color_shape_detector/local/lib/python3.10/dist-packages/color_shape_detector-0.0.0-py3.10.egg-info/SOURCES.txt
-- Installing: /home/ssfa/ros2_ws/install/color_shape_detector/local/lib/python3.10/dist-packages/color_shape_detector-0.0.0-py3.10.egg-info/top_level.txt
-- Installing: /home/ssfa/ros2_ws/install/color_shape_detector/local/lib/python3.10/dist-packages/color_shape_detector-0.0.0-py3.10.egg-info/dependency_links.txt
-- Installing: /home/ssfa/ros2_ws/install/color_shape_detector/local/lib/python3.10/dist-packages/color_shape_detector-0.0.0-py3.10.egg-info/PKG-INFO
-- Installing: /home/ssfa/ros2_ws/install/color_shape_detector/local/lib/python3.10/dist-packages/color_shape_detector
-- Installing: /home/ssfa/ros2_ws/install/color_shape_detector/local/lib/python3.10/dist-packages/color_shape_detector/color_shape_detector_s__rosidl_typesupport_fastrtps_c.cpython-310-x86_64-linux-gnu.so
-- Installing: /home/ssfa/ros2_ws/install/color_shape_detector/local/lib/python3.10/dist-packages/color_shape_detector/color_shape_detector_s__rosidl_typesupport_introspection_c.cpython-310-x86_64-linux-gnu.so
-- Installing: /home/ssfa/ros2_ws/install/color_shape_detector/local/lib/python3.10/dist-packages/color_shape_detector/color_shape_detector_s__rosidl_typesupport_c.cpython-310-x86_64-linux-gnu.so
-- Installing: /home/ssfa/ros2_ws/install/color_shape_detector/local/lib/python3.10/dist-packages/color_shape_detector/srv
-- Installing: /home/ssfa/ros2_ws/install/color_shape_detector/local/lib/python3.10/dist-packages/color_shape_detector/srv/_process_image_s.c
-- Installing: /home/ssfa/ros2_ws/install/color_shape_detector/local/lib/python3.10/dist-packages/color_shape_detector/srv/__init__.py
-- Installing: /home/ssfa/ros2_ws/install/color_shape_detector/local/lib/python3.10/dist-packages/color_shape_detector/srv/_process_image.py
-- Installing: /home/ssfa/ros2_ws/install/color_shape_detector/local/lib/python3.10/dist-packages/color_shape_detector/_color_shape_detector_s.ep.rosidl_typesupport_fastrtps_c.c
-- Installing: /home/ssfa/ros2_ws/install/color_shape_detector/local/lib/python3.10/dist-packages/color_shape_detector/_color_shape_detector_s.ep.rosidl_typesupport_c.c
-- Installing: /home/ssfa/ros2_ws/install/color_shape_detector/local/lib/python3.10/dist-packages/color_shape_detector/_color_shape_detector_s.ep.rosidl_typesupport_introspection_c.c
-- Installing: /home/ssfa/ros2_ws/install/color_shape_detector/local/lib/python3.10/dist-packages/color_shape_detector/__init__.py
-- Installing: /home/ssfa/ros2_ws/install/color_shape_detector/local/lib/python3.10/dist-packages/color_shape_detector/libcolor_shape_detector__rosidl_generator_py.so
Listing '/home/ssfa/ros2_ws/install/color_shape_detector/local/lib/python3.10/dist-packages/color_shape_detector'...
Compiling '/home/ssfa/ros2_ws/install/color_shape_detector/local/lib/python3.10/dist-packages/color_shape_detector/__init__.py'...
Listing '/home/ssfa/ros2_ws/install/color_shape_detector/local/lib/python3.10/dist-packages/color_shape_detector/srv'...
Compiling '/home/ssfa/ros2_ws/install/color_shape_detector/local/lib/python3.10/dist-packages/color_shape_detector/srv/__init__.py'...
Compiling '/home/ssfa/ros2_ws/install/color_shape_detector/local/lib/python3.10/dist-packages/color_shape_detector/srv/_process_image.py'...
-- Installing: /home/ssfa/ros2_ws/install/color_shape_detector/local/lib/python3.10/dist-packages/color_shape_detector/color_shape_detector_s__rosidl_typesupport_fastrtps_c.cpython-310-x86_64-linux-gnu.so
-- Set runtime path of "/home/ssfa/ros2_ws/install/color_shape_detector/local/lib/python3.10/dist-packages/color_shape_detector/color_shape_detector_s__rosidl_typesupport_fastrtps_c.cpython-310-x86_64-linux-gnu.so" to ""
-- Installing: /home/ssfa/ros2_ws/install/color_shape_detector/local/lib/python3.10/dist-packages/color_shape_detector/color_shape_detector_s__rosidl_typesupport_introspection_c.cpython-310-x86_64-linux-gnu.so
-- Set runtime path of "/home/ssfa/ros2_ws/install/color_shape_detector/local/lib/python3.10/dist-packages/color_shape_detector/color_shape_detector_s__rosidl_typesupport_introspection_c.cpython-310-x86_64-linux-gnu.so" to ""
-- Installing: /home/ssfa/ros2_ws/install/color_shape_detector/local/lib/python3.10/dist-packages/color_shape_detector/color_shape_detector_s__rosidl_typesupport_c.cpython-310-x86_64-linux-gnu.so
-- Set runtime path of "/home/ssfa/ros2_ws/install/color_shape_detector/local/lib/python3.10/dist-packages/color_shape_detector/color_shape_detector_s__rosidl_typesupport_c.cpython-310-x86_64-linux-gnu.so" to ""
-- Installing: /home/ssfa/ros2_ws/install/color_shape_detector/lib/libcolor_shape_detector__rosidl_generator_py.so
-- Set runtime path of "/home/ssfa/ros2_ws/install/color_shape_detector/lib/libcolor_shape_detector__rosidl_generator_py.so" to ""
-- Installing: /home/ssfa/ros2_ws/install/color_shape_detector/share/color_shape_detector/srv/ProcessImage.idl
-- Installing: /home/ssfa/ros2_ws/install/color_shape_detector/share/color_shape_detector/srv/ProcessImage.srv
-- Installing: /home/ssfa/ros2_ws/install/color_shape_detector/share/color_shape_detector/srv/ProcessImage_Request.msg
-- Installing: /home/ssfa/ros2_ws/install/color_shape_detector/share/color_shape_detector/srv/ProcessImage_Response.msg
-- Up-to-date: /home/ssfa/ros2_ws/install/color_shape_detector/share/color_shape_detector/srv
-- Up-to-date: /home/ssfa/ros2_ws/install/color_shape_detector/share/color_shape_detector/srv/ProcessImage.srv
-- Installing: /home/ssfa/ros2_ws/install/color_shape_detector/share/ament_index/resource_index/package_run_dependencies/color_shape_detector
-- Installing: /home/ssfa/ros2_ws/install/color_shape_detector/share/ament_index/resource_index/parent_prefix_path/color_shape_detector
-- Installing: /home/ssfa/ros2_ws/install/color_shape_detector/share/color_shape_detector/environment/ament_prefix_path.sh
-- Installing: /home/ssfa/ros2_ws/install/color_shape_detector/share/color_shape_detector/environment/ament_prefix_path.dsv
-- Installing: /home/ssfa/ros2_ws/install/color_shape_detector/share/color_shape_detector/environment/path.sh
-- Installing: /home/ssfa/ros2_ws/install/color_shape_detector/share/color_shape_detector/environment/path.dsv
-- Installing: /home/ssfa/ros2_ws/install/color_shape_detector/share/color_shape_detector/local_setup.bash
-- Installing: /home/ssfa/ros2_ws/install/color_shape_detector/share/color_shape_detector/local_setup.sh
-- Installing: /home/ssfa/ros2_ws/install/color_shape_detector/share/color_shape_detector/local_setup.zsh
-- Installing: /home/ssfa/ros2_ws/install/color_shape_detector/share/color_shape_detector/local_setup.dsv
-- Installing: /home/ssfa/ros2_ws/install/color_shape_detector/share/color_shape_detector/package.dsv
-- Installing: /home/ssfa/ros2_ws/install/color_shape_detector/share/ament_index/resource_index/packages/color_shape_detector
-- Installing: /home/ssfa/ros2_ws/install/color_shape_detector/share/color_shape_detector/cmake/export_color_shape_detector__rosidl_generator_cExport.cmake
-- Installing: /home/ssfa/ros2_ws/install/color_shape_detector/share/color_shape_detector/cmake/export_color_shape_detector__rosidl_generator_cExport-noconfig.cmake
-- Installing: /home/ssfa/ros2_ws/install/color_shape_detector/share/color_shape_detector/cmake/export_color_shape_detector__rosidl_typesupport_fastrtps_cExport.cmake
-- Installing: /home/ssfa/ros2_ws/install/color_shape_detector/share/color_shape_detector/cmake/export_color_shape_detector__rosidl_typesupport_fastrtps_cExport-noconfig.cmake
-- Installing: /home/ssfa/ros2_ws/install/color_shape_detector/share/color_shape_detector/cmake/export_color_shape_detector__rosidl_generator_cppExport.cmake
-- Installing: /home/ssfa/ros2_ws/install/color_shape_detector/share/color_shape_detector/cmake/export_color_shape_detector__rosidl_typesupport_fastrtps_cppExport.cmake
-- Installing: /home/ssfa/ros2_ws/install/color_shape_detector/share/color_shape_detector/cmake/export_color_shape_detector__rosidl_typesupport_fastrtps_cppExport-noconfig.cmake
-- Installing: /home/ssfa/ros2_ws/install/color_shape_detector/share/color_shape_detector/cmake/color_shape_detector__rosidl_typesupport_introspection_cExport.cmake
-- Installing: /home/ssfa/ros2_ws/install/color_shape_detector/share/color_shape_detector/cmake/color_shape_detector__rosidl_typesupport_introspection_cExport-noconfig.cmake
-- Installing: /home/ssfa/ros2_ws/install/color_shape_detector/share/color_shape_detector/cmake/color_shape_detector__rosidl_typesupport_cExport.cmake
-- Installing: /home/ssfa/ros2_ws/install/color_shape_detector/share/color_shape_detector/cmake/color_shape_detector__rosidl_typesupport_cExport-noconfig.cmake
-- Installing: /home/ssfa/ros2_ws/install/color_shape_detector/share/color_shape_detector/cmake/color_shape_detector__rosidl_typesupport_introspection_cppExport.cmake
-- Installing: /home/ssfa/ros2_ws/install/color_shape_detector/share/color_shape_detector/cmake/color_shape_detector__rosidl_typesupport_introspection_cppExport-noconfig.cmake
-- Installing: /home/ssfa/ros2_ws/install/color_shape_detector/share/color_shape_detector/cmake/color_shape_detector__rosidl_typesupport_cppExport.cmake
-- Installing: /home/ssfa/ros2_ws/install/color_shape_detector/share/color_shape_detector/cmake/color_shape_detector__rosidl_typesupport_cppExport-noconfig.cmake
-- Installing: /home/ssfa/ros2_ws/install/color_shape_detector/share/color_shape_detector/cmake/export_color_shape_detector__rosidl_generator_pyExport.cmake
-- Installing: /home/ssfa/ros2_ws/install/color_shape_detector/share/color_shape_detector/cmake/export_color_shape_detector__rosidl_generator_pyExport-noconfig.cmake
-- Installing: /home/ssfa/ros2_ws/install/color_shape_detector/share/color_shape_detector/cmake/rosidl_cmake-extras.cmake
-- Installing: /home/ssfa/ros2_ws/install/color_shape_detector/share/color_shape_detector/cmake/ament_cmake_export_include_directories-extras.cmake
-- Installing: /home/ssfa/ros2_ws/install/color_shape_detector/share/color_shape_detector/cmake/ament_cmake_export_libraries-extras.cmake
-- Installing: /home/ssfa/ros2_ws/install/color_shape_detector/share/color_shape_detector/cmake/ament_cmake_export_targets-extras.cmake
-- Installing: /home/ssfa/ros2_ws/install/color_shape_detector/share/color_shape_detector/cmake/rosidl_cmake_export_typesupport_targets-extras.cmake
-- Installing: /home/ssfa/ros2_ws/install/color_shape_detector/share/color_shape_detector/cmake/ament_cmake_export_dependencies-extras.cmake
-- Installing: /home/ssfa/ros2_ws/install/color_shape_detector/share/color_shape_detector/cmake/rosidl_cmake_export_typesupport_libraries-extras.cmake
-- Installing: /home/ssfa/ros2_ws/install/color_shape_detector/share/color_shape_detector/cmake/color_shape_detectorConfig.cmake
-- Installing: /home/ssfa/ros2_ws/install/color_shape_detector/share/color_shape_detector/cmake/color_shape_detectorConfig-version.cmake
-- Installing: /home/ssfa/ros2_ws/install/color_shape_detector/share/color_shape_detector/package.xml
