[0.006s] Invoking command in '/home/ssfa/ros2_ws/build/color_shape_detector': CMAKE_PREFIX_PATH=${CMAKE_PREFIX_PATH}:/home/ssfa/ros2_ws/install/yolov8_ros:/home/ssfa/ros2_ws/install/turtlebot3_teleop:/home/ssfa/ros2_ws/install/turtlebot3_example:/home/ssfa/ros2_ws/install/shape_detector:/home/ssfa/ros2_ws/install/services_pkg:/home/ssfa/ros2_ws/install/cv_basics:/opt/ros/humble /usr/bin/cmake /home/ssfa/ros2_ws/src/color_shape_detector -DCMAKE_INSTALL_PREFIX=/home/ssfa/ros2_ws/install/color_shape_detector
[0.015s] -- Found ament_cmake: 1.3.9 (/opt/ros/humble/share/ament_cmake/cmake)
[0.094s] -- Found rclpy: 3.3.13 (/opt/ros/humble/share/rclpy/cmake)
[0.094s] -- Found image_transport: 3.1.9 (/opt/ros/humble/share/image_transport/cmake)
[0.113s] -- Found rosidl_generator_c: 3.1.5 (/opt/ros/humble/share/rosidl_generator_c/cmake)
[0.114s] -- Found rosidl_adapter: 3.1.5 (/opt/ros/humble/share/rosidl_adapter/cmake)
[0.117s] -- Found rosidl_generator_cpp: 3.1.5 (/opt/ros/humble/share/rosidl_generator_cpp/cmake)
[0.124s] -- Using all available rosidl_typesupport_c: rosidl_typesupport_fastrtps_c;rosidl_typesupport_introspection_c
[0.133s] -- Using all available rosidl_typesupport_cpp: rosidl_typesupport_fastrtps_cpp;rosidl_typesupport_introspection_cpp
[0.169s] -- Found rmw_implementation_cmake: 6.1.2 (/opt/ros/humble/share/rmw_implementation_cmake/cmake)
[0.170s] -- Found rmw_fastrtps_cpp: 6.2.6 (/opt/ros/humble/share/rmw_fastrtps_cpp/cmake)
[0.248s] -- Using RMW implementation 'rmw_fastrtps_cpp' as default
[0.441s] -- Found cv_bridge: 3.2.1 (/opt/ros/humble/share/cv_bridge/cmake)
[0.449s] -- Found rosidl_default_generators: 1.2.0 (/opt/ros/humble/share/rosidl_default_generators/cmake)
[0.621s] -- Found ament_cmake_ros: 0.10.0 (/opt/ros/humble/share/ament_cmake_ros/cmake)
[0.825s] -- Using all available rosidl_typesupport_c: rosidl_typesupport_fastrtps_c;rosidl_typesupport_introspection_c
[0.902s] -- Using all available rosidl_typesupport_cpp: rosidl_typesupport_fastrtps_cpp;rosidl_typesupport_introspection_cpp
[0.917s] -- Found PythonInterp: /usr/bin/python3 (found suitable version "3.10.12", minimum required is "3.6") 
[0.920s] -- Found python_cmake_module: 0.10.0 (/opt/ros/humble/share/python_cmake_module/cmake)
[0.939s] -- Found PythonLibs: /usr/lib/x86_64-linux-gnu/libpython3.10.so (found suitable version "3.10.12", minimum required is "3.5") 
[0.939s] -- Using PYTHON_EXECUTABLE: /usr/bin/python3
[0.939s] -- Using PYTHON_INCLUDE_DIRS: /usr/include/python3.10
[0.939s] -- Using PYTHON_LIBRARIES: /usr/lib/x86_64-linux-gnu/libpython3.10.so
[0.954s] -- Found PythonExtra: .so  
[0.980s] -- Found ament_lint_auto: 0.12.11 (/opt/ros/humble/share/ament_lint_auto/cmake)
[1.001s] -- Added test 'flake8' to check Python code syntax and style conventions
[1.001s] -- Added test 'lint_cmake' to check CMake code style
[1.001s] -- Added test 'pep257' to check Python code against some of the docstring style conventions in PEP 257
[1.002s] -- Added test 'xmllint' to check XML markup files
[1.004s] -- Configuring done
[1.023s] -- Generating done
[1.024s] -- Build files have been written to: /home/ssfa/ros2_ws/build/color_shape_detector
[1.030s] Invoked command in '/home/ssfa/ros2_ws/build/color_shape_detector' returned '0': CMAKE_PREFIX_PATH=${CMAKE_PREFIX_PATH}:/home/ssfa/ros2_ws/install/yolov8_ros:/home/ssfa/ros2_ws/install/turtlebot3_teleop:/home/ssfa/ros2_ws/install/turtlebot3_example:/home/ssfa/ros2_ws/install/shape_detector:/home/ssfa/ros2_ws/install/services_pkg:/home/ssfa/ros2_ws/install/cv_basics:/opt/ros/humble /usr/bin/cmake /home/ssfa/ros2_ws/src/color_shape_detector -DCMAKE_INSTALL_PREFIX=/home/ssfa/ros2_ws/install/color_shape_detector
[1.032s] Invoking command in '/home/ssfa/ros2_ws/build/color_shape_detector': CMAKE_PREFIX_PATH=${CMAKE_PREFIX_PATH}:/home/ssfa/ros2_ws/install/yolov8_ros:/home/ssfa/ros2_ws/install/turtlebot3_teleop:/home/ssfa/ros2_ws/install/turtlebot3_example:/home/ssfa/ros2_ws/install/shape_detector:/home/ssfa/ros2_ws/install/services_pkg:/home/ssfa/ros2_ws/install/cv_basics:/opt/ros/humble /usr/bin/cmake --build /home/ssfa/ros2_ws/build/color_shape_detector -- -j12 -l12
[1.057s] [  3%] [34m[1mGenerating C code for ROS interfaces[0m
[1.063s] [  6%] [34m[1mGenerating C++ code for ROS interfaces[0m
[1.068s] [  6%] Built target ament_cmake_python_copy_color_shape_detector
[1.220s] running egg_info
[1.221s] creating color_shape_detector.egg-info
[1.221s] writing color_shape_detector.egg-info/PKG-INFO
[1.221s] writing dependency_links to color_shape_detector.egg-info/dependency_links.txt
[1.221s] writing top-level names to color_shape_detector.egg-info/top_level.txt
[1.221s] writing manifest file 'color_shape_detector.egg-info/SOURCES.txt'
[1.223s] reading manifest file 'color_shape_detector.egg-info/SOURCES.txt'
[1.223s] writing manifest file 'color_shape_detector.egg-info/SOURCES.txt'
[1.226s] [  6%] Built target color_shape_detector__cpp
[1.232s] [  9%] [32mBuilding C object CMakeFiles/color_shape_detector__rosidl_generator_c.dir/rosidl_generator_c/color_shape_detector/srv/detail/process_image__functions.c.o[0m
[1.232s] [ 12%] [34m[1mGenerating C++ type support for eProsima Fast-RTPS[0m
[1.233s] [ 16%] [34m[1mGenerating C++ type support dispatch for ROS interfaces[0m
[1.236s] [ 19%] [34m[1mGenerating C++ introspection for ROS interfaces[0m
[1.246s] [ 19%] Built target ament_cmake_python_build_color_shape_detector_egg
[1.295s] [ 22%] [32m[1mLinking C shared library libcolor_shape_detector__rosidl_generator_c.so[0m
[1.322s] [ 22%] Built target color_shape_detector__rosidl_generator_c
[1.329s] [ 25%] [34m[1mGenerating C type support for eProsima Fast-RTPS[0m
[1.332s] [ 32%] [34m[1mGenerating C type support dispatch for ROS interfaces[0m
[1.332s] [ 32%] [34m[1mGenerating C introspection for ROS interfaces[0m
[1.402s] [ 35%] [32mBuilding CXX object CMakeFiles/color_shape_detector__rosidl_typesupport_cpp.dir/rosidl_typesupport_cpp/color_shape_detector/srv/process_image__type_support.cpp.o[0m
[1.406s] [ 38%] [32mBuilding CXX object CMakeFiles/color_shape_detector__rosidl_typesupport_introspection_cpp.dir/rosidl_typesupport_introspection_cpp/color_shape_detector/srv/detail/process_image__type_support.cpp.o[0m
[1.407s] [ 41%] [32mBuilding CXX object CMakeFiles/color_shape_detector__rosidl_typesupport_fastrtps_cpp.dir/rosidl_typesupport_fastrtps_cpp/color_shape_detector/srv/detail/dds_fastrtps/process_image__type_support.cpp.o[0m
[1.507s] [ 45%] [32mBuilding CXX object CMakeFiles/color_shape_detector__rosidl_typesupport_c.dir/rosidl_typesupport_c/color_shape_detector/srv/process_image__type_support.cpp.o[0m
[1.515s] [ 48%] [32mBuilding CXX object CMakeFiles/color_shape_detector__rosidl_typesupport_fastrtps_c.dir/rosidl_typesupport_fastrtps_c/color_shape_detector/srv/detail/process_image__type_support_c.cpp.o[0m
[1.536s] [ 51%] [32m[1mLinking CXX shared library libcolor_shape_detector__rosidl_typesupport_c.so[0m
[1.548s] [ 54%] [32mBuilding C object CMakeFiles/color_shape_detector__rosidl_typesupport_introspection_c.dir/rosidl_typesupport_introspection_c/color_shape_detector/srv/detail/process_image__type_support.c.o[0m
[1.565s] [ 54%] Built target color_shape_detector__rosidl_typesupport_c
[1.572s] [ 58%] [32m[1mLinking C shared library libcolor_shape_detector__rosidl_typesupport_introspection_c.so[0m
[1.593s] [ 58%] Built target color_shape_detector__rosidl_typesupport_introspection_c
[1.649s] [ 61%] [32m[1mLinking CXX shared library libcolor_shape_detector__rosidl_typesupport_cpp.so[0m
[1.675s] [ 61%] Built target color_shape_detector__rosidl_typesupport_cpp
[1.692s] [ 64%] [32m[1mLinking CXX shared library libcolor_shape_detector__rosidl_typesupport_fastrtps_cpp.so[0m
[1.704s] [ 67%] [32m[1mLinking CXX shared library libcolor_shape_detector__rosidl_typesupport_introspection_cpp.so[0m
[1.719s] [ 70%] [32m[1mLinking CXX shared library libcolor_shape_detector__rosidl_typesupport_fastrtps_c.so[0m
[1.732s] [ 70%] Built target color_shape_detector__rosidl_typesupport_introspection_cpp
[1.745s] [ 70%] Built target color_shape_detector__rosidl_typesupport_fastrtps_cpp
[1.770s] [ 70%] Built target color_shape_detector__rosidl_typesupport_fastrtps_c
[1.782s] [ 70%] Built target color_shape_detector
[1.795s] [ 74%] [34m[1mGenerating Python code for ROS interfaces[0m
[1.988s] [ 74%] Built target color_shape_detector__py
[2.001s] [ 77%] [32mBuilding C object CMakeFiles/color_shape_detector__rosidl_generator_py.dir/rosidl_generator_py/color_shape_detector/srv/_process_image_s.c.o[0m
[2.063s] [ 80%] [32m[1mLinking C shared library rosidl_generator_py/color_shape_detector/libcolor_shape_detector__rosidl_generator_py.so[0m
[2.088s] [ 80%] Built target color_shape_detector__rosidl_generator_py
[2.101s] [ 87%] [32mBuilding C object CMakeFiles/color_shape_detector__rosidl_typesupport_c__pyext.dir/rosidl_generator_py/color_shape_detector/_color_shape_detector_s.ep.rosidl_typesupport_c.c.o[0m
[2.101s] [ 87%] [32mBuilding C object CMakeFiles/color_shape_detector__rosidl_typesupport_introspection_c__pyext.dir/rosidl_generator_py/color_shape_detector/_color_shape_detector_s.ep.rosidl_typesupport_introspection_c.c.o[0m
[2.101s] [ 90%] [32mBuilding C object CMakeFiles/color_shape_detector__rosidl_typesupport_fastrtps_c__pyext.dir/rosidl_generator_py/color_shape_detector/_color_shape_detector_s.ep.rosidl_typesupport_fastrtps_c.c.o[0m
[2.157s] [ 96%] [32m[1mLinking C shared library rosidl_generator_py/color_shape_detector/color_shape_detector_s__rosidl_typesupport_c.cpython-310-x86_64-linux-gnu.so[0m
[2.157s] [ 96%] [32m[1mLinking C shared library rosidl_generator_py/color_shape_detector/color_shape_detector_s__rosidl_typesupport_introspection_c.cpython-310-x86_64-linux-gnu.so[0m
[2.158s] [100%] [32m[1mLinking C shared library rosidl_generator_py/color_shape_detector/color_shape_detector_s__rosidl_typesupport_fastrtps_c.cpython-310-x86_64-linux-gnu.so[0m
[2.177s] [100%] Built target color_shape_detector__rosidl_typesupport_introspection_c__pyext
[2.177s] [100%] Built target color_shape_detector__rosidl_typesupport_c__pyext
[2.177s] [100%] Built target color_shape_detector__rosidl_typesupport_fastrtps_c__pyext
[2.184s] Invoked command in '/home/ssfa/ros2_ws/build/color_shape_detector' returned '0': CMAKE_PREFIX_PATH=${CMAKE_PREFIX_PATH}:/home/ssfa/ros2_ws/install/yolov8_ros:/home/ssfa/ros2_ws/install/turtlebot3_teleop:/home/ssfa/ros2_ws/install/turtlebot3_example:/home/ssfa/ros2_ws/install/shape_detector:/home/ssfa/ros2_ws/install/services_pkg:/home/ssfa/ros2_ws/install/cv_basics:/opt/ros/humble /usr/bin/cmake --build /home/ssfa/ros2_ws/build/color_shape_detector -- -j12 -l12
[2.224s] Invoking command in '/home/ssfa/ros2_ws/build/color_shape_detector': CMAKE_PREFIX_PATH=${CMAKE_PREFIX_PATH}:/home/ssfa/ros2_ws/install/yolov8_ros:/home/ssfa/ros2_ws/install/turtlebot3_teleop:/home/ssfa/ros2_ws/install/turtlebot3_example:/home/ssfa/ros2_ws/install/shape_detector:/home/ssfa/ros2_ws/install/services_pkg:/home/ssfa/ros2_ws/install/cv_basics:/opt/ros/humble /usr/bin/cmake --install /home/ssfa/ros2_ws/build/color_shape_detector
[2.229s] -- Install configuration: ""
[2.229s] -- Installing: /home/ssfa/ros2_ws/install/color_shape_detector/share/ament_index/resource_index/rosidl_interfaces/color_shape_detector
[2.229s] -- Installing: /home/ssfa/ros2_ws/install/color_shape_detector/include/color_shape_detector/color_shape_detector
[2.229s] -- Installing: /home/ssfa/ros2_ws/install/color_shape_detector/include/color_shape_detector/color_shape_detector/msg
[2.229s] -- Installing: /home/ssfa/ros2_ws/install/color_shape_detector/include/color_shape_detector/color_shape_detector/msg/rosidl_generator_c__visibility_control.h
[2.229s] -- Installing: /home/ssfa/ros2_ws/install/color_shape_detector/include/color_shape_detector/color_shape_detector/srv
[2.229s] -- Installing: /home/ssfa/ros2_ws/install/color_shape_detector/include/color_shape_detector/color_shape_detector/srv/process_image.h
[2.229s] -- Installing: /home/ssfa/ros2_ws/install/color_shape_detector/include/color_shape_detector/color_shape_detector/srv/detail
[2.229s] -- Installing: /home/ssfa/ros2_ws/install/color_shape_detector/include/color_shape_detector/color_shape_detector/srv/detail/process_image__functions.c
[2.230s] -- Installing: /home/ssfa/ros2_ws/install/color_shape_detector/include/color_shape_detector/color_shape_detector/srv/detail/process_image__struct.h
[2.230s] -- Installing: /home/ssfa/ros2_ws/install/color_shape_detector/include/color_shape_detector/color_shape_detector/srv/detail/process_image__functions.h
[2.230s] -- Installing: /home/ssfa/ros2_ws/install/color_shape_detector/include/color_shape_detector/color_shape_detector/srv/detail/process_image__type_support.h
[2.230s] -- Installing: /home/ssfa/ros2_ws/install/color_shape_detector/share/color_shape_detector/environment/library_path.sh
[2.230s] -- Installing: /home/ssfa/ros2_ws/install/color_shape_detector/share/color_shape_detector/environment/library_path.dsv
[2.230s] -- Installing: /home/ssfa/ros2_ws/install/color_shape_detector/lib/libcolor_shape_detector__rosidl_generator_c.so
[2.230s] -- Set runtime path of "/home/ssfa/ros2_ws/install/color_shape_detector/lib/libcolor_shape_detector__rosidl_generator_c.so" to ""
[2.230s] -- Up-to-date: /home/ssfa/ros2_ws/install/color_shape_detector/include/color_shape_detector/color_shape_detector
[2.230s] -- Up-to-date: /home/ssfa/ros2_ws/install/color_shape_detector/include/color_shape_detector/color_shape_detector/msg
[2.230s] -- Installing: /home/ssfa/ros2_ws/install/color_shape_detector/include/color_shape_detector/color_shape_detector/msg/rosidl_typesupport_fastrtps_c__visibility_control.h
[2.230s] -- Up-to-date: /home/ssfa/ros2_ws/install/color_shape_detector/include/color_shape_detector/color_shape_detector/srv
[2.230s] -- Up-to-date: /home/ssfa/ros2_ws/install/color_shape_detector/include/color_shape_detector/color_shape_detector/srv/detail
[2.230s] -- Installing: /home/ssfa/ros2_ws/install/color_shape_detector/include/color_shape_detector/color_shape_detector/srv/detail/process_image__rosidl_typesupport_fastrtps_c.h
[2.230s] -- Installing: /home/ssfa/ros2_ws/install/color_shape_detector/lib/libcolor_shape_detector__rosidl_typesupport_fastrtps_c.so
[2.231s] -- Set runtime path of "/home/ssfa/ros2_ws/install/color_shape_detector/lib/libcolor_shape_detector__rosidl_typesupport_fastrtps_c.so" to ""
[2.231s] -- Up-to-date: /home/ssfa/ros2_ws/install/color_shape_detector/include/color_shape_detector/color_shape_detector
[2.231s] -- Up-to-date: /home/ssfa/ros2_ws/install/color_shape_detector/include/color_shape_detector/color_shape_detector/srv
[2.231s] -- Installing: /home/ssfa/ros2_ws/install/color_shape_detector/include/color_shape_detector/color_shape_detector/srv/process_image.hpp
[2.231s] -- Up-to-date: /home/ssfa/ros2_ws/install/color_shape_detector/include/color_shape_detector/color_shape_detector/srv/detail
[2.231s] -- Installing: /home/ssfa/ros2_ws/install/color_shape_detector/include/color_shape_detector/color_shape_detector/srv/detail/process_image__struct.hpp
[2.231s] -- Installing: /home/ssfa/ros2_ws/install/color_shape_detector/include/color_shape_detector/color_shape_detector/srv/detail/process_image__builder.hpp
[2.231s] -- Installing: /home/ssfa/ros2_ws/install/color_shape_detector/include/color_shape_detector/color_shape_detector/srv/detail/process_image__traits.hpp
[2.231s] -- Up-to-date: /home/ssfa/ros2_ws/install/color_shape_detector/include/color_shape_detector/color_shape_detector
[2.231s] -- Up-to-date: /home/ssfa/ros2_ws/install/color_shape_detector/include/color_shape_detector/color_shape_detector/msg
[2.231s] -- Installing: /home/ssfa/ros2_ws/install/color_shape_detector/include/color_shape_detector/color_shape_detector/msg/rosidl_typesupport_fastrtps_cpp__visibility_control.h
[2.231s] -- Up-to-date: /home/ssfa/ros2_ws/install/color_shape_detector/include/color_shape_detector/color_shape_detector/srv
[2.231s] -- Up-to-date: /home/ssfa/ros2_ws/install/color_shape_detector/include/color_shape_detector/color_shape_detector/srv/detail
[2.231s] -- Installing: /home/ssfa/ros2_ws/install/color_shape_detector/include/color_shape_detector/color_shape_detector/srv/detail/process_image__rosidl_typesupport_fastrtps_cpp.hpp
[2.231s] -- Installing: /home/ssfa/ros2_ws/install/color_shape_detector/include/color_shape_detector/color_shape_detector/srv/detail/dds_fastrtps
[2.231s] -- Installing: /home/ssfa/ros2_ws/install/color_shape_detector/lib/libcolor_shape_detector__rosidl_typesupport_fastrtps_cpp.so
[2.231s] -- Set runtime path of "/home/ssfa/ros2_ws/install/color_shape_detector/lib/libcolor_shape_detector__rosidl_typesupport_fastrtps_cpp.so" to ""
[2.231s] -- Up-to-date: /home/ssfa/ros2_ws/install/color_shape_detector/include/color_shape_detector/color_shape_detector
[2.231s] -- Up-to-date: /home/ssfa/ros2_ws/install/color_shape_detector/include/color_shape_detector/color_shape_detector/msg
[2.231s] -- Installing: /home/ssfa/ros2_ws/install/color_shape_detector/include/color_shape_detector/color_shape_detector/msg/rosidl_typesupport_introspection_c__visibility_control.h
[2.231s] -- Up-to-date: /home/ssfa/ros2_ws/install/color_shape_detector/include/color_shape_detector/color_shape_detector/srv
[2.231s] -- Up-to-date: /home/ssfa/ros2_ws/install/color_shape_detector/include/color_shape_detector/color_shape_detector/srv/detail
[2.231s] -- Installing: /home/ssfa/ros2_ws/install/color_shape_detector/include/color_shape_detector/color_shape_detector/srv/detail/process_image__rosidl_typesupport_introspection_c.h
[2.231s] -- Installing: /home/ssfa/ros2_ws/install/color_shape_detector/include/color_shape_detector/color_shape_detector/srv/detail/process_image__type_support.c
[2.231s] -- Installing: /home/ssfa/ros2_ws/install/color_shape_detector/lib/libcolor_shape_detector__rosidl_typesupport_introspection_c.so
[2.231s] -- Set runtime path of "/home/ssfa/ros2_ws/install/color_shape_detector/lib/libcolor_shape_detector__rosidl_typesupport_introspection_c.so" to ""
[2.231s] -- Installing: /home/ssfa/ros2_ws/install/color_shape_detector/lib/libcolor_shape_detector__rosidl_typesupport_c.so
[2.231s] -- Set runtime path of "/home/ssfa/ros2_ws/install/color_shape_detector/lib/libcolor_shape_detector__rosidl_typesupport_c.so" to ""
[2.232s] -- Up-to-date: /home/ssfa/ros2_ws/install/color_shape_detector/include/color_shape_detector/color_shape_detector
[2.232s] -- Up-to-date: /home/ssfa/ros2_ws/install/color_shape_detector/include/color_shape_detector/color_shape_detector/srv
[2.232s] -- Up-to-date: /home/ssfa/ros2_ws/install/color_shape_detector/include/color_shape_detector/color_shape_detector/srv/detail
[2.232s] -- Installing: /home/ssfa/ros2_ws/install/color_shape_detector/include/color_shape_detector/color_shape_detector/srv/detail/process_image__rosidl_typesupport_introspection_cpp.hpp
[2.232s] -- Installing: /home/ssfa/ros2_ws/install/color_shape_detector/include/color_shape_detector/color_shape_detector/srv/detail/process_image__type_support.cpp
[2.232s] -- Installing: /home/ssfa/ros2_ws/install/color_shape_detector/lib/libcolor_shape_detector__rosidl_typesupport_introspection_cpp.so
[2.232s] -- Set runtime path of "/home/ssfa/ros2_ws/install/color_shape_detector/lib/libcolor_shape_detector__rosidl_typesupport_introspection_cpp.so" to ""
[2.232s] -- Installing: /home/ssfa/ros2_ws/install/color_shape_detector/lib/libcolor_shape_detector__rosidl_typesupport_cpp.so
[2.232s] -- Set runtime path of "/home/ssfa/ros2_ws/install/color_shape_detector/lib/libcolor_shape_detector__rosidl_typesupport_cpp.so" to ""
[2.232s] -- Installing: /home/ssfa/ros2_ws/install/color_shape_detector/share/color_shape_detector/environment/pythonpath.sh
[2.232s] -- Installing: /home/ssfa/ros2_ws/install/color_shape_detector/share/color_shape_detector/environment/pythonpath.dsv
[2.232s] -- Installing: /home/ssfa/ros2_ws/install/color_shape_detector/local/lib/python3.10/dist-packages/color_shape_detector-0.0.0-py3.10.egg-info
[2.232s] -- Installing: /home/ssfa/ros2_ws/install/color_shape_detector/local/lib/python3.10/dist-packages/color_shape_detector-0.0.0-py3.10.egg-info/SOURCES.txt
[2.232s] -- Installing: /home/ssfa/ros2_ws/install/color_shape_detector/local/lib/python3.10/dist-packages/color_shape_detector-0.0.0-py3.10.egg-info/top_level.txt
[2.232s] -- Installing: /home/ssfa/ros2_ws/install/color_shape_detector/local/lib/python3.10/dist-packages/color_shape_detector-0.0.0-py3.10.egg-info/dependency_links.txt
[2.232s] -- Installing: /home/ssfa/ros2_ws/install/color_shape_detector/local/lib/python3.10/dist-packages/color_shape_detector-0.0.0-py3.10.egg-info/PKG-INFO
[2.232s] -- Installing: /home/ssfa/ros2_ws/install/color_shape_detector/local/lib/python3.10/dist-packages/color_shape_detector
[2.232s] -- Installing: /home/ssfa/ros2_ws/install/color_shape_detector/local/lib/python3.10/dist-packages/color_shape_detector/color_shape_detector_s__rosidl_typesupport_fastrtps_c.cpython-310-x86_64-linux-gnu.so
[2.232s] -- Installing: /home/ssfa/ros2_ws/install/color_shape_detector/local/lib/python3.10/dist-packages/color_shape_detector/color_shape_detector_s__rosidl_typesupport_introspection_c.cpython-310-x86_64-linux-gnu.so
[2.232s] -- Installing: /home/ssfa/ros2_ws/install/color_shape_detector/local/lib/python3.10/dist-packages/color_shape_detector/color_shape_detector_s__rosidl_typesupport_c.cpython-310-x86_64-linux-gnu.so
[2.232s] -- Installing: /home/ssfa/ros2_ws/install/color_shape_detector/local/lib/python3.10/dist-packages/color_shape_detector/srv
[2.232s] -- Installing: /home/ssfa/ros2_ws/install/color_shape_detector/local/lib/python3.10/dist-packages/color_shape_detector/srv/_process_image_s.c
[2.232s] -- Installing: /home/ssfa/ros2_ws/install/color_shape_detector/local/lib/python3.10/dist-packages/color_shape_detector/srv/__init__.py
[2.232s] -- Installing: /home/ssfa/ros2_ws/install/color_shape_detector/local/lib/python3.10/dist-packages/color_shape_detector/srv/_process_image.py
[2.232s] -- Installing: /home/ssfa/ros2_ws/install/color_shape_detector/local/lib/python3.10/dist-packages/color_shape_detector/_color_shape_detector_s.ep.rosidl_typesupport_fastrtps_c.c
[2.232s] -- Installing: /home/ssfa/ros2_ws/install/color_shape_detector/local/lib/python3.10/dist-packages/color_shape_detector/_color_shape_detector_s.ep.rosidl_typesupport_c.c
[2.232s] -- Installing: /home/ssfa/ros2_ws/install/color_shape_detector/local/lib/python3.10/dist-packages/color_shape_detector/_color_shape_detector_s.ep.rosidl_typesupport_introspection_c.c
[2.233s] -- Installing: /home/ssfa/ros2_ws/install/color_shape_detector/local/lib/python3.10/dist-packages/color_shape_detector/__init__.py
[2.233s] -- Installing: /home/ssfa/ros2_ws/install/color_shape_detector/local/lib/python3.10/dist-packages/color_shape_detector/libcolor_shape_detector__rosidl_generator_py.so
[2.257s] Listing '/home/ssfa/ros2_ws/install/color_shape_detector/local/lib/python3.10/dist-packages/color_shape_detector'...
[2.257s] Compiling '/home/ssfa/ros2_ws/install/color_shape_detector/local/lib/python3.10/dist-packages/color_shape_detector/__init__.py'...
[2.257s] Listing '/home/ssfa/ros2_ws/install/color_shape_detector/local/lib/python3.10/dist-packages/color_shape_detector/srv'...
[2.257s] Compiling '/home/ssfa/ros2_ws/install/color_shape_detector/local/lib/python3.10/dist-packages/color_shape_detector/srv/__init__.py'...
[2.257s] Compiling '/home/ssfa/ros2_ws/install/color_shape_detector/local/lib/python3.10/dist-packages/color_shape_detector/srv/_process_image.py'...
[2.260s] -- Installing: /home/ssfa/ros2_ws/install/color_shape_detector/local/lib/python3.10/dist-packages/color_shape_detector/color_shape_detector_s__rosidl_typesupport_fastrtps_c.cpython-310-x86_64-linux-gnu.so
[2.260s] -- Set runtime path of "/home/ssfa/ros2_ws/install/color_shape_detector/local/lib/python3.10/dist-packages/color_shape_detector/color_shape_detector_s__rosidl_typesupport_fastrtps_c.cpython-310-x86_64-linux-gnu.so" to ""
[2.260s] -- Installing: /home/ssfa/ros2_ws/install/color_shape_detector/local/lib/python3.10/dist-packages/color_shape_detector/color_shape_detector_s__rosidl_typesupport_introspection_c.cpython-310-x86_64-linux-gnu.so
[2.260s] -- Set runtime path of "/home/ssfa/ros2_ws/install/color_shape_detector/local/lib/python3.10/dist-packages/color_shape_detector/color_shape_detector_s__rosidl_typesupport_introspection_c.cpython-310-x86_64-linux-gnu.so" to ""
[2.260s] -- Installing: /home/ssfa/ros2_ws/install/color_shape_detector/local/lib/python3.10/dist-packages/color_shape_detector/color_shape_detector_s__rosidl_typesupport_c.cpython-310-x86_64-linux-gnu.so
[2.260s] -- Set runtime path of "/home/ssfa/ros2_ws/install/color_shape_detector/local/lib/python3.10/dist-packages/color_shape_detector/color_shape_detector_s__rosidl_typesupport_c.cpython-310-x86_64-linux-gnu.so" to ""
[2.260s] -- Installing: /home/ssfa/ros2_ws/install/color_shape_detector/lib/libcolor_shape_detector__rosidl_generator_py.so
[2.260s] -- Set runtime path of "/home/ssfa/ros2_ws/install/color_shape_detector/lib/libcolor_shape_detector__rosidl_generator_py.so" to ""
[2.260s] -- Installing: /home/ssfa/ros2_ws/install/color_shape_detector/share/color_shape_detector/srv/ProcessImage.idl
[2.260s] -- Installing: /home/ssfa/ros2_ws/install/color_shape_detector/share/color_shape_detector/srv/ProcessImage.srv
[2.260s] -- Installing: /home/ssfa/ros2_ws/install/color_shape_detector/share/color_shape_detector/srv/ProcessImage_Request.msg
[2.261s] -- Installing: /home/ssfa/ros2_ws/install/color_shape_detector/share/color_shape_detector/srv/ProcessImage_Response.msg
[2.261s] -- Up-to-date: /home/ssfa/ros2_ws/install/color_shape_detector/share/color_shape_detector/srv
[2.261s] -- Up-to-date: /home/ssfa/ros2_ws/install/color_shape_detector/share/color_shape_detector/srv/ProcessImage.srv
[2.261s] -- Installing: /home/ssfa/ros2_ws/install/color_shape_detector/share/ament_index/resource_index/package_run_dependencies/color_shape_detector
[2.261s] -- Installing: /home/ssfa/ros2_ws/install/color_shape_detector/share/ament_index/resource_index/parent_prefix_path/color_shape_detector
[2.261s] -- Installing: /home/ssfa/ros2_ws/install/color_shape_detector/share/color_shape_detector/environment/ament_prefix_path.sh
[2.261s] -- Installing: /home/ssfa/ros2_ws/install/color_shape_detector/share/color_shape_detector/environment/ament_prefix_path.dsv
[2.261s] -- Installing: /home/ssfa/ros2_ws/install/color_shape_detector/share/color_shape_detector/environment/path.sh
[2.261s] -- Installing: /home/ssfa/ros2_ws/install/color_shape_detector/share/color_shape_detector/environment/path.dsv
[2.261s] -- Installing: /home/ssfa/ros2_ws/install/color_shape_detector/share/color_shape_detector/local_setup.bash
[2.261s] -- Installing: /home/ssfa/ros2_ws/install/color_shape_detector/share/color_shape_detector/local_setup.sh
[2.261s] -- Installing: /home/ssfa/ros2_ws/install/color_shape_detector/share/color_shape_detector/local_setup.zsh
[2.261s] -- Installing: /home/ssfa/ros2_ws/install/color_shape_detector/share/color_shape_detector/local_setup.dsv
[2.261s] -- Installing: /home/ssfa/ros2_ws/install/color_shape_detector/share/color_shape_detector/package.dsv
[2.261s] -- Installing: /home/ssfa/ros2_ws/install/color_shape_detector/share/ament_index/resource_index/packages/color_shape_detector
[2.261s] -- Installing: /home/ssfa/ros2_ws/install/color_shape_detector/share/color_shape_detector/cmake/export_color_shape_detector__rosidl_generator_cExport.cmake
[2.261s] -- Installing: /home/ssfa/ros2_ws/install/color_shape_detector/share/color_shape_detector/cmake/export_color_shape_detector__rosidl_generator_cExport-noconfig.cmake
[2.261s] -- Installing: /home/ssfa/ros2_ws/install/color_shape_detector/share/color_shape_detector/cmake/export_color_shape_detector__rosidl_typesupport_fastrtps_cExport.cmake
[2.261s] -- Installing: /home/ssfa/ros2_ws/install/color_shape_detector/share/color_shape_detector/cmake/export_color_shape_detector__rosidl_typesupport_fastrtps_cExport-noconfig.cmake
[2.261s] -- Installing: /home/ssfa/ros2_ws/install/color_shape_detector/share/color_shape_detector/cmake/export_color_shape_detector__rosidl_generator_cppExport.cmake
[2.261s] -- Installing: /home/ssfa/ros2_ws/install/color_shape_detector/share/color_shape_detector/cmake/export_color_shape_detector__rosidl_typesupport_fastrtps_cppExport.cmake
[2.261s] -- Installing: /home/ssfa/ros2_ws/install/color_shape_detector/share/color_shape_detector/cmake/export_color_shape_detector__rosidl_typesupport_fastrtps_cppExport-noconfig.cmake
[2.262s] -- Installing: /home/ssfa/ros2_ws/install/color_shape_detector/share/color_shape_detector/cmake/color_shape_detector__rosidl_typesupport_introspection_cExport.cmake
[2.262s] -- Installing: /home/ssfa/ros2_ws/install/color_shape_detector/share/color_shape_detector/cmake/color_shape_detector__rosidl_typesupport_introspection_cExport-noconfig.cmake
[2.262s] -- Installing: /home/ssfa/ros2_ws/install/color_shape_detector/share/color_shape_detector/cmake/color_shape_detector__rosidl_typesupport_cExport.cmake
[2.262s] -- Installing: /home/ssfa/ros2_ws/install/color_shape_detector/share/color_shape_detector/cmake/color_shape_detector__rosidl_typesupport_cExport-noconfig.cmake
[2.262s] -- Installing: /home/ssfa/ros2_ws/install/color_shape_detector/share/color_shape_detector/cmake/color_shape_detector__rosidl_typesupport_introspection_cppExport.cmake
[2.262s] -- Installing: /home/ssfa/ros2_ws/install/color_shape_detector/share/color_shape_detector/cmake/color_shape_detector__rosidl_typesupport_introspection_cppExport-noconfig.cmake
[2.262s] -- Installing: /home/ssfa/ros2_ws/install/color_shape_detector/share/color_shape_detector/cmake/color_shape_detector__rosidl_typesupport_cppExport.cmake
[2.262s] -- Installing: /home/ssfa/ros2_ws/install/color_shape_detector/share/color_shape_detector/cmake/color_shape_detector__rosidl_typesupport_cppExport-noconfig.cmake
[2.262s] -- Installing: /home/ssfa/ros2_ws/install/color_shape_detector/share/color_shape_detector/cmake/export_color_shape_detector__rosidl_generator_pyExport.cmake
[2.262s] -- Installing: /home/ssfa/ros2_ws/install/color_shape_detector/share/color_shape_detector/cmake/export_color_shape_detector__rosidl_generator_pyExport-noconfig.cmake
[2.262s] -- Installing: /home/ssfa/ros2_ws/install/color_shape_detector/share/color_shape_detector/cmake/rosidl_cmake-extras.cmake
[2.262s] -- Installing: /home/ssfa/ros2_ws/install/color_shape_detector/share/color_shape_detector/cmake/ament_cmake_export_include_directories-extras.cmake
[2.262s] -- Installing: /home/ssfa/ros2_ws/install/color_shape_detector/share/color_shape_detector/cmake/ament_cmake_export_libraries-extras.cmake
[2.262s] -- Installing: /home/ssfa/ros2_ws/install/color_shape_detector/share/color_shape_detector/cmake/ament_cmake_export_targets-extras.cmake
[2.262s] -- Installing: /home/ssfa/ros2_ws/install/color_shape_detector/share/color_shape_detector/cmake/rosidl_cmake_export_typesupport_targets-extras.cmake
[2.262s] -- Installing: /home/ssfa/ros2_ws/install/color_shape_detector/share/color_shape_detector/cmake/ament_cmake_export_dependencies-extras.cmake
[2.262s] -- Installing: /home/ssfa/ros2_ws/install/color_shape_detector/share/color_shape_detector/cmake/rosidl_cmake_export_typesupport_libraries-extras.cmake
[2.262s] -- Installing: /home/ssfa/ros2_ws/install/color_shape_detector/share/color_shape_detector/cmake/color_shape_detectorConfig.cmake
[2.262s] -- Installing: /home/ssfa/ros2_ws/install/color_shape_detector/share/color_shape_detector/cmake/color_shape_detectorConfig-version.cmake
[2.262s] -- Installing: /home/ssfa/ros2_ws/install/color_shape_detector/share/color_shape_detector/package.xml
[2.264s] Invoked command in '/home/ssfa/ros2_ws/build/color_shape_detector' returned '0': CMAKE_PREFIX_PATH=${CMAKE_PREFIX_PATH}:/home/ssfa/ros2_ws/install/yolov8_ros:/home/ssfa/ros2_ws/install/turtlebot3_teleop:/home/ssfa/ros2_ws/install/turtlebot3_example:/home/ssfa/ros2_ws/install/shape_detector:/home/ssfa/ros2_ws/install/services_pkg:/home/ssfa/ros2_ws/install/cv_basics:/opt/ros/humble /usr/bin/cmake --install /home/ssfa/ros2_ws/build/color_shape_detector
