[1.793s] Invoking command in '/home/ssfa/ros2_ws/build/publisher_pkg': PYTHONPATH=/home/ssfa/ros2_ws/build/publisher_pkg/prefix_override:/usr/lib/python3/dist-packages/colcon_core/task/python/colcon_distutils_commands:/home/ssfa/ros2_ws/install/publisher_pkg/lib/python3.10/site-packages:${PYTHONPATH} /usr/bin/python3 -W ignore:setup.py install is deprecated setup.py develop --uninstall --editable --build-directory /home/ssfa/ros2_ws/build/publisher_pkg/build
[2.498s] running develop
[2.499s] /usr/lib/python3/dist-packages/setuptools/command/easy_install.py:158: EasyInstallDeprecationWarning: easy_install command is deprecated. Use build and pip and other standards-based tools.
[2.499s]   warnings.warn(
[2.855s] Removing /home/ssfa/ros2_ws/install/publisher_pkg/lib/python3.10/site-packages/publisher-pkg.egg-link (link to .)
[3.322s] Invoked command in '/home/ssfa/ros2_ws/build/publisher_pkg' returned '0': PYTHONPATH=/home/ssfa/ros2_ws/build/publisher_pkg/prefix_override:/usr/lib/python3/dist-packages/colcon_core/task/python/colcon_distutils_commands:/home/ssfa/ros2_ws/install/publisher_pkg/lib/python3.10/site-packages:${PYTHONPATH} /usr/bin/python3 -W ignore:setup.py install is deprecated setup.py develop --uninstall --editable --build-directory /home/ssfa/ros2_ws/build/publisher_pkg/build
[3.323s] Invoking command in '/home/ssfa/ros2_ws/src/publisher_pkg': PYTHONPATH=/home/ssfa/ros2_ws/build/publisher_pkg/prefix_override:/usr/lib/python3/dist-packages/colcon_core/task/python/colcon_distutils_commands:/home/ssfa/ros2_ws/install/publisher_pkg/lib/python3.10/site-packages:${PYTHONPATH} /usr/bin/python3 -W ignore:setup.py install is deprecated setup.py egg_info --egg-base ../../build/publisher_pkg build --build-base /home/ssfa/ros2_ws/build/publisher_pkg/build install --record /home/ssfa/ros2_ws/build/publisher_pkg/install.log --single-version-externally-managed install_data --force
[3.995s] running egg_info
[3.997s] writing ../../build/publisher_pkg/publisher_pkg.egg-info/PKG-INFO
[3.998s] writing dependency_links to ../../build/publisher_pkg/publisher_pkg.egg-info/dependency_links.txt
[4.000s] writing entry points to ../../build/publisher_pkg/publisher_pkg.egg-info/entry_points.txt
[4.000s] writing requirements to ../../build/publisher_pkg/publisher_pkg.egg-info/requires.txt
[4.001s] writing top-level names to ../../build/publisher_pkg/publisher_pkg.egg-info/top_level.txt
[4.006s] reading manifest file '../../build/publisher_pkg/publisher_pkg.egg-info/SOURCES.txt'
[4.011s] writing manifest file '../../build/publisher_pkg/publisher_pkg.egg-info/SOURCES.txt'
[4.012s] running build
[4.012s] running build_py
[4.012s] creating /home/ssfa/ros2_ws/build/publisher_pkg/build
[4.012s] creating /home/ssfa/ros2_ws/build/publisher_pkg/build/lib
[4.012s] creating /home/ssfa/ros2_ws/build/publisher_pkg/build/lib/publisher_pkg
[4.013s] copying publisher_pkg/simple_publisher.py -> /home/ssfa/ros2_ws/build/publisher_pkg/build/lib/publisher_pkg
[4.014s] copying publisher_pkg/__init__.py -> /home/ssfa/ros2_ws/build/publisher_pkg/build/lib/publisher_pkg
[4.022s] running install
[4.025s] running install_lib
[4.026s] creating /home/ssfa/ros2_ws/install/publisher_pkg/lib/python3.10/site-packages/publisher_pkg
[4.027s] copying /home/ssfa/ros2_ws/build/publisher_pkg/build/lib/publisher_pkg/simple_publisher.py -> /home/ssfa/ros2_ws/install/publisher_pkg/lib/python3.10/site-packages/publisher_pkg
[4.028s] copying /home/ssfa/ros2_ws/build/publisher_pkg/build/lib/publisher_pkg/__init__.py -> /home/ssfa/ros2_ws/install/publisher_pkg/lib/python3.10/site-packages/publisher_pkg
[4.030s] byte-compiling /home/ssfa/ros2_ws/install/publisher_pkg/lib/python3.10/site-packages/publisher_pkg/simple_publisher.py to simple_publisher.cpython-310.pyc
[4.034s] byte-compiling /home/ssfa/ros2_ws/install/publisher_pkg/lib/python3.10/site-packages/publisher_pkg/__init__.py to __init__.cpython-310.pyc
[4.035s] running install_data
[4.035s] copying resource/publisher_pkg -> /home/ssfa/ros2_ws/install/publisher_pkg/share/ament_index/resource_index/packages
[4.036s] copying package.xml -> /home/ssfa/ros2_ws/install/publisher_pkg/share/publisher_pkg
[4.036s] copying launch/publisher_pkg_launch_file.launch.py -> /home/ssfa/ros2_ws/install/publisher_pkg/share/publisher_pkg
[4.044s] running install_egg_info
[4.049s] Copying ../../build/publisher_pkg/publisher_pkg.egg-info to /home/ssfa/ros2_ws/install/publisher_pkg/lib/python3.10/site-packages/publisher_pkg-0.0.0-py3.10.egg-info
[4.060s] running install_scripts
[4.152s] Installing simple_publisher script to /home/ssfa/ros2_ws/install/publisher_pkg/lib/publisher_pkg
[4.153s] writing list of installed files to '/home/ssfa/ros2_ws/build/publisher_pkg/install.log'
[4.339s] Invoked command in '/home/ssfa/ros2_ws/src/publisher_pkg' returned '0': PYTHONPATH=/home/ssfa/ros2_ws/build/publisher_pkg/prefix_override:/usr/lib/python3/dist-packages/colcon_core/task/python/colcon_distutils_commands:/home/ssfa/ros2_ws/install/publisher_pkg/lib/python3.10/site-packages:${PYTHONPATH} /usr/bin/python3 -W ignore:setup.py install is deprecated setup.py egg_info --egg-base ../../build/publisher_pkg build --build-base /home/ssfa/ros2_ws/build/publisher_pkg/build install --record /home/ssfa/ros2_ws/build/publisher_pkg/install.log --single-version-externally-managed install_data --force
