[0.669s] Invoking command in '/home/ssfa/ros2_ws/build/subscriber_pkg': PYTHONPATH=/home/ssfa/ros2_ws/build/subscriber_pkg/prefix_override:/usr/lib/python3/dist-packages/colcon_core/task/python/colcon_distutils_commands:/home/ssfa/ros2_ws/install/subscriber_pkg/lib/python3.10/site-packages:${PYTHONPATH} /usr/bin/python3 -W ignore:setup.py install is deprecated setup.py develop --editable --build-directory /home/ssfa/ros2_ws/build/subscriber_pkg/build --no-deps symlink_data
[0.960s] running develop
[0.960s] /usr/lib/python3/dist-packages/setuptools/command/easy_install.py:158: EasyInstallDeprecationWarning: easy_install command is deprecated. Use build and pip and other standards-based tools.
[0.960s]   warnings.warn(
[1.125s] running egg_info
[1.125s] creating subscriber_pkg.egg-info
[1.125s] writing subscriber_pkg.egg-info/PKG-INFO
[1.125s] writing dependency_links to subscriber_pkg.egg-info/dependency_links.txt
[1.125s] writing entry points to subscriber_pkg.egg-info/entry_points.txt
[1.125s] writing requirements to subscriber_pkg.egg-info/requires.txt
[1.125s] writing top-level names to subscriber_pkg.egg-info/top_level.txt
[1.125s] writing manifest file 'subscriber_pkg.egg-info/SOURCES.txt'
[1.127s] reading manifest file 'subscriber_pkg.egg-info/SOURCES.txt'
[1.128s] writing manifest file 'subscriber_pkg.egg-info/SOURCES.txt'
[1.129s] running build_ext
[1.130s] Creating /home/ssfa/ros2_ws/install/subscriber_pkg/lib/python3.10/site-packages/subscriber-pkg.egg-link (link to .)
[1.131s] Installing simple_subscriber script to /home/ssfa/ros2_ws/install/subscriber_pkg/lib/subscriber_pkg
[1.131s] 
[1.131s] Installed /home/ssfa/ros2_ws/build/subscriber_pkg
[1.131s] running symlink_data
[1.131s] creating /home/ssfa/ros2_ws/install/subscriber_pkg/share/ament_index
[1.131s] creating /home/ssfa/ros2_ws/install/subscriber_pkg/share/ament_index/resource_index
[1.131s] creating /home/ssfa/ros2_ws/install/subscriber_pkg/share/ament_index/resource_index/packages
[1.132s] symbolically linking /home/ssfa/ros2_ws/build/subscriber_pkg/resource/subscriber_pkg -> /home/ssfa/ros2_ws/install/subscriber_pkg/share/ament_index/resource_index/packages
[1.132s] symbolically linking /home/ssfa/ros2_ws/build/subscriber_pkg/package.xml -> /home/ssfa/ros2_ws/install/subscriber_pkg/share/subscriber_pkg
[1.132s] symbolically linking /home/ssfa/ros2_ws/build/subscriber_pkg/launch/subscriber_pkg_launch_file.launch.py -> /home/ssfa/ros2_ws/install/subscriber_pkg/share/subscriber_pkg
[1.163s] Invoked command in '/home/ssfa/ros2_ws/build/subscriber_pkg' returned '0': PYTHONPATH=/home/ssfa/ros2_ws/build/subscriber_pkg/prefix_override:/usr/lib/python3/dist-packages/colcon_core/task/python/colcon_distutils_commands:/home/ssfa/ros2_ws/install/subscriber_pkg/lib/python3.10/site-packages:${PYTHONPATH} /usr/bin/python3 -W ignore:setup.py install is deprecated setup.py develop --editable --build-directory /home/ssfa/ros2_ws/build/subscriber_pkg/build --no-deps symlink_data
