/home/ssfa/ros2_ws/install/turtlebot3_example/lib/python3.10/site-packages/turtlebot3_example/__init__.py
/home/ssfa/ros2_ws/install/turtlebot3_example/lib/python3.10/site-packages/turtlebot3_example/turtlebot3_patrol_client/turtlebot3_patrol_client.py
/home/ssfa/ros2_ws/install/turtlebot3_example/lib/python3.10/site-packages/turtlebot3_example/turtlebot3_patrol_client/__init__.py
/home/ssfa/ros2_ws/install/turtlebot3_example/lib/python3.10/site-packages/turtlebot3_example/turtlebot3_patrol_client/main.py
/home/ssfa/ros2_ws/install/turtlebot3_example/lib/python3.10/site-packages/turtlebot3_example/turtlebot3_position_control/turtlebot3_path.py
/home/ssfa/ros2_ws/install/turtlebot3_example/lib/python3.10/site-packages/turtlebot3_example/turtlebot3_position_control/__init__.py
/home/ssfa/ros2_ws/install/turtlebot3_example/lib/python3.10/site-packages/turtlebot3_example/turtlebot3_position_control/turtlebot3_position_control.py
/home/ssfa/ros2_ws/install/turtlebot3_example/lib/python3.10/site-packages/turtlebot3_example/turtlebot3_position_control/main.py
/home/ssfa/ros2_ws/install/turtlebot3_example/lib/python3.10/site-packages/turtlebot3_example/turtlebot3_obstacle_detection/__init__.py
/home/ssfa/ros2_ws/install/turtlebot3_example/lib/python3.10/site-packages/turtlebot3_example/turtlebot3_obstacle_detection/turtlebot3_obstacle_detection.py
/home/ssfa/ros2_ws/install/turtlebot3_example/lib/python3.10/site-packages/turtlebot3_example/turtlebot3_obstacle_detection/main.py
/home/ssfa/ros2_ws/install/turtlebot3_example/lib/python3.10/site-packages/turtlebot3_example/turtlebot3_patrol_server/turtlebot3_path.py
/home/ssfa/ros2_ws/install/turtlebot3_example/lib/python3.10/site-packages/turtlebot3_example/turtlebot3_patrol_server/__init__.py
/home/ssfa/ros2_ws/install/turtlebot3_example/lib/python3.10/site-packages/turtlebot3_example/turtlebot3_patrol_server/main.py
/home/ssfa/ros2_ws/install/turtlebot3_example/lib/python3.10/site-packages/turtlebot3_example/turtlebot3_patrol_server/turtlebot3_patrol_server.py
/home/ssfa/ros2_ws/install/turtlebot3_example/lib/python3.10/site-packages/turtlebot3_example/__pycache__/__init__.cpython-310.pyc
/home/ssfa/ros2_ws/install/turtlebot3_example/lib/python3.10/site-packages/turtlebot3_example/turtlebot3_patrol_client/__pycache__/turtlebot3_patrol_client.cpython-310.pyc
/home/ssfa/ros2_ws/install/turtlebot3_example/lib/python3.10/site-packages/turtlebot3_example/turtlebot3_patrol_client/__pycache__/__init__.cpython-310.pyc
/home/ssfa/ros2_ws/install/turtlebot3_example/lib/python3.10/site-packages/turtlebot3_example/turtlebot3_patrol_client/__pycache__/main.cpython-310.pyc
/home/ssfa/ros2_ws/install/turtlebot3_example/lib/python3.10/site-packages/turtlebot3_example/turtlebot3_position_control/__pycache__/turtlebot3_path.cpython-310.pyc
/home/ssfa/ros2_ws/install/turtlebot3_example/lib/python3.10/site-packages/turtlebot3_example/turtlebot3_position_control/__pycache__/__init__.cpython-310.pyc
/home/ssfa/ros2_ws/install/turtlebot3_example/lib/python3.10/site-packages/turtlebot3_example/turtlebot3_position_control/__pycache__/turtlebot3_position_control.cpython-310.pyc
/home/ssfa/ros2_ws/install/turtlebot3_example/lib/python3.10/site-packages/turtlebot3_example/turtlebot3_position_control/__pycache__/main.cpython-310.pyc
/home/ssfa/ros2_ws/install/turtlebot3_example/lib/python3.10/site-packages/turtlebot3_example/turtlebot3_obstacle_detection/__pycache__/__init__.cpython-310.pyc
/home/ssfa/ros2_ws/install/turtlebot3_example/lib/python3.10/site-packages/turtlebot3_example/turtlebot3_obstacle_detection/__pycache__/turtlebot3_obstacle_detection.cpython-310.pyc
/home/ssfa/ros2_ws/install/turtlebot3_example/lib/python3.10/site-packages/turtlebot3_example/turtlebot3_obstacle_detection/__pycache__/main.cpython-310.pyc
/home/ssfa/ros2_ws/install/turtlebot3_example/lib/python3.10/site-packages/turtlebot3_example/turtlebot3_patrol_server/__pycache__/turtlebot3_path.cpython-310.pyc
/home/ssfa/ros2_ws/install/turtlebot3_example/lib/python3.10/site-packages/turtlebot3_example/turtlebot3_patrol_server/__pycache__/__init__.cpython-310.pyc
/home/ssfa/ros2_ws/install/turtlebot3_example/lib/python3.10/site-packages/turtlebot3_example/turtlebot3_patrol_server/__pycache__/main.cpython-310.pyc
/home/ssfa/ros2_ws/install/turtlebot3_example/lib/python3.10/site-packages/turtlebot3_example/turtlebot3_patrol_server/__pycache__/turtlebot3_patrol_server.cpython-310.pyc
/home/ssfa/ros2_ws/install/turtlebot3_example/share/ament_index/resource_index/packages/turtlebot3_example
/home/ssfa/ros2_ws/install/turtlebot3_example/share/turtlebot3_example/package.xml
/home/ssfa/ros2_ws/install/turtlebot3_example/lib/python3.10/site-packages/turtlebot3_example-2.0.1-py3.10.egg-info/requires.txt
/home/ssfa/ros2_ws/install/turtlebot3_example/lib/python3.10/site-packages/turtlebot3_example-2.0.1-py3.10.egg-info/SOURCES.txt
/home/ssfa/ros2_ws/install/turtlebot3_example/lib/python3.10/site-packages/turtlebot3_example-2.0.1-py3.10.egg-info/top_level.txt
/home/ssfa/ros2_ws/install/turtlebot3_example/lib/python3.10/site-packages/turtlebot3_example-2.0.1-py3.10.egg-info/entry_points.txt
/home/ssfa/ros2_ws/install/turtlebot3_example/lib/python3.10/site-packages/turtlebot3_example-2.0.1-py3.10.egg-info/dependency_links.txt
/home/ssfa/ros2_ws/install/turtlebot3_example/lib/python3.10/site-packages/turtlebot3_example-2.0.1-py3.10.egg-info/zip-safe
/home/ssfa/ros2_ws/install/turtlebot3_example/lib/python3.10/site-packages/turtlebot3_example-2.0.1-py3.10.egg-info/PKG-INFO
/home/ssfa/ros2_ws/install/turtlebot3_example/lib/turtlebot3_example/turtlebot3_obstacle_detection
/home/ssfa/ros2_ws/install/turtlebot3_example/lib/turtlebot3_example/turtlebot3_patrol_client
/home/ssfa/ros2_ws/install/turtlebot3_example/lib/turtlebot3_example/turtlebot3_patrol_server
/home/ssfa/ros2_ws/install/turtlebot3_example/lib/turtlebot3_example/turtlebot3_position_control
