[1.404s] Invoking command in '/home/ssfa/ros2_ws/build/exercise_pkg': PYTHONPATH=/home/ssfa/ros2_ws/build/exercise_pkg/prefix_override:/usr/lib/python3/dist-packages/colcon_core/task/python/colcon_distutils_commands:/home/ssfa/ros2_ws/install/exercise_pkg/lib/python3.10/site-packages:${PYTHONPATH} /usr/bin/python3 -W ignore:setup.py install is deprecated setup.py develop --editable --build-directory /home/ssfa/ros2_ws/build/exercise_pkg/build --no-deps symlink_data
[1.611s] running develop
[1.611s] /usr/lib/python3/dist-packages/setuptools/command/easy_install.py:158: EasyInstallDeprecationWarning: easy_install command is deprecated. Use build and pip and other standards-based tools.
[1.611s]   warnings.warn(
[1.754s] running egg_info
[1.754s] writing exercise_pkg.egg-info/PKG-INFO
[1.754s] writing dependency_links to exercise_pkg.egg-info/dependency_links.txt
[1.754s] writing entry points to exercise_pkg.egg-info/entry_points.txt
[1.754s] writing requirements to exercise_pkg.egg-info/requires.txt
[1.755s] writing top-level names to exercise_pkg.egg-info/top_level.txt
[1.755s] reading manifest file 'exercise_pkg.egg-info/SOURCES.txt'
[1.755s] writing manifest file 'exercise_pkg.egg-info/SOURCES.txt'
[1.755s] running build_ext
[1.755s] Creating /home/ssfa/ros2_ws/install/exercise_pkg/lib/python3.10/site-packages/exercise-pkg.egg-link (link to .)
[1.755s] Installing exercise1 script to /home/ssfa/ros2_ws/install/exercise_pkg/lib/exercise_pkg
[1.755s] Installing exercise2 script to /home/ssfa/ros2_ws/install/exercise_pkg/lib/exercise_pkg
[1.755s] Installing exercise3 script to /home/ssfa/ros2_ws/install/exercise_pkg/lib/exercise_pkg
[1.756s] 
[1.756s] Installed /home/ssfa/ros2_ws/build/exercise_pkg
[1.756s] running symlink_data
[2.137s] Invoked command in '/home/ssfa/ros2_ws/build/exercise_pkg' returned '0': PYTHONPATH=/home/ssfa/ros2_ws/build/exercise_pkg/prefix_override:/usr/lib/python3/dist-packages/colcon_core/task/python/colcon_distutils_commands:/home/ssfa/ros2_ws/install/exercise_pkg/lib/python3.10/site-packages:${PYTHONPATH} /usr/bin/python3 -W ignore:setup.py install is deprecated setup.py develop --editable --build-directory /home/ssfa/ros2_ws/build/exercise_pkg/build --no-deps symlink_data
