[2.569s] Invoking command in '/home/ssfa/ros2_ws/src/color_shape_detector': PYTHONPATH=/home/ssfa/ros2_ws/build/color_shape_detector/prefix_override:/usr/lib/python3/dist-packages/colcon_core/task/python/colcon_distutils_commands:/home/ssfa/ros2_ws/install/color_shape_detector/lib/python3.10/site-packages:${PYTHONPATH} /usr/bin/python3 -W ignore:setup.py install is deprecated setup.py egg_info --egg-base ../../build/color_shape_detector build --build-base /home/ssfa/ros2_ws/build/color_shape_detector/build install --record /home/ssfa/ros2_ws/build/color_shape_detector/install.log --single-version-externally-managed install_data
[3.199s] running egg_info
[3.201s] writing ../../build/color_shape_detector/color_shape_detector.egg-info/PKG-INFO
[3.202s] writing dependency_links to ../../build/color_shape_detector/color_shape_detector.egg-info/dependency_links.txt
[3.202s] writing entry points to ../../build/color_shape_detector/color_shape_detector.egg-info/entry_points.txt
[3.202s] writing requirements to ../../build/color_shape_detector/color_shape_detector.egg-info/requires.txt
[3.202s] writing top-level names to ../../build/color_shape_detector/color_shape_detector.egg-info/top_level.txt
[3.206s] reading manifest file '../../build/color_shape_detector/color_shape_detector.egg-info/SOURCES.txt'
[3.208s] writing manifest file '../../build/color_shape_detector/color_shape_detector.egg-info/SOURCES.txt'
[3.208s] running build
[3.209s] running build_py
[3.209s] copying color_shape_detector/basic_image_subscriber.py -> /home/ssfa/ros2_ws/build/color_shape_detector/build/lib/color_shape_detector
[3.210s] running install
[3.210s] running install_lib
[3.212s] copying /home/ssfa/ros2_ws/build/color_shape_detector/build/lib/color_shape_detector/basic_image_subscriber.py -> /home/ssfa/ros2_ws/install/color_shape_detector/lib/python3.10/site-packages/color_shape_detector
[3.213s] byte-compiling /home/ssfa/ros2_ws/install/color_shape_detector/lib/python3.10/site-packages/color_shape_detector/basic_image_subscriber.py to basic_image_subscriber.cpython-310.pyc
[3.215s] running install_data
[3.215s] running install_egg_info
[3.219s] removing '/home/ssfa/ros2_ws/install/color_shape_detector/lib/python3.10/site-packages/color_shape_detector-0.0.0-py3.10.egg-info' (and everything under it)
[3.219s] Copying ../../build/color_shape_detector/color_shape_detector.egg-info to /home/ssfa/ros2_ws/install/color_shape_detector/lib/python3.10/site-packages/color_shape_detector-0.0.0-py3.10.egg-info
[3.221s] running install_scripts
[3.260s] Installing img_publisher script to /home/ssfa/ros2_ws/install/color_shape_detector/lib/color_shape_detector
[3.260s] Installing img_subscriber script to /home/ssfa/ros2_ws/install/color_shape_detector/lib/color_shape_detector
[3.261s] writing list of installed files to '/home/ssfa/ros2_ws/build/color_shape_detector/install.log'
[3.422s] Invoked command in '/home/ssfa/ros2_ws/src/color_shape_detector' returned '0': PYTHONPATH=/home/ssfa/ros2_ws/build/color_shape_detector/prefix_override:/usr/lib/python3/dist-packages/colcon_core/task/python/colcon_distutils_commands:/home/ssfa/ros2_ws/install/color_shape_detector/lib/python3.10/site-packages:${PYTHONPATH} /usr/bin/python3 -W ignore:setup.py install is deprecated setup.py egg_info --egg-base ../../build/color_shape_detector build --build-base /home/ssfa/ros2_ws/build/color_shape_detector/build install --record /home/ssfa/ros2_ws/build/color_shape_detector/install.log --single-version-externally-managed install_data
