[2.587s] Invoking command in '/home/ssfa/ros2_ws/src/shape_detector': PYTHONPATH=/home/ssfa/ros2_ws/build/shape_detector/prefix_override:/usr/lib/python3/dist-packages/colcon_core/task/python/colcon_distutils_commands:/home/ssfa/ros2_ws/install/shape_detector/lib/python3.10/site-packages:${PYTHONPATH} /usr/bin/python3 -W ignore:setup.py install is deprecated setup.py egg_info --egg-base ../../build/shape_detector build --build-base /home/ssfa/ros2_ws/build/shape_detector/build install --record /home/ssfa/ros2_ws/build/shape_detector/install.log --single-version-externally-managed install_data
[3.064s] running egg_info
[3.065s] writing ../../build/shape_detector/shape_detector.egg-info/PKG-INFO
[3.066s] writing dependency_links to ../../build/shape_detector/shape_detector.egg-info/dependency_links.txt
[3.067s] writing entry points to ../../build/shape_detector/shape_detector.egg-info/entry_points.txt
[3.067s] writing requirements to ../../build/shape_detector/shape_detector.egg-info/requires.txt
[3.067s] writing top-level names to ../../build/shape_detector/shape_detector.egg-info/top_level.txt
[3.069s] reading manifest file '../../build/shape_detector/shape_detector.egg-info/SOURCES.txt'
[3.071s] writing manifest file '../../build/shape_detector/shape_detector.egg-info/SOURCES.txt'
[3.071s] running build
[3.071s] running build_py
[3.071s] copying shape_detector/shape_detector.py -> /home/ssfa/ros2_ws/build/shape_detector/build/lib/shape_detector
[3.072s] copying shape_detector/usb_cam.py -> /home/ssfa/ros2_ws/build/shape_detector/build/lib/shape_detector
[3.072s] running install
[3.074s] running install_lib
[3.075s] copying /home/ssfa/ros2_ws/build/shape_detector/build/lib/shape_detector/shape_detector.py -> /home/ssfa/ros2_ws/install/shape_detector/lib/python3.10/site-packages/shape_detector
[3.075s] copying /home/ssfa/ros2_ws/build/shape_detector/build/lib/shape_detector/usb_cam.py -> /home/ssfa/ros2_ws/install/shape_detector/lib/python3.10/site-packages/shape_detector
[3.077s] byte-compiling /home/ssfa/ros2_ws/install/shape_detector/lib/python3.10/site-packages/shape_detector/shape_detector.py to shape_detector.cpython-310.pyc
[3.079s] byte-compiling /home/ssfa/ros2_ws/install/shape_detector/lib/python3.10/site-packages/shape_detector/usb_cam.py to usb_cam.cpython-310.pyc
[3.079s] running install_data
[3.079s] running install_egg_info
[3.088s] removing '/home/ssfa/ros2_ws/install/shape_detector/lib/python3.10/site-packages/shape_detector-0.0.0-py3.10.egg-info' (and everything under it)
[3.088s] Copying ../../build/shape_detector/shape_detector.egg-info to /home/ssfa/ros2_ws/install/shape_detector/lib/python3.10/site-packages/shape_detector-0.0.0-py3.10.egg-info
[3.089s] running install_scripts
[3.134s] Installing shape_detector script to /home/ssfa/ros2_ws/install/shape_detector/lib/shape_detector
[3.135s] writing list of installed files to '/home/ssfa/ros2_ws/build/shape_detector/install.log'
[3.406s] Invoked command in '/home/ssfa/ros2_ws/src/shape_detector' returned '0': PYTHONPATH=/home/ssfa/ros2_ws/build/shape_detector/prefix_override:/usr/lib/python3/dist-packages/colcon_core/task/python/colcon_distutils_commands:/home/ssfa/ros2_ws/install/shape_detector/lib/python3.10/site-packages:${PYTHONPATH} /usr/bin/python3 -W ignore:setup.py install is deprecated setup.py egg_info --egg-base ../../build/shape_detector build --build-base /home/ssfa/ros2_ws/build/shape_detector/build install --record /home/ssfa/ros2_ws/build/shape_detector/install.log --single-version-externally-managed install_data
