-- Found ament_cmake: 1.3.9 (/opt/ros/humble/share/ament_cmake/cmake)
-- Override CMake install command with custom implementation using symlinks instead of copying resources
-- Found rclcpp: 16.0.9 (/opt/ros/humble/share/rclcpp/cmake)
-- Found rosidl_generator_c: 3.1.5 (/opt/ros/humble/share/rosidl_generator_c/cmake)
-- Found rosidl_adapter: 3.1.5 (/opt/ros/humble/share/rosidl_adapter/cmake)
-- Found rosidl_generator_cpp: 3.1.5 (/opt/ros/humble/share/rosidl_generator_cpp/cmake)
-- Using all available rosidl_typesupport_c: rosidl_typesupport_fastrtps_c;rosidl_typesupport_introspection_c
-- Using all available rosidl_typesupport_cpp: rosidl_typesupport_fastrtps_cpp;rosidl_typesupport_introspection_cpp
-- Found rmw_implementation_cmake: 6.1.2 (/opt/ros/humble/share/rmw_implementation_cmake/cmake)
-- Found rmw_fastrtps_cpp: 6.2.6 (/opt/ros/humble/share/rmw_fastrtps_cpp/cmake)
-- Using RMW implementation 'rmw_fastrtps_cpp' as default
-- Found rclcpp_action: 16.0.9 (/opt/ros/humble/share/rclcpp_action/cmake)
-- Found t3_action_msg: 0.0.0 (/home/ssfa/ros2_ws/install/t3_action_msg/share/t3_action_msg/cmake)
-- Found geometry_msgs: 4.2.4 (/opt/ros/humble/share/geometry_msgs/cmake)
-- Found ament_lint_auto: 0.12.11 (/opt/ros/humble/share/ament_lint_auto/cmake)
-- Added test 'copyright' to check source files copyright and LICENSE
-- Added test 'cppcheck' to perform static code analysis on C / C++ code
-- Configured cppcheck include dirs: 
-- Configured cppcheck exclude dirs and/or files: 
-- Added test 'cpplint' to check C / C++ code against the Google style
-- Configured cpplint exclude dirs and/or files: 
-- Added test 'flake8' to check Python code syntax and style conventions
-- Added test 'lint_cmake' to check CMake code style
-- Added test 'pep257' to check Python code against some of the docstring style conventions in PEP 257
-- Added test 'uncrustify' to check C / C++ code style
-- Configured uncrustify additional arguments: 
-- Added test 'xmllint' to check XML markup files
-- Configuring done
-- Generating done
-- Build files have been written to: /home/ssfa/ros2_ws/build/turtlebot3_as
[35m[1mConsolidate compiler generated dependencies of target turtlebot3_as[0m
[100%] Built target turtlebot3_as
-- Install configuration: ""
-- Execute custom install script
-- Up-to-date symlink: /home/ssfa/ros2_ws/install/turtlebot3_as/lib/turtlebot3_as/turtlebot3_as
-- Up-to-date symlink: /home/ssfa/ros2_ws/install/turtlebot3_as/share/turtlebot3_as//launch/action_server.launch.py
-- Up-to-date symlink: /home/ssfa/ros2_ws/install/turtlebot3_as/share/ament_index/resource_index/package_run_dependencies/turtlebot3_as
-- Up-to-date symlink: /home/ssfa/ros2_ws/install/turtlebot3_as/share/ament_index/resource_index/parent_prefix_path/turtlebot3_as
-- Up-to-date symlink: /home/ssfa/ros2_ws/install/turtlebot3_as/share/turtlebot3_as/environment/ament_prefix_path.sh
-- Up-to-date symlink: /home/ssfa/ros2_ws/install/turtlebot3_as/share/turtlebot3_as/environment/ament_prefix_path.dsv
-- Up-to-date symlink: /home/ssfa/ros2_ws/install/turtlebot3_as/share/turtlebot3_as/environment/path.sh
-- Up-to-date symlink: /home/ssfa/ros2_ws/install/turtlebot3_as/share/turtlebot3_as/environment/path.dsv
-- Up-to-date symlink: /home/ssfa/ros2_ws/install/turtlebot3_as/share/turtlebot3_as/local_setup.bash
-- Up-to-date symlink: /home/ssfa/ros2_ws/install/turtlebot3_as/share/turtlebot3_as/local_setup.sh
-- Up-to-date symlink: /home/ssfa/ros2_ws/install/turtlebot3_as/share/turtlebot3_as/local_setup.zsh
-- Up-to-date symlink: /home/ssfa/ros2_ws/install/turtlebot3_as/share/turtlebot3_as/local_setup.dsv
-- Symlinking: /home/ssfa/ros2_ws/install/turtlebot3_as/share/turtlebot3_as/package.dsv
-- Up-to-date symlink: /home/ssfa/ros2_ws/install/turtlebot3_as/share/ament_index/resource_index/packages/turtlebot3_as
-- Up-to-date symlink: /home/ssfa/ros2_ws/install/turtlebot3_as/share/turtlebot3_as/cmake/turtlebot3_asConfig.cmake
-- Up-to-date symlink: /home/ssfa/ros2_ws/install/turtlebot3_as/share/turtlebot3_as/cmake/turtlebot3_asConfig-version.cmake
-- Up-to-date symlink: /home/ssfa/ros2_ws/install/turtlebot3_as/share/turtlebot3_as/package.xml
