[0.033s] Invoking command in '/home/ssfa/ros2_ws/build/turtlebot3_as': CMAKE_PREFIX_PATH=/home/ssfa/ros2_ws/install/t3_action_msg:/home/ssfa/ros2_ws/install/two_wheeled_robot:/home/ssfa/ros2_ws/install/turtlebot3:/home/ssfa/ros2_ws/install/turtlebot3_simulations:/home/ssfa/ros2_ws/install/turtlebot3_navigation2:/home/ssfa/ros2_ws/install/turtlebot3_msgs:/home/ssfa/ros2_ws/install/turtlebot3_gazebo:/home/ssfa/ros2_ws/install/turtlebot3_bringup:/home/ssfa/ros2_ws/install/turtlebot3_description:/home/ssfa/ros2_ws/install/turtlebot3_cartographer:/home/ssfa/ros2_ws/install/turtlebot3_as:/home/ssfa/ros2_ws/install/dynamixel_sdk:/home/ssfa/ros2_ws/install/custom_interfaces:/home/ssfa/ros2_ws/install/turtlebot3_teleop:/home/ssfa/ros2_ws/install/turtlebot3_example:/home/ssfa/ros2_ws/install/topic_exercise:/home/ssfa/ros2_ws/install/subscriber_pkg:/home/ssfa/ros2_ws/install/services_pkg:/home/ssfa/ros2_ws/install/publisher_pkg:/home/ssfa/ros2_ws/install/my_package:/home/ssfa/ros2_ws/install/movement_pkg:/home/ssfa/ros2_ws/install/exercise_pkg:/home/ssfa/ros2_ws/install/custom_interface_example:/home/ssfa/ros2_ws/install/client_pkg:/opt/ros/humble LD_LIBRARY_PATH=/home/ssfa/ros2_ws/install/t3_action_msg/lib:/home/ssfa/ros2_ws/install/turtlebot3_msgs/lib:/home/ssfa/ros2_ws/install/dynamixel_sdk/lib:/home/ssfa/ros2_ws/install/custom_interfaces/lib:/usr/lib/x86_64-linux-gnu/gazebo-11/plugins:/opt/ros/humble/opt/rviz_ogre_vendor/lib:/opt/ros/humble/lib/x86_64-linux-gnu:/opt/ros/humble/lib /usr/bin/cmake /home/ssfa/ros2_ws/src/t3/turtlebot3_as -DCMAKE_INSTALL_PREFIX=/home/ssfa/ros2_ws/install/turtlebot3_as
[0.062s] -- Found ament_cmake: 1.3.9 (/opt/ros/humble/share/ament_cmake/cmake)
[0.367s] -- Override CMake install command with custom implementation using symlinks instead of copying resources
[0.380s] -- Found rclcpp: 16.0.9 (/opt/ros/humble/share/rclcpp/cmake)
[0.441s] -- Found rosidl_generator_c: 3.1.5 (/opt/ros/humble/share/rosidl_generator_c/cmake)
[0.446s] -- Found rosidl_adapter: 3.1.5 (/opt/ros/humble/share/rosidl_adapter/cmake)
[0.461s] -- Found rosidl_generator_cpp: 3.1.5 (/opt/ros/humble/share/rosidl_generator_cpp/cmake)
[0.497s] -- Using all available rosidl_typesupport_c: rosidl_typesupport_fastrtps_c;rosidl_typesupport_introspection_c
[0.532s] -- Using all available rosidl_typesupport_cpp: rosidl_typesupport_fastrtps_cpp;rosidl_typesupport_introspection_cpp
[0.656s] -- Found rmw_implementation_cmake: 6.1.2 (/opt/ros/humble/share/rmw_implementation_cmake/cmake)
[0.660s] -- Found rmw_fastrtps_cpp: 6.2.6 (/opt/ros/humble/share/rmw_fastrtps_cpp/cmake)
[0.900s] -- Using RMW implementation 'rmw_fastrtps_cpp' as default
[1.125s] -- Found rclcpp_action: 16.0.9 (/opt/ros/humble/share/rclcpp_action/cmake)
[1.281s] -- Found t3_action_msg: 0.0.0 (/home/ssfa/ros2_ws/install/t3_action_msg/share/t3_action_msg/cmake)
[1.395s] -- Found geometry_msgs: 4.2.4 (/opt/ros/humble/share/geometry_msgs/cmake)
[1.502s] -- Found ament_lint_auto: 0.12.11 (/opt/ros/humble/share/ament_lint_auto/cmake)
[1.714s] -- Added test 'copyright' to check source files copyright and LICENSE
[1.716s] -- Added test 'cppcheck' to perform static code analysis on C / C++ code
[1.717s] -- Configured cppcheck include dirs: 
[1.717s] -- Configured cppcheck exclude dirs and/or files: 
[1.718s] -- Added test 'cpplint' to check C / C++ code against the Google style
[1.719s] -- Configured cpplint exclude dirs and/or files: 
[1.720s] -- Added test 'flake8' to check Python code syntax and style conventions
[1.721s] -- Added test 'lint_cmake' to check CMake code style
[1.722s] -- Added test 'pep257' to check Python code against some of the docstring style conventions in PEP 257
[1.723s] -- Added test 'uncrustify' to check C / C++ code style
[1.723s] -- Configured uncrustify additional arguments: 
[1.724s] -- Added test 'xmllint' to check XML markup files
[1.727s] -- Configuring done
[1.751s] -- Generating done
[1.754s] -- Build files have been written to: /home/ssfa/ros2_ws/build/turtlebot3_as
[2.016s] Invoked command in '/home/ssfa/ros2_ws/build/turtlebot3_as' returned '0': CMAKE_PREFIX_PATH=/home/ssfa/ros2_ws/install/t3_action_msg:/home/ssfa/ros2_ws/install/two_wheeled_robot:/home/ssfa/ros2_ws/install/turtlebot3:/home/ssfa/ros2_ws/install/turtlebot3_simulations:/home/ssfa/ros2_ws/install/turtlebot3_navigation2:/home/ssfa/ros2_ws/install/turtlebot3_msgs:/home/ssfa/ros2_ws/install/turtlebot3_gazebo:/home/ssfa/ros2_ws/install/turtlebot3_bringup:/home/ssfa/ros2_ws/install/turtlebot3_description:/home/ssfa/ros2_ws/install/turtlebot3_cartographer:/home/ssfa/ros2_ws/install/turtlebot3_as:/home/ssfa/ros2_ws/install/dynamixel_sdk:/home/ssfa/ros2_ws/install/custom_interfaces:/home/ssfa/ros2_ws/install/turtlebot3_teleop:/home/ssfa/ros2_ws/install/turtlebot3_example:/home/ssfa/ros2_ws/install/topic_exercise:/home/ssfa/ros2_ws/install/subscriber_pkg:/home/ssfa/ros2_ws/install/services_pkg:/home/ssfa/ros2_ws/install/publisher_pkg:/home/ssfa/ros2_ws/install/my_package:/home/ssfa/ros2_ws/install/movement_pkg:/home/ssfa/ros2_ws/install/exercise_pkg:/home/ssfa/ros2_ws/install/custom_interface_example:/home/ssfa/ros2_ws/install/client_pkg:/opt/ros/humble LD_LIBRARY_PATH=/home/ssfa/ros2_ws/install/t3_action_msg/lib:/home/ssfa/ros2_ws/install/turtlebot3_msgs/lib:/home/ssfa/ros2_ws/install/dynamixel_sdk/lib:/home/ssfa/ros2_ws/install/custom_interfaces/lib:/usr/lib/x86_64-linux-gnu/gazebo-11/plugins:/opt/ros/humble/opt/rviz_ogre_vendor/lib:/opt/ros/humble/lib/x86_64-linux-gnu:/opt/ros/humble/lib /usr/bin/cmake /home/ssfa/ros2_ws/src/t3/turtlebot3_as -DCMAKE_INSTALL_PREFIX=/home/ssfa/ros2_ws/install/turtlebot3_as
[2.030s] Invoking command in '/home/ssfa/ros2_ws/build/turtlebot3_as': CMAKE_PREFIX_PATH=/home/ssfa/ros2_ws/install/t3_action_msg:/home/ssfa/ros2_ws/install/two_wheeled_robot:/home/ssfa/ros2_ws/install/turtlebot3:/home/ssfa/ros2_ws/install/turtlebot3_simulations:/home/ssfa/ros2_ws/install/turtlebot3_navigation2:/home/ssfa/ros2_ws/install/turtlebot3_msgs:/home/ssfa/ros2_ws/install/turtlebot3_gazebo:/home/ssfa/ros2_ws/install/turtlebot3_bringup:/home/ssfa/ros2_ws/install/turtlebot3_description:/home/ssfa/ros2_ws/install/turtlebot3_cartographer:/home/ssfa/ros2_ws/install/turtlebot3_as:/home/ssfa/ros2_ws/install/dynamixel_sdk:/home/ssfa/ros2_ws/install/custom_interfaces:/home/ssfa/ros2_ws/install/turtlebot3_teleop:/home/ssfa/ros2_ws/install/turtlebot3_example:/home/ssfa/ros2_ws/install/topic_exercise:/home/ssfa/ros2_ws/install/subscriber_pkg:/home/ssfa/ros2_ws/install/services_pkg:/home/ssfa/ros2_ws/install/publisher_pkg:/home/ssfa/ros2_ws/install/my_package:/home/ssfa/ros2_ws/install/movement_pkg:/home/ssfa/ros2_ws/install/exercise_pkg:/home/ssfa/ros2_ws/install/custom_interface_example:/home/ssfa/ros2_ws/install/client_pkg:/opt/ros/humble LD_LIBRARY_PATH=/home/ssfa/ros2_ws/install/t3_action_msg/lib:/home/ssfa/ros2_ws/install/turtlebot3_msgs/lib:/home/ssfa/ros2_ws/install/dynamixel_sdk/lib:/home/ssfa/ros2_ws/install/custom_interfaces/lib:/usr/lib/x86_64-linux-gnu/gazebo-11/plugins:/opt/ros/humble/opt/rviz_ogre_vendor/lib:/opt/ros/humble/lib/x86_64-linux-gnu:/opt/ros/humble/lib /usr/bin/cmake --build /home/ssfa/ros2_ws/build/turtlebot3_as -- -j12 -l12
[2.163s] [35m[1mConsolidate compiler generated dependencies of target turtlebot3_as[0m
[2.214s] [100%] Built target turtlebot3_as
[2.275s] Invoked command in '/home/ssfa/ros2_ws/build/turtlebot3_as' returned '0': CMAKE_PREFIX_PATH=/home/ssfa/ros2_ws/install/t3_action_msg:/home/ssfa/ros2_ws/install/two_wheeled_robot:/home/ssfa/ros2_ws/install/turtlebot3:/home/ssfa/ros2_ws/install/turtlebot3_simulations:/home/ssfa/ros2_ws/install/turtlebot3_navigation2:/home/ssfa/ros2_ws/install/turtlebot3_msgs:/home/ssfa/ros2_ws/install/turtlebot3_gazebo:/home/ssfa/ros2_ws/install/turtlebot3_bringup:/home/ssfa/ros2_ws/install/turtlebot3_description:/home/ssfa/ros2_ws/install/turtlebot3_cartographer:/home/ssfa/ros2_ws/install/turtlebot3_as:/home/ssfa/ros2_ws/install/dynamixel_sdk:/home/ssfa/ros2_ws/install/custom_interfaces:/home/ssfa/ros2_ws/install/turtlebot3_teleop:/home/ssfa/ros2_ws/install/turtlebot3_example:/home/ssfa/ros2_ws/install/topic_exercise:/home/ssfa/ros2_ws/install/subscriber_pkg:/home/ssfa/ros2_ws/install/services_pkg:/home/ssfa/ros2_ws/install/publisher_pkg:/home/ssfa/ros2_ws/install/my_package:/home/ssfa/ros2_ws/install/movement_pkg:/home/ssfa/ros2_ws/install/exercise_pkg:/home/ssfa/ros2_ws/install/custom_interface_example:/home/ssfa/ros2_ws/install/client_pkg:/opt/ros/humble LD_LIBRARY_PATH=/home/ssfa/ros2_ws/install/t3_action_msg/lib:/home/ssfa/ros2_ws/install/turtlebot3_msgs/lib:/home/ssfa/ros2_ws/install/dynamixel_sdk/lib:/home/ssfa/ros2_ws/install/custom_interfaces/lib:/usr/lib/x86_64-linux-gnu/gazebo-11/plugins:/opt/ros/humble/opt/rviz_ogre_vendor/lib:/opt/ros/humble/lib/x86_64-linux-gnu:/opt/ros/humble/lib /usr/bin/cmake --build /home/ssfa/ros2_ws/build/turtlebot3_as -- -j12 -l12
[2.407s] Invoking command in '/home/ssfa/ros2_ws/build/turtlebot3_as': CMAKE_PREFIX_PATH=/home/ssfa/ros2_ws/install/t3_action_msg:/home/ssfa/ros2_ws/install/two_wheeled_robot:/home/ssfa/ros2_ws/install/turtlebot3:/home/ssfa/ros2_ws/install/turtlebot3_simulations:/home/ssfa/ros2_ws/install/turtlebot3_navigation2:/home/ssfa/ros2_ws/install/turtlebot3_msgs:/home/ssfa/ros2_ws/install/turtlebot3_gazebo:/home/ssfa/ros2_ws/install/turtlebot3_bringup:/home/ssfa/ros2_ws/install/turtlebot3_description:/home/ssfa/ros2_ws/install/turtlebot3_cartographer:/home/ssfa/ros2_ws/install/turtlebot3_as:/home/ssfa/ros2_ws/install/dynamixel_sdk:/home/ssfa/ros2_ws/install/custom_interfaces:/home/ssfa/ros2_ws/install/turtlebot3_teleop:/home/ssfa/ros2_ws/install/turtlebot3_example:/home/ssfa/ros2_ws/install/topic_exercise:/home/ssfa/ros2_ws/install/subscriber_pkg:/home/ssfa/ros2_ws/install/services_pkg:/home/ssfa/ros2_ws/install/publisher_pkg:/home/ssfa/ros2_ws/install/my_package:/home/ssfa/ros2_ws/install/movement_pkg:/home/ssfa/ros2_ws/install/exercise_pkg:/home/ssfa/ros2_ws/install/custom_interface_example:/home/ssfa/ros2_ws/install/client_pkg:/opt/ros/humble LD_LIBRARY_PATH=/home/ssfa/ros2_ws/install/t3_action_msg/lib:/home/ssfa/ros2_ws/install/turtlebot3_msgs/lib:/home/ssfa/ros2_ws/install/dynamixel_sdk/lib:/home/ssfa/ros2_ws/install/custom_interfaces/lib:/usr/lib/x86_64-linux-gnu/gazebo-11/plugins:/opt/ros/humble/opt/rviz_ogre_vendor/lib:/opt/ros/humble/lib/x86_64-linux-gnu:/opt/ros/humble/lib /usr/bin/cmake --install /home/ssfa/ros2_ws/build/turtlebot3_as
[2.423s] -- Install configuration: ""
[2.424s] -- Execute custom install script
[2.437s] -- Up-to-date symlink: /home/ssfa/ros2_ws/install/turtlebot3_as/lib/turtlebot3_as/turtlebot3_as
[2.439s] -- Up-to-date symlink: /home/ssfa/ros2_ws/install/turtlebot3_as/share/turtlebot3_as//launch/action_server.launch.py
[2.439s] -- Up-to-date symlink: /home/ssfa/ros2_ws/install/turtlebot3_as/share/ament_index/resource_index/package_run_dependencies/turtlebot3_as
[2.439s] -- Up-to-date symlink: /home/ssfa/ros2_ws/install/turtlebot3_as/share/ament_index/resource_index/parent_prefix_path/turtlebot3_as
[2.440s] -- Up-to-date symlink: /home/ssfa/ros2_ws/install/turtlebot3_as/share/turtlebot3_as/environment/ament_prefix_path.sh
[2.440s] -- Up-to-date symlink: /home/ssfa/ros2_ws/install/turtlebot3_as/share/turtlebot3_as/environment/ament_prefix_path.dsv
[2.441s] -- Up-to-date symlink: /home/ssfa/ros2_ws/install/turtlebot3_as/share/turtlebot3_as/environment/path.sh
[2.441s] -- Up-to-date symlink: /home/ssfa/ros2_ws/install/turtlebot3_as/share/turtlebot3_as/environment/path.dsv
[2.441s] -- Up-to-date symlink: /home/ssfa/ros2_ws/install/turtlebot3_as/share/turtlebot3_as/local_setup.bash
[2.442s] -- Up-to-date symlink: /home/ssfa/ros2_ws/install/turtlebot3_as/share/turtlebot3_as/local_setup.sh
[2.442s] -- Up-to-date symlink: /home/ssfa/ros2_ws/install/turtlebot3_as/share/turtlebot3_as/local_setup.zsh
[2.442s] -- Up-to-date symlink: /home/ssfa/ros2_ws/install/turtlebot3_as/share/turtlebot3_as/local_setup.dsv
[2.443s] -- Symlinking: /home/ssfa/ros2_ws/install/turtlebot3_as/share/turtlebot3_as/package.dsv
[2.473s] -- Up-to-date symlink: /home/ssfa/ros2_ws/install/turtlebot3_as/share/ament_index/resource_index/packages/turtlebot3_as
[2.473s] -- Up-to-date symlink: /home/ssfa/ros2_ws/install/turtlebot3_as/share/turtlebot3_as/cmake/turtlebot3_asConfig.cmake
[2.474s] -- Up-to-date symlink: /home/ssfa/ros2_ws/install/turtlebot3_as/share/turtlebot3_as/cmake/turtlebot3_asConfig-version.cmake
[2.474s] -- Up-to-date symlink: /home/ssfa/ros2_ws/install/turtlebot3_as/share/turtlebot3_as/package.xml
[2.478s] Invoked command in '/home/ssfa/ros2_ws/build/turtlebot3_as' returned '0': CMAKE_PREFIX_PATH=/home/ssfa/ros2_ws/install/t3_action_msg:/home/ssfa/ros2_ws/install/two_wheeled_robot:/home/ssfa/ros2_ws/install/turtlebot3:/home/ssfa/ros2_ws/install/turtlebot3_simulations:/home/ssfa/ros2_ws/install/turtlebot3_navigation2:/home/ssfa/ros2_ws/install/turtlebot3_msgs:/home/ssfa/ros2_ws/install/turtlebot3_gazebo:/home/ssfa/ros2_ws/install/turtlebot3_bringup:/home/ssfa/ros2_ws/install/turtlebot3_description:/home/ssfa/ros2_ws/install/turtlebot3_cartographer:/home/ssfa/ros2_ws/install/turtlebot3_as:/home/ssfa/ros2_ws/install/dynamixel_sdk:/home/ssfa/ros2_ws/install/custom_interfaces:/home/ssfa/ros2_ws/install/turtlebot3_teleop:/home/ssfa/ros2_ws/install/turtlebot3_example:/home/ssfa/ros2_ws/install/topic_exercise:/home/ssfa/ros2_ws/install/subscriber_pkg:/home/ssfa/ros2_ws/install/services_pkg:/home/ssfa/ros2_ws/install/publisher_pkg:/home/ssfa/ros2_ws/install/my_package:/home/ssfa/ros2_ws/install/movement_pkg:/home/ssfa/ros2_ws/install/exercise_pkg:/home/ssfa/ros2_ws/install/custom_interface_example:/home/ssfa/ros2_ws/install/client_pkg:/opt/ros/humble LD_LIBRARY_PATH=/home/ssfa/ros2_ws/install/t3_action_msg/lib:/home/ssfa/ros2_ws/install/turtlebot3_msgs/lib:/home/ssfa/ros2_ws/install/dynamixel_sdk/lib:/home/ssfa/ros2_ws/install/custom_interfaces/lib:/usr/lib/x86_64-linux-gnu/gazebo-11/plugins:/opt/ros/humble/opt/rviz_ogre_vendor/lib:/opt/ros/humble/lib/x86_64-linux-gnu:/opt/ros/humble/lib /usr/bin/cmake --install /home/ssfa/ros2_ws/build/turtlebot3_as
