[0.096s] Invoking command in '/home/ssfa/ros2_ws/build/tiago_demo': CMAKE_PREFIX_PATH=${CMAKE_PREFIX_PATH}:/home/ssfa/ros2_ws/install/turtlebot3_teleop:/home/ssfa/ros2_ws/install/turtlebot3_example:/home/ssfa/ros2_ws/install/topic_exercise:/home/ssfa/ros2_ws/install/subscriber_pkg:/home/ssfa/ros2_ws/install/services_pkg:/home/ssfa/ros2_ws/install/publisher_pkg:/home/ssfa/ros2_ws/install/my_package:/home/ssfa/ros2_ws/install/movement_pkg:/home/ssfa/ros2_ws/install/exercise_pkg:/home/ssfa/ros2_ws/install/custom_interface_example:/home/ssfa/ros2_ws/install/client_pkg:/opt/ros/humble /usr/bin/cmake /home/ssfa/ros2_ws/src/tiago_demo -DCMAKE_INSTALL_PREFIX=/home/ssfa/ros2_ws/install/tiago_demo
[0.541s] -- The C compiler identification is GNU 11.4.0
[0.542s] -- The CXX compiler identification is GNU 11.4.0
[0.542s] -- Detecting C compiler ABI info
[0.542s] -- Detecting C compiler ABI info - done
[0.543s] -- Check for working C compiler: /usr/bin/cc - skipped
[0.545s] -- Detecting C compile features
[0.545s] -- Detecting C compile features - done
[0.545s] -- Detecting CXX compiler ABI info
[0.545s] -- Detecting CXX compiler ABI info - done
[0.545s] -- Check for working CXX compiler: /usr/bin/c++ - skipped
[0.546s] -- Detecting CXX compile features
[0.546s] -- Detecting CXX compile features - done
[0.546s] -- Found ament_cmake: 1.3.9 (/opt/ros/humble/share/ament_cmake/cmake)
[0.953s] -- Found Python3: /usr/bin/python3 (found version "3.10.12") found components: Interpreter 
[1.425s] -- Configuring done
[1.429s] -- Generating done
[1.430s] -- Build files have been written to: /home/ssfa/ros2_ws/build/tiago_demo
[1.575s] Invoked command in '/home/ssfa/ros2_ws/build/tiago_demo' returned '0': CMAKE_PREFIX_PATH=${CMAKE_PREFIX_PATH}:/home/ssfa/ros2_ws/install/turtlebot3_teleop:/home/ssfa/ros2_ws/install/turtlebot3_example:/home/ssfa/ros2_ws/install/topic_exercise:/home/ssfa/ros2_ws/install/subscriber_pkg:/home/ssfa/ros2_ws/install/services_pkg:/home/ssfa/ros2_ws/install/publisher_pkg:/home/ssfa/ros2_ws/install/my_package:/home/ssfa/ros2_ws/install/movement_pkg:/home/ssfa/ros2_ws/install/exercise_pkg:/home/ssfa/ros2_ws/install/custom_interface_example:/home/ssfa/ros2_ws/install/client_pkg:/opt/ros/humble /usr/bin/cmake /home/ssfa/ros2_ws/src/tiago_demo -DCMAKE_INSTALL_PREFIX=/home/ssfa/ros2_ws/install/tiago_demo
[1.576s] Invoking command in '/home/ssfa/ros2_ws/build/tiago_demo': CMAKE_PREFIX_PATH=${CMAKE_PREFIX_PATH}:/home/ssfa/ros2_ws/install/turtlebot3_teleop:/home/ssfa/ros2_ws/install/turtlebot3_example:/home/ssfa/ros2_ws/install/topic_exercise:/home/ssfa/ros2_ws/install/subscriber_pkg:/home/ssfa/ros2_ws/install/services_pkg:/home/ssfa/ros2_ws/install/publisher_pkg:/home/ssfa/ros2_ws/install/my_package:/home/ssfa/ros2_ws/install/movement_pkg:/home/ssfa/ros2_ws/install/exercise_pkg:/home/ssfa/ros2_ws/install/custom_interface_example:/home/ssfa/ros2_ws/install/client_pkg:/opt/ros/humble /usr/bin/cmake --build /home/ssfa/ros2_ws/build/tiago_demo -- -j12 -l12
[2.020s] Invoked command in '/home/ssfa/ros2_ws/build/tiago_demo' returned '0': CMAKE_PREFIX_PATH=${CMAKE_PREFIX_PATH}:/home/ssfa/ros2_ws/install/turtlebot3_teleop:/home/ssfa/ros2_ws/install/turtlebot3_example:/home/ssfa/ros2_ws/install/topic_exercise:/home/ssfa/ros2_ws/install/subscriber_pkg:/home/ssfa/ros2_ws/install/services_pkg:/home/ssfa/ros2_ws/install/publisher_pkg:/home/ssfa/ros2_ws/install/my_package:/home/ssfa/ros2_ws/install/movement_pkg:/home/ssfa/ros2_ws/install/exercise_pkg:/home/ssfa/ros2_ws/install/custom_interface_example:/home/ssfa/ros2_ws/install/client_pkg:/opt/ros/humble /usr/bin/cmake --build /home/ssfa/ros2_ws/build/tiago_demo -- -j12 -l12
[2.757s] Invoking command in '/home/ssfa/ros2_ws/build/tiago_demo': CMAKE_PREFIX_PATH=${CMAKE_PREFIX_PATH}:/home/ssfa/ros2_ws/install/turtlebot3_teleop:/home/ssfa/ros2_ws/install/turtlebot3_example:/home/ssfa/ros2_ws/install/topic_exercise:/home/ssfa/ros2_ws/install/subscriber_pkg:/home/ssfa/ros2_ws/install/services_pkg:/home/ssfa/ros2_ws/install/publisher_pkg:/home/ssfa/ros2_ws/install/my_package:/home/ssfa/ros2_ws/install/movement_pkg:/home/ssfa/ros2_ws/install/exercise_pkg:/home/ssfa/ros2_ws/install/custom_interface_example:/home/ssfa/ros2_ws/install/client_pkg:/opt/ros/humble /usr/bin/cmake --install /home/ssfa/ros2_ws/build/tiago_demo
[2.780s] -- Install configuration: ""
[2.780s] -- Installing: /home/ssfa/ros2_ws/install/tiago_demo/share/tiago_demo/launch
[2.780s] -- Installing: /home/ssfa/ros2_ws/install/tiago_demo/share/tiago_demo/launch/spawn.launch.py
[2.781s] -- Installing: /home/ssfa/ros2_ws/install/tiago_demo/share/tiago_demo/launch/tiago_demo.launch.py
[2.781s] -- Installing: /home/ssfa/ros2_ws/install/tiago_demo/share/tiago_demo/launch/start_simulation.launch.py
[2.781s] -- Installing: /home/ssfa/ros2_ws/install/tiago_demo/share/tiago_demo/worlds
[2.781s] -- Installing: /home/ssfa/ros2_ws/install/tiago_demo/share/tiago_demo/worlds/cafe_tables_boxes.world
[2.781s] -- Installing: /home/ssfa/ros2_ws/install/tiago_demo/share/tiago_demo/worlds/cafe_tables_cans.world
[2.781s] -- Installing: /home/ssfa/ros2_ws/install/tiago_demo/share/tiago_demo/models
[2.781s] -- Installing: /home/ssfa/ros2_ws/install/tiago_demo/share/tiago_demo/models/cafe_table
[2.781s] -- Installing: /home/ssfa/ros2_ws/install/tiago_demo/share/tiago_demo/models/cafe_table/model-1_4.sdf
[2.782s] -- Installing: /home/ssfa/ros2_ws/install/tiago_demo/share/tiago_demo/models/cafe_table/model.sdf
[2.782s] -- Installing: /home/ssfa/ros2_ws/install/tiago_demo/share/tiago_demo/models/cafe_table/meshes
[2.782s] -- Installing: /home/ssfa/ros2_ws/install/tiago_demo/share/tiago_demo/models/cafe_table/meshes/cafe_table.dae
[2.782s] -- Installing: /home/ssfa/ros2_ws/install/tiago_demo/share/tiago_demo/models/cafe_table/materials
[2.782s] -- Installing: /home/ssfa/ros2_ws/install/tiago_demo/share/tiago_demo/models/cafe_table/materials/textures
[2.782s] -- Installing: /home/ssfa/ros2_ws/install/tiago_demo/share/tiago_demo/models/cafe_table/materials/textures/Wood_Floor_Dark.jpg
[2.782s] -- Installing: /home/ssfa/ros2_ws/install/tiago_demo/share/tiago_demo/models/cafe_table/materials/textures/Maple.jpg
[2.782s] -- Installing: /home/ssfa/ros2_ws/install/tiago_demo/share/tiago_demo/models/cafe_table/model.config
[2.782s] -- Installing: /home/ssfa/ros2_ws/install/tiago_demo/share/tiago_demo/models/cardboard_box
[2.782s] -- Installing: /home/ssfa/ros2_ws/install/tiago_demo/share/tiago_demo/models/cardboard_box/model.sdf
[2.783s] -- Installing: /home/ssfa/ros2_ws/install/tiago_demo/share/tiago_demo/models/cardboard_box/meshes
[2.783s] -- Installing: /home/ssfa/ros2_ws/install/tiago_demo/share/tiago_demo/models/cardboard_box/meshes/cardboard_box.dae
[2.783s] -- Installing: /home/ssfa/ros2_ws/install/tiago_demo/share/tiago_demo/models/cardboard_box/materials
[2.783s] -- Installing: /home/ssfa/ros2_ws/install/tiago_demo/share/tiago_demo/models/cardboard_box/materials/textures
[2.783s] -- Installing: /home/ssfa/ros2_ws/install/tiago_demo/share/tiago_demo/models/cardboard_box/materials/textures/cardboard_box.png
[2.786s] -- Installing: /home/ssfa/ros2_ws/install/tiago_demo/share/tiago_demo/models/cardboard_box/model.config
[2.787s] -- Installing: /home/ssfa/ros2_ws/install/tiago_demo/share/ament_index/resource_index/package_run_dependencies/tiago_demo
[2.787s] -- Installing: /home/ssfa/ros2_ws/install/tiago_demo/share/ament_index/resource_index/parent_prefix_path/tiago_demo
[2.787s] -- Installing: /home/ssfa/ros2_ws/install/tiago_demo/share/tiago_demo/environment/ament_prefix_path.sh
[2.787s] -- Installing: /home/ssfa/ros2_ws/install/tiago_demo/share/tiago_demo/environment/ament_prefix_path.dsv
[2.787s] -- Installing: /home/ssfa/ros2_ws/install/tiago_demo/share/tiago_demo/environment/path.sh
[2.787s] -- Installing: /home/ssfa/ros2_ws/install/tiago_demo/share/tiago_demo/environment/path.dsv
[2.787s] -- Installing: /home/ssfa/ros2_ws/install/tiago_demo/share/tiago_demo/local_setup.bash
[2.787s] -- Installing: /home/ssfa/ros2_ws/install/tiago_demo/share/tiago_demo/local_setup.sh
[2.788s] -- Installing: /home/ssfa/ros2_ws/install/tiago_demo/share/tiago_demo/local_setup.zsh
[2.788s] -- Installing: /home/ssfa/ros2_ws/install/tiago_demo/share/tiago_demo/local_setup.dsv
[2.788s] -- Installing: /home/ssfa/ros2_ws/install/tiago_demo/share/tiago_demo/package.dsv
[2.788s] -- Installing: /home/ssfa/ros2_ws/install/tiago_demo/share/ament_index/resource_index/packages/tiago_demo
[2.788s] -- Installing: /home/ssfa/ros2_ws/install/tiago_demo/share/tiago_demo/cmake/tiago_demoConfig.cmake
[2.788s] -- Installing: /home/ssfa/ros2_ws/install/tiago_demo/share/tiago_demo/cmake/tiago_demoConfig-version.cmake
[2.788s] -- Installing: /home/ssfa/ros2_ws/install/tiago_demo/share/tiago_demo/package.xml
[2.900s] Invoked command in '/home/ssfa/ros2_ws/build/tiago_demo' returned '0': CMAKE_PREFIX_PATH=${CMAKE_PREFIX_PATH}:/home/ssfa/ros2_ws/install/turtlebot3_teleop:/home/ssfa/ros2_ws/install/turtlebot3_example:/home/ssfa/ros2_ws/install/topic_exercise:/home/ssfa/ros2_ws/install/subscriber_pkg:/home/ssfa/ros2_ws/install/services_pkg:/home/ssfa/ros2_ws/install/publisher_pkg:/home/ssfa/ros2_ws/install/my_package:/home/ssfa/ros2_ws/install/movement_pkg:/home/ssfa/ros2_ws/install/exercise_pkg:/home/ssfa/ros2_ws/install/custom_interface_example:/home/ssfa/ros2_ws/install/client_pkg:/opt/ros/humble /usr/bin/cmake --install /home/ssfa/ros2_ws/build/tiago_demo
