[0.085s] Invoking command in '/home/ssfa/ros2_ws/build/t3_action_msg': CMAKE_PREFIX_PATH=${CMAKE_PREFIX_PATH}:/home/ssfa/ros2_ws/install/yolov8_ros:/home/ssfa/ros2_ws/install/turtlebot3_teleop:/home/ssfa/ros2_ws/install/turtlebot3_example:/home/ssfa/ros2_ws/install/topic_exercise:/home/ssfa/ros2_ws/install/subscriber_pkg:/home/ssfa/ros2_ws/install/services_pkg:/home/ssfa/ros2_ws/install/publisher_pkg:/home/ssfa/ros2_ws/install/my_package:/home/ssfa/ros2_ws/install/movement_pkg:/home/ssfa/ros2_ws/install/exercise_pkg:/home/ssfa/ros2_ws/install/cv_basics:/home/ssfa/ros2_ws/install/custom_interface_example:/home/ssfa/ros2_ws/install/client_pkg:/opt/ros/humble /usr/bin/cmake /home/ssfa/ros2_ws/src/t3/t3_action_msg -DAMENT_CMAKE_SYMLINK_INSTALL=1 -DCMAKE_INSTALL_PREFIX=/home/ssfa/ros2_ws/install/t3_action_msg
[1.014s] -- Found ament_cmake: 1.3.9 (/opt/ros/humble/share/ament_cmake/cmake)
[1.015s] -- Override CMake install command with custom implementation using symlinks instead of copying resources
[1.015s] -- Found rclcpp: 16.0.9 (/opt/ros/humble/share/rclcpp/cmake)
[1.015s] -- Found rosidl_generator_c: 3.1.5 (/opt/ros/humble/share/rosidl_generator_c/cmake)
[1.015s] -- Found rosidl_adapter: 3.1.5 (/opt/ros/humble/share/rosidl_adapter/cmake)
[1.015s] -- Found rosidl_generator_cpp: 3.1.5 (/opt/ros/humble/share/rosidl_generator_cpp/cmake)
[1.017s] -- Using all available rosidl_typesupport_c: rosidl_typesupport_fastrtps_c;rosidl_typesupport_introspection_c
[1.017s] -- Using all available rosidl_typesupport_cpp: rosidl_typesupport_fastrtps_cpp;rosidl_typesupport_introspection_cpp
[1.018s] -- Found rmw_implementation_cmake: 6.1.2 (/opt/ros/humble/share/rmw_implementation_cmake/cmake)
[1.018s] -- Found rmw_fastrtps_cpp: 6.2.6 (/opt/ros/humble/share/rmw_fastrtps_cpp/cmake)
[1.018s] -- Using RMW implementation 'rmw_fastrtps_cpp' as default
[1.018s] -- Found action_msgs: 1.2.1 (/opt/ros/humble/share/action_msgs/cmake)
[1.018s] -- Found rosidl_default_generators: 1.2.0 (/opt/ros/humble/share/rosidl_default_generators/cmake)
[1.018s] -- Found ament_cmake_ros: 0.10.0 (/opt/ros/humble/share/ament_cmake_ros/cmake)
[1.236s] -- Using all available rosidl_typesupport_c: rosidl_typesupport_fastrtps_c;rosidl_typesupport_introspection_c
[1.382s] -- Using all available rosidl_typesupport_cpp: rosidl_typesupport_fastrtps_cpp;rosidl_typesupport_introspection_cpp
[1.417s] -- Found python_cmake_module: 0.10.0 (/opt/ros/humble/share/python_cmake_module/cmake)
[1.445s] -- Using PYTHON_EXECUTABLE: /usr/bin/python3
[1.445s] -- Using PYTHON_INCLUDE_DIRS: /usr/include/python3.10
[1.445s] -- Using PYTHON_LIBRARIES: /usr/lib/x86_64-linux-gnu/libpython3.10.so
[1.480s] -- Found ament_lint_auto: 0.12.11 (/opt/ros/humble/share/ament_lint_auto/cmake)
[1.491s] -- Added test 'copyright' to check source files copyright and LICENSE
[1.492s] -- Added test 'lint_cmake' to check CMake code style
[1.492s] -- Added test 'xmllint' to check XML markup files
[1.494s] -- Configuring done
[1.530s] -- Generating done
[1.534s] -- Build files have been written to: /home/ssfa/ros2_ws/build/t3_action_msg
[1.833s] Invoked command in '/home/ssfa/ros2_ws/build/t3_action_msg' returned '0': CMAKE_PREFIX_PATH=${CMAKE_PREFIX_PATH}:/home/ssfa/ros2_ws/install/yolov8_ros:/home/ssfa/ros2_ws/install/turtlebot3_teleop:/home/ssfa/ros2_ws/install/turtlebot3_example:/home/ssfa/ros2_ws/install/topic_exercise:/home/ssfa/ros2_ws/install/subscriber_pkg:/home/ssfa/ros2_ws/install/services_pkg:/home/ssfa/ros2_ws/install/publisher_pkg:/home/ssfa/ros2_ws/install/my_package:/home/ssfa/ros2_ws/install/movement_pkg:/home/ssfa/ros2_ws/install/exercise_pkg:/home/ssfa/ros2_ws/install/cv_basics:/home/ssfa/ros2_ws/install/custom_interface_example:/home/ssfa/ros2_ws/install/client_pkg:/opt/ros/humble /usr/bin/cmake /home/ssfa/ros2_ws/src/t3/t3_action_msg -DAMENT_CMAKE_SYMLINK_INSTALL=1 -DCMAKE_INSTALL_PREFIX=/home/ssfa/ros2_ws/install/t3_action_msg
[1.834s] Invoking command in '/home/ssfa/ros2_ws/build/t3_action_msg': CMAKE_PREFIX_PATH=${CMAKE_PREFIX_PATH}:/home/ssfa/ros2_ws/install/yolov8_ros:/home/ssfa/ros2_ws/install/turtlebot3_teleop:/home/ssfa/ros2_ws/install/turtlebot3_example:/home/ssfa/ros2_ws/install/topic_exercise:/home/ssfa/ros2_ws/install/subscriber_pkg:/home/ssfa/ros2_ws/install/services_pkg:/home/ssfa/ros2_ws/install/publisher_pkg:/home/ssfa/ros2_ws/install/my_package:/home/ssfa/ros2_ws/install/movement_pkg:/home/ssfa/ros2_ws/install/exercise_pkg:/home/ssfa/ros2_ws/install/cv_basics:/home/ssfa/ros2_ws/install/custom_interface_example:/home/ssfa/ros2_ws/install/client_pkg:/opt/ros/humble /usr/bin/cmake --build /home/ssfa/ros2_ws/build/t3_action_msg -- -j12 -l12
[1.882s] [35m[1mConsolidate compiler generated dependencies of target t3_action_msg__rosidl_generator_c[0m
[1.943s] [  9%] Built target t3_action_msg__rosidl_generator_c
[1.956s] [35m[1mConsolidate compiler generated dependencies of target t3_action_msg__rosidl_typesupport_fastrtps_c[0m
[1.959s] [ 12%] Built target t3_action_msg__cpp
[1.971s] [35m[1mConsolidate compiler generated dependencies of target t3_action_msg__rosidl_typesupport_introspection_c[0m
[1.971s] [ 12%] Built target ament_cmake_python_symlink_t3_action_msg
[1.979s] [35m[1mConsolidate compiler generated dependencies of target t3_action_msg__rosidl_typesupport_c[0m
[1.985s] [35m[1mConsolidate compiler generated dependencies of target t3_action_msg__rosidl_typesupport_introspection_cpp[0m
[1.994s] [ 22%] Built target t3_action_msg__rosidl_typesupport_fastrtps_c
[2.015s] [ 32%] Built target t3_action_msg__rosidl_typesupport_introspection_c
[2.016s] [ 41%] Built target t3_action_msg__rosidl_typesupport_c
[2.027s] [ 51%] Built target t3_action_msg__rosidl_typesupport_introspection_cpp
[2.037s] [35m[1mConsolidate compiler generated dependencies of target t3_action_msg__rosidl_typesupport_fastrtps_cpp[0m
[2.040s] [35m[1mConsolidate compiler generated dependencies of target t3_action_msg__rosidl_typesupport_cpp[0m
[2.056s] [ 61%] Built target t3_action_msg__rosidl_typesupport_cpp
[2.066s] [ 70%] Built target t3_action_msg__rosidl_typesupport_fastrtps_cpp
[2.095s] [ 70%] Built target t3_action_msg
[2.124s] [ 74%] Built target t3_action_msg__py
[2.150s] [35m[1mConsolidate compiler generated dependencies of target t3_action_msg__rosidl_generator_py[0m
[2.170s] [ 80%] Built target t3_action_msg__rosidl_generator_py
[2.204s] [35m[1mConsolidate compiler generated dependencies of target t3_action_msg__rosidl_typesupport_introspection_c__pyext[0m
[2.209s] [35m[1mConsolidate compiler generated dependencies of target t3_action_msg__rosidl_typesupport_c__pyext[0m
[2.219s] [35m[1mConsolidate compiler generated dependencies of target t3_action_msg__rosidl_typesupport_fastrtps_c__pyext[0m
[2.231s] [ 87%] Built target t3_action_msg__rosidl_typesupport_introspection_c__pyext
[2.245s] [ 93%] Built target t3_action_msg__rosidl_typesupport_c__pyext
[2.263s] [100%] Built target t3_action_msg__rosidl_typesupport_fastrtps_c__pyext
[2.367s] running egg_info
[2.368s] writing t3_action_msg.egg-info/PKG-INFO
[2.368s] writing dependency_links to t3_action_msg.egg-info/dependency_links.txt
[2.368s] writing top-level names to t3_action_msg.egg-info/top_level.txt
[2.371s] reading manifest file 't3_action_msg.egg-info/SOURCES.txt'
[2.373s] writing manifest file 't3_action_msg.egg-info/SOURCES.txt'
[2.410s] [100%] Built target ament_cmake_python_build_t3_action_msg_egg
[2.591s] Invoked command in '/home/ssfa/ros2_ws/build/t3_action_msg' returned '0': CMAKE_PREFIX_PATH=${CMAKE_PREFIX_PATH}:/home/ssfa/ros2_ws/install/yolov8_ros:/home/ssfa/ros2_ws/install/turtlebot3_teleop:/home/ssfa/ros2_ws/install/turtlebot3_example:/home/ssfa/ros2_ws/install/topic_exercise:/home/ssfa/ros2_ws/install/subscriber_pkg:/home/ssfa/ros2_ws/install/services_pkg:/home/ssfa/ros2_ws/install/publisher_pkg:/home/ssfa/ros2_ws/install/my_package:/home/ssfa/ros2_ws/install/movement_pkg:/home/ssfa/ros2_ws/install/exercise_pkg:/home/ssfa/ros2_ws/install/cv_basics:/home/ssfa/ros2_ws/install/custom_interface_example:/home/ssfa/ros2_ws/install/client_pkg:/opt/ros/humble /usr/bin/cmake --build /home/ssfa/ros2_ws/build/t3_action_msg -- -j12 -l12
