[2.519s] Invoking command in '/home/ssfa/ros2_ws/src/shape_detector': PYTHONPATH=/home/ssfa/ros2_ws/build/shape_detector/prefix_override:/usr/lib/python3/dist-packages/colcon_core/task/python/colcon_distutils_commands:/home/ssfa/ros2_ws/install/shape_detector/lib/python3.10/site-packages:${PYTHONPATH} /usr/bin/python3 -W ignore:setup.py install is deprecated setup.py egg_info --egg-base ../../build/shape_detector build --build-base /home/ssfa/ros2_ws/build/shape_detector/build install --record /home/ssfa/ros2_ws/build/shape_detector/install.log --single-version-externally-managed install_data
[2.908s] running egg_info
[2.909s] writing ../../build/shape_detector/shape_detector.egg-info/PKG-INFO
[2.910s] writing dependency_links to ../../build/shape_detector/shape_detector.egg-info/dependency_links.txt
[2.911s] writing entry points to ../../build/shape_detector/shape_detector.egg-info/entry_points.txt
[2.911s] writing requirements to ../../build/shape_detector/shape_detector.egg-info/requires.txt
[2.911s] writing top-level names to ../../build/shape_detector/shape_detector.egg-info/top_level.txt
[2.913s] reading manifest file '../../build/shape_detector/shape_detector.egg-info/SOURCES.txt'
[2.914s] writing manifest file '../../build/shape_detector/shape_detector.egg-info/SOURCES.txt'
[2.914s] running build
[2.914s] running build_py
[2.915s] running install
[2.915s] running install_lib
[2.917s] running install_data
[2.917s] running install_egg_info
[2.920s] removing '/home/ssfa/ros2_ws/install/shape_detector/lib/python3.10/site-packages/shape_detector-0.0.0-py3.10.egg-info' (and everything under it)
[2.920s] Copying ../../build/shape_detector/shape_detector.egg-info to /home/ssfa/ros2_ws/install/shape_detector/lib/python3.10/site-packages/shape_detector-0.0.0-py3.10.egg-info
[2.921s] running install_scripts
[2.951s] Installing shape_detector script to /home/ssfa/ros2_ws/install/shape_detector/lib/shape_detector
[2.952s] writing list of installed files to '/home/ssfa/ros2_ws/build/shape_detector/install.log'
[3.251s] Invoked command in '/home/ssfa/ros2_ws/src/shape_detector' returned '0': PYTHONPATH=/home/ssfa/ros2_ws/build/shape_detector/prefix_override:/usr/lib/python3/dist-packages/colcon_core/task/python/colcon_distutils_commands:/home/ssfa/ros2_ws/install/shape_detector/lib/python3.10/site-packages:${PYTHONPATH} /usr/bin/python3 -W ignore:setup.py install is deprecated setup.py egg_info --egg-base ../../build/shape_detector build --build-base /home/ssfa/ros2_ws/build/shape_detector/build install --record /home/ssfa/ros2_ws/build/shape_detector/install.log --single-version-externally-managed install_data
