[2.481s] Invoking command in '/home/ssfa/ros2_ws/build/turtlebot3_teleop': PYTHONPATH=/home/ssfa/ros2_ws/build/turtlebot3_teleop/prefix_override:/usr/lib/python3/dist-packages/colcon_core/task/python/colcon_distutils_commands:/home/ssfa/ros2_ws/install/turtlebot3_teleop/lib/python3.10/site-packages:${PYTHONPATH} /usr/bin/python3 -W ignore:setup.py install is deprecated setup.py develop --editable --build-directory /home/ssfa/ros2_ws/build/turtlebot3_teleop/build --no-deps symlink_data
[2.784s] /usr/lib/python3/dist-packages/setuptools/dist.py:723: UserWarning: Usage of dash-separated 'script-dir' will not be supported in future versions. Please use the underscore name 'script_dir' instead
[2.784s]   warnings.warn(
[2.821s] running develop
[2.821s] /usr/lib/python3/dist-packages/setuptools/command/easy_install.py:158: EasyInstallDeprecationWarning: easy_install command is deprecated. Use build and pip and other standards-based tools.
[2.822s]   warnings.warn(
[2.992s] running egg_info
[2.992s] writing turtlebot3_teleop.egg-info/PKG-INFO
[2.992s] writing dependency_links to turtlebot3_teleop.egg-info/dependency_links.txt
[2.992s] writing entry points to turtlebot3_teleop.egg-info/entry_points.txt
[2.992s] writing requirements to turtlebot3_teleop.egg-info/requires.txt
[2.993s] writing top-level names to turtlebot3_teleop.egg-info/top_level.txt
[2.995s] reading manifest file 'turtlebot3_teleop.egg-info/SOURCES.txt'
[2.996s] writing manifest file 'turtlebot3_teleop.egg-info/SOURCES.txt'
[2.997s] running build_ext
[2.997s] Creating /home/ssfa/ros2_ws/install/turtlebot3_teleop/lib/python3.10/site-packages/turtlebot3-teleop.egg-link (link to .)
[2.999s] Installing teleop_keyboard script to /home/ssfa/ros2_ws/install/turtlebot3_teleop/lib/turtlebot3_teleop
[2.999s] 
[2.999s] Installed /home/ssfa/ros2_ws/build/turtlebot3_teleop
[2.999s] running symlink_data
[3.120s] Invoked command in '/home/ssfa/ros2_ws/build/turtlebot3_teleop' returned '0': PYTHONPATH=/home/ssfa/ros2_ws/build/turtlebot3_teleop/prefix_override:/usr/lib/python3/dist-packages/colcon_core/task/python/colcon_distutils_commands:/home/ssfa/ros2_ws/install/turtlebot3_teleop/lib/python3.10/site-packages:${PYTHONPATH} /usr/bin/python3 -W ignore:setup.py install is deprecated setup.py develop --editable --build-directory /home/ssfa/ros2_ws/build/turtlebot3_teleop/build --no-deps symlink_data
