running egg_info
writing ../../build/color_shape_detector/color_shape_detector.egg-info/PKG-INFO
writing dependency_links to ../../build/color_shape_detector/color_shape_detector.egg-info/dependency_links.txt
writing entry points to ../../build/color_shape_detector/color_shape_detector.egg-info/entry_points.txt
writing requirements to ../../build/color_shape_detector/color_shape_detector.egg-info/requires.txt
writing top-level names to ../../build/color_shape_detector/color_shape_detector.egg-info/top_level.txt
reading manifest file '../../build/color_shape_detector/color_shape_detector.egg-info/SOURCES.txt'
writing manifest file '../../build/color_shape_detector/color_shape_detector.egg-info/SOURCES.txt'
running build
running build_py
copying color_shape_detector/basic_image_publisher.py -> /home/ssfa/ros2_ws/build/color_shape_detector/build/lib/color_shape_detector
running install
running install_lib
copying /home/ssfa/ros2_ws/build/color_shape_detector/build/lib/color_shape_detector/basic_image_publisher.py -> /home/ssfa/ros2_ws/install/color_shape_detector/lib/python3.10/site-packages/color_shape_detector
byte-compiling /home/ssfa/ros2_ws/install/color_shape_detector/lib/python3.10/site-packages/color_shape_detector/basic_image_publisher.py to basic_image_publisher.cpython-310.pyc
running install_data
running install_egg_info
removing '/home/ssfa/ros2_ws/install/color_shape_detector/lib/python3.10/site-packages/color_shape_detector-0.0.0-py3.10.egg-info' (and everything under it)
Copying ../../build/color_shape_detector/color_shape_detector.egg-info to /home/ssfa/ros2_ws/install/color_shape_detector/lib/python3.10/site-packages/color_shape_detector-0.0.0-py3.10.egg-info
running install_scripts
Installing img_publisher script to /home/ssfa/ros2_ws/install/color_shape_detector/lib/color_shape_detector
writing list of installed files to '/home/ssfa/ros2_ws/build/color_shape_detector/install.log'
