[0.532s] Invoking command in '/home/ssfa/ros2_ws/build/dynamixel_sdk': CMAKE_PREFIX_PATH=${CMAKE_PREFIX_PATH}:/home/ssfa/ros2_ws/install/turtlebot3_teleop:/home/ssfa/ros2_ws/install/turtlebot3_example:/home/ssfa/ros2_ws/install/topic_exercise:/home/ssfa/ros2_ws/install/subscriber_pkg:/home/ssfa/ros2_ws/install/services_pkg:/home/ssfa/ros2_ws/install/publisher_pkg:/home/ssfa/ros2_ws/install/my_package:/home/ssfa/ros2_ws/install/custom_interface_example:/opt/ros/humble /usr/bin/cmake --build /home/ssfa/ros2_ws/build/dynamixel_sdk -- -j12 -l12
[1.692s] [100%] Built target dynamixel_sdk
[2.016s] Invoked command in '/home/ssfa/ros2_ws/build/dynamixel_sdk' returned '0': CMAKE_PREFIX_PATH=${CMAKE_PREFIX_PATH}:/home/ssfa/ros2_ws/install/turtlebot3_teleop:/home/ssfa/ros2_ws/install/turtlebot3_example:/home/ssfa/ros2_ws/install/topic_exercise:/home/ssfa/ros2_ws/install/subscriber_pkg:/home/ssfa/ros2_ws/install/services_pkg:/home/ssfa/ros2_ws/install/publisher_pkg:/home/ssfa/ros2_ws/install/my_package:/home/ssfa/ros2_ws/install/custom_interface_example:/opt/ros/humble /usr/bin/cmake --build /home/ssfa/ros2_ws/build/dynamixel_sdk -- -j12 -l12
[2.086s] Invoking command in '/home/ssfa/ros2_ws/build/dynamixel_sdk': CMAKE_PREFIX_PATH=${CMAKE_PREFIX_PATH}:/home/ssfa/ros2_ws/install/turtlebot3_teleop:/home/ssfa/ros2_ws/install/turtlebot3_example:/home/ssfa/ros2_ws/install/topic_exercise:/home/ssfa/ros2_ws/install/subscriber_pkg:/home/ssfa/ros2_ws/install/services_pkg:/home/ssfa/ros2_ws/install/publisher_pkg:/home/ssfa/ros2_ws/install/my_package:/home/ssfa/ros2_ws/install/custom_interface_example:/opt/ros/humble /usr/bin/cmake --install /home/ssfa/ros2_ws/build/dynamixel_sdk
[2.100s] -- Install configuration: ""
[2.100s] -- Execute custom install script
[2.102s] -- Up-to-date symlink: /home/ssfa/ros2_ws/install/dynamixel_sdk/include//dynamixel_sdk/dynamixel_sdk.h
[2.102s] -- Up-to-date symlink: /home/ssfa/ros2_ws/install/dynamixel_sdk/include//dynamixel_sdk/group_bulk_read.h
[2.102s] -- Up-to-date symlink: /home/ssfa/ros2_ws/install/dynamixel_sdk/include//dynamixel_sdk/group_bulk_write.h
[2.102s] -- Up-to-date symlink: /home/ssfa/ros2_ws/install/dynamixel_sdk/include//dynamixel_sdk/group_sync_read.h
[2.102s] -- Up-to-date symlink: /home/ssfa/ros2_ws/install/dynamixel_sdk/include//dynamixel_sdk/group_sync_write.h
[2.102s] -- Up-to-date symlink: /home/ssfa/ros2_ws/install/dynamixel_sdk/include//dynamixel_sdk/packet_handler.h
[2.103s] -- Up-to-date symlink: /home/ssfa/ros2_ws/install/dynamixel_sdk/include//dynamixel_sdk/port_handler.h
[2.103s] -- Up-to-date symlink: /home/ssfa/ros2_ws/install/dynamixel_sdk/include//dynamixel_sdk/port_handler_arduino.h
[2.103s] -- Up-to-date symlink: /home/ssfa/ros2_ws/install/dynamixel_sdk/include//dynamixel_sdk/port_handler_linux.h
[2.103s] -- Up-to-date symlink: /home/ssfa/ros2_ws/install/dynamixel_sdk/include//dynamixel_sdk/port_handler_mac.h
[2.103s] -- Up-to-date symlink: /home/ssfa/ros2_ws/install/dynamixel_sdk/include//dynamixel_sdk/port_handler_windows.h
[2.103s] -- Up-to-date symlink: /home/ssfa/ros2_ws/install/dynamixel_sdk/include//dynamixel_sdk/protocol1_packet_handler.h
[2.104s] -- Up-to-date symlink: /home/ssfa/ros2_ws/install/dynamixel_sdk/include//dynamixel_sdk/protocol2_packet_handler.h
[2.104s] -- Up-to-date symlink: /home/ssfa/ros2_ws/install/dynamixel_sdk/lib/libdynamixel_sdk.so
[2.104s] -- Up-to-date symlink: /home/ssfa/ros2_ws/install/dynamixel_sdk/share/dynamixel_sdk/environment/library_path.sh
[2.104s] -- Up-to-date symlink: /home/ssfa/ros2_ws/install/dynamixel_sdk/share/dynamixel_sdk/environment/library_path.dsv
[2.105s] -- Up-to-date symlink: /home/ssfa/ros2_ws/install/dynamixel_sdk/share/ament_index/resource_index/package_run_dependencies/dynamixel_sdk
[2.105s] -- Up-to-date symlink: /home/ssfa/ros2_ws/install/dynamixel_sdk/share/ament_index/resource_index/parent_prefix_path/dynamixel_sdk
[2.105s] -- Up-to-date symlink: /home/ssfa/ros2_ws/install/dynamixel_sdk/share/dynamixel_sdk/environment/ament_prefix_path.sh
[2.105s] -- Up-to-date symlink: /home/ssfa/ros2_ws/install/dynamixel_sdk/share/dynamixel_sdk/environment/ament_prefix_path.dsv
[2.106s] -- Up-to-date symlink: /home/ssfa/ros2_ws/install/dynamixel_sdk/share/dynamixel_sdk/environment/path.sh
[2.106s] -- Up-to-date symlink: /home/ssfa/ros2_ws/install/dynamixel_sdk/share/dynamixel_sdk/environment/path.dsv
[2.107s] -- Up-to-date symlink: /home/ssfa/ros2_ws/install/dynamixel_sdk/share/dynamixel_sdk/local_setup.bash
[2.108s] -- Up-to-date symlink: /home/ssfa/ros2_ws/install/dynamixel_sdk/share/dynamixel_sdk/local_setup.sh
[2.108s] -- Up-to-date symlink: /home/ssfa/ros2_ws/install/dynamixel_sdk/share/dynamixel_sdk/local_setup.zsh
[2.108s] -- Up-to-date symlink: /home/ssfa/ros2_ws/install/dynamixel_sdk/share/dynamixel_sdk/local_setup.dsv
[2.108s] -- Symlinking: /home/ssfa/ros2_ws/install/dynamixel_sdk/share/dynamixel_sdk/package.dsv
[2.123s] -- Up-to-date symlink: /home/ssfa/ros2_ws/install/dynamixel_sdk/share/ament_index/resource_index/packages/dynamixel_sdk
[2.124s] -- Up-to-date symlink: /home/ssfa/ros2_ws/install/dynamixel_sdk/share/dynamixel_sdk/cmake/ament_cmake_export_include_directories-extras.cmake
[2.124s] -- Up-to-date symlink: /home/ssfa/ros2_ws/install/dynamixel_sdk/share/dynamixel_sdk/cmake/ament_cmake_export_libraries-extras.cmake
[2.124s] -- Up-to-date symlink: /home/ssfa/ros2_ws/install/dynamixel_sdk/share/dynamixel_sdk/cmake/dynamixel_sdkConfig.cmake
[2.125s] -- Up-to-date symlink: /home/ssfa/ros2_ws/install/dynamixel_sdk/share/dynamixel_sdk/cmake/dynamixel_sdkConfig-version.cmake
[2.125s] -- Up-to-date symlink: /home/ssfa/ros2_ws/install/dynamixel_sdk/share/dynamixel_sdk/package.xml
[2.150s] Invoked command in '/home/ssfa/ros2_ws/build/dynamixel_sdk' returned '0': CMAKE_PREFIX_PATH=${CMAKE_PREFIX_PATH}:/home/ssfa/ros2_ws/install/turtlebot3_teleop:/home/ssfa/ros2_ws/install/turtlebot3_example:/home/ssfa/ros2_ws/install/topic_exercise:/home/ssfa/ros2_ws/install/subscriber_pkg:/home/ssfa/ros2_ws/install/services_pkg:/home/ssfa/ros2_ws/install/publisher_pkg:/home/ssfa/ros2_ws/install/my_package:/home/ssfa/ros2_ws/install/custom_interface_example:/opt/ros/humble /usr/bin/cmake --install /home/ssfa/ros2_ws/build/dynamixel_sdk
