[1.418s] Invoking command in '/home/ssfa/ros2_ws/build/turtlebot3_teleop': PYTHONPATH=/home/ssfa/ros2_ws/build/turtlebot3_teleop/prefix_override:/usr/lib/python3/dist-packages/colcon_core/task/python/colcon_distutils_commands:/home/ssfa/ros2_ws/install/turtlebot3_teleop/lib/python3.10/site-packages:${PYTHONPATH} /usr/bin/python3 -W ignore:setup.py install is deprecated setup.py develop --editable --build-directory /home/ssfa/ros2_ws/build/turtlebot3_teleop/build --no-deps symlink_data
[1.718s] /usr/lib/python3/dist-packages/setuptools/dist.py:723: UserWarning: Usage of dash-separated 'script-dir' will not be supported in future versions. Please use the underscore name 'script_dir' instead
[1.718s]   warnings.warn(
[1.762s] running develop
[1.763s] /usr/lib/python3/dist-packages/setuptools/command/easy_install.py:158: EasyInstallDeprecationWarning: easy_install command is deprecated. Use build and pip and other standards-based tools.
[1.763s]   warnings.warn(
[1.896s] running egg_info
[1.896s] writing turtlebot3_teleop.egg-info/PKG-INFO
[1.896s] writing dependency_links to turtlebot3_teleop.egg-info/dependency_links.txt
[1.896s] writing entry points to turtlebot3_teleop.egg-info/entry_points.txt
[1.896s] writing requirements to turtlebot3_teleop.egg-info/requires.txt
[1.896s] writing top-level names to turtlebot3_teleop.egg-info/top_level.txt
[1.897s] reading manifest file 'turtlebot3_teleop.egg-info/SOURCES.txt'
[1.898s] writing manifest file 'turtlebot3_teleop.egg-info/SOURCES.txt'
[1.899s] running build_ext
[1.899s] Creating /home/ssfa/ros2_ws/install/turtlebot3_teleop/lib/python3.10/site-packages/turtlebot3-teleop.egg-link (link to .)
[1.900s] Installing teleop_keyboard script to /home/ssfa/ros2_ws/install/turtlebot3_teleop/lib/turtlebot3_teleop
[1.900s] 
[1.900s] Installed /home/ssfa/ros2_ws/build/turtlebot3_teleop
[1.900s] running symlink_data
[2.155s] Invoked command in '/home/ssfa/ros2_ws/build/turtlebot3_teleop' returned '0': PYTHONPATH=/home/ssfa/ros2_ws/build/turtlebot3_teleop/prefix_override:/usr/lib/python3/dist-packages/colcon_core/task/python/colcon_distutils_commands:/home/ssfa/ros2_ws/install/turtlebot3_teleop/lib/python3.10/site-packages:${PYTHONPATH} /usr/bin/python3 -W ignore:setup.py install is deprecated setup.py develop --editable --build-directory /home/ssfa/ros2_ws/build/turtlebot3_teleop/build --no-deps symlink_data
