running egg_info
creating ../../build/color_shape_detector/color_shape_detector.egg-info
writing ../../build/color_shape_detector/color_shape_detector.egg-info/PKG-INFO
writing dependency_links to ../../build/color_shape_detector/color_shape_detector.egg-info/dependency_links.txt
writing entry points to ../../build/color_shape_detector/color_shape_detector.egg-info/entry_points.txt
writing requirements to ../../build/color_shape_detector/color_shape_detector.egg-info/requires.txt
writing top-level names to ../../build/color_shape_detector/color_shape_detector.egg-info/top_level.txt
writing manifest file '../../build/color_shape_detector/color_shape_detector.egg-info/SOURCES.txt'
reading manifest file '../../build/color_shape_detector/color_shape_detector.egg-info/SOURCES.txt'
writing manifest file '../../build/color_shape_detector/color_shape_detector.egg-info/SOURCES.txt'
running build
running build_py
creating /home/ssfa/ros2_ws/build/color_shape_detector/build
creating /home/ssfa/ros2_ws/build/color_shape_detector/build/lib
creating /home/ssfa/ros2_ws/build/color_shape_detector/build/lib/color_shape_detector
copying color_shape_detector/__init__.py -> /home/ssfa/ros2_ws/build/color_shape_detector/build/lib/color_shape_detector
running install
running install_lib
creating /home/ssfa/ros2_ws/install/color_shape_detector/lib/python3.10/site-packages/color_shape_detector
copying /home/ssfa/ros2_ws/build/color_shape_detector/build/lib/color_shape_detector/__init__.py -> /home/ssfa/ros2_ws/install/color_shape_detector/lib/python3.10/site-packages/color_shape_detector
byte-compiling /home/ssfa/ros2_ws/install/color_shape_detector/lib/python3.10/site-packages/color_shape_detector/__init__.py to __init__.cpython-310.pyc
running install_data
creating /home/ssfa/ros2_ws/install/color_shape_detector/share/ament_index
creating /home/ssfa/ros2_ws/install/color_shape_detector/share/ament_index/resource_index
creating /home/ssfa/ros2_ws/install/color_shape_detector/share/ament_index/resource_index/packages
copying resource/color_shape_detector -> /home/ssfa/ros2_ws/install/color_shape_detector/share/ament_index/resource_index/packages
copying package.xml -> /home/ssfa/ros2_ws/install/color_shape_detector/share/color_shape_detector
running install_egg_info
Copying ../../build/color_shape_detector/color_shape_detector.egg-info to /home/ssfa/ros2_ws/install/color_shape_detector/lib/python3.10/site-packages/color_shape_detector-0.0.0-py3.10.egg-info
running install_scripts
writing list of installed files to '/home/ssfa/ros2_ws/build/color_shape_detector/install.log'
