[2.641s] Invoking command in '/home/ssfa/ros2_ws/src/color_shape_detector': PYTHONPATH=/home/ssfa/ros2_ws/build/color_shape_detector/prefix_override:/usr/lib/python3/dist-packages/colcon_core/task/python/colcon_distutils_commands:/home/ssfa/ros2_ws/install/color_shape_detector/lib/python3.10/site-packages:${PYTHONPATH} /usr/bin/python3 -W ignore:setup.py install is deprecated setup.py egg_info --egg-base ../../build/color_shape_detector build --build-base /home/ssfa/ros2_ws/build/color_shape_detector/build install --record /home/ssfa/ros2_ws/build/color_shape_detector/install.log --single-version-externally-managed install_data
[3.104s] running egg_info
[3.110s] creating ../../build/color_shape_detector/color_shape_detector.egg-info
[3.110s] writing ../../build/color_shape_detector/color_shape_detector.egg-info/PKG-INFO
[3.111s] writing dependency_links to ../../build/color_shape_detector/color_shape_detector.egg-info/dependency_links.txt
[3.111s] writing entry points to ../../build/color_shape_detector/color_shape_detector.egg-info/entry_points.txt
[3.111s] writing requirements to ../../build/color_shape_detector/color_shape_detector.egg-info/requires.txt
[3.111s] writing top-level names to ../../build/color_shape_detector/color_shape_detector.egg-info/top_level.txt
[3.111s] writing manifest file '../../build/color_shape_detector/color_shape_detector.egg-info/SOURCES.txt'
[3.111s] reading manifest file '../../build/color_shape_detector/color_shape_detector.egg-info/SOURCES.txt'
[3.112s] writing manifest file '../../build/color_shape_detector/color_shape_detector.egg-info/SOURCES.txt'
[3.112s] running build
[3.113s] running build_py
[3.113s] creating /home/ssfa/ros2_ws/build/color_shape_detector/build
[3.113s] creating /home/ssfa/ros2_ws/build/color_shape_detector/build/lib
[3.113s] creating /home/ssfa/ros2_ws/build/color_shape_detector/build/lib/color_shape_detector
[3.113s] copying color_shape_detector/__init__.py -> /home/ssfa/ros2_ws/build/color_shape_detector/build/lib/color_shape_detector
[3.113s] running install
[3.113s] running install_lib
[3.114s] creating /home/ssfa/ros2_ws/install/color_shape_detector/lib/python3.10/site-packages/color_shape_detector
[3.114s] copying /home/ssfa/ros2_ws/build/color_shape_detector/build/lib/color_shape_detector/__init__.py -> /home/ssfa/ros2_ws/install/color_shape_detector/lib/python3.10/site-packages/color_shape_detector
[3.114s] byte-compiling /home/ssfa/ros2_ws/install/color_shape_detector/lib/python3.10/site-packages/color_shape_detector/__init__.py to __init__.cpython-310.pyc
[3.114s] running install_data
[3.114s] creating /home/ssfa/ros2_ws/install/color_shape_detector/share/ament_index
[3.114s] creating /home/ssfa/ros2_ws/install/color_shape_detector/share/ament_index/resource_index
[3.115s] creating /home/ssfa/ros2_ws/install/color_shape_detector/share/ament_index/resource_index/packages
[3.115s] copying resource/color_shape_detector -> /home/ssfa/ros2_ws/install/color_shape_detector/share/ament_index/resource_index/packages
[3.115s] copying package.xml -> /home/ssfa/ros2_ws/install/color_shape_detector/share/color_shape_detector
[3.115s] running install_egg_info
[3.118s] Copying ../../build/color_shape_detector/color_shape_detector.egg-info to /home/ssfa/ros2_ws/install/color_shape_detector/lib/python3.10/site-packages/color_shape_detector-0.0.0-py3.10.egg-info
[3.120s] running install_scripts
[3.148s] writing list of installed files to '/home/ssfa/ros2_ws/build/color_shape_detector/install.log'
[3.411s] Invoked command in '/home/ssfa/ros2_ws/src/color_shape_detector' returned '0': PYTHONPATH=/home/ssfa/ros2_ws/build/color_shape_detector/prefix_override:/usr/lib/python3/dist-packages/colcon_core/task/python/colcon_distutils_commands:/home/ssfa/ros2_ws/install/color_shape_detector/lib/python3.10/site-packages:${PYTHONPATH} /usr/bin/python3 -W ignore:setup.py install is deprecated setup.py egg_info --egg-base ../../build/color_shape_detector build --build-base /home/ssfa/ros2_ws/build/color_shape_detector/build install --record /home/ssfa/ros2_ws/build/color_shape_detector/install.log --single-version-externally-managed install_data
