[3.041s] Invoking command in '/home/ssfa/ros2_ws/build/services_pkg': PYTHONPATH=/home/ssfa/ros2_ws/build/services_pkg/prefix_override:/usr/lib/python3/dist-packages/colcon_core/task/python/colcon_distutils_commands:/home/ssfa/ros2_ws/install/services_pkg/lib/python3.10/site-packages:${PYTHONPATH} /usr/bin/python3 -W ignore:setup.py install is deprecated setup.py develop --editable --build-directory /home/ssfa/ros2_ws/build/services_pkg/build --no-deps symlink_data
[3.548s] /usr/lib/python3/dist-packages/setuptools/dist.py:723: UserWarning: Usage of dash-separated 'script-dir' will not be supported in future versions. Please use the underscore name 'script_dir' instead
[3.548s]   warnings.warn(
[3.611s] running develop
[3.611s] /usr/lib/python3/dist-packages/setuptools/command/easy_install.py:158: EasyInstallDeprecationWarning: easy_install command is deprecated. Use build and pip and other standards-based tools.
[3.611s]   warnings.warn(
[4.001s] running egg_info
[4.001s] creating services_pkg.egg-info
[4.001s] writing services_pkg.egg-info/PKG-INFO
[4.002s] writing dependency_links to services_pkg.egg-info/dependency_links.txt
[4.002s] writing entry points to services_pkg.egg-info/entry_points.txt
[4.002s] writing requirements to services_pkg.egg-info/requires.txt
[4.002s] writing top-level names to services_pkg.egg-info/top_level.txt
[4.002s] writing manifest file 'services_pkg.egg-info/SOURCES.txt'
[4.003s] reading manifest file 'services_pkg.egg-info/SOURCES.txt'
[4.004s] writing manifest file 'services_pkg.egg-info/SOURCES.txt'
[4.007s] running build_ext
[4.007s] Creating /home/ssfa/ros2_ws/install/services_pkg/lib/python3.10/site-packages/services-pkg.egg-link (link to .)
[4.009s] Installing service script to /home/ssfa/ros2_ws/install/services_pkg/lib/services_pkg
[4.009s] Installing service2 script to /home/ssfa/ros2_ws/install/services_pkg/lib/services_pkg
[4.010s] Installing service_client script to /home/ssfa/ros2_ws/install/services_pkg/lib/services_pkg
[4.010s] 
[4.010s] Installed /home/ssfa/ros2_ws/build/services_pkg
[4.010s] running symlink_data
[4.010s] creating /home/ssfa/ros2_ws/install/services_pkg/share/ament_index
[4.011s] creating /home/ssfa/ros2_ws/install/services_pkg/share/ament_index/resource_index
[4.011s] creating /home/ssfa/ros2_ws/install/services_pkg/share/ament_index/resource_index/packages
[4.011s] symbolically linking /home/ssfa/ros2_ws/build/services_pkg/resource/services_pkg -> /home/ssfa/ros2_ws/install/services_pkg/share/ament_index/resource_index/packages
[4.011s] symbolically linking /home/ssfa/ros2_ws/build/services_pkg/package.xml -> /home/ssfa/ros2_ws/install/services_pkg/share/services_pkg
[4.011s] symbolically linking /home/ssfa/ros2_ws/build/services_pkg/launch/server_stop.launch.py -> /home/ssfa/ros2_ws/install/services_pkg/share/services_pkg
[4.011s] symbolically linking /home/ssfa/ros2_ws/build/services_pkg/launch/server_moving.launch.py -> /home/ssfa/ros2_ws/install/services_pkg/share/services_pkg
[4.074s] Invoked command in '/home/ssfa/ros2_ws/build/services_pkg' returned '0': PYTHONPATH=/home/ssfa/ros2_ws/build/services_pkg/prefix_override:/usr/lib/python3/dist-packages/colcon_core/task/python/colcon_distutils_commands:/home/ssfa/ros2_ws/install/services_pkg/lib/python3.10/site-packages:${PYTHONPATH} /usr/bin/python3 -W ignore:setup.py install is deprecated setup.py develop --editable --build-directory /home/ssfa/ros2_ws/build/services_pkg/build --no-deps symlink_data
