[1.446s] Invoking command in '/home/ssfa/ros2_ws/build/client_pkg': PYTHONPATH=/home/ssfa/ros2_ws/build/client_pkg/prefix_override:/usr/lib/python3/dist-packages/colcon_core/task/python/colcon_distutils_commands:/home/ssfa/ros2_ws/install/client_pkg/lib/python3.10/site-packages:${PYTHONPATH} /usr/bin/python3 -W ignore:setup.py install is deprecated setup.py develop --editable --build-directory /home/ssfa/ros2_ws/build/client_pkg/build --no-deps symlink_data
[1.648s] running develop
[1.649s] /usr/lib/python3/dist-packages/setuptools/command/easy_install.py:158: EasyInstallDeprecationWarning: easy_install command is deprecated. Use build and pip and other standards-based tools.
[1.649s]   warnings.warn(
[1.800s] running egg_info
[1.800s] writing client_pkg.egg-info/PKG-INFO
[1.800s] writing dependency_links to client_pkg.egg-info/dependency_links.txt
[1.800s] writing entry points to client_pkg.egg-info/entry_points.txt
[1.800s] writing requirements to client_pkg.egg-info/requires.txt
[1.800s] writing top-level names to client_pkg.egg-info/top_level.txt
[1.802s] reading manifest file 'client_pkg.egg-info/SOURCES.txt'
[1.803s] writing manifest file 'client_pkg.egg-info/SOURCES.txt'
[1.804s] running build_ext
[1.804s] Creating /home/ssfa/ros2_ws/install/client_pkg/lib/python3.10/site-packages/client-pkg.egg-link (link to .)
[1.805s] Installing service_client script to /home/ssfa/ros2_ws/install/client_pkg/lib/client_pkg
[1.805s] Installing stop_client script to /home/ssfa/ros2_ws/install/client_pkg/lib/client_pkg
[1.805s] 
[1.805s] Installed /home/ssfa/ros2_ws/build/client_pkg
[1.806s] running symlink_data
[2.142s] Invoked command in '/home/ssfa/ros2_ws/build/client_pkg' returned '0': PYTHONPATH=/home/ssfa/ros2_ws/build/client_pkg/prefix_override:/usr/lib/python3/dist-packages/colcon_core/task/python/colcon_distutils_commands:/home/ssfa/ros2_ws/install/client_pkg/lib/python3.10/site-packages:${PYTHONPATH} /usr/bin/python3 -W ignore:setup.py install is deprecated setup.py develop --editable --build-directory /home/ssfa/ros2_ws/build/client_pkg/build --no-deps symlink_data
