running develop
Removing /home/ssfa/ros2_ws/install/movement_pkg/lib/python3.10/site-packages/movement-pkg.egg-link (link to .)
running egg_info
writing ../../build/movement_pkg/movement_pkg.egg-info/PKG-INFO
writing dependency_links to ../../build/movement_pkg/movement_pkg.egg-info/dependency_links.txt
writing entry points to ../../build/movement_pkg/movement_pkg.egg-info/entry_points.txt
writing requirements to ../../build/movement_pkg/movement_pkg.egg-info/requires.txt
writing top-level names to ../../build/movement_pkg/movement_pkg.egg-info/top_level.txt
reading manifest file '../../build/movement_pkg/movement_pkg.egg-info/SOURCES.txt'
writing manifest file '../../build/movement_pkg/movement_pkg.egg-info/SOURCES.txt'
running build
running build_py
running install
running install_lib
creating /home/ssfa/ros2_ws/install/movement_pkg/lib/python3.10/site-packages/movement_pkg
copying /home/ssfa/ros2_ws/build/movement_pkg/build/lib/movement_pkg/__init__.py -> /home/ssfa/ros2_ws/install/movement_pkg/lib/python3.10/site-packages/movement_pkg
copying /home/ssfa/ros2_ws/build/movement_pkg/build/lib/movement_pkg/movement_server.py -> /home/ssfa/ros2_ws/install/movement_pkg/lib/python3.10/site-packages/movement_pkg
copying /home/ssfa/ros2_ws/build/movement_pkg/build/lib/movement_pkg/movement_client.py -> /home/ssfa/ros2_ws/install/movement_pkg/lib/python3.10/site-packages/movement_pkg
byte-compiling /home/ssfa/ros2_ws/install/movement_pkg/lib/python3.10/site-packages/movement_pkg/__init__.py to __init__.cpython-310.pyc
byte-compiling /home/ssfa/ros2_ws/install/movement_pkg/lib/python3.10/site-packages/movement_pkg/movement_server.py to movement_server.cpython-310.pyc
byte-compiling /home/ssfa/ros2_ws/install/movement_pkg/lib/python3.10/site-packages/movement_pkg/movement_client.py to movement_client.cpython-310.pyc
running install_data
copying resource/movement_pkg -> /home/ssfa/ros2_ws/install/movement_pkg/share/ament_index/resource_index/packages
copying package.xml -> /home/ssfa/ros2_ws/install/movement_pkg/share/movement_pkg
copying launch/movement_server.launch.py -> /home/ssfa/ros2_ws/install/movement_pkg/share/movement_pkg
running install_egg_info
Copying ../../build/movement_pkg/movement_pkg.egg-info to /home/ssfa/ros2_ws/install/movement_pkg/lib/python3.10/site-packages/movement_pkg-0.0.0-py3.10.egg-info
running install_scripts
Installing movement_client script to /home/ssfa/ros2_ws/install/movement_pkg/lib/movement_pkg
Installing movement_server script to /home/ssfa/ros2_ws/install/movement_pkg/lib/movement_pkg
writing list of installed files to '/home/ssfa/ros2_ws/build/movement_pkg/install.log'
