[1.494s] Invoking command in '/home/ssfa/ros2_ws/build/movement_pkg': CMAKE_PREFIX_PATH=/home/ssfa/ros2_ws/install/custom_interfaces:/home/ssfa/ros2_ws/install/yolov8_bringup:/home/ssfa/ros2_ws/install/yolov8_msgs:/home/ssfa/ros2_ws/install/two_wheeled_robot:/home/ssfa/ros2_ws/install/turtlebot3:/home/ssfa/ros2_ws/install/turtlebot3_simulations:/home/ssfa/ros2_ws/install/turtlebot3_navigation2:/home/ssfa/ros2_ws/install/turtlebot3_msgs:/home/ssfa/ros2_ws/install/turtlebot3_gazebo:/home/ssfa/ros2_ws/install/turtlebot3_bringup:/home/ssfa/ros2_ws/install/turtlebot3_description:/home/ssfa/ros2_ws/install/turtlebot3_cartographer:/home/ssfa/ros2_ws/install/turtlebot3_as:/home/ssfa/ros2_ws/install/tiago_demo:/home/ssfa/ros2_ws/install/t3_action_msg:/home/ssfa/ros2_ws/install/dynamixel_sdk LD_LIBRARY_PATH=/home/ssfa/ros2_ws/install/custom_interfaces/lib:/home/ssfa/ros2_ws/install/yolov8_msgs/lib:/home/ssfa/ros2_ws/install/turtlebot3_msgs/lib:/home/ssfa/ros2_ws/install/t3_action_msg/lib:/home/ssfa/ros2_ws/install/dynamixel_sdk/lib:/usr/lib/x86_64-linux-gnu/gazebo-11/plugins:/opt/ros/humble/opt/rviz_ogre_vendor/lib:/opt/ros/humble/lib/x86_64-linux-gnu:/opt/ros/humble/lib PYTHONPATH=/home/ssfa/ros2_ws/build/movement_pkg/prefix_override:/usr/lib/python3/dist-packages/colcon_core/task/python/colcon_distutils_commands:/home/ssfa/ros2_ws/install/movement_pkg/lib/python3.10/site-packages:${PYTHONPATH} /usr/bin/python3 -W ignore:setup.py install is deprecated setup.py develop --uninstall --editable --build-directory /home/ssfa/ros2_ws/build/movement_pkg/build
[2.134s] running develop
[2.134s] /usr/lib/python3/dist-packages/setuptools/command/easy_install.py:158: EasyInstallDeprecationWarning: easy_install command is deprecated. Use build and pip and other standards-based tools.
[2.134s]   warnings.warn(
[2.690s] Removing /home/ssfa/ros2_ws/install/movement_pkg/lib/python3.10/site-packages/movement-pkg.egg-link (link to .)
[2.827s] Invoked command in '/home/ssfa/ros2_ws/build/movement_pkg' returned '0': CMAKE_PREFIX_PATH=/home/ssfa/ros2_ws/install/custom_interfaces:/home/ssfa/ros2_ws/install/yolov8_bringup:/home/ssfa/ros2_ws/install/yolov8_msgs:/home/ssfa/ros2_ws/install/two_wheeled_robot:/home/ssfa/ros2_ws/install/turtlebot3:/home/ssfa/ros2_ws/install/turtlebot3_simulations:/home/ssfa/ros2_ws/install/turtlebot3_navigation2:/home/ssfa/ros2_ws/install/turtlebot3_msgs:/home/ssfa/ros2_ws/install/turtlebot3_gazebo:/home/ssfa/ros2_ws/install/turtlebot3_bringup:/home/ssfa/ros2_ws/install/turtlebot3_description:/home/ssfa/ros2_ws/install/turtlebot3_cartographer:/home/ssfa/ros2_ws/install/turtlebot3_as:/home/ssfa/ros2_ws/install/tiago_demo:/home/ssfa/ros2_ws/install/t3_action_msg:/home/ssfa/ros2_ws/install/dynamixel_sdk LD_LIBRARY_PATH=/home/ssfa/ros2_ws/install/custom_interfaces/lib:/home/ssfa/ros2_ws/install/yolov8_msgs/lib:/home/ssfa/ros2_ws/install/turtlebot3_msgs/lib:/home/ssfa/ros2_ws/install/t3_action_msg/lib:/home/ssfa/ros2_ws/install/dynamixel_sdk/lib:/usr/lib/x86_64-linux-gnu/gazebo-11/plugins:/opt/ros/humble/opt/rviz_ogre_vendor/lib:/opt/ros/humble/lib/x86_64-linux-gnu:/opt/ros/humble/lib PYTHONPATH=/home/ssfa/ros2_ws/build/movement_pkg/prefix_override:/usr/lib/python3/dist-packages/colcon_core/task/python/colcon_distutils_commands:/home/ssfa/ros2_ws/install/movement_pkg/lib/python3.10/site-packages:${PYTHONPATH} /usr/bin/python3 -W ignore:setup.py install is deprecated setup.py develop --uninstall --editable --build-directory /home/ssfa/ros2_ws/build/movement_pkg/build
[2.827s] Invoking command in '/home/ssfa/ros2_ws/src/movement_pkg': CMAKE_PREFIX_PATH=/home/ssfa/ros2_ws/install/custom_interfaces:/home/ssfa/ros2_ws/install/yolov8_bringup:/home/ssfa/ros2_ws/install/yolov8_msgs:/home/ssfa/ros2_ws/install/two_wheeled_robot:/home/ssfa/ros2_ws/install/turtlebot3:/home/ssfa/ros2_ws/install/turtlebot3_simulations:/home/ssfa/ros2_ws/install/turtlebot3_navigation2:/home/ssfa/ros2_ws/install/turtlebot3_msgs:/home/ssfa/ros2_ws/install/turtlebot3_gazebo:/home/ssfa/ros2_ws/install/turtlebot3_bringup:/home/ssfa/ros2_ws/install/turtlebot3_description:/home/ssfa/ros2_ws/install/turtlebot3_cartographer:/home/ssfa/ros2_ws/install/turtlebot3_as:/home/ssfa/ros2_ws/install/tiago_demo:/home/ssfa/ros2_ws/install/t3_action_msg:/home/ssfa/ros2_ws/install/dynamixel_sdk LD_LIBRARY_PATH=/home/ssfa/ros2_ws/install/custom_interfaces/lib:/home/ssfa/ros2_ws/install/yolov8_msgs/lib:/home/ssfa/ros2_ws/install/turtlebot3_msgs/lib:/home/ssfa/ros2_ws/install/t3_action_msg/lib:/home/ssfa/ros2_ws/install/dynamixel_sdk/lib:/usr/lib/x86_64-linux-gnu/gazebo-11/plugins:/opt/ros/humble/opt/rviz_ogre_vendor/lib:/opt/ros/humble/lib/x86_64-linux-gnu:/opt/ros/humble/lib PYTHONPATH=/home/ssfa/ros2_ws/build/movement_pkg/prefix_override:/usr/lib/python3/dist-packages/colcon_core/task/python/colcon_distutils_commands:/home/ssfa/ros2_ws/install/movement_pkg/lib/python3.10/site-packages:${PYTHONPATH} /usr/bin/python3 -W ignore:setup.py install is deprecated setup.py egg_info --egg-base ../../build/movement_pkg build --build-base /home/ssfa/ros2_ws/build/movement_pkg/build install --record /home/ssfa/ros2_ws/build/movement_pkg/install.log --single-version-externally-managed install_data --force
[3.181s] running egg_info
[3.182s] writing ../../build/movement_pkg/movement_pkg.egg-info/PKG-INFO
[3.182s] writing dependency_links to ../../build/movement_pkg/movement_pkg.egg-info/dependency_links.txt
[3.183s] writing entry points to ../../build/movement_pkg/movement_pkg.egg-info/entry_points.txt
[3.183s] writing requirements to ../../build/movement_pkg/movement_pkg.egg-info/requires.txt
[3.183s] writing top-level names to ../../build/movement_pkg/movement_pkg.egg-info/top_level.txt
[3.187s] reading manifest file '../../build/movement_pkg/movement_pkg.egg-info/SOURCES.txt'
[3.187s] writing manifest file '../../build/movement_pkg/movement_pkg.egg-info/SOURCES.txt'
[3.187s] running build
[3.188s] running build_py
[3.188s] running install
[3.188s] running install_lib
[3.190s] creating /home/ssfa/ros2_ws/install/movement_pkg/lib/python3.10/site-packages/movement_pkg
[3.191s] copying /home/ssfa/ros2_ws/build/movement_pkg/build/lib/movement_pkg/__init__.py -> /home/ssfa/ros2_ws/install/movement_pkg/lib/python3.10/site-packages/movement_pkg
[3.192s] copying /home/ssfa/ros2_ws/build/movement_pkg/build/lib/movement_pkg/movement_server.py -> /home/ssfa/ros2_ws/install/movement_pkg/lib/python3.10/site-packages/movement_pkg
[3.192s] copying /home/ssfa/ros2_ws/build/movement_pkg/build/lib/movement_pkg/movement_client.py -> /home/ssfa/ros2_ws/install/movement_pkg/lib/python3.10/site-packages/movement_pkg
[3.192s] byte-compiling /home/ssfa/ros2_ws/install/movement_pkg/lib/python3.10/site-packages/movement_pkg/__init__.py to __init__.cpython-310.pyc
[3.193s] byte-compiling /home/ssfa/ros2_ws/install/movement_pkg/lib/python3.10/site-packages/movement_pkg/movement_server.py to movement_server.cpython-310.pyc
[3.193s] byte-compiling /home/ssfa/ros2_ws/install/movement_pkg/lib/python3.10/site-packages/movement_pkg/movement_client.py to movement_client.cpython-310.pyc
[3.193s] running install_data
[3.193s] copying resource/movement_pkg -> /home/ssfa/ros2_ws/install/movement_pkg/share/ament_index/resource_index/packages
[3.193s] copying package.xml -> /home/ssfa/ros2_ws/install/movement_pkg/share/movement_pkg
[3.193s] copying launch/movement_server.launch.py -> /home/ssfa/ros2_ws/install/movement_pkg/share/movement_pkg
[3.193s] running install_egg_info
[3.197s] Copying ../../build/movement_pkg/movement_pkg.egg-info to /home/ssfa/ros2_ws/install/movement_pkg/lib/python3.10/site-packages/movement_pkg-0.0.0-py3.10.egg-info
[3.201s] running install_scripts
[3.270s] Installing movement_client script to /home/ssfa/ros2_ws/install/movement_pkg/lib/movement_pkg
[3.270s] Installing movement_server script to /home/ssfa/ros2_ws/install/movement_pkg/lib/movement_pkg
[3.271s] writing list of installed files to '/home/ssfa/ros2_ws/build/movement_pkg/install.log'
[3.337s] Invoked command in '/home/ssfa/ros2_ws/src/movement_pkg' returned '0': CMAKE_PREFIX_PATH=/home/ssfa/ros2_ws/install/custom_interfaces:/home/ssfa/ros2_ws/install/yolov8_bringup:/home/ssfa/ros2_ws/install/yolov8_msgs:/home/ssfa/ros2_ws/install/two_wheeled_robot:/home/ssfa/ros2_ws/install/turtlebot3:/home/ssfa/ros2_ws/install/turtlebot3_simulations:/home/ssfa/ros2_ws/install/turtlebot3_navigation2:/home/ssfa/ros2_ws/install/turtlebot3_msgs:/home/ssfa/ros2_ws/install/turtlebot3_gazebo:/home/ssfa/ros2_ws/install/turtlebot3_bringup:/home/ssfa/ros2_ws/install/turtlebot3_description:/home/ssfa/ros2_ws/install/turtlebot3_cartographer:/home/ssfa/ros2_ws/install/turtlebot3_as:/home/ssfa/ros2_ws/install/tiago_demo:/home/ssfa/ros2_ws/install/t3_action_msg:/home/ssfa/ros2_ws/install/dynamixel_sdk LD_LIBRARY_PATH=/home/ssfa/ros2_ws/install/custom_interfaces/lib:/home/ssfa/ros2_ws/install/yolov8_msgs/lib:/home/ssfa/ros2_ws/install/turtlebot3_msgs/lib:/home/ssfa/ros2_ws/install/t3_action_msg/lib:/home/ssfa/ros2_ws/install/dynamixel_sdk/lib:/usr/lib/x86_64-linux-gnu/gazebo-11/plugins:/opt/ros/humble/opt/rviz_ogre_vendor/lib:/opt/ros/humble/lib/x86_64-linux-gnu:/opt/ros/humble/lib PYTHONPATH=/home/ssfa/ros2_ws/build/movement_pkg/prefix_override:/usr/lib/python3/dist-packages/colcon_core/task/python/colcon_distutils_commands:/home/ssfa/ros2_ws/install/movement_pkg/lib/python3.10/site-packages:${PYTHONPATH} /usr/bin/python3 -W ignore:setup.py install is deprecated setup.py egg_info --egg-base ../../build/movement_pkg build --build-base /home/ssfa/ros2_ws/build/movement_pkg/build install --record /home/ssfa/ros2_ws/build/movement_pkg/install.log --single-version-externally-managed install_data --force
