[0.007s] Invoking command in '/home/ssfa/ros2_ws/build/color_shape_detector': CMAKE_PREFIX_PATH=${CMAKE_PREFIX_PATH}:/home/ssfa/ros2_ws/install/yolov8_ros:/home/ssfa/ros2_ws/install/turtlebot3_teleop:/home/ssfa/ros2_ws/install/turtlebot3_example:/home/ssfa/ros2_ws/install/shape_detector:/home/ssfa/ros2_ws/install/services_pkg:/home/ssfa/ros2_ws/install/cv_basics:/home/ssfa/ros2_ws/install/color_shape_detector:/opt/ros/humble /usr/bin/cmake /home/ssfa/ros2_ws/src/color_shape_detector -DCMAKE_INSTALL_PREFIX=/home/ssfa/ros2_ws/install/color_shape_detector
[0.014s] -- Found ament_cmake: 1.3.9 (/opt/ros/humble/share/ament_cmake/cmake)
[0.093s] -- Found rclpy: 3.3.13 (/opt/ros/humble/share/rclpy/cmake)
[0.093s] -- Found image_transport: 3.1.9 (/opt/ros/humble/share/image_transport/cmake)
[0.112s] -- Found rosidl_generator_c: 3.1.5 (/opt/ros/humble/share/rosidl_generator_c/cmake)
[0.113s] -- Found rosidl_adapter: 3.1.5 (/opt/ros/humble/share/rosidl_adapter/cmake)
[0.117s] -- Found rosidl_generator_cpp: 3.1.5 (/opt/ros/humble/share/rosidl_generator_cpp/cmake)
[0.123s] -- Using all available rosidl_typesupport_c: rosidl_typesupport_fastrtps_c;rosidl_typesupport_introspection_c
[0.132s] -- Using all available rosidl_typesupport_cpp: rosidl_typesupport_fastrtps_cpp;rosidl_typesupport_introspection_cpp
[0.166s] -- Found rmw_implementation_cmake: 6.1.2 (/opt/ros/humble/share/rmw_implementation_cmake/cmake)
[0.167s] -- Found rmw_fastrtps_cpp: 6.2.6 (/opt/ros/humble/share/rmw_fastrtps_cpp/cmake)
[0.243s] -- Using RMW implementation 'rmw_fastrtps_cpp' as default
[0.435s] -- Found cv_bridge: 3.2.1 (/opt/ros/humble/share/cv_bridge/cmake)
[0.451s] -- Configuring incomplete, errors occurred!
[0.451s] See also "/home/ssfa/ros2_ws/build/color_shape_detector/CMakeFiles/CMakeOutput.log".
[0.451s] [31mCMake Error at CMakeLists.txt:15 (find_package):
[0.451s]   By not providing "Findopencv2.cmake" in CMAKE_MODULE_PATH this project has
[0.451s]   asked CMake to find a package configuration file provided by "opencv2", but
[0.451s]   CMake did not find one.
[0.451s] 
[0.451s]   Could not find a package configuration file provided by "opencv2" with any
[0.451s]   of the following names:
[0.451s] 
[0.451s]     opencv2Config.cmake
[0.451s]     opencv2-config.cmake
[0.451s] 
[0.451s]   Add the installation prefix of "opencv2" to CMAKE_PREFIX_PATH or set
[0.451s]   "opencv2_DIR" to a directory containing one of the above files.  If
[0.452s]   "opencv2" provides a separate development package or SDK, be sure it has
[0.452s]   been installed.
[0.452s] 
[0.452s] [0m
[0.456s] Invoked command in '/home/ssfa/ros2_ws/build/color_shape_detector' returned '1': CMAKE_PREFIX_PATH=${CMAKE_PREFIX_PATH}:/home/ssfa/ros2_ws/install/yolov8_ros:/home/ssfa/ros2_ws/install/turtlebot3_teleop:/home/ssfa/ros2_ws/install/turtlebot3_example:/home/ssfa/ros2_ws/install/shape_detector:/home/ssfa/ros2_ws/install/services_pkg:/home/ssfa/ros2_ws/install/cv_basics:/home/ssfa/ros2_ws/install/color_shape_detector:/opt/ros/humble /usr/bin/cmake /home/ssfa/ros2_ws/src/color_shape_detector -DCMAKE_INSTALL_PREFIX=/home/ssfa/ros2_ws/install/color_shape_detector
