[0.816s] Invoking command in '/home/ssfa/ros2_ws/build/turtlebot3_example': AMENT_PREFIX_PATH=/home/ssfa/ros2_ws/install/turtlebot3_msgs:${AMENT_PREFIX_PATH} CMAKE_PREFIX_PATH=/home/ssfa/ros2_ws/install/turtlebot3_msgs LD_LIBRARY_PATH=/home/ssfa/ros2_ws/install/turtlebot3_msgs/lib:${LD_LIBRARY_PATH} PYTHONPATH=/home/ssfa/ros2_ws/build/turtlebot3_example/prefix_override:/usr/lib/python3/dist-packages/colcon_core/task/python/colcon_distutils_commands:/home/ssfa/ros2_ws/install/turtlebot3_example/lib/python3.10/site-packages:/home/ssfa/ros2_ws/install/turtlebot3_msgs/local/lib/python3.10/dist-packages:${PYTHONPATH} /usr/bin/python3 -W ignore:setup.py install is deprecated setup.py develop --editable --build-directory /home/ssfa/ros2_ws/build/turtlebot3_example/build --no-deps symlink_data
[1.065s] /usr/lib/python3/dist-packages/setuptools/dist.py:723: UserWarning: Usage of dash-separated 'script-dir' will not be supported in future versions. Please use the underscore name 'script_dir' instead
[1.065s]   warnings.warn(
[1.099s] running develop
[1.100s] /usr/lib/python3/dist-packages/setuptools/command/easy_install.py:158: EasyInstallDeprecationWarning: easy_install command is deprecated. Use build and pip and other standards-based tools.
[1.100s]   warnings.warn(
[1.264s] running egg_info
[1.265s] writing turtlebot3_example.egg-info/PKG-INFO
[1.265s] writing dependency_links to turtlebot3_example.egg-info/dependency_links.txt
[1.265s] writing entry points to turtlebot3_example.egg-info/entry_points.txt
[1.265s] writing requirements to turtlebot3_example.egg-info/requires.txt
[1.265s] writing top-level names to turtlebot3_example.egg-info/top_level.txt
[1.267s] reading manifest file 'turtlebot3_example.egg-info/SOURCES.txt'
[1.268s] writing manifest file 'turtlebot3_example.egg-info/SOURCES.txt'
[1.270s] running build_ext
[1.270s] Creating /home/ssfa/ros2_ws/install/turtlebot3_example/lib/python3.10/site-packages/turtlebot3-example.egg-link (link to .)
[1.271s] Installing turtlebot3_obstacle_detection script to /home/ssfa/ros2_ws/install/turtlebot3_example/lib/turtlebot3_example
[1.271s] Installing turtlebot3_patrol_client script to /home/ssfa/ros2_ws/install/turtlebot3_example/lib/turtlebot3_example
[1.271s] Installing turtlebot3_patrol_server script to /home/ssfa/ros2_ws/install/turtlebot3_example/lib/turtlebot3_example
[1.271s] Installing turtlebot3_position_control script to /home/ssfa/ros2_ws/install/turtlebot3_example/lib/turtlebot3_example
[1.271s] 
[1.271s] Installed /home/ssfa/ros2_ws/build/turtlebot3_example
[1.271s] running symlink_data
[1.302s] Invoked command in '/home/ssfa/ros2_ws/build/turtlebot3_example' returned '0': AMENT_PREFIX_PATH=/home/ssfa/ros2_ws/install/turtlebot3_msgs:${AMENT_PREFIX_PATH} CMAKE_PREFIX_PATH=/home/ssfa/ros2_ws/install/turtlebot3_msgs LD_LIBRARY_PATH=/home/ssfa/ros2_ws/install/turtlebot3_msgs/lib:${LD_LIBRARY_PATH} PYTHONPATH=/home/ssfa/ros2_ws/build/turtlebot3_example/prefix_override:/usr/lib/python3/dist-packages/colcon_core/task/python/colcon_distutils_commands:/home/ssfa/ros2_ws/install/turtlebot3_example/lib/python3.10/site-packages:/home/ssfa/ros2_ws/install/turtlebot3_msgs/local/lib/python3.10/dist-packages:${PYTHONPATH} /usr/bin/python3 -W ignore:setup.py install is deprecated setup.py develop --editable --build-directory /home/ssfa/ros2_ws/build/turtlebot3_example/build --no-deps symlink_data
