running develop
/usr/lib/python3/dist-packages/setuptools/command/easy_install.py:158: EasyInstallDeprecationWarning: easy_install command is deprecated. Use build and pip and other standards-based tools.
  warnings.warn(
running egg_info
creating publisher_pkg.egg-info
writing publisher_pkg.egg-info/PKG-INFO
writing dependency_links to publisher_pkg.egg-info/dependency_links.txt
writing entry points to publisher_pkg.egg-info/entry_points.txt
writing requirements to publisher_pkg.egg-info/requires.txt
writing top-level names to publisher_pkg.egg-info/top_level.txt
writing manifest file 'publisher_pkg.egg-info/SOURCES.txt'
reading manifest file 'publisher_pkg.egg-info/SOURCES.txt'
writing manifest file 'publisher_pkg.egg-info/SOURCES.txt'
running build_ext
Creating /home/ssfa/ros2_ws/install/publisher_pkg/lib/python3.10/site-packages/publisher-pkg.egg-link (link to .)
Installing simple_publisher script to /home/ssfa/ros2_ws/install/publisher_pkg/lib/publisher_pkg

Installed /home/ssfa/ros2_ws/build/publisher_pkg
running symlink_data
creating /home/ssfa/ros2_ws/install/publisher_pkg/share/ament_index
creating /home/ssfa/ros2_ws/install/publisher_pkg/share/ament_index/resource_index
creating /home/ssfa/ros2_ws/install/publisher_pkg/share/ament_index/resource_index/packages
symbolically linking /home/ssfa/ros2_ws/build/publisher_pkg/resource/publisher_pkg -> /home/ssfa/ros2_ws/install/publisher_pkg/share/ament_index/resource_index/packages
symbolically linking /home/ssfa/ros2_ws/build/publisher_pkg/package.xml -> /home/ssfa/ros2_ws/install/publisher_pkg/share/publisher_pkg
symbolically linking /home/ssfa/ros2_ws/build/publisher_pkg/launch/publisher_pkg_launch_file.launch.py -> /home/ssfa/ros2_ws/install/publisher_pkg/share/publisher_pkg
