[0.316s] Invoking command in '/home/ssfa/ros2_ws/build/publisher_pkg': PYTHONPATH=/home/ssfa/ros2_ws/build/publisher_pkg/prefix_override:/usr/lib/python3/dist-packages/colcon_core/task/python/colcon_distutils_commands:/home/ssfa/ros2_ws/install/publisher_pkg/lib/python3.10/site-packages:${PYTHONPATH} /usr/bin/python3 -W ignore:setup.py install is deprecated setup.py develop --editable --build-directory /home/ssfa/ros2_ws/build/publisher_pkg/build --no-deps symlink_data
[0.457s] running develop
[0.457s] /usr/lib/python3/dist-packages/setuptools/command/easy_install.py:158: EasyInstallDeprecationWarning: easy_install command is deprecated. Use build and pip and other standards-based tools.
[0.457s]   warnings.warn(
[0.541s] running egg_info
[0.541s] creating publisher_pkg.egg-info
[0.542s] writing publisher_pkg.egg-info/PKG-INFO
[0.542s] writing dependency_links to publisher_pkg.egg-info/dependency_links.txt
[0.542s] writing entry points to publisher_pkg.egg-info/entry_points.txt
[0.542s] writing requirements to publisher_pkg.egg-info/requires.txt
[0.542s] writing top-level names to publisher_pkg.egg-info/top_level.txt
[0.542s] writing manifest file 'publisher_pkg.egg-info/SOURCES.txt'
[0.543s] reading manifest file 'publisher_pkg.egg-info/SOURCES.txt'
[0.543s] writing manifest file 'publisher_pkg.egg-info/SOURCES.txt'
[0.544s] running build_ext
[0.544s] Creating /home/ssfa/ros2_ws/install/publisher_pkg/lib/python3.10/site-packages/publisher-pkg.egg-link (link to .)
[0.544s] Installing simple_publisher script to /home/ssfa/ros2_ws/install/publisher_pkg/lib/publisher_pkg
[0.544s] 
[0.545s] Installed /home/ssfa/ros2_ws/build/publisher_pkg
[0.545s] running symlink_data
[0.545s] creating /home/ssfa/ros2_ws/install/publisher_pkg/share/ament_index
[0.545s] creating /home/ssfa/ros2_ws/install/publisher_pkg/share/ament_index/resource_index
[0.545s] creating /home/ssfa/ros2_ws/install/publisher_pkg/share/ament_index/resource_index/packages
[0.545s] symbolically linking /home/ssfa/ros2_ws/build/publisher_pkg/resource/publisher_pkg -> /home/ssfa/ros2_ws/install/publisher_pkg/share/ament_index/resource_index/packages
[0.545s] symbolically linking /home/ssfa/ros2_ws/build/publisher_pkg/package.xml -> /home/ssfa/ros2_ws/install/publisher_pkg/share/publisher_pkg
[0.545s] symbolically linking /home/ssfa/ros2_ws/build/publisher_pkg/launch/publisher_pkg_launch_file.launch.py -> /home/ssfa/ros2_ws/install/publisher_pkg/share/publisher_pkg
[0.562s] Invoked command in '/home/ssfa/ros2_ws/build/publisher_pkg' returned '0': PYTHONPATH=/home/ssfa/ros2_ws/build/publisher_pkg/prefix_override:/usr/lib/python3/dist-packages/colcon_core/task/python/colcon_distutils_commands:/home/ssfa/ros2_ws/install/publisher_pkg/lib/python3.10/site-packages:${PYTHONPATH} /usr/bin/python3 -W ignore:setup.py install is deprecated setup.py develop --editable --build-directory /home/ssfa/ros2_ws/build/publisher_pkg/build --no-deps symlink_data
