/usr/lib/python3/dist-packages/setuptools/dist.py:723: UserWarning: Usage of dash-separated 'script-dir' will not be supported in future versions. Please use the underscore name 'script_dir' instead
  warnings.warn(
running develop
/usr/lib/python3/dist-packages/setuptools/command/easy_install.py:158: EasyInstallDeprecationWarning: easy_install command is deprecated. Use build and pip and other standards-based tools.
  warnings.warn(
running egg_info
writing services_pkg.egg-info/PKG-INFO
writing dependency_links to services_pkg.egg-info/dependency_links.txt
writing entry points to services_pkg.egg-info/entry_points.txt
writing requirements to services_pkg.egg-info/requires.txt
writing top-level names to services_pkg.egg-info/top_level.txt
reading manifest file 'services_pkg.egg-info/SOURCES.txt'
writing manifest file 'services_pkg.egg-info/SOURCES.txt'
running build_ext
Creating /home/ssfa/ros2_ws/install/services_pkg/lib/python3.10/site-packages/services-pkg.egg-link (link to .)
Installing service script to /home/ssfa/ros2_ws/install/services_pkg/lib/services_pkg
Installing service2 script to /home/ssfa/ros2_ws/install/services_pkg/lib/services_pkg
Installing service_client script to /home/ssfa/ros2_ws/install/services_pkg/lib/services_pkg

Installed /home/ssfa/ros2_ws/build/services_pkg
running symlink_data
