[0.010s] Invoking command in '/home/ssfa/ros2_ws/build/turtlebot3_as': AMENT_PREFIX_PATH=/home/ssfa/ros2_ws/install/t3_action_msg:${AMENT_PREFIX_PATH} CMAKE_PREFIX_PATH=/home/ssfa/ros2_ws/install/t3_action_msg:/opt/ros/humble LD_LIBRARY_PATH=/home/ssfa/ros2_ws/install/t3_action_msg/lib:${LD_LIBRARY_PATH} PYTHONPATH=/home/ssfa/ros2_ws/install/t3_action_msg/local/lib/python3.10/dist-packages:${PYTHONPATH} /usr/bin/cmake /home/ssfa/ros2_ws/src/t3/turtlebot3_as -DAMENT_CMAKE_SYMLINK_INSTALL=1 -DCMAKE_INSTALL_PREFIX=/home/ssfa/ros2_ws/install/turtlebot3_as
[0.074s] -- The C compiler identification is GNU 11.4.0
[0.139s] -- The CXX compiler identification is GNU 11.4.0
[0.148s] -- Detecting C compiler ABI info
[0.228s] -- Detecting C compiler ABI info - done
[0.241s] -- Check for working C compiler: /usr/bin/cc - skipped
[0.241s] -- Detecting C compile features
[0.242s] -- Detecting C compile features - done
[0.248s] -- Detecting CXX compiler ABI info
[0.342s] -- Detecting CXX compiler ABI info - done
[0.351s] -- Check for working CXX compiler: /usr/bin/c++ - skipped
[0.351s] -- Detecting CXX compile features
[0.352s] -- Detecting CXX compile features - done
[0.354s] -- Found ament_cmake: 1.3.9 (/opt/ros/humble/share/ament_cmake/cmake)
[0.542s] -- Found Python3: /usr/bin/python3 (found version "3.10.12") found components: Interpreter 
[0.620s] -- Override CMake install command with custom implementation using symlinks instead of copying resources
[0.647s] -- Found rclcpp: 16.0.9 (/opt/ros/humble/share/rclcpp/cmake)
[0.694s] -- Found rosidl_generator_c: 3.1.5 (/opt/ros/humble/share/rosidl_generator_c/cmake)
[0.699s] -- Found rosidl_adapter: 3.1.5 (/opt/ros/humble/share/rosidl_adapter/cmake)
[0.709s] -- Found rosidl_generator_cpp: 3.1.5 (/opt/ros/humble/share/rosidl_generator_cpp/cmake)
[0.725s] -- Using all available rosidl_typesupport_c: rosidl_typesupport_fastrtps_c;rosidl_typesupport_introspection_c
[0.748s] -- Using all available rosidl_typesupport_cpp: rosidl_typesupport_fastrtps_cpp;rosidl_typesupport_introspection_cpp
[0.831s] -- Found rmw_implementation_cmake: 6.1.2 (/opt/ros/humble/share/rmw_implementation_cmake/cmake)
[0.834s] -- Found rmw_fastrtps_cpp: 6.2.6 (/opt/ros/humble/share/rmw_fastrtps_cpp/cmake)
[0.980s] -- Found OpenSSL: /usr/lib/x86_64-linux-gnu/libcrypto.so (found version "3.0.2")  
[1.034s] -- Found FastRTPS: /opt/ros/humble/include  
[1.098s] -- Using RMW implementation 'rmw_fastrtps_cpp' as default
[1.109s] -- Looking for pthread.h
[1.192s] -- Looking for pthread.h - found
[1.192s] -- Performing Test CMAKE_HAVE_LIBC_PTHREAD
[1.279s] -- Performing Test CMAKE_HAVE_LIBC_PTHREAD - Success
[1.281s] -- Found Threads: TRUE  
[1.484s] -- Found rclcpp_action: 16.0.9 (/opt/ros/humble/share/rclcpp_action/cmake)
[1.605s] -- Found t3_action_msg: 0.0.0 (/home/ssfa/ros2_ws/install/t3_action_msg/share/t3_action_msg/cmake)
[1.671s] -- Found geometry_msgs: 4.2.4 (/opt/ros/humble/share/geometry_msgs/cmake)
[1.733s] -- Found ament_lint_auto: 0.12.11 (/opt/ros/humble/share/ament_lint_auto/cmake)
[1.832s] -- Added test 'copyright' to check source files copyright and LICENSE
[1.833s] -- Added test 'cppcheck' to perform static code analysis on C / C++ code
[1.833s] -- Configured cppcheck include dirs: 
[1.834s] -- Configured cppcheck exclude dirs and/or files: 
[1.834s] -- Added test 'cpplint' to check C / C++ code against the Google style
[1.835s] -- Configured cpplint exclude dirs and/or files: 
[1.835s] -- Added test 'flake8' to check Python code syntax and style conventions
[1.836s] -- Added test 'lint_cmake' to check CMake code style
[1.836s] -- Added test 'pep257' to check Python code against some of the docstring style conventions in PEP 257
[1.837s] -- Added test 'uncrustify' to check C / C++ code style
[1.837s] -- Configured uncrustify additional arguments: 
[1.838s] -- Added test 'xmllint' to check XML markup files
[1.841s] -- Configuring done
[1.853s] -- Generating done
[1.855s] -- Build files have been written to: /home/ssfa/ros2_ws/build/turtlebot3_as
[1.866s] Invoked command in '/home/ssfa/ros2_ws/build/turtlebot3_as' returned '0': AMENT_PREFIX_PATH=/home/ssfa/ros2_ws/install/t3_action_msg:${AMENT_PREFIX_PATH} CMAKE_PREFIX_PATH=/home/ssfa/ros2_ws/install/t3_action_msg:/opt/ros/humble LD_LIBRARY_PATH=/home/ssfa/ros2_ws/install/t3_action_msg/lib:${LD_LIBRARY_PATH} PYTHONPATH=/home/ssfa/ros2_ws/install/t3_action_msg/local/lib/python3.10/dist-packages:${PYTHONPATH} /usr/bin/cmake /home/ssfa/ros2_ws/src/t3/turtlebot3_as -DAMENT_CMAKE_SYMLINK_INSTALL=1 -DCMAKE_INSTALL_PREFIX=/home/ssfa/ros2_ws/install/turtlebot3_as
[1.868s] Invoking command in '/home/ssfa/ros2_ws/build/turtlebot3_as': AMENT_PREFIX_PATH=/home/ssfa/ros2_ws/install/t3_action_msg:${AMENT_PREFIX_PATH} CMAKE_PREFIX_PATH=/home/ssfa/ros2_ws/install/t3_action_msg:/opt/ros/humble LD_LIBRARY_PATH=/home/ssfa/ros2_ws/install/t3_action_msg/lib:${LD_LIBRARY_PATH} PYTHONPATH=/home/ssfa/ros2_ws/install/t3_action_msg/local/lib/python3.10/dist-packages:${PYTHONPATH} /usr/bin/cmake --build /home/ssfa/ros2_ws/build/turtlebot3_as -- -j12 -l12
[1.922s] [ 50%] [32mBuilding CXX object CMakeFiles/turtlebot3_as.dir/src/action_server.cpp.o[0m
[8.020s] [100%] [32m[1mLinking CXX executable turtlebot3_as[0m
[8.312s] [100%] Built target turtlebot3_as
[8.325s] Invoked command in '/home/ssfa/ros2_ws/build/turtlebot3_as' returned '0': AMENT_PREFIX_PATH=/home/ssfa/ros2_ws/install/t3_action_msg:${AMENT_PREFIX_PATH} CMAKE_PREFIX_PATH=/home/ssfa/ros2_ws/install/t3_action_msg:/opt/ros/humble LD_LIBRARY_PATH=/home/ssfa/ros2_ws/install/t3_action_msg/lib:${LD_LIBRARY_PATH} PYTHONPATH=/home/ssfa/ros2_ws/install/t3_action_msg/local/lib/python3.10/dist-packages:${PYTHONPATH} /usr/bin/cmake --build /home/ssfa/ros2_ws/build/turtlebot3_as -- -j12 -l12
[8.355s] Invoking command in '/home/ssfa/ros2_ws/build/turtlebot3_as': AMENT_PREFIX_PATH=/home/ssfa/ros2_ws/install/t3_action_msg:${AMENT_PREFIX_PATH} CMAKE_PREFIX_PATH=/home/ssfa/ros2_ws/install/t3_action_msg:/opt/ros/humble LD_LIBRARY_PATH=/home/ssfa/ros2_ws/install/t3_action_msg/lib:${LD_LIBRARY_PATH} PYTHONPATH=/home/ssfa/ros2_ws/install/t3_action_msg/local/lib/python3.10/dist-packages:${PYTHONPATH} /usr/bin/cmake --install /home/ssfa/ros2_ws/build/turtlebot3_as
[8.363s] -- Install configuration: ""
[8.364s] -- Execute custom install script
[8.364s] -- Symlinking: /home/ssfa/ros2_ws/install/turtlebot3_as/lib/turtlebot3_as/turtlebot3_as
[8.374s] -- Symlinking: /home/ssfa/ros2_ws/install/turtlebot3_as/share/turtlebot3_as//launch/action_server.launch.py
[8.383s] -- Symlinking: /home/ssfa/ros2_ws/install/turtlebot3_as/share/ament_index/resource_index/package_run_dependencies/turtlebot3_as
[8.393s] -- Symlinking: /home/ssfa/ros2_ws/install/turtlebot3_as/share/ament_index/resource_index/parent_prefix_path/turtlebot3_as
[8.403s] -- Symlinking: /home/ssfa/ros2_ws/install/turtlebot3_as/share/turtlebot3_as/environment/ament_prefix_path.sh
[8.412s] -- Symlinking: /home/ssfa/ros2_ws/install/turtlebot3_as/share/turtlebot3_as/environment/ament_prefix_path.dsv
[8.421s] -- Symlinking: /home/ssfa/ros2_ws/install/turtlebot3_as/share/turtlebot3_as/environment/path.sh
[8.431s] -- Symlinking: /home/ssfa/ros2_ws/install/turtlebot3_as/share/turtlebot3_as/environment/path.dsv
[8.441s] -- Symlinking: /home/ssfa/ros2_ws/install/turtlebot3_as/share/turtlebot3_as/local_setup.bash
[8.450s] -- Symlinking: /home/ssfa/ros2_ws/install/turtlebot3_as/share/turtlebot3_as/local_setup.sh
[8.459s] -- Symlinking: /home/ssfa/ros2_ws/install/turtlebot3_as/share/turtlebot3_as/local_setup.zsh
[8.468s] -- Symlinking: /home/ssfa/ros2_ws/install/turtlebot3_as/share/turtlebot3_as/local_setup.dsv
[8.478s] -- Symlinking: /home/ssfa/ros2_ws/install/turtlebot3_as/share/turtlebot3_as/package.dsv
[8.487s] -- Symlinking: /home/ssfa/ros2_ws/install/turtlebot3_as/share/ament_index/resource_index/packages/turtlebot3_as
[8.497s] -- Symlinking: /home/ssfa/ros2_ws/install/turtlebot3_as/share/turtlebot3_as/cmake/turtlebot3_asConfig.cmake
[8.506s] -- Symlinking: /home/ssfa/ros2_ws/install/turtlebot3_as/share/turtlebot3_as/cmake/turtlebot3_asConfig-version.cmake
[8.516s] -- Symlinking: /home/ssfa/ros2_ws/install/turtlebot3_as/share/turtlebot3_as/package.xml
[8.528s] Invoked command in '/home/ssfa/ros2_ws/build/turtlebot3_as' returned '0': AMENT_PREFIX_PATH=/home/ssfa/ros2_ws/install/t3_action_msg:${AMENT_PREFIX_PATH} CMAKE_PREFIX_PATH=/home/ssfa/ros2_ws/install/t3_action_msg:/opt/ros/humble LD_LIBRARY_PATH=/home/ssfa/ros2_ws/install/t3_action_msg/lib:${LD_LIBRARY_PATH} PYTHONPATH=/home/ssfa/ros2_ws/install/t3_action_msg/local/lib/python3.10/dist-packages:${PYTHONPATH} /usr/bin/cmake --install /home/ssfa/ros2_ws/build/turtlebot3_as
