[0.116s] Invoking command in '/home/ssfa/ros2_ws/build/turtlebot3_bringup': AMENT_PREFIX_PATH=/home/ssfa/ros2_ws/install/turtlebot3_description:${AMENT_PREFIX_PATH} CMAKE_PREFIX_PATH=/home/ssfa/ros2_ws/install/turtlebot3_description:/opt/ros/humble /usr/bin/cmake --build /home/ssfa/ros2_ws/build/turtlebot3_bringup -- -j12 -l12
[0.476s] Invoked command in '/home/ssfa/ros2_ws/build/turtlebot3_bringup' returned '0': AMENT_PREFIX_PATH=/home/ssfa/ros2_ws/install/turtlebot3_description:${AMENT_PREFIX_PATH} CMAKE_PREFIX_PATH=/home/ssfa/ros2_ws/install/turtlebot3_description:/opt/ros/humble /usr/bin/cmake --build /home/ssfa/ros2_ws/build/turtlebot3_bringup -- -j12 -l12
[0.819s] Invoking command in '/home/ssfa/ros2_ws/build/turtlebot3_bringup': AMENT_PREFIX_PATH=/home/ssfa/ros2_ws/install/turtlebot3_description:${AMENT_PREFIX_PATH} CMAKE_PREFIX_PATH=/home/ssfa/ros2_ws/install/turtlebot3_description:/opt/ros/humble /usr/bin/cmake --install /home/ssfa/ros2_ws/build/turtlebot3_bringup
[0.866s] -- Install configuration: ""
[0.866s] -- Execute custom install script
[0.866s] -- Up-to-date symlink: /home/ssfa/ros2_ws/install/turtlebot3_bringup/share/turtlebot3_bringup/launch/robot.launch.py
[0.866s] -- Up-to-date symlink: /home/ssfa/ros2_ws/install/turtlebot3_bringup/share/turtlebot3_bringup/launch/rviz2.launch.py
[0.867s] -- Up-to-date symlink: /home/ssfa/ros2_ws/install/turtlebot3_bringup/share/turtlebot3_bringup/launch/turtlebot3_state_publisher.launch.py
[0.867s] -- Up-to-date symlink: /home/ssfa/ros2_ws/install/turtlebot3_bringup/share/turtlebot3_bringup/param/burger.yaml
[0.867s] -- Up-to-date symlink: /home/ssfa/ros2_ws/install/turtlebot3_bringup/share/turtlebot3_bringup/param/waffle.yaml
[0.867s] -- Up-to-date symlink: /home/ssfa/ros2_ws/install/turtlebot3_bringup/share/turtlebot3_bringup/param/waffle_pi.yaml
[0.868s] -- Up-to-date symlink: /home/ssfa/ros2_ws/install/turtlebot3_bringup/share/ament_index/resource_index/package_run_dependencies/turtlebot3_bringup
[0.869s] -- Up-to-date symlink: /home/ssfa/ros2_ws/install/turtlebot3_bringup/share/ament_index/resource_index/parent_prefix_path/turtlebot3_bringup
[0.869s] -- Up-to-date symlink: /home/ssfa/ros2_ws/install/turtlebot3_bringup/share/turtlebot3_bringup/environment/ament_prefix_path.sh
[0.869s] -- Up-to-date symlink: /home/ssfa/ros2_ws/install/turtlebot3_bringup/share/turtlebot3_bringup/environment/ament_prefix_path.dsv
[0.869s] -- Up-to-date symlink: /home/ssfa/ros2_ws/install/turtlebot3_bringup/share/turtlebot3_bringup/environment/path.sh
[0.869s] -- Up-to-date symlink: /home/ssfa/ros2_ws/install/turtlebot3_bringup/share/turtlebot3_bringup/environment/path.dsv
[0.869s] -- Up-to-date symlink: /home/ssfa/ros2_ws/install/turtlebot3_bringup/share/turtlebot3_bringup/local_setup.bash
[0.870s] -- Up-to-date symlink: /home/ssfa/ros2_ws/install/turtlebot3_bringup/share/turtlebot3_bringup/local_setup.sh
[0.871s] -- Up-to-date symlink: /home/ssfa/ros2_ws/install/turtlebot3_bringup/share/turtlebot3_bringup/local_setup.zsh
[0.871s] -- Up-to-date symlink: /home/ssfa/ros2_ws/install/turtlebot3_bringup/share/turtlebot3_bringup/local_setup.dsv
[0.871s] -- Symlinking: /home/ssfa/ros2_ws/install/turtlebot3_bringup/share/turtlebot3_bringup/package.dsv
[0.871s] -- Up-to-date symlink: /home/ssfa/ros2_ws/install/turtlebot3_bringup/share/ament_index/resource_index/packages/turtlebot3_bringup
[0.871s] -- Up-to-date symlink: /home/ssfa/ros2_ws/install/turtlebot3_bringup/share/turtlebot3_bringup/cmake/turtlebot3_bringupConfig.cmake
[0.871s] -- Up-to-date symlink: /home/ssfa/ros2_ws/install/turtlebot3_bringup/share/turtlebot3_bringup/cmake/turtlebot3_bringupConfig-version.cmake
[0.871s] -- Up-to-date symlink: /home/ssfa/ros2_ws/install/turtlebot3_bringup/share/turtlebot3_bringup/package.xml
[0.882s] Invoked command in '/home/ssfa/ros2_ws/build/turtlebot3_bringup' returned '0': AMENT_PREFIX_PATH=/home/ssfa/ros2_ws/install/turtlebot3_description:${AMENT_PREFIX_PATH} CMAKE_PREFIX_PATH=/home/ssfa/ros2_ws/install/turtlebot3_description:/opt/ros/humble /usr/bin/cmake --install /home/ssfa/ros2_ws/build/turtlebot3_bringup
