[2.092s] Invoking command in '/home/ssfa/ros2_ws/build/custom_interface_example': CMAKE_PREFIX_PATH=/home/ssfa/ros2_ws/install/custom_interfaces:/home/ssfa/ros2_ws/install/two_wheeled_robot:/home/ssfa/ros2_ws/install/turtlebot3:/home/ssfa/ros2_ws/install/turtlebot3_simulations:/home/ssfa/ros2_ws/install/turtlebot3_navigation2:/home/ssfa/ros2_ws/install/turtlebot3_msgs:/home/ssfa/ros2_ws/install/turtlebot3_gazebo:/home/ssfa/ros2_ws/install/turtlebot3_bringup:/home/ssfa/ros2_ws/install/turtlebot3_description:/home/ssfa/ros2_ws/install/turtlebot3_cartographer:/home/ssfa/ros2_ws/install/turtlebot3_as:/home/ssfa/ros2_ws/install/t3_action_msg:/home/ssfa/ros2_ws/install/dynamixel_sdk LD_LIBRARY_PATH=/home/ssfa/ros2_ws/install/custom_interfaces/lib:/home/ssfa/ros2_ws/install/turtlebot3_msgs/lib:/home/ssfa/ros2_ws/install/t3_action_msg/lib:/home/ssfa/ros2_ws/install/dynamixel_sdk/lib:/usr/lib/x86_64-linux-gnu/gazebo-11/plugins:/opt/ros/humble/opt/rviz_ogre_vendor/lib:/opt/ros/humble/lib/x86_64-linux-gnu:/opt/ros/humble/lib PYTHONPATH=/home/ssfa/ros2_ws/build/custom_interface_example/prefix_override:/usr/lib/python3/dist-packages/colcon_core/task/python/colcon_distutils_commands:/home/ssfa/ros2_ws/install/custom_interface_example/lib/python3.10/site-packages:${PYTHONPATH} /usr/bin/python3 -W ignore:setup.py install is deprecated setup.py develop --uninstall --editable --build-directory /home/ssfa/ros2_ws/build/custom_interface_example/build
[2.948s] running develop
[2.949s] /usr/lib/python3/dist-packages/setuptools/command/easy_install.py:158: EasyInstallDeprecationWarning: easy_install command is deprecated. Use build and pip and other standards-based tools.
[2.949s]   warnings.warn(
[3.381s] Removing /home/ssfa/ros2_ws/install/custom_interface_example/lib/python3.10/site-packages/custom-interface-example.egg-link (link to .)
[3.446s] Invoked command in '/home/ssfa/ros2_ws/build/custom_interface_example' returned '0': CMAKE_PREFIX_PATH=/home/ssfa/ros2_ws/install/custom_interfaces:/home/ssfa/ros2_ws/install/two_wheeled_robot:/home/ssfa/ros2_ws/install/turtlebot3:/home/ssfa/ros2_ws/install/turtlebot3_simulations:/home/ssfa/ros2_ws/install/turtlebot3_navigation2:/home/ssfa/ros2_ws/install/turtlebot3_msgs:/home/ssfa/ros2_ws/install/turtlebot3_gazebo:/home/ssfa/ros2_ws/install/turtlebot3_bringup:/home/ssfa/ros2_ws/install/turtlebot3_description:/home/ssfa/ros2_ws/install/turtlebot3_cartographer:/home/ssfa/ros2_ws/install/turtlebot3_as:/home/ssfa/ros2_ws/install/t3_action_msg:/home/ssfa/ros2_ws/install/dynamixel_sdk LD_LIBRARY_PATH=/home/ssfa/ros2_ws/install/custom_interfaces/lib:/home/ssfa/ros2_ws/install/turtlebot3_msgs/lib:/home/ssfa/ros2_ws/install/t3_action_msg/lib:/home/ssfa/ros2_ws/install/dynamixel_sdk/lib:/usr/lib/x86_64-linux-gnu/gazebo-11/plugins:/opt/ros/humble/opt/rviz_ogre_vendor/lib:/opt/ros/humble/lib/x86_64-linux-gnu:/opt/ros/humble/lib PYTHONPATH=/home/ssfa/ros2_ws/build/custom_interface_example/prefix_override:/usr/lib/python3/dist-packages/colcon_core/task/python/colcon_distutils_commands:/home/ssfa/ros2_ws/install/custom_interface_example/lib/python3.10/site-packages:${PYTHONPATH} /usr/bin/python3 -W ignore:setup.py install is deprecated setup.py develop --uninstall --editable --build-directory /home/ssfa/ros2_ws/build/custom_interface_example/build
[3.456s] Invoking command in '/home/ssfa/ros2_ws/src/custom_interface_example': CMAKE_PREFIX_PATH=/home/ssfa/ros2_ws/install/custom_interfaces:/home/ssfa/ros2_ws/install/two_wheeled_robot:/home/ssfa/ros2_ws/install/turtlebot3:/home/ssfa/ros2_ws/install/turtlebot3_simulations:/home/ssfa/ros2_ws/install/turtlebot3_navigation2:/home/ssfa/ros2_ws/install/turtlebot3_msgs:/home/ssfa/ros2_ws/install/turtlebot3_gazebo:/home/ssfa/ros2_ws/install/turtlebot3_bringup:/home/ssfa/ros2_ws/install/turtlebot3_description:/home/ssfa/ros2_ws/install/turtlebot3_cartographer:/home/ssfa/ros2_ws/install/turtlebot3_as:/home/ssfa/ros2_ws/install/t3_action_msg:/home/ssfa/ros2_ws/install/dynamixel_sdk LD_LIBRARY_PATH=/home/ssfa/ros2_ws/install/custom_interfaces/lib:/home/ssfa/ros2_ws/install/turtlebot3_msgs/lib:/home/ssfa/ros2_ws/install/t3_action_msg/lib:/home/ssfa/ros2_ws/install/dynamixel_sdk/lib:/usr/lib/x86_64-linux-gnu/gazebo-11/plugins:/opt/ros/humble/opt/rviz_ogre_vendor/lib:/opt/ros/humble/lib/x86_64-linux-gnu:/opt/ros/humble/lib PYTHONPATH=/home/ssfa/ros2_ws/build/custom_interface_example/prefix_override:/usr/lib/python3/dist-packages/colcon_core/task/python/colcon_distutils_commands:/home/ssfa/ros2_ws/install/custom_interface_example/lib/python3.10/site-packages:${PYTHONPATH} /usr/bin/python3 -W ignore:setup.py install is deprecated setup.py egg_info --egg-base ../../build/custom_interface_example build --build-base /home/ssfa/ros2_ws/build/custom_interface_example/build install --record /home/ssfa/ros2_ws/build/custom_interface_example/install.log --single-version-externally-managed install_data --force
[4.849s] running egg_info
[4.851s] writing ../../build/custom_interface_example/custom_interface_example.egg-info/PKG-INFO
[4.854s] writing dependency_links to ../../build/custom_interface_example/custom_interface_example.egg-info/dependency_links.txt
[4.855s] writing entry points to ../../build/custom_interface_example/custom_interface_example.egg-info/entry_points.txt
[4.856s] writing requirements to ../../build/custom_interface_example/custom_interface_example.egg-info/requires.txt
[4.857s] writing top-level names to ../../build/custom_interface_example/custom_interface_example.egg-info/top_level.txt
[4.874s] reading manifest file '../../build/custom_interface_example/custom_interface_example.egg-info/SOURCES.txt'
[4.877s] writing manifest file '../../build/custom_interface_example/custom_interface_example.egg-info/SOURCES.txt'
[4.877s] running build
[4.878s] running build_py
[4.878s] creating /home/ssfa/ros2_ws/build/custom_interface_example/build
[4.878s] creating /home/ssfa/ros2_ws/build/custom_interface_example/build/lib
[4.878s] creating /home/ssfa/ros2_ws/build/custom_interface_example/build/lib/custom_interface_example
[4.879s] copying custom_interface_example/__init__.py -> /home/ssfa/ros2_ws/build/custom_interface_example/build/lib/custom_interface_example
[4.880s] copying custom_interface_example/example.py -> /home/ssfa/ros2_ws/build/custom_interface_example/build/lib/custom_interface_example
[4.883s] running install
[4.884s] running install_lib
[4.886s] creating /home/ssfa/ros2_ws/install/custom_interface_example/lib/python3.10/site-packages/custom_interface_example
[4.887s] copying /home/ssfa/ros2_ws/build/custom_interface_example/build/lib/custom_interface_example/__init__.py -> /home/ssfa/ros2_ws/install/custom_interface_example/lib/python3.10/site-packages/custom_interface_example
[4.903s] copying /home/ssfa/ros2_ws/build/custom_interface_example/build/lib/custom_interface_example/example.py -> /home/ssfa/ros2_ws/install/custom_interface_example/lib/python3.10/site-packages/custom_interface_example
[4.905s] byte-compiling /home/ssfa/ros2_ws/install/custom_interface_example/lib/python3.10/site-packages/custom_interface_example/__init__.py to __init__.cpython-310.pyc
[4.907s] byte-compiling /home/ssfa/ros2_ws/install/custom_interface_example/lib/python3.10/site-packages/custom_interface_example/example.py to example.cpython-310.pyc
[4.909s] running install_data
[4.909s] copying resource/custom_interface_example -> /home/ssfa/ros2_ws/install/custom_interface_example/share/ament_index/resource_index/packages
[4.910s] copying package.xml -> /home/ssfa/ros2_ws/install/custom_interface_example/share/custom_interface_example
[4.911s] copying launch/example.launch.py -> /home/ssfa/ros2_ws/install/custom_interface_example/share/custom_interface_example
[4.911s] running install_egg_info
[4.916s] Copying ../../build/custom_interface_example/custom_interface_example.egg-info to /home/ssfa/ros2_ws/install/custom_interface_example/lib/python3.10/site-packages/custom_interface_example-0.0.0-py3.10.egg-info
[4.936s] running install_scripts
[4.989s] Installing example script to /home/ssfa/ros2_ws/install/custom_interface_example/lib/custom_interface_example
[4.989s] writing list of installed files to '/home/ssfa/ros2_ws/build/custom_interface_example/install.log'
[5.047s] Invoked command in '/home/ssfa/ros2_ws/src/custom_interface_example' returned '0': CMAKE_PREFIX_PATH=/home/ssfa/ros2_ws/install/custom_interfaces:/home/ssfa/ros2_ws/install/two_wheeled_robot:/home/ssfa/ros2_ws/install/turtlebot3:/home/ssfa/ros2_ws/install/turtlebot3_simulations:/home/ssfa/ros2_ws/install/turtlebot3_navigation2:/home/ssfa/ros2_ws/install/turtlebot3_msgs:/home/ssfa/ros2_ws/install/turtlebot3_gazebo:/home/ssfa/ros2_ws/install/turtlebot3_bringup:/home/ssfa/ros2_ws/install/turtlebot3_description:/home/ssfa/ros2_ws/install/turtlebot3_cartographer:/home/ssfa/ros2_ws/install/turtlebot3_as:/home/ssfa/ros2_ws/install/t3_action_msg:/home/ssfa/ros2_ws/install/dynamixel_sdk LD_LIBRARY_PATH=/home/ssfa/ros2_ws/install/custom_interfaces/lib:/home/ssfa/ros2_ws/install/turtlebot3_msgs/lib:/home/ssfa/ros2_ws/install/t3_action_msg/lib:/home/ssfa/ros2_ws/install/dynamixel_sdk/lib:/usr/lib/x86_64-linux-gnu/gazebo-11/plugins:/opt/ros/humble/opt/rviz_ogre_vendor/lib:/opt/ros/humble/lib/x86_64-linux-gnu:/opt/ros/humble/lib PYTHONPATH=/home/ssfa/ros2_ws/build/custom_interface_example/prefix_override:/usr/lib/python3/dist-packages/colcon_core/task/python/colcon_distutils_commands:/home/ssfa/ros2_ws/install/custom_interface_example/lib/python3.10/site-packages:${PYTHONPATH} /usr/bin/python3 -W ignore:setup.py install is deprecated setup.py egg_info --egg-base ../../build/custom_interface_example build --build-base /home/ssfa/ros2_ws/build/custom_interface_example/build install --record /home/ssfa/ros2_ws/build/custom_interface_example/install.log --single-version-externally-managed install_data --force
