[0.083s] Invoking command in '/home/ssfa/ros2_ws/build/custom_interfaces': CMAKE_PREFIX_PATH=${CMAKE_PREFIX_PATH}:/home/ssfa/ros2_ws/install/turtlebot3_teleop:/home/ssfa/ros2_ws/install/turtlebot3_example:/home/ssfa/ros2_ws/install/topic_exercise:/home/ssfa/ros2_ws/install/subscriber_pkg:/home/ssfa/ros2_ws/install/services_pkg:/home/ssfa/ros2_ws/install/publisher_pkg:/home/ssfa/ros2_ws/install/my_package:/home/ssfa/ros2_ws/install/movement_pkg:/home/ssfa/ros2_ws/install/exercise_pkg:/home/ssfa/ros2_ws/install/custom_interface_example:/home/ssfa/ros2_ws/install/client_pkg:/opt/ros/humble /usr/bin/cmake /home/ssfa/ros2_ws/src/custom_interfaces -DCMAKE_INSTALL_PREFIX=/home/ssfa/ros2_ws/install/custom_interfaces
[1.845s] -- Found ament_cmake: 1.3.9 (/opt/ros/humble/share/ament_cmake/cmake)
[1.845s] -- Override CMake install command with custom implementation using symlinks instead of copying resources
[1.845s] -- Found rclcpp: 16.0.9 (/opt/ros/humble/share/rclcpp/cmake)
[1.845s] -- Found rosidl_generator_c: 3.1.5 (/opt/ros/humble/share/rosidl_generator_c/cmake)
[1.845s] -- Found rosidl_adapter: 3.1.5 (/opt/ros/humble/share/rosidl_adapter/cmake)
[1.845s] -- Found rosidl_generator_cpp: 3.1.5 (/opt/ros/humble/share/rosidl_generator_cpp/cmake)
[1.845s] -- Using all available rosidl_typesupport_c: rosidl_typesupport_fastrtps_c;rosidl_typesupport_introspection_c
[1.845s] -- Using all available rosidl_typesupport_cpp: rosidl_typesupport_fastrtps_cpp;rosidl_typesupport_introspection_cpp
[1.845s] -- Found rmw_implementation_cmake: 6.1.2 (/opt/ros/humble/share/rmw_implementation_cmake/cmake)
[1.845s] -- Found rmw_fastrtps_cpp: 6.2.6 (/opt/ros/humble/share/rmw_fastrtps_cpp/cmake)
[1.845s] -- Using RMW implementation 'rmw_fastrtps_cpp' as default
[1.845s] -- Found rosidl_default_generators: 1.2.0 (/opt/ros/humble/share/rosidl_default_generators/cmake)
[1.845s] -- Found ament_lint_auto: 0.12.11 (/opt/ros/humble/share/ament_lint_auto/cmake)
[1.846s] -- Found ament_cmake_ros: 0.10.0 (/opt/ros/humble/share/ament_cmake_ros/cmake)
[2.185s] -- Using all available rosidl_typesupport_c: rosidl_typesupport_fastrtps_c;rosidl_typesupport_introspection_c
[2.494s] -- Using all available rosidl_typesupport_cpp: rosidl_typesupport_fastrtps_cpp;rosidl_typesupport_introspection_cpp
[2.556s] -- Found python_cmake_module: 0.10.0 (/opt/ros/humble/share/python_cmake_module/cmake)
[2.615s] -- Using PYTHON_EXECUTABLE: /usr/bin/python3
[2.615s] -- Using PYTHON_INCLUDE_DIRS: /usr/include/python3.10
[2.615s] -- Using PYTHON_LIBRARIES: /usr/lib/x86_64-linux-gnu/libpython3.10.so
[2.676s] -- Added test 'lint_cmake' to check CMake code style
[2.679s] -- Added test 'xmllint' to check XML markup files
[2.690s] -- Configuring done
[2.766s] -- Generating done
[2.773s] -- Build files have been written to: /home/ssfa/ros2_ws/build/custom_interfaces
[3.075s] Invoked command in '/home/ssfa/ros2_ws/build/custom_interfaces' returned '0': CMAKE_PREFIX_PATH=${CMAKE_PREFIX_PATH}:/home/ssfa/ros2_ws/install/turtlebot3_teleop:/home/ssfa/ros2_ws/install/turtlebot3_example:/home/ssfa/ros2_ws/install/topic_exercise:/home/ssfa/ros2_ws/install/subscriber_pkg:/home/ssfa/ros2_ws/install/services_pkg:/home/ssfa/ros2_ws/install/publisher_pkg:/home/ssfa/ros2_ws/install/my_package:/home/ssfa/ros2_ws/install/movement_pkg:/home/ssfa/ros2_ws/install/exercise_pkg:/home/ssfa/ros2_ws/install/custom_interface_example:/home/ssfa/ros2_ws/install/client_pkg:/opt/ros/humble /usr/bin/cmake /home/ssfa/ros2_ws/src/custom_interfaces -DCMAKE_INSTALL_PREFIX=/home/ssfa/ros2_ws/install/custom_interfaces
[3.078s] Invoking command in '/home/ssfa/ros2_ws/build/custom_interfaces': CMAKE_PREFIX_PATH=${CMAKE_PREFIX_PATH}:/home/ssfa/ros2_ws/install/turtlebot3_teleop:/home/ssfa/ros2_ws/install/turtlebot3_example:/home/ssfa/ros2_ws/install/topic_exercise:/home/ssfa/ros2_ws/install/subscriber_pkg:/home/ssfa/ros2_ws/install/services_pkg:/home/ssfa/ros2_ws/install/publisher_pkg:/home/ssfa/ros2_ws/install/my_package:/home/ssfa/ros2_ws/install/movement_pkg:/home/ssfa/ros2_ws/install/exercise_pkg:/home/ssfa/ros2_ws/install/custom_interface_example:/home/ssfa/ros2_ws/install/client_pkg:/opt/ros/humble /usr/bin/cmake --build /home/ssfa/ros2_ws/build/custom_interfaces -- -j12 -l12
[3.182s] [35m[1mConsolidate compiler generated dependencies of target custom_interfaces__rosidl_generator_c[0m
[3.199s] [  0%] Built target ament_cmake_python_symlink_custom_interfaces
[3.213s] [  2%] Built target custom_interfaces__cpp
[3.229s] [ 12%] Built target custom_interfaces__rosidl_generator_c
[3.281s] [35m[1mConsolidate compiler generated dependencies of target custom_interfaces__rosidl_typesupport_fastrtps_cpp[0m
[3.288s] [35m[1mConsolidate compiler generated dependencies of target custom_interfaces__rosidl_typesupport_cpp[0m
[3.298s] [35m[1mConsolidate compiler generated dependencies of target custom_interfaces__rosidl_typesupport_introspection_cpp[0m
[3.349s] [ 23%] Built target custom_interfaces__rosidl_typesupport_cpp
[3.371s] [ 33%] Built target custom_interfaces__rosidl_typesupport_introspection_cpp
[3.383s] [35m[1mConsolidate compiler generated dependencies of target custom_interfaces__rosidl_typesupport_fastrtps_c[0m
[3.386s] [ 43%] Built target custom_interfaces__rosidl_typesupport_fastrtps_cpp
[3.415s] [35m[1mConsolidate compiler generated dependencies of target custom_interfaces__rosidl_typesupport_c[0m
[3.457s] [35m[1mConsolidate compiler generated dependencies of target custom_interfaces__rosidl_typesupport_introspection_c[0m
[3.469s] [ 53%] Built target custom_interfaces__rosidl_typesupport_fastrtps_c
[3.471s] [ 64%] Built target custom_interfaces__rosidl_typesupport_c
[3.536s] [ 74%] Built target custom_interfaces__rosidl_typesupport_introspection_c
[3.638s] [ 74%] Built target custom_interfaces
[3.723s] [ 76%] Built target custom_interfaces__py
[3.807s] [35m[1mConsolidate compiler generated dependencies of target custom_interfaces__rosidl_generator_py[0m
[3.853s] [ 84%] Built target custom_interfaces__rosidl_generator_py
[3.859s] running egg_info
[3.861s] writing custom_interfaces.egg-info/PKG-INFO
[3.862s] writing dependency_links to custom_interfaces.egg-info/dependency_links.txt
[3.863s] writing top-level names to custom_interfaces.egg-info/top_level.txt
[3.869s] reading manifest file 'custom_interfaces.egg-info/SOURCES.txt'
[3.871s] writing manifest file 'custom_interfaces.egg-info/SOURCES.txt'
[3.900s] [35m[1mConsolidate compiler generated dependencies of target custom_interfaces__rosidl_typesupport_fastrtps_c__pyext[0m
[3.918s] [35m[1mConsolidate compiler generated dependencies of target custom_interfaces__rosidl_typesupport_c__pyext[0m
[3.925s] [35m[1mConsolidate compiler generated dependencies of target custom_interfaces__rosidl_typesupport_introspection_c__pyext[0m
[3.960s] [ 84%] Built target ament_cmake_python_build_custom_interfaces_egg
[3.973s] [ 89%] Built target custom_interfaces__rosidl_typesupport_fastrtps_c__pyext
[3.987s] [ 94%] Built target custom_interfaces__rosidl_typesupport_c__pyext
[3.990s] [100%] Built target custom_interfaces__rosidl_typesupport_introspection_c__pyext
[4.060s] Invoked command in '/home/ssfa/ros2_ws/build/custom_interfaces' returned '0': CMAKE_PREFIX_PATH=${CMAKE_PREFIX_PATH}:/home/ssfa/ros2_ws/install/turtlebot3_teleop:/home/ssfa/ros2_ws/install/turtlebot3_example:/home/ssfa/ros2_ws/install/topic_exercise:/home/ssfa/ros2_ws/install/subscriber_pkg:/home/ssfa/ros2_ws/install/services_pkg:/home/ssfa/ros2_ws/install/publisher_pkg:/home/ssfa/ros2_ws/install/my_package:/home/ssfa/ros2_ws/install/movement_pkg:/home/ssfa/ros2_ws/install/exercise_pkg:/home/ssfa/ros2_ws/install/custom_interface_example:/home/ssfa/ros2_ws/install/client_pkg:/opt/ros/humble /usr/bin/cmake --build /home/ssfa/ros2_ws/build/custom_interfaces -- -j12 -l12
[4.875s] Invoking command in '/home/ssfa/ros2_ws/build/custom_interfaces': CMAKE_PREFIX_PATH=${CMAKE_PREFIX_PATH}:/home/ssfa/ros2_ws/install/turtlebot3_teleop:/home/ssfa/ros2_ws/install/turtlebot3_example:/home/ssfa/ros2_ws/install/topic_exercise:/home/ssfa/ros2_ws/install/subscriber_pkg:/home/ssfa/ros2_ws/install/services_pkg:/home/ssfa/ros2_ws/install/publisher_pkg:/home/ssfa/ros2_ws/install/my_package:/home/ssfa/ros2_ws/install/movement_pkg:/home/ssfa/ros2_ws/install/exercise_pkg:/home/ssfa/ros2_ws/install/custom_interface_example:/home/ssfa/ros2_ws/install/client_pkg:/opt/ros/humble /usr/bin/cmake --install /home/ssfa/ros2_ws/build/custom_interfaces
[4.981s] -- Install configuration: ""
[4.981s] -- Execute custom install script
[4.981s] -- Up-to-date symlink: /home/ssfa/ros2_ws/install/custom_interfaces/share/ament_index/resource_index/rosidl_interfaces/custom_interfaces
[4.981s] -- Up-to-date symlink: /home/ssfa/ros2_ws/install/custom_interfaces/include/custom_interfaces/custom_interfaces/msg/age.h
[4.981s] -- Up-to-date symlink: /home/ssfa/ros2_ws/install/custom_interfaces/include/custom_interfaces/custom_interfaces/msg/detail/age__functions.h
[4.981s] -- Up-to-date symlink: /home/ssfa/ros2_ws/install/custom_interfaces/include/custom_interfaces/custom_interfaces/msg/detail/age__struct.h
[4.982s] -- Up-to-date symlink: /home/ssfa/ros2_ws/install/custom_interfaces/include/custom_interfaces/custom_interfaces/msg/detail/age__type_support.h
[4.982s] -- Up-to-date symlink: /home/ssfa/ros2_ws/install/custom_interfaces/include/custom_interfaces/custom_interfaces/msg/rosidl_generator_c__visibility_control.h
[4.982s] -- Up-to-date symlink: /home/ssfa/ros2_ws/install/custom_interfaces/include/custom_interfaces/custom_interfaces/srv/detail/my_custom_service_message__functions.h
[4.982s] -- Up-to-date symlink: /home/ssfa/ros2_ws/install/custom_interfaces/include/custom_interfaces/custom_interfaces/srv/detail/my_custom_service_message__struct.h
[4.982s] -- Up-to-date symlink: /home/ssfa/ros2_ws/install/custom_interfaces/include/custom_interfaces/custom_interfaces/srv/detail/my_custom_service_message__type_support.h
[4.982s] -- Up-to-date symlink: /home/ssfa/ros2_ws/install/custom_interfaces/include/custom_interfaces/custom_interfaces/srv/my_custom_service_message.h
[4.982s] -- Up-to-date symlink: /home/ssfa/ros2_ws/install/custom_interfaces/share/custom_interfaces/environment/library_path.sh
[4.982s] -- Up-to-date symlink: /home/ssfa/ros2_ws/install/custom_interfaces/share/custom_interfaces/environment/library_path.dsv
[4.982s] -- Up-to-date symlink: /home/ssfa/ros2_ws/install/custom_interfaces/include/custom_interfaces/custom_interfaces/msg/detail/age__rosidl_typesupport_fastrtps_c.h
[4.982s] -- Up-to-date symlink: /home/ssfa/ros2_ws/install/custom_interfaces/include/custom_interfaces/custom_interfaces/msg/rosidl_typesupport_fastrtps_c__visibility_control.h
[4.982s] -- Up-to-date symlink: /home/ssfa/ros2_ws/install/custom_interfaces/include/custom_interfaces/custom_interfaces/srv/detail/my_custom_service_message__rosidl_typesupport_fastrtps_c.h
[4.982s] -- Up-to-date symlink: /home/ssfa/ros2_ws/install/custom_interfaces/include/custom_interfaces/custom_interfaces/msg/age.hpp
[4.983s] -- Up-to-date symlink: /home/ssfa/ros2_ws/install/custom_interfaces/include/custom_interfaces/custom_interfaces/msg/detail/age__builder.hpp
[4.983s] -- Up-to-date symlink: /home/ssfa/ros2_ws/install/custom_interfaces/include/custom_interfaces/custom_interfaces/msg/detail/age__struct.hpp
[4.983s] -- Up-to-date symlink: /home/ssfa/ros2_ws/install/custom_interfaces/include/custom_interfaces/custom_interfaces/msg/detail/age__traits.hpp
[4.983s] -- Up-to-date symlink: /home/ssfa/ros2_ws/install/custom_interfaces/include/custom_interfaces/custom_interfaces/srv/detail/my_custom_service_message__builder.hpp
[4.983s] -- Up-to-date symlink: /home/ssfa/ros2_ws/install/custom_interfaces/include/custom_interfaces/custom_interfaces/srv/detail/my_custom_service_message__struct.hpp
[4.983s] -- Up-to-date symlink: /home/ssfa/ros2_ws/install/custom_interfaces/include/custom_interfaces/custom_interfaces/srv/detail/my_custom_service_message__traits.hpp
[4.983s] -- Up-to-date symlink: /home/ssfa/ros2_ws/install/custom_interfaces/include/custom_interfaces/custom_interfaces/srv/my_custom_service_message.hpp
[4.983s] -- Up-to-date symlink: /home/ssfa/ros2_ws/install/custom_interfaces/include/custom_interfaces/custom_interfaces/msg/detail/age__rosidl_typesupport_fastrtps_cpp.hpp
[4.983s] -- Up-to-date symlink: /home/ssfa/ros2_ws/install/custom_interfaces/include/custom_interfaces/custom_interfaces/msg/rosidl_typesupport_fastrtps_cpp__visibility_control.h
[4.983s] -- Up-to-date symlink: /home/ssfa/ros2_ws/install/custom_interfaces/include/custom_interfaces/custom_interfaces/srv/detail/my_custom_service_message__rosidl_typesupport_fastrtps_cpp.hpp
[4.984s] -- Up-to-date symlink: /home/ssfa/ros2_ws/install/custom_interfaces/include/custom_interfaces/custom_interfaces/msg/detail/age__rosidl_typesupport_introspection_c.h
[4.984s] -- Up-to-date symlink: /home/ssfa/ros2_ws/install/custom_interfaces/include/custom_interfaces/custom_interfaces/msg/rosidl_typesupport_introspection_c__visibility_control.h
[4.984s] -- Up-to-date symlink: /home/ssfa/ros2_ws/install/custom_interfaces/include/custom_interfaces/custom_interfaces/srv/detail/my_custom_service_message__rosidl_typesupport_introspection_c.h
[4.984s] -- Up-to-date symlink: /home/ssfa/ros2_ws/install/custom_interfaces/include/custom_interfaces/custom_interfaces/msg/detail/age__rosidl_typesupport_introspection_cpp.hpp
[4.984s] -- Up-to-date symlink: /home/ssfa/ros2_ws/install/custom_interfaces/include/custom_interfaces/custom_interfaces/srv/detail/my_custom_service_message__rosidl_typesupport_introspection_cpp.hpp
[4.984s] -- Up-to-date symlink: /home/ssfa/ros2_ws/install/custom_interfaces/share/custom_interfaces/environment/pythonpath.sh
[4.984s] -- Up-to-date symlink: /home/ssfa/ros2_ws/install/custom_interfaces/share/custom_interfaces/environment/pythonpath.dsv
[4.984s] -- Up-to-date symlink: /home/ssfa/ros2_ws/install/custom_interfaces/local/lib/python3.10/dist-packages/custom_interfaces-0.0.0-py3.10.egg-info/PKG-INFO
[4.984s] -- Up-to-date symlink: /home/ssfa/ros2_ws/install/custom_interfaces/local/lib/python3.10/dist-packages/custom_interfaces-0.0.0-py3.10.egg-info/SOURCES.txt
[4.984s] -- Up-to-date symlink: /home/ssfa/ros2_ws/install/custom_interfaces/local/lib/python3.10/dist-packages/custom_interfaces-0.0.0-py3.10.egg-info/dependency_links.txt
[4.984s] -- Up-to-date symlink: /home/ssfa/ros2_ws/install/custom_interfaces/local/lib/python3.10/dist-packages/custom_interfaces-0.0.0-py3.10.egg-info/top_level.txt
[4.985s] -- Up-to-date symlink: /home/ssfa/ros2_ws/install/custom_interfaces/local/lib/python3.10/dist-packages/custom_interfaces/__init__.py
[4.985s] -- Up-to-date symlink: /home/ssfa/ros2_ws/install/custom_interfaces/local/lib/python3.10/dist-packages/custom_interfaces/_custom_interfaces_s.ep.rosidl_typesupport_c.c
[4.985s] -- Up-to-date symlink: /home/ssfa/ros2_ws/install/custom_interfaces/local/lib/python3.10/dist-packages/custom_interfaces/_custom_interfaces_s.ep.rosidl_typesupport_fastrtps_c.c
[4.985s] -- Up-to-date symlink: /home/ssfa/ros2_ws/install/custom_interfaces/local/lib/python3.10/dist-packages/custom_interfaces/_custom_interfaces_s.ep.rosidl_typesupport_introspection_c.c
[4.985s] -- Up-to-date symlink: /home/ssfa/ros2_ws/install/custom_interfaces/local/lib/python3.10/dist-packages/custom_interfaces/custom_interfaces_s__rosidl_typesupport_c.cpython-310-x86_64-linux-gnu.so
[4.985s] -- Up-to-date symlink: /home/ssfa/ros2_ws/install/custom_interfaces/local/lib/python3.10/dist-packages/custom_interfaces/custom_interfaces_s__rosidl_typesupport_fastrtps_c.cpython-310-x86_64-linux-gnu.so
[4.985s] -- Up-to-date symlink: /home/ssfa/ros2_ws/install/custom_interfaces/local/lib/python3.10/dist-packages/custom_interfaces/custom_interfaces_s__rosidl_typesupport_introspection_c.cpython-310-x86_64-linux-gnu.so
[4.985s] -- Up-to-date symlink: /home/ssfa/ros2_ws/install/custom_interfaces/local/lib/python3.10/dist-packages/custom_interfaces/libcustom_interfaces__rosidl_generator_py.so
[4.985s] -- Up-to-date symlink: /home/ssfa/ros2_ws/install/custom_interfaces/local/lib/python3.10/dist-packages/custom_interfaces/msg/__init__.py
[4.985s] -- Up-to-date symlink: /home/ssfa/ros2_ws/install/custom_interfaces/local/lib/python3.10/dist-packages/custom_interfaces/msg/_age.py
[4.986s] -- Up-to-date symlink: /home/ssfa/ros2_ws/install/custom_interfaces/local/lib/python3.10/dist-packages/custom_interfaces/msg/_age_s.c
[4.986s] -- Up-to-date symlink: /home/ssfa/ros2_ws/install/custom_interfaces/local/lib/python3.10/dist-packages/custom_interfaces/srv/__init__.py
[4.986s] -- Up-to-date symlink: /home/ssfa/ros2_ws/install/custom_interfaces/local/lib/python3.10/dist-packages/custom_interfaces/srv/_my_custom_service_message.py
[4.986s] -- Up-to-date symlink: /home/ssfa/ros2_ws/install/custom_interfaces/local/lib/python3.10/dist-packages/custom_interfaces/srv/_my_custom_service_message_s.c
[4.986s] -- Up-to-date symlink: /home/ssfa/ros2_ws/install/custom_interfaces/local/lib/python3.10/dist-packages/custom_interfaces/custom_interfaces_s__rosidl_typesupport_fastrtps_c.cpython-310-x86_64-linux-gnu.so
[4.986s] -- Up-to-date symlink: /home/ssfa/ros2_ws/install/custom_interfaces/local/lib/python3.10/dist-packages/custom_interfaces/custom_interfaces_s__rosidl_typesupport_introspection_c.cpython-310-x86_64-linux-gnu.so
[4.986s] -- Up-to-date symlink: /home/ssfa/ros2_ws/install/custom_interfaces/local/lib/python3.10/dist-packages/custom_interfaces/custom_interfaces_s__rosidl_typesupport_c.cpython-310-x86_64-linux-gnu.so
[4.986s] -- Up-to-date symlink: /home/ssfa/ros2_ws/install/custom_interfaces/share/custom_interfaces/msg/Age.idl
[4.986s] -- Up-to-date symlink: /home/ssfa/ros2_ws/install/custom_interfaces/share/custom_interfaces/srv/MyCustomServiceMessage.idl
[4.987s] -- Up-to-date symlink: /home/ssfa/ros2_ws/install/custom_interfaces/share/custom_interfaces/msg/Age.msg
[4.987s] -- Up-to-date symlink: /home/ssfa/ros2_ws/install/custom_interfaces/share/custom_interfaces/srv/MyCustomServiceMessage.srv
[4.987s] -- Up-to-date symlink: /home/ssfa/ros2_ws/install/custom_interfaces/share/custom_interfaces/srv/MyCustomServiceMessage_Request.msg
[4.987s] -- Up-to-date symlink: /home/ssfa/ros2_ws/install/custom_interfaces/share/custom_interfaces/srv/MyCustomServiceMessage_Response.msg
[4.987s] -- Up-to-date symlink: /home/ssfa/ros2_ws/install/custom_interfaces/share/ament_index/resource_index/package_run_dependencies/custom_interfaces
[4.987s] -- Up-to-date symlink: /home/ssfa/ros2_ws/install/custom_interfaces/share/ament_index/resource_index/parent_prefix_path/custom_interfaces
[4.987s] -- Up-to-date symlink: /home/ssfa/ros2_ws/install/custom_interfaces/share/custom_interfaces/environment/ament_prefix_path.sh
[4.987s] -- Up-to-date symlink: /home/ssfa/ros2_ws/install/custom_interfaces/share/custom_interfaces/environment/ament_prefix_path.dsv
[4.987s] -- Up-to-date symlink: /home/ssfa/ros2_ws/install/custom_interfaces/share/custom_interfaces/environment/path.sh
[4.987s] -- Up-to-date symlink: /home/ssfa/ros2_ws/install/custom_interfaces/share/custom_interfaces/environment/path.dsv
[4.988s] -- Up-to-date symlink: /home/ssfa/ros2_ws/install/custom_interfaces/share/custom_interfaces/local_setup.bash
[4.988s] -- Up-to-date symlink: /home/ssfa/ros2_ws/install/custom_interfaces/share/custom_interfaces/local_setup.sh
[4.988s] -- Up-to-date symlink: /home/ssfa/ros2_ws/install/custom_interfaces/share/custom_interfaces/local_setup.zsh
[4.988s] -- Up-to-date symlink: /home/ssfa/ros2_ws/install/custom_interfaces/share/custom_interfaces/local_setup.dsv
[4.988s] -- Symlinking: /home/ssfa/ros2_ws/install/custom_interfaces/share/custom_interfaces/package.dsv
[5.010s] -- Up-to-date symlink: /home/ssfa/ros2_ws/install/custom_interfaces/share/ament_index/resource_index/packages/custom_interfaces
[5.010s] -- Up-to-date symlink: /home/ssfa/ros2_ws/install/custom_interfaces/share/custom_interfaces/cmake/rosidl_cmake-extras.cmake
[5.010s] -- Up-to-date symlink: /home/ssfa/ros2_ws/install/custom_interfaces/share/custom_interfaces/cmake/ament_cmake_export_include_directories-extras.cmake
[5.011s] -- Up-to-date symlink: /home/ssfa/ros2_ws/install/custom_interfaces/share/custom_interfaces/cmake/ament_cmake_export_libraries-extras.cmake
[5.011s] -- Up-to-date symlink: /home/ssfa/ros2_ws/install/custom_interfaces/share/custom_interfaces/cmake/ament_cmake_export_targets-extras.cmake
[5.011s] -- Up-to-date symlink: /home/ssfa/ros2_ws/install/custom_interfaces/share/custom_interfaces/cmake/rosidl_cmake_export_typesupport_targets-extras.cmake
[5.011s] -- Up-to-date symlink: /home/ssfa/ros2_ws/install/custom_interfaces/share/custom_interfaces/cmake/ament_cmake_export_dependencies-extras.cmake
[5.011s] -- Up-to-date symlink: /home/ssfa/ros2_ws/install/custom_interfaces/share/custom_interfaces/cmake/rosidl_cmake_export_typesupport_libraries-extras.cmake
[5.011s] -- Up-to-date symlink: /home/ssfa/ros2_ws/install/custom_interfaces/share/custom_interfaces/cmake/custom_interfacesConfig.cmake
[5.011s] -- Up-to-date symlink: /home/ssfa/ros2_ws/install/custom_interfaces/share/custom_interfaces/cmake/custom_interfacesConfig-version.cmake
[5.011s] -- Up-to-date symlink: /home/ssfa/ros2_ws/install/custom_interfaces/share/custom_interfaces/package.xml
[5.012s] -- Up-to-date: /home/ssfa/ros2_ws/install/custom_interfaces/lib/libcustom_interfaces__rosidl_generator_c.so
[5.012s] -- Up-to-date: /home/ssfa/ros2_ws/install/custom_interfaces/lib/libcustom_interfaces__rosidl_typesupport_fastrtps_c.so
[5.012s] -- Up-to-date: /home/ssfa/ros2_ws/install/custom_interfaces/lib/libcustom_interfaces__rosidl_typesupport_fastrtps_cpp.so
[5.013s] -- Up-to-date: /home/ssfa/ros2_ws/install/custom_interfaces/lib/libcustom_interfaces__rosidl_typesupport_introspection_c.so
[5.014s] -- Up-to-date: /home/ssfa/ros2_ws/install/custom_interfaces/lib/libcustom_interfaces__rosidl_typesupport_c.so
[5.014s] -- Up-to-date: /home/ssfa/ros2_ws/install/custom_interfaces/lib/libcustom_interfaces__rosidl_typesupport_introspection_cpp.so
[5.015s] -- Up-to-date: /home/ssfa/ros2_ws/install/custom_interfaces/lib/libcustom_interfaces__rosidl_typesupport_cpp.so
[5.070s] Listing '/home/ssfa/ros2_ws/install/custom_interfaces/local/lib/python3.10/dist-packages/custom_interfaces'...
[5.071s] Compiling '/home/ssfa/ros2_ws/install/custom_interfaces/local/lib/python3.10/dist-packages/custom_interfaces/__init__.py'...
[5.071s] Listing '/home/ssfa/ros2_ws/install/custom_interfaces/local/lib/python3.10/dist-packages/custom_interfaces/msg'...
[5.071s] Listing '/home/ssfa/ros2_ws/install/custom_interfaces/local/lib/python3.10/dist-packages/custom_interfaces/srv'...
[5.081s] -- Up-to-date: /home/ssfa/ros2_ws/install/custom_interfaces/lib/libcustom_interfaces__rosidl_generator_py.so
[5.081s] -- Up-to-date: /home/ssfa/ros2_ws/install/custom_interfaces/share/custom_interfaces/cmake/export_custom_interfaces__rosidl_generator_cExport.cmake
[5.082s] -- Up-to-date: /home/ssfa/ros2_ws/install/custom_interfaces/share/custom_interfaces/cmake/export_custom_interfaces__rosidl_generator_cExport-noconfig.cmake
[5.082s] -- Up-to-date: /home/ssfa/ros2_ws/install/custom_interfaces/share/custom_interfaces/cmake/export_custom_interfaces__rosidl_typesupport_fastrtps_cExport.cmake
[5.082s] -- Up-to-date: /home/ssfa/ros2_ws/install/custom_interfaces/share/custom_interfaces/cmake/export_custom_interfaces__rosidl_typesupport_fastrtps_cExport-noconfig.cmake
[5.082s] -- Up-to-date: /home/ssfa/ros2_ws/install/custom_interfaces/share/custom_interfaces/cmake/export_custom_interfaces__rosidl_generator_cppExport.cmake
[5.082s] -- Up-to-date: /home/ssfa/ros2_ws/install/custom_interfaces/share/custom_interfaces/cmake/export_custom_interfaces__rosidl_typesupport_fastrtps_cppExport.cmake
[5.082s] -- Up-to-date: /home/ssfa/ros2_ws/install/custom_interfaces/share/custom_interfaces/cmake/export_custom_interfaces__rosidl_typesupport_fastrtps_cppExport-noconfig.cmake
[5.083s] -- Up-to-date: /home/ssfa/ros2_ws/install/custom_interfaces/share/custom_interfaces/cmake/custom_interfaces__rosidl_typesupport_introspection_cExport.cmake
[5.083s] -- Up-to-date: /home/ssfa/ros2_ws/install/custom_interfaces/share/custom_interfaces/cmake/custom_interfaces__rosidl_typesupport_introspection_cExport-noconfig.cmake
[5.083s] -- Up-to-date: /home/ssfa/ros2_ws/install/custom_interfaces/share/custom_interfaces/cmake/custom_interfaces__rosidl_typesupport_cExport.cmake
[5.083s] -- Up-to-date: /home/ssfa/ros2_ws/install/custom_interfaces/share/custom_interfaces/cmake/custom_interfaces__rosidl_typesupport_cExport-noconfig.cmake
[5.083s] -- Up-to-date: /home/ssfa/ros2_ws/install/custom_interfaces/share/custom_interfaces/cmake/custom_interfaces__rosidl_typesupport_introspection_cppExport.cmake
[5.083s] -- Up-to-date: /home/ssfa/ros2_ws/install/custom_interfaces/share/custom_interfaces/cmake/custom_interfaces__rosidl_typesupport_introspection_cppExport-noconfig.cmake
[5.084s] -- Up-to-date: /home/ssfa/ros2_ws/install/custom_interfaces/share/custom_interfaces/cmake/custom_interfaces__rosidl_typesupport_cppExport.cmake
[5.084s] -- Up-to-date: /home/ssfa/ros2_ws/install/custom_interfaces/share/custom_interfaces/cmake/custom_interfaces__rosidl_typesupport_cppExport-noconfig.cmake
[5.086s] -- Up-to-date: /home/ssfa/ros2_ws/install/custom_interfaces/share/custom_interfaces/cmake/export_custom_interfaces__rosidl_generator_pyExport.cmake
[5.087s] -- Up-to-date: /home/ssfa/ros2_ws/install/custom_interfaces/share/custom_interfaces/cmake/export_custom_interfaces__rosidl_generator_pyExport-noconfig.cmake
[5.513s] Invoked command in '/home/ssfa/ros2_ws/build/custom_interfaces' returned '0': CMAKE_PREFIX_PATH=${CMAKE_PREFIX_PATH}:/home/ssfa/ros2_ws/install/turtlebot3_teleop:/home/ssfa/ros2_ws/install/turtlebot3_example:/home/ssfa/ros2_ws/install/topic_exercise:/home/ssfa/ros2_ws/install/subscriber_pkg:/home/ssfa/ros2_ws/install/services_pkg:/home/ssfa/ros2_ws/install/publisher_pkg:/home/ssfa/ros2_ws/install/my_package:/home/ssfa/ros2_ws/install/movement_pkg:/home/ssfa/ros2_ws/install/exercise_pkg:/home/ssfa/ros2_ws/install/custom_interface_example:/home/ssfa/ros2_ws/install/client_pkg:/opt/ros/humble /usr/bin/cmake --install /home/ssfa/ros2_ws/build/custom_interfaces
