[0.413s] Invoking command in '/home/ssfa/ros2_ws/build/turtlebot3_as': AMENT_PREFIX_PATH=/home/ssfa/ros2_ws/install/t3_action_msg:${AMENT_PREFIX_PATH} CMAKE_PREFIX_PATH=/home/ssfa/ros2_ws/install/t3_action_msg:/opt/ros/humble LD_LIBRARY_PATH=/home/ssfa/ros2_ws/install/t3_action_msg/lib:${LD_LIBRARY_PATH} PYTHONPATH=/home/ssfa/ros2_ws/install/t3_action_msg/local/lib/python3.10/dist-packages:${PYTHONPATH} /usr/bin/cmake --build /home/ssfa/ros2_ws/build/turtlebot3_as -- -j12 -l12
[0.476s] [100%] Built target turtlebot3_as
[0.844s] Invoked command in '/home/ssfa/ros2_ws/build/turtlebot3_as' returned '0': AMENT_PREFIX_PATH=/home/ssfa/ros2_ws/install/t3_action_msg:${AMENT_PREFIX_PATH} CMAKE_PREFIX_PATH=/home/ssfa/ros2_ws/install/t3_action_msg:/opt/ros/humble LD_LIBRARY_PATH=/home/ssfa/ros2_ws/install/t3_action_msg/lib:${LD_LIBRARY_PATH} PYTHONPATH=/home/ssfa/ros2_ws/install/t3_action_msg/local/lib/python3.10/dist-packages:${PYTHONPATH} /usr/bin/cmake --build /home/ssfa/ros2_ws/build/turtlebot3_as -- -j12 -l12
[0.892s] Invoking command in '/home/ssfa/ros2_ws/build/turtlebot3_as': AMENT_PREFIX_PATH=/home/ssfa/ros2_ws/install/t3_action_msg:${AMENT_PREFIX_PATH} CMAKE_PREFIX_PATH=/home/ssfa/ros2_ws/install/t3_action_msg:/opt/ros/humble LD_LIBRARY_PATH=/home/ssfa/ros2_ws/install/t3_action_msg/lib:${LD_LIBRARY_PATH} PYTHONPATH=/home/ssfa/ros2_ws/install/t3_action_msg/local/lib/python3.10/dist-packages:${PYTHONPATH} /usr/bin/cmake --install /home/ssfa/ros2_ws/build/turtlebot3_as
[0.900s] -- Install configuration: ""
[0.901s] -- Execute custom install script
[0.901s] -- Up-to-date symlink: /home/ssfa/ros2_ws/install/turtlebot3_as/lib/turtlebot3_as/turtlebot3_as
[0.901s] -- Up-to-date symlink: /home/ssfa/ros2_ws/install/turtlebot3_as/share/turtlebot3_as//launch/action_server.launch.py
[0.902s] -- Up-to-date symlink: /home/ssfa/ros2_ws/install/turtlebot3_as/share/ament_index/resource_index/package_run_dependencies/turtlebot3_as
[0.902s] -- Up-to-date symlink: /home/ssfa/ros2_ws/install/turtlebot3_as/share/ament_index/resource_index/parent_prefix_path/turtlebot3_as
[0.902s] -- Up-to-date symlink: /home/ssfa/ros2_ws/install/turtlebot3_as/share/turtlebot3_as/environment/ament_prefix_path.sh
[0.903s] -- Up-to-date symlink: /home/ssfa/ros2_ws/install/turtlebot3_as/share/turtlebot3_as/environment/ament_prefix_path.dsv
[0.903s] -- Up-to-date symlink: /home/ssfa/ros2_ws/install/turtlebot3_as/share/turtlebot3_as/environment/path.sh
[0.903s] -- Up-to-date symlink: /home/ssfa/ros2_ws/install/turtlebot3_as/share/turtlebot3_as/environment/path.dsv
[0.903s] -- Up-to-date symlink: /home/ssfa/ros2_ws/install/turtlebot3_as/share/turtlebot3_as/local_setup.bash
[0.903s] -- Up-to-date symlink: /home/ssfa/ros2_ws/install/turtlebot3_as/share/turtlebot3_as/local_setup.sh
[0.904s] -- Up-to-date symlink: /home/ssfa/ros2_ws/install/turtlebot3_as/share/turtlebot3_as/local_setup.zsh
[0.904s] -- Up-to-date symlink: /home/ssfa/ros2_ws/install/turtlebot3_as/share/turtlebot3_as/local_setup.dsv
[0.904s] -- Symlinking: /home/ssfa/ros2_ws/install/turtlebot3_as/share/turtlebot3_as/package.dsv
[0.914s] -- Up-to-date symlink: /home/ssfa/ros2_ws/install/turtlebot3_as/share/ament_index/resource_index/packages/turtlebot3_as
[0.914s] -- Up-to-date symlink: /home/ssfa/ros2_ws/install/turtlebot3_as/share/turtlebot3_as/cmake/turtlebot3_asConfig.cmake
[0.914s] -- Up-to-date symlink: /home/ssfa/ros2_ws/install/turtlebot3_as/share/turtlebot3_as/cmake/turtlebot3_asConfig-version.cmake
[0.915s] -- Up-to-date symlink: /home/ssfa/ros2_ws/install/turtlebot3_as/share/turtlebot3_as/package.xml
[0.917s] Invoked command in '/home/ssfa/ros2_ws/build/turtlebot3_as' returned '0': AMENT_PREFIX_PATH=/home/ssfa/ros2_ws/install/t3_action_msg:${AMENT_PREFIX_PATH} CMAKE_PREFIX_PATH=/home/ssfa/ros2_ws/install/t3_action_msg:/opt/ros/humble LD_LIBRARY_PATH=/home/ssfa/ros2_ws/install/t3_action_msg/lib:${LD_LIBRARY_PATH} PYTHONPATH=/home/ssfa/ros2_ws/install/t3_action_msg/local/lib/python3.10/dist-packages:${PYTHONPATH} /usr/bin/cmake --install /home/ssfa/ros2_ws/build/turtlebot3_as
