[1.790s] Invoking command in '/home/ssfa/ros2_ws/build/cv_basics': PYTHONPATH=/home/ssfa/ros2_ws/build/cv_basics/prefix_override:/usr/lib/python3/dist-packages/colcon_core/task/python/colcon_distutils_commands:/home/ssfa/ros2_ws/install/cv_basics/lib/python3.10/site-packages:${PYTHONPATH} /usr/bin/python3 -W ignore:setup.py install is deprecated setup.py develop --editable --build-directory /home/ssfa/ros2_ws/build/cv_basics/build --no-deps symlink_data
[2.189s] running develop
[2.190s] /usr/lib/python3/dist-packages/setuptools/command/easy_install.py:158: EasyInstallDeprecationWarning: easy_install command is deprecated. Use build and pip and other standards-based tools.
[2.190s]   warnings.warn(
[2.439s] running egg_info
[2.439s] writing cv_basics.egg-info/PKG-INFO
[2.439s] writing dependency_links to cv_basics.egg-info/dependency_links.txt
[2.439s] writing entry points to cv_basics.egg-info/entry_points.txt
[2.439s] writing requirements to cv_basics.egg-info/requires.txt
[2.439s] writing top-level names to cv_basics.egg-info/top_level.txt
[2.441s] reading manifest file 'cv_basics.egg-info/SOURCES.txt'
[2.441s] writing manifest file 'cv_basics.egg-info/SOURCES.txt'
[2.442s] running build_ext
[2.443s] Creating /home/ssfa/ros2_ws/install/cv_basics/lib/python3.10/site-packages/cv-basics.egg-link (link to .)
[2.443s] Installing img_publisher script to /home/ssfa/ros2_ws/install/cv_basics/lib/cv_basics
[2.443s] Installing img_subscriber script to /home/ssfa/ros2_ws/install/cv_basics/lib/cv_basics
[2.443s] 
[2.443s] Installed /home/ssfa/ros2_ws/build/cv_basics
[2.444s] running symlink_data
[2.580s] Invoked command in '/home/ssfa/ros2_ws/build/cv_basics' returned '0': PYTHONPATH=/home/ssfa/ros2_ws/build/cv_basics/prefix_override:/usr/lib/python3/dist-packages/colcon_core/task/python/colcon_distutils_commands:/home/ssfa/ros2_ws/install/cv_basics/lib/python3.10/site-packages:${PYTHONPATH} /usr/bin/python3 -W ignore:setup.py install is deprecated setup.py develop --editable --build-directory /home/ssfa/ros2_ws/build/cv_basics/build --no-deps symlink_data
