/home/ssfa/ros2_ws/install/exercise_pkg/lib/python3.10/site-packages/exercise_pkg/exercise3.py
/home/ssfa/ros2_ws/install/exercise_pkg/lib/python3.10/site-packages/exercise_pkg/exercise2.py
/home/ssfa/ros2_ws/install/exercise_pkg/lib/python3.10/site-packages/exercise_pkg/exercise1.py
/home/ssfa/ros2_ws/install/exercise_pkg/lib/python3.10/site-packages/exercise_pkg/__init__.py
/home/ssfa/ros2_ws/install/exercise_pkg/lib/python3.10/site-packages/exercise_pkg/__pycache__/exercise3.cpython-310.pyc
/home/ssfa/ros2_ws/install/exercise_pkg/lib/python3.10/site-packages/exercise_pkg/__pycache__/exercise2.cpython-310.pyc
/home/ssfa/ros2_ws/install/exercise_pkg/lib/python3.10/site-packages/exercise_pkg/__pycache__/exercise1.cpython-310.pyc
/home/ssfa/ros2_ws/install/exercise_pkg/lib/python3.10/site-packages/exercise_pkg/__pycache__/__init__.cpython-310.pyc
/home/ssfa/ros2_ws/install/exercise_pkg/share/ament_index/resource_index/packages/exercise_pkg
/home/ssfa/ros2_ws/install/exercise_pkg/share/exercise_pkg/package.xml
/home/ssfa/ros2_ws/install/exercise_pkg/share/exercise_pkg/launch/exercise3.launch.py
/home/ssfa/ros2_ws/install/exercise_pkg/share/exercise_pkg/launch/exercise2.launch.py
/home/ssfa/ros2_ws/install/exercise_pkg/share/exercise_pkg/launch/exercise1.launch.py
/home/ssfa/ros2_ws/install/exercise_pkg/lib/python3.10/site-packages/exercise_pkg-0.0.0-py3.10.egg-info/requires.txt
/home/ssfa/ros2_ws/install/exercise_pkg/lib/python3.10/site-packages/exercise_pkg-0.0.0-py3.10.egg-info/SOURCES.txt
/home/ssfa/ros2_ws/install/exercise_pkg/lib/python3.10/site-packages/exercise_pkg-0.0.0-py3.10.egg-info/top_level.txt
/home/ssfa/ros2_ws/install/exercise_pkg/lib/python3.10/site-packages/exercise_pkg-0.0.0-py3.10.egg-info/entry_points.txt
/home/ssfa/ros2_ws/install/exercise_pkg/lib/python3.10/site-packages/exercise_pkg-0.0.0-py3.10.egg-info/dependency_links.txt
/home/ssfa/ros2_ws/install/exercise_pkg/lib/python3.10/site-packages/exercise_pkg-0.0.0-py3.10.egg-info/zip-safe
/home/ssfa/ros2_ws/install/exercise_pkg/lib/python3.10/site-packages/exercise_pkg-0.0.0-py3.10.egg-info/PKG-INFO
/home/ssfa/ros2_ws/install/exercise_pkg/lib/exercise_pkg/exercise1
/home/ssfa/ros2_ws/install/exercise_pkg/lib/exercise_pkg/exercise2
/home/ssfa/ros2_ws/install/exercise_pkg/lib/exercise_pkg/exercise3
