running develop
running egg_info
writing services_pkg.egg-info/PKG-INFO
writing dependency_links to services_pkg.egg-info/dependency_links.txt
writing entry points to services_pkg.egg-info/entry_points.txt
writing requirements to services_pkg.egg-info/requires.txt
writing top-level names to services_pkg.egg-info/top_level.txt
reading manifest file 'services_pkg.egg-info/SOURCES.txt'
writing manifest file 'services_pkg.egg-info/SOURCES.txt'
running build_ext
Creating /home/ssfa/ros2_ws/install/services_pkg/lib/python3.10/site-packages/services-pkg.egg-link (link to .)
Installing service script to /home/ssfa/ros2_ws/install/services_pkg/lib/services_pkg
Installing service2 script to /home/ssfa/ros2_ws/install/services_pkg/lib/services_pkg
Installing service_client script to /home/ssfa/ros2_ws/install/services_pkg/lib/services_pkg

Installed /home/ssfa/ros2_ws/build/services_pkg
running symlink_data
symbolically linking /home/ssfa/ros2_ws/build/services_pkg/resource/services_pkg -> /home/ssfa/ros2_ws/install/services_pkg/share/ament_index/resource_index/packages
symbolically linking /home/ssfa/ros2_ws/build/services_pkg/package.xml -> /home/ssfa/ros2_ws/install/services_pkg/share/services_pkg
symbolically linking /home/ssfa/ros2_ws/build/services_pkg/launch/server_stop.launch.py -> /home/ssfa/ros2_ws/install/services_pkg/share/services_pkg
symbolically linking /home/ssfa/ros2_ws/build/services_pkg/launch/server_moving.launch.py -> /home/ssfa/ros2_ws/install/services_pkg/share/services_pkg
