[0.743s] Invoking command in '/home/ssfa/ros2_ws/build/services_pkg': PYTHONPATH=/home/ssfa/ros2_ws/build/services_pkg/prefix_override:/usr/lib/python3/dist-packages/colcon_core/task/python/colcon_distutils_commands:/home/ssfa/ros2_ws/install/services_pkg/lib/python3.10/site-packages:${PYTHONPATH} /usr/bin/python3 -W ignore:setup.py install is deprecated setup.py develop --editable --build-directory /home/ssfa/ros2_ws/build/services_pkg/build --no-deps symlink_data --force
[0.894s] /usr/lib/python3/dist-packages/setuptools/dist.py:723: UserWarning: Usage of dash-separated 'script-dir' will not be supported in future versions. Please use the underscore name 'script_dir' instead
[0.894s]   warnings.warn(
[0.914s] running develop
[0.915s] /usr/lib/python3/dist-packages/setuptools/command/easy_install.py:158: EasyInstallDeprecationWarning: easy_install command is deprecated. Use build and pip and other standards-based tools.
[0.915s]   warnings.warn(
[1.020s] running egg_info
[1.020s] writing services_pkg.egg-info/PKG-INFO
[1.020s] writing dependency_links to services_pkg.egg-info/dependency_links.txt
[1.021s] writing entry points to services_pkg.egg-info/entry_points.txt
[1.021s] writing requirements to services_pkg.egg-info/requires.txt
[1.021s] writing top-level names to services_pkg.egg-info/top_level.txt
[1.022s] reading manifest file 'services_pkg.egg-info/SOURCES.txt'
[1.022s] writing manifest file 'services_pkg.egg-info/SOURCES.txt'
[1.023s] running build_ext
[1.024s] Creating /home/ssfa/ros2_ws/install/services_pkg/lib/python3.10/site-packages/services-pkg.egg-link (link to .)
[1.024s] Installing service script to /home/ssfa/ros2_ws/install/services_pkg/lib/services_pkg
[1.024s] Installing service2 script to /home/ssfa/ros2_ws/install/services_pkg/lib/services_pkg
[1.024s] Installing service_client script to /home/ssfa/ros2_ws/install/services_pkg/lib/services_pkg
[1.024s] 
[1.025s] Installed /home/ssfa/ros2_ws/build/services_pkg
[1.025s] running symlink_data
[1.025s] symbolically linking /home/ssfa/ros2_ws/build/services_pkg/resource/services_pkg -> /home/ssfa/ros2_ws/install/services_pkg/share/ament_index/resource_index/packages
[1.025s] symbolically linking /home/ssfa/ros2_ws/build/services_pkg/package.xml -> /home/ssfa/ros2_ws/install/services_pkg/share/services_pkg
[1.025s] symbolically linking /home/ssfa/ros2_ws/build/services_pkg/launch/server_stop.launch.py -> /home/ssfa/ros2_ws/install/services_pkg/share/services_pkg
[1.025s] symbolically linking /home/ssfa/ros2_ws/build/services_pkg/launch/server_moving.launch.py -> /home/ssfa/ros2_ws/install/services_pkg/share/services_pkg
[1.549s] Invoked command in '/home/ssfa/ros2_ws/build/services_pkg' returned '0': PYTHONPATH=/home/ssfa/ros2_ws/build/services_pkg/prefix_override:/usr/lib/python3/dist-packages/colcon_core/task/python/colcon_distutils_commands:/home/ssfa/ros2_ws/install/services_pkg/lib/python3.10/site-packages:${PYTHONPATH} /usr/bin/python3 -W ignore:setup.py install is deprecated setup.py develop --editable --build-directory /home/ssfa/ros2_ws/build/services_pkg/build --no-deps symlink_data --force
