/usr/lib/python3/dist-packages/setuptools/dist.py:723: UserWarning: Usage of dash-separated 'script-dir' will not be supported in future versions. Please use the underscore name 'script_dir' instead
  warnings.warn(
running develop
/usr/lib/python3/dist-packages/setuptools/command/easy_install.py:158: EasyInstallDeprecationWarning: easy_install command is deprecated. Use build and pip and other standards-based tools.
  warnings.warn(
running egg_info
creating turtlebot3_teleop.egg-info
writing turtlebot3_teleop.egg-info/PKG-INFO
writing dependency_links to turtlebot3_teleop.egg-info/dependency_links.txt
writing entry points to turtlebot3_teleop.egg-info/entry_points.txt
writing requirements to turtlebot3_teleop.egg-info/requires.txt
writing top-level names to turtlebot3_teleop.egg-info/top_level.txt
writing manifest file 'turtlebot3_teleop.egg-info/SOURCES.txt'
reading manifest file 'turtlebot3_teleop.egg-info/SOURCES.txt'
writing manifest file 'turtlebot3_teleop.egg-info/SOURCES.txt'
running build_ext
Creating /home/ssfa/ros2_ws/install/turtlebot3_teleop/lib/python3.10/site-packages/turtlebot3-teleop.egg-link (link to .)
Installing teleop_keyboard script to /home/ssfa/ros2_ws/install/turtlebot3_teleop/lib/turtlebot3_teleop

Installed /home/ssfa/ros2_ws/build/turtlebot3_teleop
running symlink_data
creating /home/ssfa/ros2_ws/install/turtlebot3_teleop/share/ament_index
creating /home/ssfa/ros2_ws/install/turtlebot3_teleop/share/ament_index/resource_index
creating /home/ssfa/ros2_ws/install/turtlebot3_teleop/share/ament_index/resource_index/packages
symbolically linking /home/ssfa/ros2_ws/build/turtlebot3_teleop/resource/turtlebot3_teleop -> /home/ssfa/ros2_ws/install/turtlebot3_teleop/share/ament_index/resource_index/packages
symbolically linking /home/ssfa/ros2_ws/build/turtlebot3_teleop/package.xml -> /home/ssfa/ros2_ws/install/turtlebot3_teleop/share/turtlebot3_teleop
