[0.728s] Invoking command in '/home/ssfa/ros2_ws/build/client_pkg': PYTHONPATH=/home/ssfa/ros2_ws/build/client_pkg/prefix_override:/usr/lib/python3/dist-packages/colcon_core/task/python/colcon_distutils_commands:/home/ssfa/ros2_ws/install/client_pkg/lib/python3.10/site-packages:${PYTHONPATH} /usr/bin/python3 -W ignore:setup.py install is deprecated setup.py develop --editable --build-directory /home/ssfa/ros2_ws/build/client_pkg/build --no-deps symlink_data
[1.047s] running develop
[1.047s] /usr/lib/python3/dist-packages/setuptools/command/easy_install.py:158: EasyInstallDeprecationWarning: easy_install command is deprecated. Use build and pip and other standards-based tools.
[1.047s]   warnings.warn(
[1.226s] running egg_info
[1.226s] writing client_pkg.egg-info/PKG-INFO
[1.227s] writing dependency_links to client_pkg.egg-info/dependency_links.txt
[1.227s] writing entry points to client_pkg.egg-info/entry_points.txt
[1.227s] writing requirements to client_pkg.egg-info/requires.txt
[1.227s] writing top-level names to client_pkg.egg-info/top_level.txt
[1.229s] reading manifest file 'client_pkg.egg-info/SOURCES.txt'
[1.230s] writing manifest file 'client_pkg.egg-info/SOURCES.txt'
[1.232s] running build_ext
[1.232s] Creating /home/ssfa/ros2_ws/install/client_pkg/lib/python3.10/site-packages/client-pkg.egg-link (link to .)
[1.233s] Installing service_client script to /home/ssfa/ros2_ws/install/client_pkg/lib/client_pkg
[1.233s] Installing stop_client script to /home/ssfa/ros2_ws/install/client_pkg/lib/client_pkg
[1.234s] 
[1.234s] Installed /home/ssfa/ros2_ws/build/client_pkg
[1.234s] running symlink_data
[1.234s] symbolically linking /home/ssfa/ros2_ws/build/client_pkg/launch/stop_client_launch_file.launch.py -> /home/ssfa/ros2_ws/install/client_pkg/share/client_pkg
[1.267s] Invoked command in '/home/ssfa/ros2_ws/build/client_pkg' returned '0': PYTHONPATH=/home/ssfa/ros2_ws/build/client_pkg/prefix_override:/usr/lib/python3/dist-packages/colcon_core/task/python/colcon_distutils_commands:/home/ssfa/ros2_ws/install/client_pkg/lib/python3.10/site-packages:${PYTHONPATH} /usr/bin/python3 -W ignore:setup.py install is deprecated setup.py develop --editable --build-directory /home/ssfa/ros2_ws/build/client_pkg/build --no-deps symlink_data
