running develop
/usr/lib/python3/dist-packages/setuptools/command/easy_install.py:158: EasyInstallDeprecationWarning: easy_install command is deprecated. Use build and pip and other standards-based tools.
  warnings.warn(
Removing /home/ssfa/ros2_ws/install/cv_basics/lib/python3.10/site-packages/cv-basics.egg-link (link to .)
running egg_info
writing ../../build/cv_basics/cv_basics.egg-info/PKG-INFO
writing dependency_links to ../../build/cv_basics/cv_basics.egg-info/dependency_links.txt
writing entry points to ../../build/cv_basics/cv_basics.egg-info/entry_points.txt
writing requirements to ../../build/cv_basics/cv_basics.egg-info/requires.txt
writing top-level names to ../../build/cv_basics/cv_basics.egg-info/top_level.txt
reading manifest file '../../build/cv_basics/cv_basics.egg-info/SOURCES.txt'
writing manifest file '../../build/cv_basics/cv_basics.egg-info/SOURCES.txt'
running build
running build_py
creating /home/ssfa/ros2_ws/build/cv_basics/build
creating /home/ssfa/ros2_ws/build/cv_basics/build/lib
creating /home/ssfa/ros2_ws/build/cv_basics/build/lib/cv_basics
copying cv_basics/webcam_pub.py -> /home/ssfa/ros2_ws/build/cv_basics/build/lib/cv_basics
copying cv_basics/webcam_sub.py -> /home/ssfa/ros2_ws/build/cv_basics/build/lib/cv_basics
copying cv_basics/__init__.py -> /home/ssfa/ros2_ws/build/cv_basics/build/lib/cv_basics
running install
running install_lib
creating /home/ssfa/ros2_ws/install/cv_basics/lib/python3.10/site-packages/cv_basics
copying /home/ssfa/ros2_ws/build/cv_basics/build/lib/cv_basics/webcam_pub.py -> /home/ssfa/ros2_ws/install/cv_basics/lib/python3.10/site-packages/cv_basics
copying /home/ssfa/ros2_ws/build/cv_basics/build/lib/cv_basics/webcam_sub.py -> /home/ssfa/ros2_ws/install/cv_basics/lib/python3.10/site-packages/cv_basics
copying /home/ssfa/ros2_ws/build/cv_basics/build/lib/cv_basics/__init__.py -> /home/ssfa/ros2_ws/install/cv_basics/lib/python3.10/site-packages/cv_basics
byte-compiling /home/ssfa/ros2_ws/install/cv_basics/lib/python3.10/site-packages/cv_basics/webcam_pub.py to webcam_pub.cpython-310.pyc
byte-compiling /home/ssfa/ros2_ws/install/cv_basics/lib/python3.10/site-packages/cv_basics/webcam_sub.py to webcam_sub.cpython-310.pyc
byte-compiling /home/ssfa/ros2_ws/install/cv_basics/lib/python3.10/site-packages/cv_basics/__init__.py to __init__.cpython-310.pyc
running install_data
copying resource/cv_basics -> /home/ssfa/ros2_ws/install/cv_basics/share/ament_index/resource_index/packages
copying package.xml -> /home/ssfa/ros2_ws/install/cv_basics/share/cv_basics
running install_egg_info
Copying ../../build/cv_basics/cv_basics.egg-info to /home/ssfa/ros2_ws/install/cv_basics/lib/python3.10/site-packages/cv_basics-0.0.0-py3.10.egg-info
running install_scripts
Installing img_publisher script to /home/ssfa/ros2_ws/install/cv_basics/lib/cv_basics
Installing img_subscriber script to /home/ssfa/ros2_ws/install/cv_basics/lib/cv_basics
writing list of installed files to '/home/ssfa/ros2_ws/build/cv_basics/install.log'
