[0.657s] Invoking command in '/home/ssfa/ros2_ws/build/dynamixel_sdk': CMAKE_PREFIX_PATH=${CMAKE_PREFIX_PATH}:/home/ssfa/ros2_ws/install/shape_detector:/home/ssfa/ros2_ws/install/yolov8_ros:/home/ssfa/ros2_ws/install/turtlebot3_teleop:/home/ssfa/ros2_ws/install/turtlebot3_example:/home/ssfa/ros2_ws/install/topic_exercise:/home/ssfa/ros2_ws/install/subscriber_pkg:/home/ssfa/ros2_ws/install/services_pkg:/home/ssfa/ros2_ws/install/publisher_pkg:/home/ssfa/ros2_ws/install/my_package:/home/ssfa/ros2_ws/install/movement_pkg:/home/ssfa/ros2_ws/install/exercise_pkg:/home/ssfa/ros2_ws/install/cv_basics:/home/ssfa/ros2_ws/install/custom_interface_example:/home/ssfa/ros2_ws/install/client_pkg:/opt/ros/humble /usr/bin/cmake --build /home/ssfa/ros2_ws/build/dynamixel_sdk -- -j12 -l12
[0.688s] [100%] Built target dynamixel_sdk
[0.845s] Invoked command in '/home/ssfa/ros2_ws/build/dynamixel_sdk' returned '0': CMAKE_PREFIX_PATH=${CMAKE_PREFIX_PATH}:/home/ssfa/ros2_ws/install/shape_detector:/home/ssfa/ros2_ws/install/yolov8_ros:/home/ssfa/ros2_ws/install/turtlebot3_teleop:/home/ssfa/ros2_ws/install/turtlebot3_example:/home/ssfa/ros2_ws/install/topic_exercise:/home/ssfa/ros2_ws/install/subscriber_pkg:/home/ssfa/ros2_ws/install/services_pkg:/home/ssfa/ros2_ws/install/publisher_pkg:/home/ssfa/ros2_ws/install/my_package:/home/ssfa/ros2_ws/install/movement_pkg:/home/ssfa/ros2_ws/install/exercise_pkg:/home/ssfa/ros2_ws/install/cv_basics:/home/ssfa/ros2_ws/install/custom_interface_example:/home/ssfa/ros2_ws/install/client_pkg:/opt/ros/humble /usr/bin/cmake --build /home/ssfa/ros2_ws/build/dynamixel_sdk -- -j12 -l12
[0.914s] Invoking command in '/home/ssfa/ros2_ws/build/dynamixel_sdk': CMAKE_PREFIX_PATH=${CMAKE_PREFIX_PATH}:/home/ssfa/ros2_ws/install/shape_detector:/home/ssfa/ros2_ws/install/yolov8_ros:/home/ssfa/ros2_ws/install/turtlebot3_teleop:/home/ssfa/ros2_ws/install/turtlebot3_example:/home/ssfa/ros2_ws/install/topic_exercise:/home/ssfa/ros2_ws/install/subscriber_pkg:/home/ssfa/ros2_ws/install/services_pkg:/home/ssfa/ros2_ws/install/publisher_pkg:/home/ssfa/ros2_ws/install/my_package:/home/ssfa/ros2_ws/install/movement_pkg:/home/ssfa/ros2_ws/install/exercise_pkg:/home/ssfa/ros2_ws/install/cv_basics:/home/ssfa/ros2_ws/install/custom_interface_example:/home/ssfa/ros2_ws/install/client_pkg:/opt/ros/humble /usr/bin/cmake --install /home/ssfa/ros2_ws/build/dynamixel_sdk
[0.919s] -- Install configuration: ""
[0.919s] -- Execute custom install script
[0.920s] -- Up-to-date symlink: /home/ssfa/ros2_ws/install/dynamixel_sdk/include//dynamixel_sdk/dynamixel_sdk.h
[0.920s] -- Up-to-date symlink: /home/ssfa/ros2_ws/install/dynamixel_sdk/include//dynamixel_sdk/group_bulk_read.h
[0.920s] -- Up-to-date symlink: /home/ssfa/ros2_ws/install/dynamixel_sdk/include//dynamixel_sdk/group_bulk_write.h
[0.920s] -- Up-to-date symlink: /home/ssfa/ros2_ws/install/dynamixel_sdk/include//dynamixel_sdk/group_sync_read.h
[0.921s] -- Up-to-date symlink: /home/ssfa/ros2_ws/install/dynamixel_sdk/include//dynamixel_sdk/group_sync_write.h
[0.921s] -- Up-to-date symlink: /home/ssfa/ros2_ws/install/dynamixel_sdk/include//dynamixel_sdk/packet_handler.h
[0.921s] -- Up-to-date symlink: /home/ssfa/ros2_ws/install/dynamixel_sdk/include//dynamixel_sdk/port_handler.h
[0.921s] -- Up-to-date symlink: /home/ssfa/ros2_ws/install/dynamixel_sdk/include//dynamixel_sdk/port_handler_arduino.h
[0.921s] -- Up-to-date symlink: /home/ssfa/ros2_ws/install/dynamixel_sdk/include//dynamixel_sdk/port_handler_linux.h
[0.921s] -- Up-to-date symlink: /home/ssfa/ros2_ws/install/dynamixel_sdk/include//dynamixel_sdk/port_handler_mac.h
[0.921s] -- Up-to-date symlink: /home/ssfa/ros2_ws/install/dynamixel_sdk/include//dynamixel_sdk/port_handler_windows.h
[0.921s] -- Up-to-date symlink: /home/ssfa/ros2_ws/install/dynamixel_sdk/include//dynamixel_sdk/protocol1_packet_handler.h
[0.921s] -- Up-to-date symlink: /home/ssfa/ros2_ws/install/dynamixel_sdk/include//dynamixel_sdk/protocol2_packet_handler.h
[0.922s] -- Up-to-date symlink: /home/ssfa/ros2_ws/install/dynamixel_sdk/lib/libdynamixel_sdk.so
[0.922s] -- Up-to-date symlink: /home/ssfa/ros2_ws/install/dynamixel_sdk/share/dynamixel_sdk/environment/library_path.sh
[0.922s] -- Up-to-date symlink: /home/ssfa/ros2_ws/install/dynamixel_sdk/share/dynamixel_sdk/environment/library_path.dsv
[0.922s] -- Up-to-date symlink: /home/ssfa/ros2_ws/install/dynamixel_sdk/share/ament_index/resource_index/package_run_dependencies/dynamixel_sdk
[0.924s] -- Up-to-date symlink: /home/ssfa/ros2_ws/install/dynamixel_sdk/share/ament_index/resource_index/parent_prefix_path/dynamixel_sdk
[0.924s] -- Up-to-date symlink: /home/ssfa/ros2_ws/install/dynamixel_sdk/share/dynamixel_sdk/environment/ament_prefix_path.sh
[0.924s] -- Up-to-date symlink: /home/ssfa/ros2_ws/install/dynamixel_sdk/share/dynamixel_sdk/environment/ament_prefix_path.dsv
[0.925s] -- Up-to-date symlink: /home/ssfa/ros2_ws/install/dynamixel_sdk/share/dynamixel_sdk/environment/path.sh
[0.925s] -- Up-to-date symlink: /home/ssfa/ros2_ws/install/dynamixel_sdk/share/dynamixel_sdk/environment/path.dsv
[0.925s] -- Up-to-date symlink: /home/ssfa/ros2_ws/install/dynamixel_sdk/share/dynamixel_sdk/local_setup.bash
[0.926s] -- Up-to-date symlink: /home/ssfa/ros2_ws/install/dynamixel_sdk/share/dynamixel_sdk/local_setup.sh
[0.926s] -- Up-to-date symlink: /home/ssfa/ros2_ws/install/dynamixel_sdk/share/dynamixel_sdk/local_setup.zsh
[0.926s] -- Up-to-date symlink: /home/ssfa/ros2_ws/install/dynamixel_sdk/share/dynamixel_sdk/local_setup.dsv
[0.926s] -- Symlinking: /home/ssfa/ros2_ws/install/dynamixel_sdk/share/dynamixel_sdk/package.dsv
[0.939s] -- Up-to-date symlink: /home/ssfa/ros2_ws/install/dynamixel_sdk/share/ament_index/resource_index/packages/dynamixel_sdk
[0.939s] -- Up-to-date symlink: /home/ssfa/ros2_ws/install/dynamixel_sdk/share/dynamixel_sdk/cmake/ament_cmake_export_include_directories-extras.cmake
[0.941s] -- Up-to-date symlink: /home/ssfa/ros2_ws/install/dynamixel_sdk/share/dynamixel_sdk/cmake/ament_cmake_export_libraries-extras.cmake
[0.942s] -- Up-to-date symlink: /home/ssfa/ros2_ws/install/dynamixel_sdk/share/dynamixel_sdk/cmake/dynamixel_sdkConfig.cmake
[0.944s] -- Up-to-date symlink: /home/ssfa/ros2_ws/install/dynamixel_sdk/share/dynamixel_sdk/cmake/dynamixel_sdkConfig-version.cmake
[0.944s] -- Up-to-date symlink: /home/ssfa/ros2_ws/install/dynamixel_sdk/share/dynamixel_sdk/package.xml
[0.972s] Invoked command in '/home/ssfa/ros2_ws/build/dynamixel_sdk' returned '0': CMAKE_PREFIX_PATH=${CMAKE_PREFIX_PATH}:/home/ssfa/ros2_ws/install/shape_detector:/home/ssfa/ros2_ws/install/yolov8_ros:/home/ssfa/ros2_ws/install/turtlebot3_teleop:/home/ssfa/ros2_ws/install/turtlebot3_example:/home/ssfa/ros2_ws/install/topic_exercise:/home/ssfa/ros2_ws/install/subscriber_pkg:/home/ssfa/ros2_ws/install/services_pkg:/home/ssfa/ros2_ws/install/publisher_pkg:/home/ssfa/ros2_ws/install/my_package:/home/ssfa/ros2_ws/install/movement_pkg:/home/ssfa/ros2_ws/install/exercise_pkg:/home/ssfa/ros2_ws/install/cv_basics:/home/ssfa/ros2_ws/install/custom_interface_example:/home/ssfa/ros2_ws/install/client_pkg:/opt/ros/humble /usr/bin/cmake --install /home/ssfa/ros2_ws/build/dynamixel_sdk
