[0.008s] Invoking command in '/home/ssfa/ros2_ws/build/color_shape_detector': CMAKE_PREFIX_PATH=${CMAKE_PREFIX_PATH}:/home/ssfa/ros2_ws/install/yolov8_ros:/home/ssfa/ros2_ws/install/turtlebot3_teleop:/home/ssfa/ros2_ws/install/turtlebot3_example:/home/ssfa/ros2_ws/install/shape_detector:/home/ssfa/ros2_ws/install/services_pkg:/home/ssfa/ros2_ws/install/cv_basics:/home/ssfa/ros2_ws/install/color_shape_detector:/opt/ros/humble /usr/bin/cmake /home/ssfa/ros2_ws/src/color_shape_detector -DCMAKE_INSTALL_PREFIX=/home/ssfa/ros2_ws/install/color_shape_detector
[0.015s] -- Found ament_cmake: 1.3.9 (/opt/ros/humble/share/ament_cmake/cmake)
[0.096s] -- Found rclpy: 3.3.13 (/opt/ros/humble/share/rclpy/cmake)
[0.096s] -- Found image_transport: 3.1.9 (/opt/ros/humble/share/image_transport/cmake)
[0.115s] -- Found rosidl_generator_c: 3.1.5 (/opt/ros/humble/share/rosidl_generator_c/cmake)
[0.116s] -- Found rosidl_adapter: 3.1.5 (/opt/ros/humble/share/rosidl_adapter/cmake)
[0.120s] -- Found rosidl_generator_cpp: 3.1.5 (/opt/ros/humble/share/rosidl_generator_cpp/cmake)
[0.127s] -- Using all available rosidl_typesupport_c: rosidl_typesupport_fastrtps_c;rosidl_typesupport_introspection_c
[0.136s] -- Using all available rosidl_typesupport_cpp: rosidl_typesupport_fastrtps_cpp;rosidl_typesupport_introspection_cpp
[0.170s] -- Found rmw_implementation_cmake: 6.1.2 (/opt/ros/humble/share/rmw_implementation_cmake/cmake)
[0.171s] -- Found rmw_fastrtps_cpp: 6.2.6 (/opt/ros/humble/share/rmw_fastrtps_cpp/cmake)
[0.248s] -- Using RMW implementation 'rmw_fastrtps_cpp' as default
[0.455s] -- Found cv_bridge: 3.2.1 (/opt/ros/humble/share/cv_bridge/cmake)
[0.464s] -- Found rosidl_default_generators: 1.2.0 (/opt/ros/humble/share/rosidl_default_generators/cmake)
[0.588s] [31mCMake Error at /opt/ros/humble/share/rosidl_cmake/cmake/rosidl_generate_interfaces.cmake:229 (message):
[0.588s]   Packages installing interfaces must include
[0.588s]   '<member_of_group>rosidl_interface_packages</member_of_group>' in their
[0.588s]   package.xml
[0.588s] Call Stack (most recent call first):
[0.588s]   CMakeLists.txt:18 (rosidl_generate_interfaces)
[0.588s] 
[0.589s] [0m
[0.589s] -- Configuring incomplete, errors occurred!
[0.589s] See also "/home/ssfa/ros2_ws/build/color_shape_detector/CMakeFiles/CMakeOutput.log".
[0.595s] Invoked command in '/home/ssfa/ros2_ws/build/color_shape_detector' returned '1': CMAKE_PREFIX_PATH=${CMAKE_PREFIX_PATH}:/home/ssfa/ros2_ws/install/yolov8_ros:/home/ssfa/ros2_ws/install/turtlebot3_teleop:/home/ssfa/ros2_ws/install/turtlebot3_example:/home/ssfa/ros2_ws/install/shape_detector:/home/ssfa/ros2_ws/install/services_pkg:/home/ssfa/ros2_ws/install/cv_basics:/home/ssfa/ros2_ws/install/color_shape_detector:/opt/ros/humble /usr/bin/cmake /home/ssfa/ros2_ws/src/color_shape_detector -DCMAKE_INSTALL_PREFIX=/home/ssfa/ros2_ws/install/color_shape_detector
