[1.205s] Invoking command in '/home/ssfa/ros2_ws/build/topic_exercise': PYTHONPATH=/home/ssfa/ros2_ws/build/topic_exercise/prefix_override:/usr/lib/python3/dist-packages/colcon_core/task/python/colcon_distutils_commands:/home/ssfa/ros2_ws/install/topic_exercise/lib/python3.10/site-packages:${PYTHONPATH} /usr/bin/python3 -W ignore:setup.py install is deprecated setup.py develop --editable --build-directory /home/ssfa/ros2_ws/build/topic_exercise/build --no-deps symlink_data --force
[1.482s] running develop
[1.482s] /usr/lib/python3/dist-packages/setuptools/command/easy_install.py:158: EasyInstallDeprecationWarning: easy_install command is deprecated. Use build and pip and other standards-based tools.
[1.482s]   warnings.warn(
[1.606s] running egg_info
[1.607s] writing topic_exercise.egg-info/PKG-INFO
[1.607s] writing dependency_links to topic_exercise.egg-info/dependency_links.txt
[1.607s] writing entry points to topic_exercise.egg-info/entry_points.txt
[1.607s] writing requirements to topic_exercise.egg-info/requires.txt
[1.607s] writing top-level names to topic_exercise.egg-info/top_level.txt
[1.609s] reading manifest file 'topic_exercise.egg-info/SOURCES.txt'
[1.610s] writing manifest file 'topic_exercise.egg-info/SOURCES.txt'
[1.611s] running build_ext
[1.611s] Creating /home/ssfa/ros2_ws/install/topic_exercise/lib/python3.10/site-packages/topic-exercise.egg-link (link to .)
[1.612s] Installing exercise script to /home/ssfa/ros2_ws/install/topic_exercise/lib/topic_exercise
[1.613s] 
[1.613s] Installed /home/ssfa/ros2_ws/build/topic_exercise
[1.613s] running symlink_data
[1.613s] symbolically linking /home/ssfa/ros2_ws/build/topic_exercise/resource/topic_exercise -> /home/ssfa/ros2_ws/install/topic_exercise/share/ament_index/resource_index/packages
[1.613s] symbolically linking /home/ssfa/ros2_ws/build/topic_exercise/package.xml -> /home/ssfa/ros2_ws/install/topic_exercise/share/topic_exercise
[1.613s] symbolically linking /home/ssfa/ros2_ws/build/topic_exercise/launch/exercise.launch.py -> /home/ssfa/ros2_ws/install/topic_exercise/share/topic_exercise
[1.645s] Invoked command in '/home/ssfa/ros2_ws/build/topic_exercise' returned '0': PYTHONPATH=/home/ssfa/ros2_ws/build/topic_exercise/prefix_override:/usr/lib/python3/dist-packages/colcon_core/task/python/colcon_distutils_commands:/home/ssfa/ros2_ws/install/topic_exercise/lib/python3.10/site-packages:${PYTHONPATH} /usr/bin/python3 -W ignore:setup.py install is deprecated setup.py develop --editable --build-directory /home/ssfa/ros2_ws/build/topic_exercise/build --no-deps symlink_data --force
