-- Found ament_cmake: 1.3.9 (/opt/ros/humble/share/ament_cmake/cmake)
-- Override CMake install command with custom implementation using symlinks instead of copying resources
-- Found rclcpp: 16.0.9 (/opt/ros/humble/share/rclcpp/cmake)
-- Found rosidl_generator_c: 3.1.5 (/opt/ros/humble/share/rosidl_generator_c/cmake)
-- Found rosidl_adapter: 3.1.5 (/opt/ros/humble/share/rosidl_adapter/cmake)
-- Found rosidl_generator_cpp: 3.1.5 (/opt/ros/humble/share/rosidl_generator_cpp/cmake)
-- Using all available rosidl_typesupport_c: rosidl_typesupport_fastrtps_c;rosidl_typesupport_introspection_c
-- Using all available rosidl_typesupport_cpp: rosidl_typesupport_fastrtps_cpp;rosidl_typesupport_introspection_cpp
-- Found rmw_implementation_cmake: 6.1.2 (/opt/ros/humble/share/rmw_implementation_cmake/cmake)
-- Found rmw_fastrtps_cpp: 6.2.6 (/opt/ros/humble/share/rmw_fastrtps_cpp/cmake)
-- Using RMW implementation 'rmw_fastrtps_cpp' as default
-- Found action_msgs: 1.2.1 (/opt/ros/humble/share/action_msgs/cmake)
-- Found rosidl_default_generators: 1.2.0 (/opt/ros/humble/share/rosidl_default_generators/cmake)
-- Found ament_cmake_ros: 0.10.0 (/opt/ros/humble/share/ament_cmake_ros/cmake)
-- Using all available rosidl_typesupport_c: rosidl_typesupport_fastrtps_c;rosidl_typesupport_introspection_c
-- Using all available rosidl_typesupport_cpp: rosidl_typesupport_fastrtps_cpp;rosidl_typesupport_introspection_cpp
-- Found python_cmake_module: 0.10.0 (/opt/ros/humble/share/python_cmake_module/cmake)
-- Using PYTHON_EXECUTABLE: /usr/bin/python3
-- Using PYTHON_INCLUDE_DIRS: /usr/include/python3.10
-- Using PYTHON_LIBRARIES: /usr/lib/x86_64-linux-gnu/libpython3.10.so
-- Found ament_lint_auto: 0.12.11 (/opt/ros/humble/share/ament_lint_auto/cmake)
-- Added test 'copyright' to check source files copyright and LICENSE
-- Added test 'lint_cmake' to check CMake code style
-- Added test 'xmllint' to check XML markup files
-- Configuring done
-- Generating done
-- Build files have been written to: /home/ssfa/ros2_ws/build/t3_action_msg
[35m[1mConsolidate compiler generated dependencies of target t3_action_msg__rosidl_generator_c[0m
[  3%] Built target t3_action_msg__cpp
[ 12%] Built target t3_action_msg__rosidl_generator_c
[ 12%] Built target ament_cmake_python_symlink_t3_action_msg
[35m[1mConsolidate compiler generated dependencies of target t3_action_msg__rosidl_typesupport_fastrtps_cpp[0m
[35m[1mConsolidate compiler generated dependencies of target t3_action_msg__rosidl_typesupport_cpp[0m
[35m[1mConsolidate compiler generated dependencies of target t3_action_msg__rosidl_typesupport_introspection_cpp[0m
[35m[1mConsolidate compiler generated dependencies of target t3_action_msg__rosidl_typesupport_fastrtps_c[0m
[ 22%] Built target t3_action_msg__rosidl_typesupport_fastrtps_cpp
[ 32%] Built target t3_action_msg__rosidl_typesupport_cpp
[ 41%] Built target t3_action_msg__rosidl_typesupport_introspection_cpp
[35m[1mConsolidate compiler generated dependencies of target t3_action_msg__rosidl_typesupport_introspection_c[0m
[35m[1mConsolidate compiler generated dependencies of target t3_action_msg__rosidl_typesupport_c[0m
[ 51%] Built target t3_action_msg__rosidl_typesupport_fastrtps_c
[ 61%] Built target t3_action_msg__rosidl_typesupport_introspection_c
[ 70%] Built target t3_action_msg__rosidl_typesupport_c
[ 70%] Built target t3_action_msg
[ 74%] Built target t3_action_msg__py
[35m[1mConsolidate compiler generated dependencies of target t3_action_msg__rosidl_generator_py[0m
[ 80%] Built target t3_action_msg__rosidl_generator_py
[35m[1mConsolidate compiler generated dependencies of target t3_action_msg__rosidl_typesupport_fastrtps_c__pyext[0m
[35m[1mConsolidate compiler generated dependencies of target t3_action_msg__rosidl_typesupport_c__pyext[0m
[ 87%] Built target t3_action_msg__rosidl_typesupport_fastrtps_c__pyext
[ 93%] Built target t3_action_msg__rosidl_typesupport_c__pyext
[35m[1mConsolidate compiler generated dependencies of target t3_action_msg__rosidl_typesupport_introspection_c__pyext[0m
[100%] Built target t3_action_msg__rosidl_typesupport_introspection_c__pyext
running egg_info
writing t3_action_msg.egg-info/PKG-INFO
writing dependency_links to t3_action_msg.egg-info/dependency_links.txt
writing top-level names to t3_action_msg.egg-info/top_level.txt
reading manifest file 't3_action_msg.egg-info/SOURCES.txt'
writing manifest file 't3_action_msg.egg-info/SOURCES.txt'
[100%] Built target ament_cmake_python_build_t3_action_msg_egg
