[0.040s] Invoking command in '/home/ssfa/ros2_ws/build/t3_action_msg': CMAKE_PREFIX_PATH=${CMAKE_PREFIX_PATH}:/home/ssfa/ros2_ws/install/shape_detector:/home/ssfa/ros2_ws/install/yolov8_ros:/home/ssfa/ros2_ws/install/turtlebot3_teleop:/home/ssfa/ros2_ws/install/turtlebot3_example:/home/ssfa/ros2_ws/install/topic_exercise:/home/ssfa/ros2_ws/install/subscriber_pkg:/home/ssfa/ros2_ws/install/services_pkg:/home/ssfa/ros2_ws/install/publisher_pkg:/home/ssfa/ros2_ws/install/my_package:/home/ssfa/ros2_ws/install/movement_pkg:/home/ssfa/ros2_ws/install/exercise_pkg:/home/ssfa/ros2_ws/install/cv_basics:/home/ssfa/ros2_ws/install/custom_interface_example:/home/ssfa/ros2_ws/install/client_pkg:/opt/ros/humble /usr/bin/cmake /home/ssfa/ros2_ws/src/t3/t3_action_msg -DCMAKE_INSTALL_PREFIX=/home/ssfa/ros2_ws/install/t3_action_msg
[0.920s] -- Found ament_cmake: 1.3.9 (/opt/ros/humble/share/ament_cmake/cmake)
[0.920s] -- Override CMake install command with custom implementation using symlinks instead of copying resources
[0.920s] -- Found rclcpp: 16.0.9 (/opt/ros/humble/share/rclcpp/cmake)
[0.920s] -- Found rosidl_generator_c: 3.1.5 (/opt/ros/humble/share/rosidl_generator_c/cmake)
[0.920s] -- Found rosidl_adapter: 3.1.5 (/opt/ros/humble/share/rosidl_adapter/cmake)
[0.920s] -- Found rosidl_generator_cpp: 3.1.5 (/opt/ros/humble/share/rosidl_generator_cpp/cmake)
[0.920s] -- Using all available rosidl_typesupport_c: rosidl_typesupport_fastrtps_c;rosidl_typesupport_introspection_c
[0.920s] -- Using all available rosidl_typesupport_cpp: rosidl_typesupport_fastrtps_cpp;rosidl_typesupport_introspection_cpp
[0.920s] -- Found rmw_implementation_cmake: 6.1.2 (/opt/ros/humble/share/rmw_implementation_cmake/cmake)
[0.920s] -- Found rmw_fastrtps_cpp: 6.2.6 (/opt/ros/humble/share/rmw_fastrtps_cpp/cmake)
[0.920s] -- Using RMW implementation 'rmw_fastrtps_cpp' as default
[0.920s] -- Found action_msgs: 1.2.1 (/opt/ros/humble/share/action_msgs/cmake)
[0.920s] -- Found rosidl_default_generators: 1.2.0 (/opt/ros/humble/share/rosidl_default_generators/cmake)
[0.920s] -- Found ament_cmake_ros: 0.10.0 (/opt/ros/humble/share/ament_cmake_ros/cmake)
[1.337s] -- Using all available rosidl_typesupport_c: rosidl_typesupport_fastrtps_c;rosidl_typesupport_introspection_c
[1.474s] -- Using all available rosidl_typesupport_cpp: rosidl_typesupport_fastrtps_cpp;rosidl_typesupport_introspection_cpp
[1.493s] -- Found python_cmake_module: 0.10.0 (/opt/ros/humble/share/python_cmake_module/cmake)
[1.511s] -- Using PYTHON_EXECUTABLE: /usr/bin/python3
[1.511s] -- Using PYTHON_INCLUDE_DIRS: /usr/include/python3.10
[1.511s] -- Using PYTHON_LIBRARIES: /usr/lib/x86_64-linux-gnu/libpython3.10.so
[1.535s] -- Found ament_lint_auto: 0.12.11 (/opt/ros/humble/share/ament_lint_auto/cmake)
[1.541s] -- Added test 'copyright' to check source files copyright and LICENSE
[1.541s] -- Added test 'lint_cmake' to check CMake code style
[1.542s] -- Added test 'xmllint' to check XML markup files
[1.543s] -- Configuring done
[1.565s] -- Generating done
[1.569s] -- Build files have been written to: /home/ssfa/ros2_ws/build/t3_action_msg
[1.606s] Invoked command in '/home/ssfa/ros2_ws/build/t3_action_msg' returned '0': CMAKE_PREFIX_PATH=${CMAKE_PREFIX_PATH}:/home/ssfa/ros2_ws/install/shape_detector:/home/ssfa/ros2_ws/install/yolov8_ros:/home/ssfa/ros2_ws/install/turtlebot3_teleop:/home/ssfa/ros2_ws/install/turtlebot3_example:/home/ssfa/ros2_ws/install/topic_exercise:/home/ssfa/ros2_ws/install/subscriber_pkg:/home/ssfa/ros2_ws/install/services_pkg:/home/ssfa/ros2_ws/install/publisher_pkg:/home/ssfa/ros2_ws/install/my_package:/home/ssfa/ros2_ws/install/movement_pkg:/home/ssfa/ros2_ws/install/exercise_pkg:/home/ssfa/ros2_ws/install/cv_basics:/home/ssfa/ros2_ws/install/custom_interface_example:/home/ssfa/ros2_ws/install/client_pkg:/opt/ros/humble /usr/bin/cmake /home/ssfa/ros2_ws/src/t3/t3_action_msg -DCMAKE_INSTALL_PREFIX=/home/ssfa/ros2_ws/install/t3_action_msg
[1.606s] Invoking command in '/home/ssfa/ros2_ws/build/t3_action_msg': CMAKE_PREFIX_PATH=${CMAKE_PREFIX_PATH}:/home/ssfa/ros2_ws/install/shape_detector:/home/ssfa/ros2_ws/install/yolov8_ros:/home/ssfa/ros2_ws/install/turtlebot3_teleop:/home/ssfa/ros2_ws/install/turtlebot3_example:/home/ssfa/ros2_ws/install/topic_exercise:/home/ssfa/ros2_ws/install/subscriber_pkg:/home/ssfa/ros2_ws/install/services_pkg:/home/ssfa/ros2_ws/install/publisher_pkg:/home/ssfa/ros2_ws/install/my_package:/home/ssfa/ros2_ws/install/movement_pkg:/home/ssfa/ros2_ws/install/exercise_pkg:/home/ssfa/ros2_ws/install/cv_basics:/home/ssfa/ros2_ws/install/custom_interface_example:/home/ssfa/ros2_ws/install/client_pkg:/opt/ros/humble /usr/bin/cmake --build /home/ssfa/ros2_ws/build/t3_action_msg -- -j12 -l12
[2.262s] [35m[1mConsolidate compiler generated dependencies of target t3_action_msg__rosidl_generator_c[0m
[2.263s] [  3%] Built target t3_action_msg__cpp
[2.263s] [ 12%] Built target t3_action_msg__rosidl_generator_c
[2.263s] [ 12%] Built target ament_cmake_python_symlink_t3_action_msg
[2.263s] [35m[1mConsolidate compiler generated dependencies of target t3_action_msg__rosidl_typesupport_fastrtps_cpp[0m
[2.264s] [35m[1mConsolidate compiler generated dependencies of target t3_action_msg__rosidl_typesupport_cpp[0m
[2.264s] [35m[1mConsolidate compiler generated dependencies of target t3_action_msg__rosidl_typesupport_introspection_cpp[0m
[2.265s] [35m[1mConsolidate compiler generated dependencies of target t3_action_msg__rosidl_typesupport_fastrtps_c[0m
[2.265s] [ 22%] Built target t3_action_msg__rosidl_typesupport_fastrtps_cpp
[2.265s] [ 32%] Built target t3_action_msg__rosidl_typesupport_cpp
[2.266s] [ 41%] Built target t3_action_msg__rosidl_typesupport_introspection_cpp
[2.266s] [35m[1mConsolidate compiler generated dependencies of target t3_action_msg__rosidl_typesupport_introspection_c[0m
[2.267s] [35m[1mConsolidate compiler generated dependencies of target t3_action_msg__rosidl_typesupport_c[0m
[2.268s] [ 51%] Built target t3_action_msg__rosidl_typesupport_fastrtps_c
[2.268s] [ 61%] Built target t3_action_msg__rosidl_typesupport_introspection_c
[2.268s] [ 70%] Built target t3_action_msg__rosidl_typesupport_c
[2.268s] [ 70%] Built target t3_action_msg
[2.268s] [ 74%] Built target t3_action_msg__py
[2.268s] [35m[1mConsolidate compiler generated dependencies of target t3_action_msg__rosidl_generator_py[0m
[2.268s] [ 80%] Built target t3_action_msg__rosidl_generator_py
[2.268s] [35m[1mConsolidate compiler generated dependencies of target t3_action_msg__rosidl_typesupport_fastrtps_c__pyext[0m
[2.268s] [35m[1mConsolidate compiler generated dependencies of target t3_action_msg__rosidl_typesupport_c__pyext[0m
[2.268s] [ 87%] Built target t3_action_msg__rosidl_typesupport_fastrtps_c__pyext
[2.268s] [ 93%] Built target t3_action_msg__rosidl_typesupport_c__pyext
[2.268s] [35m[1mConsolidate compiler generated dependencies of target t3_action_msg__rosidl_typesupport_introspection_c__pyext[0m
[2.268s] [100%] Built target t3_action_msg__rosidl_typesupport_introspection_c__pyext
[2.270s] running egg_info
[2.273s] writing t3_action_msg.egg-info/PKG-INFO
[2.276s] writing dependency_links to t3_action_msg.egg-info/dependency_links.txt
[2.276s] writing top-level names to t3_action_msg.egg-info/top_level.txt
[2.277s] reading manifest file 't3_action_msg.egg-info/SOURCES.txt'
[2.278s] writing manifest file 't3_action_msg.egg-info/SOURCES.txt'
[2.312s] [100%] Built target ament_cmake_python_build_t3_action_msg_egg
