[0.075s] Invoking command in '/home/ssfa/ros2_ws/build/yolov8_msgs': CMAKE_PREFIX_PATH=${CMAKE_PREFIX_PATH}:/home/ssfa/ros2_ws/install/yolov8_ros:/home/ssfa/ros2_ws/install/turtlebot3_teleop:/home/ssfa/ros2_ws/install/turtlebot3_example:/home/ssfa/ros2_ws/install/shape_detector:/home/ssfa/ros2_ws/install/services_pkg:/home/ssfa/ros2_ws/install/cv_basics:/home/ssfa/ros2_ws/install/color_shape_detector:/opt/ros/humble /usr/bin/cmake --build /home/ssfa/ros2_ws/build/yolov8_msgs -- -j12 -l12
[1.564s] [  0%] Built target yolov8_msgs__cpp
[1.565s] [ 12%] Built target yolov8_msgs__rosidl_generator_c
[1.566s] [ 12%] Built target ament_cmake_python_copy_yolov8_msgs
[1.567s] [ 24%] Built target yolov8_msgs__rosidl_typesupport_cpp
[1.567s] [ 35%] Built target yolov8_msgs__rosidl_typesupport_fastrtps_cpp
[1.567s] [ 47%] Built target yolov8_msgs__rosidl_typesupport_introspection_c
[1.568s] [ 59%] Built target yolov8_msgs__rosidl_typesupport_introspection_cpp
[1.568s] [ 71%] Built target yolov8_msgs__rosidl_typesupport_c
[1.568s] [ 83%] Built target yolov8_msgs__rosidl_typesupport_fastrtps_c
[1.568s] [ 83%] Built target yolov8_msgs
[1.568s] [ 84%] Built target yolov8_msgs__py
[1.568s] [ 95%] Built target yolov8_msgs__rosidl_generator_py
[1.568s] [ 96%] Built target yolov8_msgs__rosidl_typesupport_c__pyext
[1.568s] [ 98%] Built target yolov8_msgs__rosidl_typesupport_introspection_c__pyext
[1.568s] [100%] Built target yolov8_msgs__rosidl_typesupport_fastrtps_c__pyext
[1.568s] running egg_info
[1.568s] writing yolov8_msgs.egg-info/PKG-INFO
[1.568s] writing dependency_links to yolov8_msgs.egg-info/dependency_links.txt
[1.568s] writing top-level names to yolov8_msgs.egg-info/top_level.txt
[1.568s] reading manifest file 'yolov8_msgs.egg-info/SOURCES.txt'
[1.568s] writing manifest file 'yolov8_msgs.egg-info/SOURCES.txt'
[1.568s] [100%] Built target ament_cmake_python_build_yolov8_msgs_egg
[1.582s] Invoked command in '/home/ssfa/ros2_ws/build/yolov8_msgs' returned '0': CMAKE_PREFIX_PATH=${CMAKE_PREFIX_PATH}:/home/ssfa/ros2_ws/install/yolov8_ros:/home/ssfa/ros2_ws/install/turtlebot3_teleop:/home/ssfa/ros2_ws/install/turtlebot3_example:/home/ssfa/ros2_ws/install/shape_detector:/home/ssfa/ros2_ws/install/services_pkg:/home/ssfa/ros2_ws/install/cv_basics:/home/ssfa/ros2_ws/install/color_shape_detector:/opt/ros/humble /usr/bin/cmake --build /home/ssfa/ros2_ws/build/yolov8_msgs -- -j12 -l12
[2.399s] Invoking command in '/home/ssfa/ros2_ws/build/yolov8_msgs': CMAKE_PREFIX_PATH=${CMAKE_PREFIX_PATH}:/home/ssfa/ros2_ws/install/yolov8_ros:/home/ssfa/ros2_ws/install/turtlebot3_teleop:/home/ssfa/ros2_ws/install/turtlebot3_example:/home/ssfa/ros2_ws/install/shape_detector:/home/ssfa/ros2_ws/install/services_pkg:/home/ssfa/ros2_ws/install/cv_basics:/home/ssfa/ros2_ws/install/color_shape_detector:/opt/ros/humble /usr/bin/cmake --install /home/ssfa/ros2_ws/build/yolov8_msgs
[2.417s] -- Install configuration: ""
[2.417s] -- Up-to-date: /home/ssfa/ros2_ws/install/yolov8_msgs/share/ament_index/resource_index/rosidl_interfaces/yolov8_msgs
[2.417s] -- Up-to-date: /home/ssfa/ros2_ws/install/yolov8_msgs/include/yolov8_msgs/yolov8_msgs
[2.417s] -- Up-to-date: /home/ssfa/ros2_ws/install/yolov8_msgs/include/yolov8_msgs/yolov8_msgs/msg
[2.417s] -- Up-to-date: /home/ssfa/ros2_ws/install/yolov8_msgs/include/yolov8_msgs/yolov8_msgs/msg/bounding_box3_d.h
[2.418s] -- Up-to-date: /home/ssfa/ros2_ws/install/yolov8_msgs/include/yolov8_msgs/yolov8_msgs/msg/detection_array.h
[2.418s] -- Up-to-date: /home/ssfa/ros2_ws/install/yolov8_msgs/include/yolov8_msgs/yolov8_msgs/msg/key_point2_d_array.h
[2.418s] -- Up-to-date: /home/ssfa/ros2_ws/install/yolov8_msgs/include/yolov8_msgs/yolov8_msgs/msg/mask.h
[2.418s] -- Up-to-date: /home/ssfa/ros2_ws/install/yolov8_msgs/include/yolov8_msgs/yolov8_msgs/msg/detection.h
[2.418s] -- Up-to-date: /home/ssfa/ros2_ws/install/yolov8_msgs/include/yolov8_msgs/yolov8_msgs/msg/point2_d.h
[2.418s] -- Up-to-date: /home/ssfa/ros2_ws/install/yolov8_msgs/include/yolov8_msgs/yolov8_msgs/msg/vector2.h
[2.418s] -- Up-to-date: /home/ssfa/ros2_ws/install/yolov8_msgs/include/yolov8_msgs/yolov8_msgs/msg/key_point3_d.h
[2.419s] -- Up-to-date: /home/ssfa/ros2_ws/install/yolov8_msgs/include/yolov8_msgs/yolov8_msgs/msg/bounding_box2_d.h
[2.419s] -- Up-to-date: /home/ssfa/ros2_ws/install/yolov8_msgs/include/yolov8_msgs/yolov8_msgs/msg/key_point2_d.h
[2.419s] -- Up-to-date: /home/ssfa/ros2_ws/install/yolov8_msgs/include/yolov8_msgs/yolov8_msgs/msg/rosidl_generator_c__visibility_control.h
[2.420s] -- Up-to-date: /home/ssfa/ros2_ws/install/yolov8_msgs/include/yolov8_msgs/yolov8_msgs/msg/detail
[2.424s] -- Up-to-date: /home/ssfa/ros2_ws/install/yolov8_msgs/include/yolov8_msgs/yolov8_msgs/msg/detail/bounding_box3_d__functions.c
[2.424s] -- Up-to-date: /home/ssfa/ros2_ws/install/yolov8_msgs/include/yolov8_msgs/yolov8_msgs/msg/detail/key_point3_d__struct.h
[2.424s] -- Up-to-date: /home/ssfa/ros2_ws/install/yolov8_msgs/include/yolov8_msgs/yolov8_msgs/msg/detail/pose2_d__functions.c
[2.424s] -- Up-to-date: /home/ssfa/ros2_ws/install/yolov8_msgs/include/yolov8_msgs/yolov8_msgs/msg/detail/key_point3_d__type_support.h
[2.425s] -- Up-to-date: /home/ssfa/ros2_ws/install/yolov8_msgs/include/yolov8_msgs/yolov8_msgs/msg/detail/vector2__functions.c
[2.425s] -- Up-to-date: /home/ssfa/ros2_ws/install/yolov8_msgs/include/yolov8_msgs/yolov8_msgs/msg/detail/key_point3_d__functions.c
[2.425s] -- Up-to-date: /home/ssfa/ros2_ws/install/yolov8_msgs/include/yolov8_msgs/yolov8_msgs/msg/detail/bounding_box3_d__functions.h
[2.425s] -- Up-to-date: /home/ssfa/ros2_ws/install/yolov8_msgs/include/yolov8_msgs/yolov8_msgs/msg/detail/point2_d__functions.h
[2.426s] -- Up-to-date: /home/ssfa/ros2_ws/install/yolov8_msgs/include/yolov8_msgs/yolov8_msgs/msg/detail/key_point3_d_array__type_support.h
[2.426s] -- Up-to-date: /home/ssfa/ros2_ws/install/yolov8_msgs/include/yolov8_msgs/yolov8_msgs/msg/detail/detection_array__type_support.h
[2.426s] -- Up-to-date: /home/ssfa/ros2_ws/install/yolov8_msgs/include/yolov8_msgs/yolov8_msgs/msg/detail/key_point2_d__struct.h
[2.426s] -- Up-to-date: /home/ssfa/ros2_ws/install/yolov8_msgs/include/yolov8_msgs/yolov8_msgs/msg/detail/point2_d__struct.h
[2.427s] -- Up-to-date: /home/ssfa/ros2_ws/install/yolov8_msgs/include/yolov8_msgs/yolov8_msgs/msg/detail/bounding_box2_d__struct.h
[2.427s] -- Up-to-date: /home/ssfa/ros2_ws/install/yolov8_msgs/include/yolov8_msgs/yolov8_msgs/msg/detail/key_point2_d__type_support.h
[2.427s] -- Up-to-date: /home/ssfa/ros2_ws/install/yolov8_msgs/include/yolov8_msgs/yolov8_msgs/msg/detail/detection_array__struct.h
[2.428s] -- Up-to-date: /home/ssfa/ros2_ws/install/yolov8_msgs/include/yolov8_msgs/yolov8_msgs/msg/detail/key_point3_d_array__functions.c
[2.428s] -- Up-to-date: /home/ssfa/ros2_ws/install/yolov8_msgs/include/yolov8_msgs/yolov8_msgs/msg/detail/mask__type_support.h
[2.428s] -- Up-to-date: /home/ssfa/ros2_ws/install/yolov8_msgs/include/yolov8_msgs/yolov8_msgs/msg/detail/detection__type_support.h
[2.428s] -- Up-to-date: /home/ssfa/ros2_ws/install/yolov8_msgs/include/yolov8_msgs/yolov8_msgs/msg/detail/point2_d__type_support.h
[2.428s] -- Up-to-date: /home/ssfa/ros2_ws/install/yolov8_msgs/include/yolov8_msgs/yolov8_msgs/msg/detail/detection__functions.h
[2.429s] -- Up-to-date: /home/ssfa/ros2_ws/install/yolov8_msgs/include/yolov8_msgs/yolov8_msgs/msg/detail/vector2__struct.h
[2.429s] -- Up-to-date: /home/ssfa/ros2_ws/install/yolov8_msgs/include/yolov8_msgs/yolov8_msgs/msg/detail/detection__struct.h
[2.429s] -- Up-to-date: /home/ssfa/ros2_ws/install/yolov8_msgs/include/yolov8_msgs/yolov8_msgs/msg/detail/bounding_box2_d__functions.h
[2.429s] -- Up-to-date: /home/ssfa/ros2_ws/install/yolov8_msgs/include/yolov8_msgs/yolov8_msgs/msg/detail/detection__functions.c
[2.430s] -- Up-to-date: /home/ssfa/ros2_ws/install/yolov8_msgs/include/yolov8_msgs/yolov8_msgs/msg/detail/vector2__type_support.h
[2.430s] -- Up-to-date: /home/ssfa/ros2_ws/install/yolov8_msgs/include/yolov8_msgs/yolov8_msgs/msg/detail/bounding_box2_d__functions.c
[2.430s] -- Up-to-date: /home/ssfa/ros2_ws/install/yolov8_msgs/include/yolov8_msgs/yolov8_msgs/msg/detail/pose2_d__type_support.h
[2.430s] -- Up-to-date: /home/ssfa/ros2_ws/install/yolov8_msgs/include/yolov8_msgs/yolov8_msgs/msg/detail/key_point3_d_array__functions.h
[2.431s] -- Up-to-date: /home/ssfa/ros2_ws/install/yolov8_msgs/include/yolov8_msgs/yolov8_msgs/msg/detail/bounding_box3_d__type_support.h
[2.431s] -- Up-to-date: /home/ssfa/ros2_ws/install/yolov8_msgs/include/yolov8_msgs/yolov8_msgs/msg/detail/mask__functions.c
[2.431s] -- Up-to-date: /home/ssfa/ros2_ws/install/yolov8_msgs/include/yolov8_msgs/yolov8_msgs/msg/detail/key_point2_d_array__type_support.h
[2.431s] -- Up-to-date: /home/ssfa/ros2_ws/install/yolov8_msgs/include/yolov8_msgs/yolov8_msgs/msg/detail/detection_array__functions.h
[2.432s] -- Up-to-date: /home/ssfa/ros2_ws/install/yolov8_msgs/include/yolov8_msgs/yolov8_msgs/msg/detail/pose2_d__functions.h
[2.432s] -- Up-to-date: /home/ssfa/ros2_ws/install/yolov8_msgs/include/yolov8_msgs/yolov8_msgs/msg/detail/key_point3_d_array__struct.h
[2.432s] -- Up-to-date: /home/ssfa/ros2_ws/install/yolov8_msgs/include/yolov8_msgs/yolov8_msgs/msg/detail/key_point3_d__functions.h
[2.432s] -- Up-to-date: /home/ssfa/ros2_ws/install/yolov8_msgs/include/yolov8_msgs/yolov8_msgs/msg/detail/bounding_box3_d__struct.h
[2.433s] -- Up-to-date: /home/ssfa/ros2_ws/install/yolov8_msgs/include/yolov8_msgs/yolov8_msgs/msg/detail/key_point2_d_array__struct.h
[2.433s] -- Up-to-date: /home/ssfa/ros2_ws/install/yolov8_msgs/include/yolov8_msgs/yolov8_msgs/msg/detail/bounding_box2_d__type_support.h
[2.433s] -- Up-to-date: /home/ssfa/ros2_ws/install/yolov8_msgs/include/yolov8_msgs/yolov8_msgs/msg/detail/key_point2_d_array__functions.c
[2.433s] -- Up-to-date: /home/ssfa/ros2_ws/install/yolov8_msgs/include/yolov8_msgs/yolov8_msgs/msg/detail/key_point2_d__functions.h
[2.434s] -- Up-to-date: /home/ssfa/ros2_ws/install/yolov8_msgs/include/yolov8_msgs/yolov8_msgs/msg/detail/mask__functions.h
[2.434s] -- Up-to-date: /home/ssfa/ros2_ws/install/yolov8_msgs/include/yolov8_msgs/yolov8_msgs/msg/detail/key_point2_d__functions.c
[2.434s] -- Up-to-date: /home/ssfa/ros2_ws/install/yolov8_msgs/include/yolov8_msgs/yolov8_msgs/msg/detail/key_point2_d_array__functions.h
[2.434s] -- Up-to-date: /home/ssfa/ros2_ws/install/yolov8_msgs/include/yolov8_msgs/yolov8_msgs/msg/detail/mask__struct.h
[2.435s] -- Up-to-date: /home/ssfa/ros2_ws/install/yolov8_msgs/include/yolov8_msgs/yolov8_msgs/msg/detail/pose2_d__struct.h
[2.435s] -- Up-to-date: /home/ssfa/ros2_ws/install/yolov8_msgs/include/yolov8_msgs/yolov8_msgs/msg/detail/point2_d__functions.c
[2.438s] -- Up-to-date: /home/ssfa/ros2_ws/install/yolov8_msgs/include/yolov8_msgs/yolov8_msgs/msg/detail/detection_array__functions.c
[2.438s] -- Up-to-date: /home/ssfa/ros2_ws/install/yolov8_msgs/include/yolov8_msgs/yolov8_msgs/msg/detail/vector2__functions.h
[2.438s] -- Up-to-date: /home/ssfa/ros2_ws/install/yolov8_msgs/include/yolov8_msgs/yolov8_msgs/msg/key_point3_d_array.h
[2.438s] -- Up-to-date: /home/ssfa/ros2_ws/install/yolov8_msgs/include/yolov8_msgs/yolov8_msgs/msg/pose2_d.h
[2.438s] -- Up-to-date: /home/ssfa/ros2_ws/install/yolov8_msgs/share/yolov8_msgs/environment/library_path.sh
[2.438s] -- Up-to-date: /home/ssfa/ros2_ws/install/yolov8_msgs/share/yolov8_msgs/environment/library_path.dsv
[2.438s] -- Up-to-date: /home/ssfa/ros2_ws/install/yolov8_msgs/lib/libyolov8_msgs__rosidl_generator_c.so
[2.438s] -- Up-to-date: /home/ssfa/ros2_ws/install/yolov8_msgs/include/yolov8_msgs/yolov8_msgs
[2.438s] -- Up-to-date: /home/ssfa/ros2_ws/install/yolov8_msgs/include/yolov8_msgs/yolov8_msgs/msg
[2.439s] -- Up-to-date: /home/ssfa/ros2_ws/install/yolov8_msgs/include/yolov8_msgs/yolov8_msgs/msg/rosidl_typesupport_fastrtps_c__visibility_control.h
[2.439s] -- Up-to-date: /home/ssfa/ros2_ws/install/yolov8_msgs/include/yolov8_msgs/yolov8_msgs/msg/detail
[2.439s] -- Up-to-date: /home/ssfa/ros2_ws/install/yolov8_msgs/include/yolov8_msgs/yolov8_msgs/msg/detail/key_point3_d_array__rosidl_typesupport_fastrtps_c.h
[2.439s] -- Up-to-date: /home/ssfa/ros2_ws/install/yolov8_msgs/include/yolov8_msgs/yolov8_msgs/msg/detail/key_point2_d_array__rosidl_typesupport_fastrtps_c.h
[2.439s] -- Up-to-date: /home/ssfa/ros2_ws/install/yolov8_msgs/include/yolov8_msgs/yolov8_msgs/msg/detail/vector2__rosidl_typesupport_fastrtps_c.h
[2.440s] -- Up-to-date: /home/ssfa/ros2_ws/install/yolov8_msgs/include/yolov8_msgs/yolov8_msgs/msg/detail/detection_array__rosidl_typesupport_fastrtps_c.h
[2.440s] -- Up-to-date: /home/ssfa/ros2_ws/install/yolov8_msgs/include/yolov8_msgs/yolov8_msgs/msg/detail/pose2_d__rosidl_typesupport_fastrtps_c.h
[2.440s] -- Up-to-date: /home/ssfa/ros2_ws/install/yolov8_msgs/include/yolov8_msgs/yolov8_msgs/msg/detail/mask__rosidl_typesupport_fastrtps_c.h
[2.440s] -- Up-to-date: /home/ssfa/ros2_ws/install/yolov8_msgs/include/yolov8_msgs/yolov8_msgs/msg/detail/point2_d__rosidl_typesupport_fastrtps_c.h
[2.441s] -- Up-to-date: /home/ssfa/ros2_ws/install/yolov8_msgs/include/yolov8_msgs/yolov8_msgs/msg/detail/bounding_box3_d__rosidl_typesupport_fastrtps_c.h
[2.441s] -- Up-to-date: /home/ssfa/ros2_ws/install/yolov8_msgs/include/yolov8_msgs/yolov8_msgs/msg/detail/detection__rosidl_typesupport_fastrtps_c.h
[2.441s] -- Up-to-date: /home/ssfa/ros2_ws/install/yolov8_msgs/include/yolov8_msgs/yolov8_msgs/msg/detail/key_point3_d__rosidl_typesupport_fastrtps_c.h
[2.442s] -- Up-to-date: /home/ssfa/ros2_ws/install/yolov8_msgs/include/yolov8_msgs/yolov8_msgs/msg/detail/key_point2_d__rosidl_typesupport_fastrtps_c.h
[2.443s] -- Up-to-date: /home/ssfa/ros2_ws/install/yolov8_msgs/include/yolov8_msgs/yolov8_msgs/msg/detail/bounding_box2_d__rosidl_typesupport_fastrtps_c.h
[2.443s] -- Up-to-date: /home/ssfa/ros2_ws/install/yolov8_msgs/lib/libyolov8_msgs__rosidl_typesupport_fastrtps_c.so
[2.443s] -- Up-to-date: /home/ssfa/ros2_ws/install/yolov8_msgs/include/yolov8_msgs/yolov8_msgs
[2.443s] -- Up-to-date: /home/ssfa/ros2_ws/install/yolov8_msgs/include/yolov8_msgs/yolov8_msgs/msg
[2.443s] -- Up-to-date: /home/ssfa/ros2_ws/install/yolov8_msgs/include/yolov8_msgs/yolov8_msgs/msg/rosidl_typesupport_introspection_c__visibility_control.h
[2.443s] -- Up-to-date: /home/ssfa/ros2_ws/install/yolov8_msgs/include/yolov8_msgs/yolov8_msgs/msg/detail
[2.443s] -- Up-to-date: /home/ssfa/ros2_ws/install/yolov8_msgs/include/yolov8_msgs/yolov8_msgs/msg/detail/point2_d__rosidl_typesupport_introspection_c.h
[2.444s] -- Up-to-date: /home/ssfa/ros2_ws/install/yolov8_msgs/include/yolov8_msgs/yolov8_msgs/msg/detail/point2_d__type_support.c
[2.444s] -- Up-to-date: /home/ssfa/ros2_ws/install/yolov8_msgs/include/yolov8_msgs/yolov8_msgs/msg/detail/key_point2_d__type_support.c
[2.444s] -- Up-to-date: /home/ssfa/ros2_ws/install/yolov8_msgs/include/yolov8_msgs/yolov8_msgs/msg/detail/key_point3_d_array__type_support.c
[2.444s] -- Up-to-date: /home/ssfa/ros2_ws/install/yolov8_msgs/include/yolov8_msgs/yolov8_msgs/msg/detail/mask__type_support.c
[2.444s] -- Up-to-date: /home/ssfa/ros2_ws/install/yolov8_msgs/include/yolov8_msgs/yolov8_msgs/msg/detail/key_point3_d__type_support.c
[2.444s] -- Up-to-date: /home/ssfa/ros2_ws/install/yolov8_msgs/include/yolov8_msgs/yolov8_msgs/msg/detail/bounding_box2_d__type_support.c
[2.445s] -- Up-to-date: /home/ssfa/ros2_ws/install/yolov8_msgs/include/yolov8_msgs/yolov8_msgs/msg/detail/pose2_d__rosidl_typesupport_introspection_c.h
[2.445s] -- Up-to-date: /home/ssfa/ros2_ws/install/yolov8_msgs/include/yolov8_msgs/yolov8_msgs/msg/detail/detection_array__rosidl_typesupport_introspection_c.h
[2.445s] -- Up-to-date: /home/ssfa/ros2_ws/install/yolov8_msgs/include/yolov8_msgs/yolov8_msgs/msg/detail/detection_array__type_support.c
[2.445s] -- Up-to-date: /home/ssfa/ros2_ws/install/yolov8_msgs/include/yolov8_msgs/yolov8_msgs/msg/detail/vector2__rosidl_typesupport_introspection_c.h
[2.445s] -- Up-to-date: /home/ssfa/ros2_ws/install/yolov8_msgs/include/yolov8_msgs/yolov8_msgs/msg/detail/key_point2_d__rosidl_typesupport_introspection_c.h
[2.445s] -- Up-to-date: /home/ssfa/ros2_ws/install/yolov8_msgs/include/yolov8_msgs/yolov8_msgs/msg/detail/key_point3_d_array__rosidl_typesupport_introspection_c.h
[2.446s] -- Up-to-date: /home/ssfa/ros2_ws/install/yolov8_msgs/include/yolov8_msgs/yolov8_msgs/msg/detail/bounding_box3_d__rosidl_typesupport_introspection_c.h
[2.446s] -- Up-to-date: /home/ssfa/ros2_ws/install/yolov8_msgs/include/yolov8_msgs/yolov8_msgs/msg/detail/vector2__type_support.c
[2.446s] -- Up-to-date: /home/ssfa/ros2_ws/install/yolov8_msgs/include/yolov8_msgs/yolov8_msgs/msg/detail/detection__rosidl_typesupport_introspection_c.h
[2.446s] -- Up-to-date: /home/ssfa/ros2_ws/install/yolov8_msgs/include/yolov8_msgs/yolov8_msgs/msg/detail/mask__rosidl_typesupport_introspection_c.h
[2.446s] -- Up-to-date: /home/ssfa/ros2_ws/install/yolov8_msgs/include/yolov8_msgs/yolov8_msgs/msg/detail/detection__type_support.c
[2.446s] -- Up-to-date: /home/ssfa/ros2_ws/install/yolov8_msgs/include/yolov8_msgs/yolov8_msgs/msg/detail/key_point2_d_array__rosidl_typesupport_introspection_c.h
[2.447s] -- Up-to-date: /home/ssfa/ros2_ws/install/yolov8_msgs/include/yolov8_msgs/yolov8_msgs/msg/detail/key_point3_d__rosidl_typesupport_introspection_c.h
[2.447s] -- Up-to-date: /home/ssfa/ros2_ws/install/yolov8_msgs/include/yolov8_msgs/yolov8_msgs/msg/detail/bounding_box2_d__rosidl_typesupport_introspection_c.h
[2.447s] -- Up-to-date: /home/ssfa/ros2_ws/install/yolov8_msgs/include/yolov8_msgs/yolov8_msgs/msg/detail/bounding_box3_d__type_support.c
[2.447s] -- Up-to-date: /home/ssfa/ros2_ws/install/yolov8_msgs/include/yolov8_msgs/yolov8_msgs/msg/detail/key_point2_d_array__type_support.c
[2.447s] -- Up-to-date: /home/ssfa/ros2_ws/install/yolov8_msgs/include/yolov8_msgs/yolov8_msgs/msg/detail/pose2_d__type_support.c
[2.447s] -- Up-to-date: /home/ssfa/ros2_ws/install/yolov8_msgs/lib/libyolov8_msgs__rosidl_typesupport_introspection_c.so
[2.447s] -- Up-to-date: /home/ssfa/ros2_ws/install/yolov8_msgs/lib/libyolov8_msgs__rosidl_typesupport_c.so
[2.448s] -- Up-to-date: /home/ssfa/ros2_ws/install/yolov8_msgs/include/yolov8_msgs/yolov8_msgs
[2.448s] -- Up-to-date: /home/ssfa/ros2_ws/install/yolov8_msgs/include/yolov8_msgs/yolov8_msgs/msg
[2.448s] -- Up-to-date: /home/ssfa/ros2_ws/install/yolov8_msgs/include/yolov8_msgs/yolov8_msgs/msg/point2_d.hpp
[2.448s] -- Up-to-date: /home/ssfa/ros2_ws/install/yolov8_msgs/include/yolov8_msgs/yolov8_msgs/msg/mask.hpp
[2.448s] -- Up-to-date: /home/ssfa/ros2_ws/install/yolov8_msgs/include/yolov8_msgs/yolov8_msgs/msg/key_point2_d_array.hpp
[2.448s] -- Up-to-date: /home/ssfa/ros2_ws/install/yolov8_msgs/include/yolov8_msgs/yolov8_msgs/msg/key_point3_d_array.hpp
[2.449s] -- Up-to-date: /home/ssfa/ros2_ws/install/yolov8_msgs/include/yolov8_msgs/yolov8_msgs/msg/vector2.hpp
[2.449s] -- Up-to-date: /home/ssfa/ros2_ws/install/yolov8_msgs/include/yolov8_msgs/yolov8_msgs/msg/bounding_box2_d.hpp
[2.449s] -- Up-to-date: /home/ssfa/ros2_ws/install/yolov8_msgs/include/yolov8_msgs/yolov8_msgs/msg/detection.hpp
[2.449s] -- Up-to-date: /home/ssfa/ros2_ws/install/yolov8_msgs/include/yolov8_msgs/yolov8_msgs/msg/detail
[2.449s] -- Up-to-date: /home/ssfa/ros2_ws/install/yolov8_msgs/include/yolov8_msgs/yolov8_msgs/msg/detail/bounding_box2_d__traits.hpp
[2.449s] -- Up-to-date: /home/ssfa/ros2_ws/install/yolov8_msgs/include/yolov8_msgs/yolov8_msgs/msg/detail/point2_d__struct.hpp
[2.449s] -- Up-to-date: /home/ssfa/ros2_ws/install/yolov8_msgs/include/yolov8_msgs/yolov8_msgs/msg/detail/point2_d__traits.hpp
[2.450s] -- Up-to-date: /home/ssfa/ros2_ws/install/yolov8_msgs/include/yolov8_msgs/yolov8_msgs/msg/detail/key_point3_d_array__traits.hpp
[2.450s] -- Up-to-date: /home/ssfa/ros2_ws/install/yolov8_msgs/include/yolov8_msgs/yolov8_msgs/msg/detail/point2_d__builder.hpp
[2.450s] -- Up-to-date: /home/ssfa/ros2_ws/install/yolov8_msgs/include/yolov8_msgs/yolov8_msgs/msg/detail/key_point3_d_array__struct.hpp
[2.450s] -- Up-to-date: /home/ssfa/ros2_ws/install/yolov8_msgs/include/yolov8_msgs/yolov8_msgs/msg/detail/key_point3_d__struct.hpp
[2.450s] -- Up-to-date: /home/ssfa/ros2_ws/install/yolov8_msgs/include/yolov8_msgs/yolov8_msgs/msg/detail/key_point3_d_array__builder.hpp
[2.450s] -- Up-to-date: /home/ssfa/ros2_ws/install/yolov8_msgs/include/yolov8_msgs/yolov8_msgs/msg/detail/key_point2_d_array__traits.hpp
[2.451s] -- Up-to-date: /home/ssfa/ros2_ws/install/yolov8_msgs/include/yolov8_msgs/yolov8_msgs/msg/detail/bounding_box2_d__builder.hpp
[2.451s] -- Up-to-date: /home/ssfa/ros2_ws/install/yolov8_msgs/include/yolov8_msgs/yolov8_msgs/msg/detail/pose2_d__builder.hpp
[2.451s] -- Up-to-date: /home/ssfa/ros2_ws/install/yolov8_msgs/include/yolov8_msgs/yolov8_msgs/msg/detail/detection_array__builder.hpp
[2.451s] -- Up-to-date: /home/ssfa/ros2_ws/install/yolov8_msgs/include/yolov8_msgs/yolov8_msgs/msg/detail/detection__builder.hpp
[2.451s] -- Up-to-date: /home/ssfa/ros2_ws/install/yolov8_msgs/include/yolov8_msgs/yolov8_msgs/msg/detail/key_point2_d_array__builder.hpp
[2.451s] -- Up-to-date: /home/ssfa/ros2_ws/install/yolov8_msgs/include/yolov8_msgs/yolov8_msgs/msg/detail/key_point2_d_array__struct.hpp
[2.451s] -- Up-to-date: /home/ssfa/ros2_ws/install/yolov8_msgs/include/yolov8_msgs/yolov8_msgs/msg/detail/bounding_box3_d__builder.hpp
[2.452s] -- Up-to-date: /home/ssfa/ros2_ws/install/yolov8_msgs/include/yolov8_msgs/yolov8_msgs/msg/detail/detection__traits.hpp
[2.452s] -- Up-to-date: /home/ssfa/ros2_ws/install/yolov8_msgs/include/yolov8_msgs/yolov8_msgs/msg/detail/vector2__traits.hpp
[2.452s] -- Up-to-date: /home/ssfa/ros2_ws/install/yolov8_msgs/include/yolov8_msgs/yolov8_msgs/msg/detail/bounding_box3_d__traits.hpp
[2.452s] -- Up-to-date: /home/ssfa/ros2_ws/install/yolov8_msgs/include/yolov8_msgs/yolov8_msgs/msg/detail/bounding_box3_d__struct.hpp
[2.452s] -- Up-to-date: /home/ssfa/ros2_ws/install/yolov8_msgs/include/yolov8_msgs/yolov8_msgs/msg/detail/detection__struct.hpp
[2.452s] -- Up-to-date: /home/ssfa/ros2_ws/install/yolov8_msgs/include/yolov8_msgs/yolov8_msgs/msg/detail/detection_array__struct.hpp
[2.452s] -- Up-to-date: /home/ssfa/ros2_ws/install/yolov8_msgs/include/yolov8_msgs/yolov8_msgs/msg/detail/key_point2_d__builder.hpp
[2.453s] -- Up-to-date: /home/ssfa/ros2_ws/install/yolov8_msgs/include/yolov8_msgs/yolov8_msgs/msg/detail/pose2_d__struct.hpp
[2.453s] -- Up-to-date: /home/ssfa/ros2_ws/install/yolov8_msgs/include/yolov8_msgs/yolov8_msgs/msg/detail/pose2_d__traits.hpp
[2.453s] -- Up-to-date: /home/ssfa/ros2_ws/install/yolov8_msgs/include/yolov8_msgs/yolov8_msgs/msg/detail/bounding_box2_d__struct.hpp
[2.453s] -- Up-to-date: /home/ssfa/ros2_ws/install/yolov8_msgs/include/yolov8_msgs/yolov8_msgs/msg/detail/key_point2_d__struct.hpp
[2.453s] -- Up-to-date: /home/ssfa/ros2_ws/install/yolov8_msgs/include/yolov8_msgs/yolov8_msgs/msg/detail/mask__struct.hpp
[2.453s] -- Up-to-date: /home/ssfa/ros2_ws/install/yolov8_msgs/include/yolov8_msgs/yolov8_msgs/msg/detail/vector2__builder.hpp
[2.453s] -- Up-to-date: /home/ssfa/ros2_ws/install/yolov8_msgs/include/yolov8_msgs/yolov8_msgs/msg/detail/detection_array__traits.hpp
[2.454s] -- Up-to-date: /home/ssfa/ros2_ws/install/yolov8_msgs/include/yolov8_msgs/yolov8_msgs/msg/detail/mask__traits.hpp
[2.454s] -- Up-to-date: /home/ssfa/ros2_ws/install/yolov8_msgs/include/yolov8_msgs/yolov8_msgs/msg/detail/key_point3_d__builder.hpp
[2.454s] -- Up-to-date: /home/ssfa/ros2_ws/install/yolov8_msgs/include/yolov8_msgs/yolov8_msgs/msg/detail/vector2__struct.hpp
[2.454s] -- Up-to-date: /home/ssfa/ros2_ws/install/yolov8_msgs/include/yolov8_msgs/yolov8_msgs/msg/detail/key_point2_d__traits.hpp
[2.454s] -- Up-to-date: /home/ssfa/ros2_ws/install/yolov8_msgs/include/yolov8_msgs/yolov8_msgs/msg/detail/mask__builder.hpp
[2.454s] -- Up-to-date: /home/ssfa/ros2_ws/install/yolov8_msgs/include/yolov8_msgs/yolov8_msgs/msg/detail/key_point3_d__traits.hpp
[2.454s] -- Up-to-date: /home/ssfa/ros2_ws/install/yolov8_msgs/include/yolov8_msgs/yolov8_msgs/msg/detection_array.hpp
[2.455s] -- Up-to-date: /home/ssfa/ros2_ws/install/yolov8_msgs/include/yolov8_msgs/yolov8_msgs/msg/key_point3_d.hpp
[2.455s] -- Up-to-date: /home/ssfa/ros2_ws/install/yolov8_msgs/include/yolov8_msgs/yolov8_msgs/msg/key_point2_d.hpp
[2.455s] -- Up-to-date: /home/ssfa/ros2_ws/install/yolov8_msgs/include/yolov8_msgs/yolov8_msgs/msg/pose2_d.hpp
[2.455s] -- Up-to-date: /home/ssfa/ros2_ws/install/yolov8_msgs/include/yolov8_msgs/yolov8_msgs/msg/bounding_box3_d.hpp
[2.455s] -- Up-to-date: /home/ssfa/ros2_ws/install/yolov8_msgs/include/yolov8_msgs/yolov8_msgs
[2.455s] -- Up-to-date: /home/ssfa/ros2_ws/install/yolov8_msgs/include/yolov8_msgs/yolov8_msgs/msg
[2.456s] -- Up-to-date: /home/ssfa/ros2_ws/install/yolov8_msgs/include/yolov8_msgs/yolov8_msgs/msg/rosidl_typesupport_fastrtps_cpp__visibility_control.h
[2.456s] -- Up-to-date: /home/ssfa/ros2_ws/install/yolov8_msgs/include/yolov8_msgs/yolov8_msgs/msg/detail
[2.456s] -- Up-to-date: /home/ssfa/ros2_ws/install/yolov8_msgs/include/yolov8_msgs/yolov8_msgs/msg/detail/mask__rosidl_typesupport_fastrtps_cpp.hpp
[2.456s] -- Up-to-date: /home/ssfa/ros2_ws/install/yolov8_msgs/include/yolov8_msgs/yolov8_msgs/msg/detail/vector2__rosidl_typesupport_fastrtps_cpp.hpp
[2.456s] -- Up-to-date: /home/ssfa/ros2_ws/install/yolov8_msgs/include/yolov8_msgs/yolov8_msgs/msg/detail/point2_d__rosidl_typesupport_fastrtps_cpp.hpp
[2.456s] -- Up-to-date: /home/ssfa/ros2_ws/install/yolov8_msgs/include/yolov8_msgs/yolov8_msgs/msg/detail/pose2_d__rosidl_typesupport_fastrtps_cpp.hpp
[2.456s] -- Up-to-date: /home/ssfa/ros2_ws/install/yolov8_msgs/include/yolov8_msgs/yolov8_msgs/msg/detail/bounding_box2_d__rosidl_typesupport_fastrtps_cpp.hpp
[2.457s] -- Up-to-date: /home/ssfa/ros2_ws/install/yolov8_msgs/include/yolov8_msgs/yolov8_msgs/msg/detail/detection__rosidl_typesupport_fastrtps_cpp.hpp
[2.457s] -- Up-to-date: /home/ssfa/ros2_ws/install/yolov8_msgs/include/yolov8_msgs/yolov8_msgs/msg/detail/detection_array__rosidl_typesupport_fastrtps_cpp.hpp
[2.457s] -- Up-to-date: /home/ssfa/ros2_ws/install/yolov8_msgs/include/yolov8_msgs/yolov8_msgs/msg/detail/key_point3_d_array__rosidl_typesupport_fastrtps_cpp.hpp
[2.457s] -- Up-to-date: /home/ssfa/ros2_ws/install/yolov8_msgs/include/yolov8_msgs/yolov8_msgs/msg/detail/dds_fastrtps
[2.457s] -- Up-to-date: /home/ssfa/ros2_ws/install/yolov8_msgs/include/yolov8_msgs/yolov8_msgs/msg/detail/key_point2_d_array__rosidl_typesupport_fastrtps_cpp.hpp
[2.457s] -- Up-to-date: /home/ssfa/ros2_ws/install/yolov8_msgs/include/yolov8_msgs/yolov8_msgs/msg/detail/bounding_box3_d__rosidl_typesupport_fastrtps_cpp.hpp
[2.457s] -- Up-to-date: /home/ssfa/ros2_ws/install/yolov8_msgs/include/yolov8_msgs/yolov8_msgs/msg/detail/key_point2_d__rosidl_typesupport_fastrtps_cpp.hpp
[2.458s] -- Up-to-date: /home/ssfa/ros2_ws/install/yolov8_msgs/include/yolov8_msgs/yolov8_msgs/msg/detail/key_point3_d__rosidl_typesupport_fastrtps_cpp.hpp
[2.458s] -- Up-to-date: /home/ssfa/ros2_ws/install/yolov8_msgs/lib/libyolov8_msgs__rosidl_typesupport_fastrtps_cpp.so
[2.458s] -- Up-to-date: /home/ssfa/ros2_ws/install/yolov8_msgs/include/yolov8_msgs/yolov8_msgs
[2.458s] -- Up-to-date: /home/ssfa/ros2_ws/install/yolov8_msgs/include/yolov8_msgs/yolov8_msgs/msg
[2.458s] -- Up-to-date: /home/ssfa/ros2_ws/install/yolov8_msgs/include/yolov8_msgs/yolov8_msgs/msg/detail
[2.458s] -- Up-to-date: /home/ssfa/ros2_ws/install/yolov8_msgs/include/yolov8_msgs/yolov8_msgs/msg/detail/key_point3_d__type_support.cpp
[2.459s] -- Up-to-date: /home/ssfa/ros2_ws/install/yolov8_msgs/include/yolov8_msgs/yolov8_msgs/msg/detail/point2_d__rosidl_typesupport_introspection_cpp.hpp
[2.459s] -- Up-to-date: /home/ssfa/ros2_ws/install/yolov8_msgs/include/yolov8_msgs/yolov8_msgs/msg/detail/mask__type_support.cpp
[2.459s] -- Up-to-date: /home/ssfa/ros2_ws/install/yolov8_msgs/include/yolov8_msgs/yolov8_msgs/msg/detail/bounding_box2_d__rosidl_typesupport_introspection_cpp.hpp
[2.474s] -- Up-to-date: /home/ssfa/ros2_ws/install/yolov8_msgs/include/yolov8_msgs/yolov8_msgs/msg/detail/detection_array__rosidl_typesupport_introspection_cpp.hpp
[2.475s] -- Up-to-date: /home/ssfa/ros2_ws/install/yolov8_msgs/include/yolov8_msgs/yolov8_msgs/msg/detail/key_point2_d_array__rosidl_typesupport_introspection_cpp.hpp
[2.475s] -- Up-to-date: /home/ssfa/ros2_ws/install/yolov8_msgs/include/yolov8_msgs/yolov8_msgs/msg/detail/detection_array__type_support.cpp
[2.475s] -- Up-to-date: /home/ssfa/ros2_ws/install/yolov8_msgs/include/yolov8_msgs/yolov8_msgs/msg/detail/key_point2_d_array__type_support.cpp
[2.475s] -- Up-to-date: /home/ssfa/ros2_ws/install/yolov8_msgs/include/yolov8_msgs/yolov8_msgs/msg/detail/pose2_d__rosidl_typesupport_introspection_cpp.hpp
[2.475s] -- Up-to-date: /home/ssfa/ros2_ws/install/yolov8_msgs/include/yolov8_msgs/yolov8_msgs/msg/detail/key_point3_d__rosidl_typesupport_introspection_cpp.hpp
[2.476s] -- Up-to-date: /home/ssfa/ros2_ws/install/yolov8_msgs/include/yolov8_msgs/yolov8_msgs/msg/detail/detection__rosidl_typesupport_introspection_cpp.hpp
[2.476s] -- Up-to-date: /home/ssfa/ros2_ws/install/yolov8_msgs/include/yolov8_msgs/yolov8_msgs/msg/detail/mask__rosidl_typesupport_introspection_cpp.hpp
[2.476s] -- Up-to-date: /home/ssfa/ros2_ws/install/yolov8_msgs/include/yolov8_msgs/yolov8_msgs/msg/detail/key_point3_d_array__rosidl_typesupport_introspection_cpp.hpp
[2.476s] -- Up-to-date: /home/ssfa/ros2_ws/install/yolov8_msgs/include/yolov8_msgs/yolov8_msgs/msg/detail/bounding_box3_d__rosidl_typesupport_introspection_cpp.hpp
[2.476s] -- Up-to-date: /home/ssfa/ros2_ws/install/yolov8_msgs/include/yolov8_msgs/yolov8_msgs/msg/detail/key_point3_d_array__type_support.cpp
[2.476s] -- Up-to-date: /home/ssfa/ros2_ws/install/yolov8_msgs/include/yolov8_msgs/yolov8_msgs/msg/detail/key_point2_d__rosidl_typesupport_introspection_cpp.hpp
[2.476s] -- Up-to-date: /home/ssfa/ros2_ws/install/yolov8_msgs/include/yolov8_msgs/yolov8_msgs/msg/detail/bounding_box2_d__type_support.cpp
[2.477s] -- Up-to-date: /home/ssfa/ros2_ws/install/yolov8_msgs/include/yolov8_msgs/yolov8_msgs/msg/detail/point2_d__type_support.cpp
[2.477s] -- Up-to-date: /home/ssfa/ros2_ws/install/yolov8_msgs/include/yolov8_msgs/yolov8_msgs/msg/detail/key_point2_d__type_support.cpp
[2.477s] -- Up-to-date: /home/ssfa/ros2_ws/install/yolov8_msgs/include/yolov8_msgs/yolov8_msgs/msg/detail/vector2__rosidl_typesupport_introspection_cpp.hpp
[2.477s] -- Up-to-date: /home/ssfa/ros2_ws/install/yolov8_msgs/include/yolov8_msgs/yolov8_msgs/msg/detail/pose2_d__type_support.cpp
[2.477s] -- Up-to-date: /home/ssfa/ros2_ws/install/yolov8_msgs/include/yolov8_msgs/yolov8_msgs/msg/detail/bounding_box3_d__type_support.cpp
[2.477s] -- Up-to-date: /home/ssfa/ros2_ws/install/yolov8_msgs/include/yolov8_msgs/yolov8_msgs/msg/detail/detection__type_support.cpp
[2.478s] -- Up-to-date: /home/ssfa/ros2_ws/install/yolov8_msgs/include/yolov8_msgs/yolov8_msgs/msg/detail/vector2__type_support.cpp
[2.478s] -- Up-to-date: /home/ssfa/ros2_ws/install/yolov8_msgs/lib/libyolov8_msgs__rosidl_typesupport_introspection_cpp.so
[2.478s] -- Up-to-date: /home/ssfa/ros2_ws/install/yolov8_msgs/lib/libyolov8_msgs__rosidl_typesupport_cpp.so
[2.478s] -- Up-to-date: /home/ssfa/ros2_ws/install/yolov8_msgs/share/yolov8_msgs/environment/pythonpath.sh
[2.478s] -- Up-to-date: /home/ssfa/ros2_ws/install/yolov8_msgs/share/yolov8_msgs/environment/pythonpath.dsv
[2.478s] -- Up-to-date: /home/ssfa/ros2_ws/install/yolov8_msgs/local/lib/python3.10/dist-packages/yolov8_msgs-0.0.0-py3.10.egg-info
[2.478s] -- Installing: /home/ssfa/ros2_ws/install/yolov8_msgs/local/lib/python3.10/dist-packages/yolov8_msgs-0.0.0-py3.10.egg-info/SOURCES.txt
[2.479s] -- Installing: /home/ssfa/ros2_ws/install/yolov8_msgs/local/lib/python3.10/dist-packages/yolov8_msgs-0.0.0-py3.10.egg-info/top_level.txt
[2.479s] -- Installing: /home/ssfa/ros2_ws/install/yolov8_msgs/local/lib/python3.10/dist-packages/yolov8_msgs-0.0.0-py3.10.egg-info/dependency_links.txt
[2.479s] -- Installing: /home/ssfa/ros2_ws/install/yolov8_msgs/local/lib/python3.10/dist-packages/yolov8_msgs-0.0.0-py3.10.egg-info/PKG-INFO
[2.479s] -- Up-to-date: /home/ssfa/ros2_ws/install/yolov8_msgs/local/lib/python3.10/dist-packages/yolov8_msgs
[2.479s] -- Up-to-date: /home/ssfa/ros2_ws/install/yolov8_msgs/local/lib/python3.10/dist-packages/yolov8_msgs/msg
[2.480s] -- Up-to-date: /home/ssfa/ros2_ws/install/yolov8_msgs/local/lib/python3.10/dist-packages/yolov8_msgs/msg/_point2_d_s.c
[2.480s] -- Up-to-date: /home/ssfa/ros2_ws/install/yolov8_msgs/local/lib/python3.10/dist-packages/yolov8_msgs/msg/_bounding_box3_d_s.c
[2.480s] -- Up-to-date: /home/ssfa/ros2_ws/install/yolov8_msgs/local/lib/python3.10/dist-packages/yolov8_msgs/msg/_key_point2_d_array.py
[2.480s] -- Up-to-date: /home/ssfa/ros2_ws/install/yolov8_msgs/local/lib/python3.10/dist-packages/yolov8_msgs/msg/_key_point3_d_array_s.c
[2.480s] -- Up-to-date: /home/ssfa/ros2_ws/install/yolov8_msgs/local/lib/python3.10/dist-packages/yolov8_msgs/msg/_key_point2_d_s.c
[2.480s] -- Up-to-date: /home/ssfa/ros2_ws/install/yolov8_msgs/local/lib/python3.10/dist-packages/yolov8_msgs/msg/_detection_array_s.c
[2.480s] -- Up-to-date: /home/ssfa/ros2_ws/install/yolov8_msgs/local/lib/python3.10/dist-packages/yolov8_msgs/msg/_vector2.py
[2.481s] -- Up-to-date: /home/ssfa/ros2_ws/install/yolov8_msgs/local/lib/python3.10/dist-packages/yolov8_msgs/msg/_bounding_box2_d_s.c
[2.481s] -- Up-to-date: /home/ssfa/ros2_ws/install/yolov8_msgs/local/lib/python3.10/dist-packages/yolov8_msgs/msg/_key_point3_d_s.c
[2.481s] -- Up-to-date: /home/ssfa/ros2_ws/install/yolov8_msgs/local/lib/python3.10/dist-packages/yolov8_msgs/msg/_point2_d.py
[2.481s] -- Up-to-date: /home/ssfa/ros2_ws/install/yolov8_msgs/local/lib/python3.10/dist-packages/yolov8_msgs/msg/_mask_s.c
[2.481s] -- Up-to-date: /home/ssfa/ros2_ws/install/yolov8_msgs/local/lib/python3.10/dist-packages/yolov8_msgs/msg/_key_point3_d.py
[2.481s] -- Up-to-date: /home/ssfa/ros2_ws/install/yolov8_msgs/local/lib/python3.10/dist-packages/yolov8_msgs/msg/__init__.py
[2.482s] -- Up-to-date: /home/ssfa/ros2_ws/install/yolov8_msgs/local/lib/python3.10/dist-packages/yolov8_msgs/msg/_key_point2_d_array_s.c
[2.482s] -- Up-to-date: /home/ssfa/ros2_ws/install/yolov8_msgs/local/lib/python3.10/dist-packages/yolov8_msgs/msg/_key_point2_d.py
[2.482s] -- Up-to-date: /home/ssfa/ros2_ws/install/yolov8_msgs/local/lib/python3.10/dist-packages/yolov8_msgs/msg/_detection.py
[2.482s] -- Up-to-date: /home/ssfa/ros2_ws/install/yolov8_msgs/local/lib/python3.10/dist-packages/yolov8_msgs/msg/_detection_array.py
[2.482s] -- Up-to-date: /home/ssfa/ros2_ws/install/yolov8_msgs/local/lib/python3.10/dist-packages/yolov8_msgs/msg/_bounding_box2_d.py
[2.482s] -- Up-to-date: /home/ssfa/ros2_ws/install/yolov8_msgs/local/lib/python3.10/dist-packages/yolov8_msgs/msg/_vector2_s.c
[2.483s] -- Up-to-date: /home/ssfa/ros2_ws/install/yolov8_msgs/local/lib/python3.10/dist-packages/yolov8_msgs/msg/_pose2_d_s.c
[2.483s] -- Up-to-date: /home/ssfa/ros2_ws/install/yolov8_msgs/local/lib/python3.10/dist-packages/yolov8_msgs/msg/_bounding_box3_d.py
[2.483s] -- Up-to-date: /home/ssfa/ros2_ws/install/yolov8_msgs/local/lib/python3.10/dist-packages/yolov8_msgs/msg/_key_point3_d_array.py
[2.484s] -- Up-to-date: /home/ssfa/ros2_ws/install/yolov8_msgs/local/lib/python3.10/dist-packages/yolov8_msgs/msg/_pose2_d.py
[2.491s] -- Up-to-date: /home/ssfa/ros2_ws/install/yolov8_msgs/local/lib/python3.10/dist-packages/yolov8_msgs/msg/_mask.py
[2.491s] -- Up-to-date: /home/ssfa/ros2_ws/install/yolov8_msgs/local/lib/python3.10/dist-packages/yolov8_msgs/msg/_detection_s.c
[2.491s] -- Up-to-date: /home/ssfa/ros2_ws/install/yolov8_msgs/local/lib/python3.10/dist-packages/yolov8_msgs/yolov8_msgs_s__rosidl_typesupport_c.cpython-310-x86_64-linux-gnu.so
[2.491s] -- Up-to-date: /home/ssfa/ros2_ws/install/yolov8_msgs/local/lib/python3.10/dist-packages/yolov8_msgs/yolov8_msgs_s__rosidl_typesupport_fastrtps_c.cpython-310-x86_64-linux-gnu.so
[2.492s] -- Up-to-date: /home/ssfa/ros2_ws/install/yolov8_msgs/local/lib/python3.10/dist-packages/yolov8_msgs/yolov8_msgs_s__rosidl_typesupport_introspection_c.cpython-310-x86_64-linux-gnu.so
[2.492s] -- Up-to-date: /home/ssfa/ros2_ws/install/yolov8_msgs/local/lib/python3.10/dist-packages/yolov8_msgs/_yolov8_msgs_s.ep.rosidl_typesupport_introspection_c.c
[2.492s] -- Up-to-date: /home/ssfa/ros2_ws/install/yolov8_msgs/local/lib/python3.10/dist-packages/yolov8_msgs/__init__.py
[2.492s] -- Up-to-date: /home/ssfa/ros2_ws/install/yolov8_msgs/local/lib/python3.10/dist-packages/yolov8_msgs/_yolov8_msgs_s.ep.rosidl_typesupport_fastrtps_c.c
[2.492s] -- Up-to-date: /home/ssfa/ros2_ws/install/yolov8_msgs/local/lib/python3.10/dist-packages/yolov8_msgs/_yolov8_msgs_s.ep.rosidl_typesupport_c.c
[2.493s] -- Up-to-date: /home/ssfa/ros2_ws/install/yolov8_msgs/local/lib/python3.10/dist-packages/yolov8_msgs/libyolov8_msgs__rosidl_generator_py.so
[2.528s] Listing '/home/ssfa/ros2_ws/install/yolov8_msgs/local/lib/python3.10/dist-packages/yolov8_msgs'...
[2.528s] Listing '/home/ssfa/ros2_ws/install/yolov8_msgs/local/lib/python3.10/dist-packages/yolov8_msgs/msg'...
[2.536s] -- Up-to-date: /home/ssfa/ros2_ws/install/yolov8_msgs/local/lib/python3.10/dist-packages/yolov8_msgs/yolov8_msgs_s__rosidl_typesupport_fastrtps_c.cpython-310-x86_64-linux-gnu.so
[2.538s] -- Up-to-date: /home/ssfa/ros2_ws/install/yolov8_msgs/local/lib/python3.10/dist-packages/yolov8_msgs/yolov8_msgs_s__rosidl_typesupport_introspection_c.cpython-310-x86_64-linux-gnu.so
[2.538s] -- Up-to-date: /home/ssfa/ros2_ws/install/yolov8_msgs/local/lib/python3.10/dist-packages/yolov8_msgs/yolov8_msgs_s__rosidl_typesupport_c.cpython-310-x86_64-linux-gnu.so
[2.539s] -- Up-to-date: /home/ssfa/ros2_ws/install/yolov8_msgs/lib/libyolov8_msgs__rosidl_generator_py.so
[2.540s] -- Up-to-date: /home/ssfa/ros2_ws/install/yolov8_msgs/share/yolov8_msgs/msg/Point2D.idl
[2.540s] -- Up-to-date: /home/ssfa/ros2_ws/install/yolov8_msgs/share/yolov8_msgs/msg/Vector2.idl
[2.540s] -- Up-to-date: /home/ssfa/ros2_ws/install/yolov8_msgs/share/yolov8_msgs/msg/Pose2D.idl
[2.540s] -- Up-to-date: /home/ssfa/ros2_ws/install/yolov8_msgs/share/yolov8_msgs/msg/BoundingBox2D.idl
[2.540s] -- Up-to-date: /home/ssfa/ros2_ws/install/yolov8_msgs/share/yolov8_msgs/msg/BoundingBox3D.idl
[2.540s] -- Up-to-date: /home/ssfa/ros2_ws/install/yolov8_msgs/share/yolov8_msgs/msg/Mask.idl
[2.540s] -- Up-to-date: /home/ssfa/ros2_ws/install/yolov8_msgs/share/yolov8_msgs/msg/KeyPoint2D.idl
[2.540s] -- Up-to-date: /home/ssfa/ros2_ws/install/yolov8_msgs/share/yolov8_msgs/msg/KeyPoint2DArray.idl
[2.540s] -- Up-to-date: /home/ssfa/ros2_ws/install/yolov8_msgs/share/yolov8_msgs/msg/KeyPoint3D.idl
[2.540s] -- Up-to-date: /home/ssfa/ros2_ws/install/yolov8_msgs/share/yolov8_msgs/msg/KeyPoint3DArray.idl
[2.541s] -- Up-to-date: /home/ssfa/ros2_ws/install/yolov8_msgs/share/yolov8_msgs/msg/Detection.idl
[2.541s] -- Up-to-date: /home/ssfa/ros2_ws/install/yolov8_msgs/share/yolov8_msgs/msg/DetectionArray.idl
[2.541s] -- Up-to-date: /home/ssfa/ros2_ws/install/yolov8_msgs/share/yolov8_msgs/msg/Point2D.msg
[2.541s] -- Up-to-date: /home/ssfa/ros2_ws/install/yolov8_msgs/share/yolov8_msgs/msg/Vector2.msg
[2.541s] -- Up-to-date: /home/ssfa/ros2_ws/install/yolov8_msgs/share/yolov8_msgs/msg/Pose2D.msg
[2.541s] -- Up-to-date: /home/ssfa/ros2_ws/install/yolov8_msgs/share/yolov8_msgs/msg/BoundingBox2D.msg
[2.542s] -- Up-to-date: /home/ssfa/ros2_ws/install/yolov8_msgs/share/yolov8_msgs/msg/BoundingBox3D.msg
[2.542s] -- Up-to-date: /home/ssfa/ros2_ws/install/yolov8_msgs/share/yolov8_msgs/msg/Mask.msg
[2.542s] -- Up-to-date: /home/ssfa/ros2_ws/install/yolov8_msgs/share/yolov8_msgs/msg/KeyPoint2D.msg
[2.542s] -- Up-to-date: /home/ssfa/ros2_ws/install/yolov8_msgs/share/yolov8_msgs/msg/KeyPoint2DArray.msg
[2.542s] -- Up-to-date: /home/ssfa/ros2_ws/install/yolov8_msgs/share/yolov8_msgs/msg/KeyPoint3D.msg
[2.545s] -- Up-to-date: /home/ssfa/ros2_ws/install/yolov8_msgs/share/yolov8_msgs/msg/KeyPoint3DArray.msg
[2.550s] -- Up-to-date: /home/ssfa/ros2_ws/install/yolov8_msgs/share/yolov8_msgs/msg/Detection.msg
[2.551s] -- Up-to-date: /home/ssfa/ros2_ws/install/yolov8_msgs/share/yolov8_msgs/msg/DetectionArray.msg
[2.551s] -- Up-to-date: /home/ssfa/ros2_ws/install/yolov8_msgs/share/ament_index/resource_index/package_run_dependencies/yolov8_msgs
[2.551s] -- Up-to-date: /home/ssfa/ros2_ws/install/yolov8_msgs/share/ament_index/resource_index/parent_prefix_path/yolov8_msgs
[2.551s] -- Up-to-date: /home/ssfa/ros2_ws/install/yolov8_msgs/share/yolov8_msgs/environment/ament_prefix_path.sh
[2.551s] -- Up-to-date: /home/ssfa/ros2_ws/install/yolov8_msgs/share/yolov8_msgs/environment/ament_prefix_path.dsv
[2.552s] -- Up-to-date: /home/ssfa/ros2_ws/install/yolov8_msgs/share/yolov8_msgs/environment/path.sh
[2.553s] -- Up-to-date: /home/ssfa/ros2_ws/install/yolov8_msgs/share/yolov8_msgs/environment/path.dsv
[2.553s] -- Up-to-date: /home/ssfa/ros2_ws/install/yolov8_msgs/share/yolov8_msgs/local_setup.bash
[2.553s] -- Up-to-date: /home/ssfa/ros2_ws/install/yolov8_msgs/share/yolov8_msgs/local_setup.sh
[2.554s] -- Up-to-date: /home/ssfa/ros2_ws/install/yolov8_msgs/share/yolov8_msgs/local_setup.zsh
[2.554s] -- Up-to-date: /home/ssfa/ros2_ws/install/yolov8_msgs/share/yolov8_msgs/local_setup.dsv
[2.554s] -- Installing: /home/ssfa/ros2_ws/install/yolov8_msgs/share/yolov8_msgs/package.dsv
[2.555s] -- Up-to-date: /home/ssfa/ros2_ws/install/yolov8_msgs/share/ament_index/resource_index/packages/yolov8_msgs
[2.555s] -- Up-to-date: /home/ssfa/ros2_ws/install/yolov8_msgs/share/yolov8_msgs/cmake/export_yolov8_msgs__rosidl_generator_cExport.cmake
[2.555s] -- Up-to-date: /home/ssfa/ros2_ws/install/yolov8_msgs/share/yolov8_msgs/cmake/export_yolov8_msgs__rosidl_generator_cExport-noconfig.cmake
[2.555s] -- Up-to-date: /home/ssfa/ros2_ws/install/yolov8_msgs/share/yolov8_msgs/cmake/export_yolov8_msgs__rosidl_typesupport_fastrtps_cExport.cmake
[2.555s] -- Up-to-date: /home/ssfa/ros2_ws/install/yolov8_msgs/share/yolov8_msgs/cmake/export_yolov8_msgs__rosidl_typesupport_fastrtps_cExport-noconfig.cmake
[2.555s] -- Up-to-date: /home/ssfa/ros2_ws/install/yolov8_msgs/share/yolov8_msgs/cmake/yolov8_msgs__rosidl_typesupport_introspection_cExport.cmake
[2.555s] -- Up-to-date: /home/ssfa/ros2_ws/install/yolov8_msgs/share/yolov8_msgs/cmake/yolov8_msgs__rosidl_typesupport_introspection_cExport-noconfig.cmake
[2.555s] -- Up-to-date: /home/ssfa/ros2_ws/install/yolov8_msgs/share/yolov8_msgs/cmake/yolov8_msgs__rosidl_typesupport_cExport.cmake
[2.555s] -- Up-to-date: /home/ssfa/ros2_ws/install/yolov8_msgs/share/yolov8_msgs/cmake/yolov8_msgs__rosidl_typesupport_cExport-noconfig.cmake
[2.556s] -- Up-to-date: /home/ssfa/ros2_ws/install/yolov8_msgs/share/yolov8_msgs/cmake/export_yolov8_msgs__rosidl_generator_cppExport.cmake
[2.556s] -- Up-to-date: /home/ssfa/ros2_ws/install/yolov8_msgs/share/yolov8_msgs/cmake/export_yolov8_msgs__rosidl_typesupport_fastrtps_cppExport.cmake
[2.556s] -- Up-to-date: /home/ssfa/ros2_ws/install/yolov8_msgs/share/yolov8_msgs/cmake/export_yolov8_msgs__rosidl_typesupport_fastrtps_cppExport-noconfig.cmake
[2.556s] -- Up-to-date: /home/ssfa/ros2_ws/install/yolov8_msgs/share/yolov8_msgs/cmake/yolov8_msgs__rosidl_typesupport_introspection_cppExport.cmake
[2.556s] -- Up-to-date: /home/ssfa/ros2_ws/install/yolov8_msgs/share/yolov8_msgs/cmake/yolov8_msgs__rosidl_typesupport_introspection_cppExport-noconfig.cmake
[2.556s] -- Up-to-date: /home/ssfa/ros2_ws/install/yolov8_msgs/share/yolov8_msgs/cmake/yolov8_msgs__rosidl_typesupport_cppExport.cmake
[2.556s] -- Up-to-date: /home/ssfa/ros2_ws/install/yolov8_msgs/share/yolov8_msgs/cmake/yolov8_msgs__rosidl_typesupport_cppExport-noconfig.cmake
[2.556s] -- Up-to-date: /home/ssfa/ros2_ws/install/yolov8_msgs/share/yolov8_msgs/cmake/export_yolov8_msgs__rosidl_generator_pyExport.cmake
[2.556s] -- Up-to-date: /home/ssfa/ros2_ws/install/yolov8_msgs/share/yolov8_msgs/cmake/export_yolov8_msgs__rosidl_generator_pyExport-noconfig.cmake
[2.557s] -- Up-to-date: /home/ssfa/ros2_ws/install/yolov8_msgs/share/yolov8_msgs/cmake/rosidl_cmake-extras.cmake
[2.557s] -- Up-to-date: /home/ssfa/ros2_ws/install/yolov8_msgs/share/yolov8_msgs/cmake/ament_cmake_export_dependencies-extras.cmake
[2.557s] -- Up-to-date: /home/ssfa/ros2_ws/install/yolov8_msgs/share/yolov8_msgs/cmake/ament_cmake_export_include_directories-extras.cmake
[2.557s] -- Up-to-date: /home/ssfa/ros2_ws/install/yolov8_msgs/share/yolov8_msgs/cmake/ament_cmake_export_libraries-extras.cmake
[2.557s] -- Up-to-date: /home/ssfa/ros2_ws/install/yolov8_msgs/share/yolov8_msgs/cmake/ament_cmake_export_targets-extras.cmake
[2.557s] -- Up-to-date: /home/ssfa/ros2_ws/install/yolov8_msgs/share/yolov8_msgs/cmake/rosidl_cmake_export_typesupport_targets-extras.cmake
[2.557s] -- Up-to-date: /home/ssfa/ros2_ws/install/yolov8_msgs/share/yolov8_msgs/cmake/rosidl_cmake_export_typesupport_libraries-extras.cmake
[2.558s] -- Up-to-date: /home/ssfa/ros2_ws/install/yolov8_msgs/share/yolov8_msgs/cmake/yolov8_msgsConfig.cmake
[2.558s] -- Up-to-date: /home/ssfa/ros2_ws/install/yolov8_msgs/share/yolov8_msgs/cmake/yolov8_msgsConfig-version.cmake
[2.558s] -- Up-to-date: /home/ssfa/ros2_ws/install/yolov8_msgs/share/yolov8_msgs/package.xml
[2.578s] Invoked command in '/home/ssfa/ros2_ws/build/yolov8_msgs' returned '0': CMAKE_PREFIX_PATH=${CMAKE_PREFIX_PATH}:/home/ssfa/ros2_ws/install/yolov8_ros:/home/ssfa/ros2_ws/install/turtlebot3_teleop:/home/ssfa/ros2_ws/install/turtlebot3_example:/home/ssfa/ros2_ws/install/shape_detector:/home/ssfa/ros2_ws/install/services_pkg:/home/ssfa/ros2_ws/install/cv_basics:/home/ssfa/ros2_ws/install/color_shape_detector:/opt/ros/humble /usr/bin/cmake --install /home/ssfa/ros2_ws/build/yolov8_msgs
