[3.221s] Invoking command in '/home/ssfa/ros2_ws/build/turtlebot3_teleop': PYTHONPATH=/home/ssfa/ros2_ws/build/turtlebot3_teleop/prefix_override:/usr/lib/python3/dist-packages/colcon_core/task/python/colcon_distutils_commands:/home/ssfa/ros2_ws/install/turtlebot3_teleop/lib/python3.10/site-packages:${PYTHONPATH} /usr/bin/python3 -W ignore:setup.py install is deprecated setup.py develop --editable --build-directory /home/ssfa/ros2_ws/build/turtlebot3_teleop/build --no-deps symlink_data
[3.597s] /usr/lib/python3/dist-packages/setuptools/dist.py:723: UserWarning: Usage of dash-separated 'script-dir' will not be supported in future versions. Please use the underscore name 'script_dir' instead
[3.598s]   warnings.warn(
[3.642s] running develop
[3.642s] /usr/lib/python3/dist-packages/setuptools/command/easy_install.py:158: EasyInstallDeprecationWarning: easy_install command is deprecated. Use build and pip and other standards-based tools.
[3.642s]   warnings.warn(
[3.978s] running egg_info
[3.978s] writing turtlebot3_teleop.egg-info/PKG-INFO
[3.978s] writing dependency_links to turtlebot3_teleop.egg-info/dependency_links.txt
[3.979s] writing entry points to turtlebot3_teleop.egg-info/entry_points.txt
[3.982s] writing requirements to turtlebot3_teleop.egg-info/requires.txt
[3.983s] writing top-level names to turtlebot3_teleop.egg-info/top_level.txt
[3.983s] reading manifest file 'turtlebot3_teleop.egg-info/SOURCES.txt'
[3.983s] writing manifest file 'turtlebot3_teleop.egg-info/SOURCES.txt'
[3.983s] running build_ext
[3.983s] Creating /home/ssfa/ros2_ws/install/turtlebot3_teleop/lib/python3.10/site-packages/turtlebot3-teleop.egg-link (link to .)
[3.983s] Installing teleop_keyboard script to /home/ssfa/ros2_ws/install/turtlebot3_teleop/lib/turtlebot3_teleop
[3.984s] 
[3.984s] Installed /home/ssfa/ros2_ws/build/turtlebot3_teleop
[3.984s] running symlink_data
[4.927s] Invoked command in '/home/ssfa/ros2_ws/build/turtlebot3_teleop' returned '0': PYTHONPATH=/home/ssfa/ros2_ws/build/turtlebot3_teleop/prefix_override:/usr/lib/python3/dist-packages/colcon_core/task/python/colcon_distutils_commands:/home/ssfa/ros2_ws/install/turtlebot3_teleop/lib/python3.10/site-packages:${PYTHONPATH} /usr/bin/python3 -W ignore:setup.py install is deprecated setup.py develop --editable --build-directory /home/ssfa/ros2_ws/build/turtlebot3_teleop/build --no-deps symlink_data
