[0.674s] Invoking command in '/home/ssfa/ros2_ws/build/my_package': PYTHONPATH=/home/ssfa/ros2_ws/build/my_package/prefix_override:/usr/lib/python3/dist-packages/colcon_core/task/python/colcon_distutils_commands:/home/ssfa/ros2_ws/install/my_package/lib/python3.10/site-packages:${PYTHONPATH} /usr/bin/python3 -W ignore:setup.py install is deprecated setup.py develop --editable --build-directory /home/ssfa/ros2_ws/build/my_package/build --no-deps symlink_data
[0.968s] running develop
[0.968s] /usr/lib/python3/dist-packages/setuptools/command/easy_install.py:158: EasyInstallDeprecationWarning: easy_install command is deprecated. Use build and pip and other standards-based tools.
[0.969s]   warnings.warn(
[1.132s] running egg_info
[1.132s] creating my_package.egg-info
[1.132s] writing my_package.egg-info/PKG-INFO
[1.132s] writing dependency_links to my_package.egg-info/dependency_links.txt
[1.133s] writing entry points to my_package.egg-info/entry_points.txt
[1.133s] writing requirements to my_package.egg-info/requires.txt
[1.133s] writing top-level names to my_package.egg-info/top_level.txt
[1.133s] writing manifest file 'my_package.egg-info/SOURCES.txt'
[1.135s] reading manifest file 'my_package.egg-info/SOURCES.txt'
[1.135s] writing manifest file 'my_package.egg-info/SOURCES.txt'
[1.137s] running build_ext
[1.137s] Creating /home/ssfa/ros2_ws/install/my_package/lib/python3.10/site-packages/my-package.egg-link (link to .)
[1.138s] 
[1.138s] Installed /home/ssfa/ros2_ws/build/my_package
[1.138s] running symlink_data
[1.138s] creating /home/ssfa/ros2_ws/install/my_package/share/ament_index
[1.138s] creating /home/ssfa/ros2_ws/install/my_package/share/ament_index/resource_index
[1.138s] creating /home/ssfa/ros2_ws/install/my_package/share/ament_index/resource_index/packages
[1.138s] symbolically linking /home/ssfa/ros2_ws/build/my_package/resource/my_package -> /home/ssfa/ros2_ws/install/my_package/share/ament_index/resource_index/packages
[1.138s] symbolically linking /home/ssfa/ros2_ws/build/my_package/package.xml -> /home/ssfa/ros2_ws/install/my_package/share/my_package
[1.168s] Invoked command in '/home/ssfa/ros2_ws/build/my_package' returned '0': PYTHONPATH=/home/ssfa/ros2_ws/build/my_package/prefix_override:/usr/lib/python3/dist-packages/colcon_core/task/python/colcon_distutils_commands:/home/ssfa/ros2_ws/install/my_package/lib/python3.10/site-packages:${PYTHONPATH} /usr/bin/python3 -W ignore:setup.py install is deprecated setup.py develop --editable --build-directory /home/ssfa/ros2_ws/build/my_package/build --no-deps symlink_data
