[0.491s] Invoking command in '/home/ssfa/ros2_ws/build/dynamixel_sdk': CMAKE_PREFIX_PATH=/opt/ros/humble /usr/bin/cmake --build /home/ssfa/ros2_ws/build/dynamixel_sdk -- -j12 -l12
[1.842s] [35m[1mConsolidate compiler generated dependencies of target dynamixel_sdk[0m
[1.842s] [100%] Built target dynamixel_sdk
[1.844s] Invoked command in '/home/ssfa/ros2_ws/build/dynamixel_sdk' returned '0': CMAKE_PREFIX_PATH=/opt/ros/humble /usr/bin/cmake --build /home/ssfa/ros2_ws/build/dynamixel_sdk -- -j12 -l12
[1.894s] Invoking command in '/home/ssfa/ros2_ws/build/dynamixel_sdk': CMAKE_PREFIX_PATH=/opt/ros/humble /usr/bin/cmake --install /home/ssfa/ros2_ws/build/dynamixel_sdk
[1.916s] -- Install configuration: ""
[1.916s] -- Execute custom install script
[1.916s] -- Up-to-date symlink: /home/ssfa/ros2_ws/install/dynamixel_sdk/include//dynamixel_sdk/dynamixel_sdk.h
[1.916s] -- Up-to-date symlink: /home/ssfa/ros2_ws/install/dynamixel_sdk/include//dynamixel_sdk/group_bulk_read.h
[1.916s] -- Up-to-date symlink: /home/ssfa/ros2_ws/install/dynamixel_sdk/include//dynamixel_sdk/group_bulk_write.h
[1.916s] -- Up-to-date symlink: /home/ssfa/ros2_ws/install/dynamixel_sdk/include//dynamixel_sdk/group_sync_read.h
[1.917s] -- Up-to-date symlink: /home/ssfa/ros2_ws/install/dynamixel_sdk/include//dynamixel_sdk/group_sync_write.h
[1.917s] -- Up-to-date symlink: /home/ssfa/ros2_ws/install/dynamixel_sdk/include//dynamixel_sdk/packet_handler.h
[1.917s] -- Up-to-date symlink: /home/ssfa/ros2_ws/install/dynamixel_sdk/include//dynamixel_sdk/port_handler.h
[1.917s] -- Up-to-date symlink: /home/ssfa/ros2_ws/install/dynamixel_sdk/include//dynamixel_sdk/port_handler_arduino.h
[1.917s] -- Up-to-date symlink: /home/ssfa/ros2_ws/install/dynamixel_sdk/include//dynamixel_sdk/port_handler_linux.h
[1.919s] -- Up-to-date symlink: /home/ssfa/ros2_ws/install/dynamixel_sdk/include//dynamixel_sdk/port_handler_mac.h
[1.920s] -- Up-to-date symlink: /home/ssfa/ros2_ws/install/dynamixel_sdk/include//dynamixel_sdk/port_handler_windows.h
[1.920s] -- Up-to-date symlink: /home/ssfa/ros2_ws/install/dynamixel_sdk/include//dynamixel_sdk/protocol1_packet_handler.h
[1.920s] -- Up-to-date symlink: /home/ssfa/ros2_ws/install/dynamixel_sdk/include//dynamixel_sdk/protocol2_packet_handler.h
[1.920s] -- Up-to-date symlink: /home/ssfa/ros2_ws/install/dynamixel_sdk/lib/libdynamixel_sdk.so
[1.920s] -- Up-to-date symlink: /home/ssfa/ros2_ws/install/dynamixel_sdk/share/dynamixel_sdk/environment/library_path.sh
[1.920s] -- Up-to-date symlink: /home/ssfa/ros2_ws/install/dynamixel_sdk/share/dynamixel_sdk/environment/library_path.dsv
[1.920s] -- Up-to-date symlink: /home/ssfa/ros2_ws/install/dynamixel_sdk/share/ament_index/resource_index/package_run_dependencies/dynamixel_sdk
[1.920s] -- Up-to-date symlink: /home/ssfa/ros2_ws/install/dynamixel_sdk/share/ament_index/resource_index/parent_prefix_path/dynamixel_sdk
[1.920s] -- Up-to-date symlink: /home/ssfa/ros2_ws/install/dynamixel_sdk/share/dynamixel_sdk/environment/ament_prefix_path.sh
[1.920s] -- Up-to-date symlink: /home/ssfa/ros2_ws/install/dynamixel_sdk/share/dynamixel_sdk/environment/ament_prefix_path.dsv
[1.922s] -- Up-to-date symlink: /home/ssfa/ros2_ws/install/dynamixel_sdk/share/dynamixel_sdk/environment/path.sh
[1.924s] -- Up-to-date symlink: /home/ssfa/ros2_ws/install/dynamixel_sdk/share/dynamixel_sdk/environment/path.dsv
[1.924s] -- Up-to-date symlink: /home/ssfa/ros2_ws/install/dynamixel_sdk/share/dynamixel_sdk/local_setup.bash
[1.924s] -- Up-to-date symlink: /home/ssfa/ros2_ws/install/dynamixel_sdk/share/dynamixel_sdk/local_setup.sh
[1.924s] -- Up-to-date symlink: /home/ssfa/ros2_ws/install/dynamixel_sdk/share/dynamixel_sdk/local_setup.zsh
[1.924s] -- Up-to-date symlink: /home/ssfa/ros2_ws/install/dynamixel_sdk/share/dynamixel_sdk/local_setup.dsv
[1.924s] -- Symlinking: /home/ssfa/ros2_ws/install/dynamixel_sdk/share/dynamixel_sdk/package.dsv
[1.933s] -- Up-to-date symlink: /home/ssfa/ros2_ws/install/dynamixel_sdk/share/ament_index/resource_index/packages/dynamixel_sdk
[1.933s] -- Up-to-date symlink: /home/ssfa/ros2_ws/install/dynamixel_sdk/share/dynamixel_sdk/cmake/ament_cmake_export_include_directories-extras.cmake
[1.934s] -- Up-to-date symlink: /home/ssfa/ros2_ws/install/dynamixel_sdk/share/dynamixel_sdk/cmake/ament_cmake_export_libraries-extras.cmake
[1.934s] -- Up-to-date symlink: /home/ssfa/ros2_ws/install/dynamixel_sdk/share/dynamixel_sdk/cmake/dynamixel_sdkConfig.cmake
[1.934s] -- Up-to-date symlink: /home/ssfa/ros2_ws/install/dynamixel_sdk/share/dynamixel_sdk/cmake/dynamixel_sdkConfig-version.cmake
[1.934s] -- Up-to-date symlink: /home/ssfa/ros2_ws/install/dynamixel_sdk/share/dynamixel_sdk/package.xml
[1.989s] Invoked command in '/home/ssfa/ros2_ws/build/dynamixel_sdk' returned '0': CMAKE_PREFIX_PATH=/opt/ros/humble /usr/bin/cmake --install /home/ssfa/ros2_ws/build/dynamixel_sdk
