running develop
/usr/lib/python3/dist-packages/setuptools/command/easy_install.py:158: EasyInstallDeprecationWarning: easy_install command is deprecated. Use build and pip and other standards-based tools.
  warnings.warn(
Removing /home/ssfa/ros2_ws/install/custom_interface_example/lib/python3.10/site-packages/custom-interface-example.egg-link (link to .)
running egg_info
writing ../../build/custom_interface_example/custom_interface_example.egg-info/PKG-INFO
writing dependency_links to ../../build/custom_interface_example/custom_interface_example.egg-info/dependency_links.txt
writing entry points to ../../build/custom_interface_example/custom_interface_example.egg-info/entry_points.txt
writing requirements to ../../build/custom_interface_example/custom_interface_example.egg-info/requires.txt
writing top-level names to ../../build/custom_interface_example/custom_interface_example.egg-info/top_level.txt
reading manifest file '../../build/custom_interface_example/custom_interface_example.egg-info/SOURCES.txt'
writing manifest file '../../build/custom_interface_example/custom_interface_example.egg-info/SOURCES.txt'
running build
running build_py
running install
running install_lib
creating /home/ssfa/ros2_ws/install/custom_interface_example/lib/python3.10/site-packages/custom_interface_example
copying /home/ssfa/ros2_ws/build/custom_interface_example/build/lib/custom_interface_example/__init__.py -> /home/ssfa/ros2_ws/install/custom_interface_example/lib/python3.10/site-packages/custom_interface_example
copying /home/ssfa/ros2_ws/build/custom_interface_example/build/lib/custom_interface_example/example.py -> /home/ssfa/ros2_ws/install/custom_interface_example/lib/python3.10/site-packages/custom_interface_example
byte-compiling /home/ssfa/ros2_ws/install/custom_interface_example/lib/python3.10/site-packages/custom_interface_example/__init__.py to __init__.cpython-310.pyc
byte-compiling /home/ssfa/ros2_ws/install/custom_interface_example/lib/python3.10/site-packages/custom_interface_example/example.py to example.cpython-310.pyc
running install_data
copying resource/custom_interface_example -> /home/ssfa/ros2_ws/install/custom_interface_example/share/ament_index/resource_index/packages
copying package.xml -> /home/ssfa/ros2_ws/install/custom_interface_example/share/custom_interface_example
copying launch/example.launch.py -> /home/ssfa/ros2_ws/install/custom_interface_example/share/custom_interface_example
running install_egg_info
Copying ../../build/custom_interface_example/custom_interface_example.egg-info to /home/ssfa/ros2_ws/install/custom_interface_example/lib/python3.10/site-packages/custom_interface_example-0.0.0-py3.10.egg-info
running install_scripts
Installing example script to /home/ssfa/ros2_ws/install/custom_interface_example/lib/custom_interface_example
writing list of installed files to '/home/ssfa/ros2_ws/build/custom_interface_example/install.log'
