[1.276s] Invoking command in '/home/ssfa/ros2_ws/build/custom_interface_example': CMAKE_PREFIX_PATH=/home/ssfa/ros2_ws/install/custom_interfaces:/home/ssfa/ros2_ws/install/yolov8_bringup:/home/ssfa/ros2_ws/install/yolov8_msgs:/home/ssfa/ros2_ws/install/two_wheeled_robot:/home/ssfa/ros2_ws/install/turtlebot3:/home/ssfa/ros2_ws/install/turtlebot3_simulations:/home/ssfa/ros2_ws/install/turtlebot3_navigation2:/home/ssfa/ros2_ws/install/turtlebot3_msgs:/home/ssfa/ros2_ws/install/turtlebot3_gazebo:/home/ssfa/ros2_ws/install/turtlebot3_bringup:/home/ssfa/ros2_ws/install/turtlebot3_description:/home/ssfa/ros2_ws/install/turtlebot3_cartographer:/home/ssfa/ros2_ws/install/turtlebot3_as:/home/ssfa/ros2_ws/install/tiago_demo:/home/ssfa/ros2_ws/install/t3_action_msg:/home/ssfa/ros2_ws/install/dynamixel_sdk LD_LIBRARY_PATH=/home/ssfa/ros2_ws/install/custom_interfaces/lib:/home/ssfa/ros2_ws/install/yolov8_msgs/lib:/home/ssfa/ros2_ws/install/turtlebot3_msgs/lib:/home/ssfa/ros2_ws/install/t3_action_msg/lib:/home/ssfa/ros2_ws/install/dynamixel_sdk/lib:/usr/lib/x86_64-linux-gnu/gazebo-11/plugins:/opt/ros/humble/opt/rviz_ogre_vendor/lib:/opt/ros/humble/lib/x86_64-linux-gnu:/opt/ros/humble/lib PYTHONPATH=/home/ssfa/ros2_ws/build/custom_interface_example/prefix_override:/usr/lib/python3/dist-packages/colcon_core/task/python/colcon_distutils_commands:/home/ssfa/ros2_ws/install/custom_interface_example/lib/python3.10/site-packages:${PYTHONPATH} /usr/bin/python3 -W ignore:setup.py install is deprecated setup.py develop --uninstall --editable --build-directory /home/ssfa/ros2_ws/build/custom_interface_example/build
[2.119s] running develop
[2.119s] /usr/lib/python3/dist-packages/setuptools/command/easy_install.py:158: EasyInstallDeprecationWarning: easy_install command is deprecated. Use build and pip and other standards-based tools.
[2.119s]   warnings.warn(
[2.725s] Removing /home/ssfa/ros2_ws/install/custom_interface_example/lib/python3.10/site-packages/custom-interface-example.egg-link (link to .)
[2.871s] Invoked command in '/home/ssfa/ros2_ws/build/custom_interface_example' returned '0': CMAKE_PREFIX_PATH=/home/ssfa/ros2_ws/install/custom_interfaces:/home/ssfa/ros2_ws/install/yolov8_bringup:/home/ssfa/ros2_ws/install/yolov8_msgs:/home/ssfa/ros2_ws/install/two_wheeled_robot:/home/ssfa/ros2_ws/install/turtlebot3:/home/ssfa/ros2_ws/install/turtlebot3_simulations:/home/ssfa/ros2_ws/install/turtlebot3_navigation2:/home/ssfa/ros2_ws/install/turtlebot3_msgs:/home/ssfa/ros2_ws/install/turtlebot3_gazebo:/home/ssfa/ros2_ws/install/turtlebot3_bringup:/home/ssfa/ros2_ws/install/turtlebot3_description:/home/ssfa/ros2_ws/install/turtlebot3_cartographer:/home/ssfa/ros2_ws/install/turtlebot3_as:/home/ssfa/ros2_ws/install/tiago_demo:/home/ssfa/ros2_ws/install/t3_action_msg:/home/ssfa/ros2_ws/install/dynamixel_sdk LD_LIBRARY_PATH=/home/ssfa/ros2_ws/install/custom_interfaces/lib:/home/ssfa/ros2_ws/install/yolov8_msgs/lib:/home/ssfa/ros2_ws/install/turtlebot3_msgs/lib:/home/ssfa/ros2_ws/install/t3_action_msg/lib:/home/ssfa/ros2_ws/install/dynamixel_sdk/lib:/usr/lib/x86_64-linux-gnu/gazebo-11/plugins:/opt/ros/humble/opt/rviz_ogre_vendor/lib:/opt/ros/humble/lib/x86_64-linux-gnu:/opt/ros/humble/lib PYTHONPATH=/home/ssfa/ros2_ws/build/custom_interface_example/prefix_override:/usr/lib/python3/dist-packages/colcon_core/task/python/colcon_distutils_commands:/home/ssfa/ros2_ws/install/custom_interface_example/lib/python3.10/site-packages:${PYTHONPATH} /usr/bin/python3 -W ignore:setup.py install is deprecated setup.py develop --uninstall --editable --build-directory /home/ssfa/ros2_ws/build/custom_interface_example/build
[2.872s] Invoking command in '/home/ssfa/ros2_ws/src/custom_interface_example': CMAKE_PREFIX_PATH=/home/ssfa/ros2_ws/install/custom_interfaces:/home/ssfa/ros2_ws/install/yolov8_bringup:/home/ssfa/ros2_ws/install/yolov8_msgs:/home/ssfa/ros2_ws/install/two_wheeled_robot:/home/ssfa/ros2_ws/install/turtlebot3:/home/ssfa/ros2_ws/install/turtlebot3_simulations:/home/ssfa/ros2_ws/install/turtlebot3_navigation2:/home/ssfa/ros2_ws/install/turtlebot3_msgs:/home/ssfa/ros2_ws/install/turtlebot3_gazebo:/home/ssfa/ros2_ws/install/turtlebot3_bringup:/home/ssfa/ros2_ws/install/turtlebot3_description:/home/ssfa/ros2_ws/install/turtlebot3_cartographer:/home/ssfa/ros2_ws/install/turtlebot3_as:/home/ssfa/ros2_ws/install/tiago_demo:/home/ssfa/ros2_ws/install/t3_action_msg:/home/ssfa/ros2_ws/install/dynamixel_sdk LD_LIBRARY_PATH=/home/ssfa/ros2_ws/install/custom_interfaces/lib:/home/ssfa/ros2_ws/install/yolov8_msgs/lib:/home/ssfa/ros2_ws/install/turtlebot3_msgs/lib:/home/ssfa/ros2_ws/install/t3_action_msg/lib:/home/ssfa/ros2_ws/install/dynamixel_sdk/lib:/usr/lib/x86_64-linux-gnu/gazebo-11/plugins:/opt/ros/humble/opt/rviz_ogre_vendor/lib:/opt/ros/humble/lib/x86_64-linux-gnu:/opt/ros/humble/lib PYTHONPATH=/home/ssfa/ros2_ws/build/custom_interface_example/prefix_override:/usr/lib/python3/dist-packages/colcon_core/task/python/colcon_distutils_commands:/home/ssfa/ros2_ws/install/custom_interface_example/lib/python3.10/site-packages:${PYTHONPATH} /usr/bin/python3 -W ignore:setup.py install is deprecated setup.py egg_info --egg-base ../../build/custom_interface_example build --build-base /home/ssfa/ros2_ws/build/custom_interface_example/build install --record /home/ssfa/ros2_ws/build/custom_interface_example/install.log --single-version-externally-managed install_data --force
[3.345s] running egg_info
[3.360s] writing ../../build/custom_interface_example/custom_interface_example.egg-info/PKG-INFO
[3.361s] writing dependency_links to ../../build/custom_interface_example/custom_interface_example.egg-info/dependency_links.txt
[3.361s] writing entry points to ../../build/custom_interface_example/custom_interface_example.egg-info/entry_points.txt
[3.361s] writing requirements to ../../build/custom_interface_example/custom_interface_example.egg-info/requires.txt
[3.361s] writing top-level names to ../../build/custom_interface_example/custom_interface_example.egg-info/top_level.txt
[3.365s] reading manifest file '../../build/custom_interface_example/custom_interface_example.egg-info/SOURCES.txt'
[3.366s] writing manifest file '../../build/custom_interface_example/custom_interface_example.egg-info/SOURCES.txt'
[3.366s] running build
[3.366s] running build_py
[3.367s] running install
[3.367s] running install_lib
[3.368s] creating /home/ssfa/ros2_ws/install/custom_interface_example/lib/python3.10/site-packages/custom_interface_example
[3.368s] copying /home/ssfa/ros2_ws/build/custom_interface_example/build/lib/custom_interface_example/__init__.py -> /home/ssfa/ros2_ws/install/custom_interface_example/lib/python3.10/site-packages/custom_interface_example
[3.372s] copying /home/ssfa/ros2_ws/build/custom_interface_example/build/lib/custom_interface_example/example.py -> /home/ssfa/ros2_ws/install/custom_interface_example/lib/python3.10/site-packages/custom_interface_example
[3.372s] byte-compiling /home/ssfa/ros2_ws/install/custom_interface_example/lib/python3.10/site-packages/custom_interface_example/__init__.py to __init__.cpython-310.pyc
[3.373s] byte-compiling /home/ssfa/ros2_ws/install/custom_interface_example/lib/python3.10/site-packages/custom_interface_example/example.py to example.cpython-310.pyc
[3.377s] running install_data
[3.377s] copying resource/custom_interface_example -> /home/ssfa/ros2_ws/install/custom_interface_example/share/ament_index/resource_index/packages
[3.378s] copying package.xml -> /home/ssfa/ros2_ws/install/custom_interface_example/share/custom_interface_example
[3.378s] copying launch/example.launch.py -> /home/ssfa/ros2_ws/install/custom_interface_example/share/custom_interface_example
[3.378s] running install_egg_info
[3.380s] Copying ../../build/custom_interface_example/custom_interface_example.egg-info to /home/ssfa/ros2_ws/install/custom_interface_example/lib/python3.10/site-packages/custom_interface_example-0.0.0-py3.10.egg-info
[3.384s] running install_scripts
[3.413s] Installing example script to /home/ssfa/ros2_ws/install/custom_interface_example/lib/custom_interface_example
[3.413s] writing list of installed files to '/home/ssfa/ros2_ws/build/custom_interface_example/install.log'
[3.509s] Invoked command in '/home/ssfa/ros2_ws/src/custom_interface_example' returned '0': CMAKE_PREFIX_PATH=/home/ssfa/ros2_ws/install/custom_interfaces:/home/ssfa/ros2_ws/install/yolov8_bringup:/home/ssfa/ros2_ws/install/yolov8_msgs:/home/ssfa/ros2_ws/install/two_wheeled_robot:/home/ssfa/ros2_ws/install/turtlebot3:/home/ssfa/ros2_ws/install/turtlebot3_simulations:/home/ssfa/ros2_ws/install/turtlebot3_navigation2:/home/ssfa/ros2_ws/install/turtlebot3_msgs:/home/ssfa/ros2_ws/install/turtlebot3_gazebo:/home/ssfa/ros2_ws/install/turtlebot3_bringup:/home/ssfa/ros2_ws/install/turtlebot3_description:/home/ssfa/ros2_ws/install/turtlebot3_cartographer:/home/ssfa/ros2_ws/install/turtlebot3_as:/home/ssfa/ros2_ws/install/tiago_demo:/home/ssfa/ros2_ws/install/t3_action_msg:/home/ssfa/ros2_ws/install/dynamixel_sdk LD_LIBRARY_PATH=/home/ssfa/ros2_ws/install/custom_interfaces/lib:/home/ssfa/ros2_ws/install/yolov8_msgs/lib:/home/ssfa/ros2_ws/install/turtlebot3_msgs/lib:/home/ssfa/ros2_ws/install/t3_action_msg/lib:/home/ssfa/ros2_ws/install/dynamixel_sdk/lib:/usr/lib/x86_64-linux-gnu/gazebo-11/plugins:/opt/ros/humble/opt/rviz_ogre_vendor/lib:/opt/ros/humble/lib/x86_64-linux-gnu:/opt/ros/humble/lib PYTHONPATH=/home/ssfa/ros2_ws/build/custom_interface_example/prefix_override:/usr/lib/python3/dist-packages/colcon_core/task/python/colcon_distutils_commands:/home/ssfa/ros2_ws/install/custom_interface_example/lib/python3.10/site-packages:${PYTHONPATH} /usr/bin/python3 -W ignore:setup.py install is deprecated setup.py egg_info --egg-base ../../build/custom_interface_example build --build-base /home/ssfa/ros2_ws/build/custom_interface_example/build install --record /home/ssfa/ros2_ws/build/custom_interface_example/install.log --single-version-externally-managed install_data --force
