[0.817s] Invoking command in '/home/ssfa/ros2_ws/build/turtlebot3_example': CMAKE_PREFIX_PATH=/home/ssfa/ros2_ws/install/turtlebot3_msgs:/home/ssfa/ros2_ws/install/turtlebot3:/home/ssfa/ros2_ws/install/turtlebot3_simulations:/home/ssfa/ros2_ws/install/turtlebot3_navigation2:/home/ssfa/ros2_ws/install/turtlebot3_gazebo:/home/ssfa/ros2_ws/install/turtlebot3_bringup:/home/ssfa/ros2_ws/install/turtlebot3_description:/home/ssfa/ros2_ws/install/turtlebot3_cartographer:/home/ssfa/ros2_ws/install/turtlebot3_as:/home/ssfa/ros2_ws/install/t3_action_msg:/home/ssfa/ros2_ws/install/dynamixel_sdk:/home/ssfa/ros2_ws/install/custom_interfaces PYTHONPATH=/home/ssfa/ros2_ws/build/turtlebot3_example/prefix_override:/usr/lib/python3/dist-packages/colcon_core/task/python/colcon_distutils_commands:/home/ssfa/ros2_ws/install/turtlebot3_example/lib/python3.10/site-packages:${PYTHONPATH} /usr/bin/python3 -W ignore:setup.py install is deprecated setup.py develop --editable --build-directory /home/ssfa/ros2_ws/build/turtlebot3_example/build --no-deps symlink_data
[1.089s] /usr/lib/python3/dist-packages/setuptools/dist.py:723: UserWarning: Usage of dash-separated 'script-dir' will not be supported in future versions. Please use the underscore name 'script_dir' instead
[1.089s]   warnings.warn(
[1.127s] running develop
[1.127s] /usr/lib/python3/dist-packages/setuptools/command/easy_install.py:158: EasyInstallDeprecationWarning: easy_install command is deprecated. Use build and pip and other standards-based tools.
[1.127s]   warnings.warn(
[1.303s] running egg_info
[1.303s] writing turtlebot3_example.egg-info/PKG-INFO
[1.304s] writing dependency_links to turtlebot3_example.egg-info/dependency_links.txt
[1.304s] writing entry points to turtlebot3_example.egg-info/entry_points.txt
[1.304s] writing requirements to turtlebot3_example.egg-info/requires.txt
[1.304s] writing top-level names to turtlebot3_example.egg-info/top_level.txt
[1.306s] reading manifest file 'turtlebot3_example.egg-info/SOURCES.txt'
[1.307s] writing manifest file 'turtlebot3_example.egg-info/SOURCES.txt'
[1.309s] running build_ext
[1.309s] Creating /home/ssfa/ros2_ws/install/turtlebot3_example/lib/python3.10/site-packages/turtlebot3-example.egg-link (link to .)
[1.311s] Installing turtlebot3_obstacle_detection script to /home/ssfa/ros2_ws/install/turtlebot3_example/lib/turtlebot3_example
[1.311s] Installing turtlebot3_patrol_client script to /home/ssfa/ros2_ws/install/turtlebot3_example/lib/turtlebot3_example
[1.311s] Installing turtlebot3_patrol_server script to /home/ssfa/ros2_ws/install/turtlebot3_example/lib/turtlebot3_example
[1.311s] Installing turtlebot3_position_control script to /home/ssfa/ros2_ws/install/turtlebot3_example/lib/turtlebot3_example
[1.311s] 
[1.311s] Installed /home/ssfa/ros2_ws/build/turtlebot3_example
[1.311s] running symlink_data
[1.343s] Invoked command in '/home/ssfa/ros2_ws/build/turtlebot3_example' returned '0': CMAKE_PREFIX_PATH=/home/ssfa/ros2_ws/install/turtlebot3_msgs:/home/ssfa/ros2_ws/install/turtlebot3:/home/ssfa/ros2_ws/install/turtlebot3_simulations:/home/ssfa/ros2_ws/install/turtlebot3_navigation2:/home/ssfa/ros2_ws/install/turtlebot3_gazebo:/home/ssfa/ros2_ws/install/turtlebot3_bringup:/home/ssfa/ros2_ws/install/turtlebot3_description:/home/ssfa/ros2_ws/install/turtlebot3_cartographer:/home/ssfa/ros2_ws/install/turtlebot3_as:/home/ssfa/ros2_ws/install/t3_action_msg:/home/ssfa/ros2_ws/install/dynamixel_sdk:/home/ssfa/ros2_ws/install/custom_interfaces PYTHONPATH=/home/ssfa/ros2_ws/build/turtlebot3_example/prefix_override:/usr/lib/python3/dist-packages/colcon_core/task/python/colcon_distutils_commands:/home/ssfa/ros2_ws/install/turtlebot3_example/lib/python3.10/site-packages:${PYTHONPATH} /usr/bin/python3 -W ignore:setup.py install is deprecated setup.py develop --editable --build-directory /home/ssfa/ros2_ws/build/turtlebot3_example/build --no-deps symlink_data
