[0.054s] Invoking command in '/home/ssfa/ros2_ws/build/turtlebot3_navigation2': CMAKE_PREFIX_PATH=/opt/ros/humble /usr/bin/cmake /home/ssfa/ros2_ws/src/t3/turtlebot3/turtlebot3/turtlebot3_navigation2 -DAMENT_CMAKE_SYMLINK_INSTALL=1 -DCMAKE_INSTALL_PREFIX=/home/ssfa/ros2_ws/install/turtlebot3_navigation2
[1.918s] -- The C compiler identification is GNU 11.4.0
[1.918s] -- The CXX compiler identification is GNU 11.4.0
[1.918s] -- Detecting C compiler ABI info
[1.918s] -- Detecting C compiler ABI info - done
[1.918s] -- Check for working C compiler: /usr/bin/cc - skipped
[1.918s] -- Detecting C compile features
[1.918s] -- Detecting C compile features - done
[1.918s] -- Detecting CXX compiler ABI info
[1.918s] -- Detecting CXX compiler ABI info - done
[1.918s] -- Check for working CXX compiler: /usr/bin/c++ - skipped
[1.918s] -- Detecting CXX compile features
[1.919s] -- Detecting CXX compile features - done
[1.919s] -- Found ament_cmake: 1.3.9 (/opt/ros/humble/share/ament_cmake/cmake)
[1.919s] -- Found Python3: /usr/bin/python3 (found version "3.10.12") found components: Interpreter 
[1.919s] -- Override CMake install command with custom implementation using symlinks instead of copying resources
[1.919s] -- Configuring done
[1.919s] -- Generating done
[1.919s] -- Build files have been written to: /home/ssfa/ros2_ws/build/turtlebot3_navigation2
[1.920s] Invoked command in '/home/ssfa/ros2_ws/build/turtlebot3_navigation2' returned '0': CMAKE_PREFIX_PATH=/opt/ros/humble /usr/bin/cmake /home/ssfa/ros2_ws/src/t3/turtlebot3/turtlebot3/turtlebot3_navigation2 -DAMENT_CMAKE_SYMLINK_INSTALL=1 -DCMAKE_INSTALL_PREFIX=/home/ssfa/ros2_ws/install/turtlebot3_navigation2
[1.922s] Invoking command in '/home/ssfa/ros2_ws/build/turtlebot3_navigation2': CMAKE_PREFIX_PATH=/opt/ros/humble /usr/bin/cmake --build /home/ssfa/ros2_ws/build/turtlebot3_navigation2 -- -j12 -l12
[1.983s] Invoked command in '/home/ssfa/ros2_ws/build/turtlebot3_navigation2' returned '0': CMAKE_PREFIX_PATH=/opt/ros/humble /usr/bin/cmake --build /home/ssfa/ros2_ws/build/turtlebot3_navigation2 -- -j12 -l12
[2.045s] Invoking command in '/home/ssfa/ros2_ws/build/turtlebot3_navigation2': CMAKE_PREFIX_PATH=/opt/ros/humble /usr/bin/cmake --install /home/ssfa/ros2_ws/build/turtlebot3_navigation2
[2.060s] -- Install configuration: ""
[2.061s] -- Execute custom install script
[2.063s] -- Symlinking: /home/ssfa/ros2_ws/install/turtlebot3_navigation2/share/turtlebot3_navigation2/launch/navigation2.launch.py
[2.101s] -- Symlinking: /home/ssfa/ros2_ws/install/turtlebot3_navigation2/share/turtlebot3_navigation2/map/map.pgm
[2.144s] -- Symlinking: /home/ssfa/ros2_ws/install/turtlebot3_navigation2/share/turtlebot3_navigation2/map/map.yaml
[2.184s] -- Symlinking: /home/ssfa/ros2_ws/install/turtlebot3_navigation2/share/turtlebot3_navigation2/param/burger.yaml
[2.224s] -- Symlinking: /home/ssfa/ros2_ws/install/turtlebot3_navigation2/share/turtlebot3_navigation2/param/waffle.yaml
[2.268s] -- Symlinking: /home/ssfa/ros2_ws/install/turtlebot3_navigation2/share/turtlebot3_navigation2/param/waffle_pi.yaml
[2.317s] -- Symlinking: /home/ssfa/ros2_ws/install/turtlebot3_navigation2/share/turtlebot3_navigation2/rviz/tb3_navigation2.rviz
[2.351s] -- Symlinking: /home/ssfa/ros2_ws/install/turtlebot3_navigation2/share/ament_index/resource_index/package_run_dependencies/turtlebot3_navigation2
[2.391s] -- Symlinking: /home/ssfa/ros2_ws/install/turtlebot3_navigation2/share/ament_index/resource_index/parent_prefix_path/turtlebot3_navigation2
[2.418s] -- Symlinking: /home/ssfa/ros2_ws/install/turtlebot3_navigation2/share/turtlebot3_navigation2/environment/ament_prefix_path.sh
[2.441s] -- Symlinking: /home/ssfa/ros2_ws/install/turtlebot3_navigation2/share/turtlebot3_navigation2/environment/ament_prefix_path.dsv
[2.471s] -- Symlinking: /home/ssfa/ros2_ws/install/turtlebot3_navigation2/share/turtlebot3_navigation2/environment/path.sh
[2.512s] -- Symlinking: /home/ssfa/ros2_ws/install/turtlebot3_navigation2/share/turtlebot3_navigation2/environment/path.dsv
[2.557s] -- Symlinking: /home/ssfa/ros2_ws/install/turtlebot3_navigation2/share/turtlebot3_navigation2/local_setup.bash
[2.593s] -- Symlinking: /home/ssfa/ros2_ws/install/turtlebot3_navigation2/share/turtlebot3_navigation2/local_setup.sh
[2.629s] -- Symlinking: /home/ssfa/ros2_ws/install/turtlebot3_navigation2/share/turtlebot3_navigation2/local_setup.zsh
[2.645s] -- Symlinking: /home/ssfa/ros2_ws/install/turtlebot3_navigation2/share/turtlebot3_navigation2/local_setup.dsv
[2.673s] -- Symlinking: /home/ssfa/ros2_ws/install/turtlebot3_navigation2/share/turtlebot3_navigation2/package.dsv
[2.692s] -- Symlinking: /home/ssfa/ros2_ws/install/turtlebot3_navigation2/share/ament_index/resource_index/packages/turtlebot3_navigation2
[2.714s] -- Symlinking: /home/ssfa/ros2_ws/install/turtlebot3_navigation2/share/turtlebot3_navigation2/cmake/turtlebot3_navigation2Config.cmake
[2.730s] -- Symlinking: /home/ssfa/ros2_ws/install/turtlebot3_navigation2/share/turtlebot3_navigation2/cmake/turtlebot3_navigation2Config-version.cmake
[2.745s] -- Symlinking: /home/ssfa/ros2_ws/install/turtlebot3_navigation2/share/turtlebot3_navigation2/package.xml
[3.023s] Invoked command in '/home/ssfa/ros2_ws/build/turtlebot3_navigation2' returned '0': CMAKE_PREFIX_PATH=/opt/ros/humble /usr/bin/cmake --install /home/ssfa/ros2_ws/build/turtlebot3_navigation2
