[0.104s] DEBUG:colcon:Command line arguments: ['/usr/bin/colcon', 'list', '-p', '--base-paths', '/home/ssfa/ros2_ws']
[0.104s] DEBUG:colcon:Parsed command line arguments: Namespace(log_base=None, log_level=None, verb_name='list', build_base='build', ignore_user_meta=False, metas=['./colcon.meta'], base_paths=['/home/ssfa/ros2_ws'], packages_ignore=None, packages_ignore_regex=None, paths=None, packages_up_to=None, packages_up_to_regex=None, packages_above=None, packages_above_and_dependencies=None, packages_above_depth=None, packages_select_by_dep=None, packages_skip_by_dep=None, packages_skip_up_to=None, packages_select_build_failed=False, packages_skip_build_finished=False, packages_select_test_failures=False, packages_skip_test_passed=False, packages_select=None, packages_skip=None, packages_select_regex=None, packages_skip_regex=None, packages_start=None, packages_end=None, allow_overriding=[], topological_order=False, names_only=False, paths_only=True, topological_graph=False, topological_graph_dot=False, topological_graph_density=False, topological_graph_legend=False, topological_graph_dot_cluster=False, topological_graph_dot_include_skipped=False, mixin_files=None, mixin=None, verb_parser=<colcon_mixin.mixin.mixin_argument.MixinArgumentDecorator object at 0x756bcbc4a170>, verb_extension=<colcon_package_information.verb.list.ListVerb object at 0x756bcbdc2c50>, main=<bound method ListVerb.main of <colcon_package_information.verb.list.ListVerb object at 0x756bcbdc2c50>>, mixin_verb=('list',))
[0.238s] Level 1:colcon.colcon_core.package_discovery:discover_packages(colcon_meta) check parameters
[0.238s] Level 1:colcon.colcon_core.package_discovery:discover_packages(recursive) check parameters
[0.238s] Level 1:colcon.colcon_core.package_discovery:discover_packages(ignore) check parameters
[0.238s] Level 1:colcon.colcon_core.package_discovery:discover_packages(path) check parameters
[0.238s] Level 1:colcon.colcon_core.package_discovery:discover_packages(recursive) discover
[0.238s] INFO:colcon.colcon_core.package_discovery:Crawling recursively for packages in '/home/ssfa/ros2_ws'
[0.239s] Level 1:colcon.colcon_core.package_identification:_identify(/home/ssfa/ros2_ws) by extensions ['ignore', 'ignore_ament_install']
[0.239s] Level 1:colcon.colcon_core.package_identification:_identify(/home/ssfa/ros2_ws) by extension 'ignore'
[0.239s] Level 1:colcon.colcon_core.package_identification:_identify(/home/ssfa/ros2_ws) by extension 'ignore_ament_install'
[0.239s] Level 1:colcon.colcon_core.package_identification:_identify(/home/ssfa/ros2_ws) by extensions ['colcon_pkg']
[0.239s] Level 1:colcon.colcon_core.package_identification:_identify(/home/ssfa/ros2_ws) by extension 'colcon_pkg'
[0.239s] Level 1:colcon.colcon_core.package_identification:_identify(/home/ssfa/ros2_ws) by extensions ['colcon_meta']
[0.239s] Level 1:colcon.colcon_core.package_identification:_identify(/home/ssfa/ros2_ws) by extension 'colcon_meta'
[0.239s] Level 1:colcon.colcon_core.package_identification:_identify(/home/ssfa/ros2_ws) by extensions ['ros']
[0.239s] Level 1:colcon.colcon_core.package_identification:_identify(/home/ssfa/ros2_ws) by extension 'ros'
[0.247s] Level 1:colcon.colcon_core.package_identification:_identify(/home/ssfa/ros2_ws) by extensions ['cmake', 'python']
[0.247s] Level 1:colcon.colcon_core.package_identification:_identify(/home/ssfa/ros2_ws) by extension 'cmake'
[0.247s] Level 1:colcon.colcon_core.package_identification:_identify(/home/ssfa/ros2_ws) by extension 'python'
[0.247s] Level 1:colcon.colcon_core.package_identification:_identify(/home/ssfa/ros2_ws) by extensions ['python_setup_py']
[0.247s] Level 1:colcon.colcon_core.package_identification:_identify(/home/ssfa/ros2_ws) by extension 'python_setup_py'
[0.247s] Level 1:colcon.colcon_core.package_identification:_identify(/home/ssfa/ros2_ws/build) by extensions ['ignore', 'ignore_ament_install']
[0.247s] Level 1:colcon.colcon_core.package_identification:_identify(/home/ssfa/ros2_ws/build) by extension 'ignore'
[0.247s] Level 1:colcon.colcon_core.package_identification:_identify(/home/ssfa/ros2_ws/build) ignored
[0.247s] Level 1:colcon.colcon_core.package_identification:_identify(/home/ssfa/ros2_ws/install) by extensions ['ignore', 'ignore_ament_install']
[0.247s] Level 1:colcon.colcon_core.package_identification:_identify(/home/ssfa/ros2_ws/install) by extension 'ignore'
[0.247s] Level 1:colcon.colcon_core.package_identification:_identify(/home/ssfa/ros2_ws/install) ignored
[0.248s] Level 1:colcon.colcon_core.package_identification:_identify(/home/ssfa/ros2_ws/log) by extensions ['ignore', 'ignore_ament_install']
[0.248s] Level 1:colcon.colcon_core.package_identification:_identify(/home/ssfa/ros2_ws/log) by extension 'ignore'
[0.248s] Level 1:colcon.colcon_core.package_identification:_identify(/home/ssfa/ros2_ws/log) ignored
[0.248s] Level 1:colcon.colcon_core.package_identification:_identify(/home/ssfa/ros2_ws/src) by extensions ['ignore', 'ignore_ament_install']
[0.248s] Level 1:colcon.colcon_core.package_identification:_identify(/home/ssfa/ros2_ws/src) by extension 'ignore'
[0.248s] Level 1:colcon.colcon_core.package_identification:_identify(/home/ssfa/ros2_ws/src) by extension 'ignore_ament_install'
[0.248s] Level 1:colcon.colcon_core.package_identification:_identify(/home/ssfa/ros2_ws/src) by extensions ['colcon_pkg']
[0.248s] Level 1:colcon.colcon_core.package_identification:_identify(/home/ssfa/ros2_ws/src) by extension 'colcon_pkg'
[0.248s] Level 1:colcon.colcon_core.package_identification:_identify(/home/ssfa/ros2_ws/src) by extensions ['colcon_meta']
[0.248s] Level 1:colcon.colcon_core.package_identification:_identify(/home/ssfa/ros2_ws/src) by extension 'colcon_meta'
[0.248s] Level 1:colcon.colcon_core.package_identification:_identify(/home/ssfa/ros2_ws/src) by extensions ['ros']
[0.248s] Level 1:colcon.colcon_core.package_identification:_identify(/home/ssfa/ros2_ws/src) by extension 'ros'
[0.248s] Level 1:colcon.colcon_core.package_identification:_identify(/home/ssfa/ros2_ws/src) by extensions ['cmake', 'python']
[0.248s] Level 1:colcon.colcon_core.package_identification:_identify(/home/ssfa/ros2_ws/src) by extension 'cmake'
[0.248s] Level 1:colcon.colcon_core.package_identification:_identify(/home/ssfa/ros2_ws/src) by extension 'python'
[0.248s] Level 1:colcon.colcon_core.package_identification:_identify(/home/ssfa/ros2_ws/src) by extensions ['python_setup_py']
[0.248s] Level 1:colcon.colcon_core.package_identification:_identify(/home/ssfa/ros2_ws/src) by extension 'python_setup_py'
[0.248s] Level 1:colcon.colcon_core.package_identification:_identify(/home/ssfa/ros2_ws/src/build) by extensions ['ignore', 'ignore_ament_install']
[0.248s] Level 1:colcon.colcon_core.package_identification:_identify(/home/ssfa/ros2_ws/src/build) by extension 'ignore'
[0.248s] Level 1:colcon.colcon_core.package_identification:_identify(/home/ssfa/ros2_ws/src/build) ignored
[0.248s] Level 1:colcon.colcon_core.package_identification:_identify(/home/ssfa/ros2_ws/src/client_pkg) by extensions ['ignore', 'ignore_ament_install']
[0.248s] Level 1:colcon.colcon_core.package_identification:_identify(/home/ssfa/ros2_ws/src/client_pkg) by extension 'ignore'
[0.248s] Level 1:colcon.colcon_core.package_identification:_identify(/home/ssfa/ros2_ws/src/client_pkg) by extension 'ignore_ament_install'
[0.248s] Level 1:colcon.colcon_core.package_identification:_identify(/home/ssfa/ros2_ws/src/client_pkg) by extensions ['colcon_pkg']
[0.248s] Level 1:colcon.colcon_core.package_identification:_identify(/home/ssfa/ros2_ws/src/client_pkg) by extension 'colcon_pkg'
[0.248s] Level 1:colcon.colcon_core.package_identification:_identify(/home/ssfa/ros2_ws/src/client_pkg) by extensions ['colcon_meta']
[0.248s] Level 1:colcon.colcon_core.package_identification:_identify(/home/ssfa/ros2_ws/src/client_pkg) by extension 'colcon_meta'
[0.248s] Level 1:colcon.colcon_core.package_identification:_identify(/home/ssfa/ros2_ws/src/client_pkg) by extensions ['ros']
[0.248s] Level 1:colcon.colcon_core.package_identification:_identify(/home/ssfa/ros2_ws/src/client_pkg) by extension 'ros'
[0.250s] DEBUG:colcon.colcon_core.package_identification:Package '/home/ssfa/ros2_ws/src/client_pkg' with type 'ros.ament_python' and name 'client_pkg'
[0.250s] Level 1:colcon.colcon_core.package_identification:_identify(/home/ssfa/ros2_ws/src/custom_interface_example) by extensions ['ignore', 'ignore_ament_install']
[0.250s] Level 1:colcon.colcon_core.package_identification:_identify(/home/ssfa/ros2_ws/src/custom_interface_example) by extension 'ignore'
[0.250s] Level 1:colcon.colcon_core.package_identification:_identify(/home/ssfa/ros2_ws/src/custom_interface_example) by extension 'ignore_ament_install'
[0.251s] Level 1:colcon.colcon_core.package_identification:_identify(/home/ssfa/ros2_ws/src/custom_interface_example) by extensions ['colcon_pkg']
[0.251s] Level 1:colcon.colcon_core.package_identification:_identify(/home/ssfa/ros2_ws/src/custom_interface_example) by extension 'colcon_pkg'
[0.251s] Level 1:colcon.colcon_core.package_identification:_identify(/home/ssfa/ros2_ws/src/custom_interface_example) by extensions ['colcon_meta']
[0.251s] Level 1:colcon.colcon_core.package_identification:_identify(/home/ssfa/ros2_ws/src/custom_interface_example) by extension 'colcon_meta'
[0.251s] Level 1:colcon.colcon_core.package_identification:_identify(/home/ssfa/ros2_ws/src/custom_interface_example) by extensions ['ros']
[0.251s] Level 1:colcon.colcon_core.package_identification:_identify(/home/ssfa/ros2_ws/src/custom_interface_example) by extension 'ros'
[0.251s] DEBUG:colcon.colcon_core.package_identification:Package '/home/ssfa/ros2_ws/src/custom_interface_example' with type 'ros.ament_python' and name 'custom_interface_example'
[0.251s] Level 1:colcon.colcon_core.package_identification:_identify(/home/ssfa/ros2_ws/src/custom_interfaces) by extensions ['ignore', 'ignore_ament_install']
[0.251s] Level 1:colcon.colcon_core.package_identification:_identify(/home/ssfa/ros2_ws/src/custom_interfaces) by extension 'ignore'
[0.251s] Level 1:colcon.colcon_core.package_identification:_identify(/home/ssfa/ros2_ws/src/custom_interfaces) by extension 'ignore_ament_install'
[0.251s] Level 1:colcon.colcon_core.package_identification:_identify(/home/ssfa/ros2_ws/src/custom_interfaces) by extensions ['colcon_pkg']
[0.251s] Level 1:colcon.colcon_core.package_identification:_identify(/home/ssfa/ros2_ws/src/custom_interfaces) by extension 'colcon_pkg'
[0.251s] Level 1:colcon.colcon_core.package_identification:_identify(/home/ssfa/ros2_ws/src/custom_interfaces) by extensions ['colcon_meta']
[0.251s] Level 1:colcon.colcon_core.package_identification:_identify(/home/ssfa/ros2_ws/src/custom_interfaces) by extension 'colcon_meta'
[0.251s] Level 1:colcon.colcon_core.package_identification:_identify(/home/ssfa/ros2_ws/src/custom_interfaces) by extensions ['ros']
[0.251s] Level 1:colcon.colcon_core.package_identification:_identify(/home/ssfa/ros2_ws/src/custom_interfaces) by extension 'ros'
[0.252s] DEBUG:colcon.colcon_core.package_identification:Package '/home/ssfa/ros2_ws/src/custom_interfaces' with type 'ros.ament_cmake' and name 'custom_interfaces'
[0.252s] Level 1:colcon.colcon_core.package_identification:_identify(/home/ssfa/ros2_ws/src/cv_basics) by extensions ['ignore', 'ignore_ament_install']
[0.252s] Level 1:colcon.colcon_core.package_identification:_identify(/home/ssfa/ros2_ws/src/cv_basics) by extension 'ignore'
[0.252s] Level 1:colcon.colcon_core.package_identification:_identify(/home/ssfa/ros2_ws/src/cv_basics) by extension 'ignore_ament_install'
[0.252s] Level 1:colcon.colcon_core.package_identification:_identify(/home/ssfa/ros2_ws/src/cv_basics) by extensions ['colcon_pkg']
[0.252s] Level 1:colcon.colcon_core.package_identification:_identify(/home/ssfa/ros2_ws/src/cv_basics) by extension 'colcon_pkg'
[0.252s] Level 1:colcon.colcon_core.package_identification:_identify(/home/ssfa/ros2_ws/src/cv_basics) by extensions ['colcon_meta']
[0.252s] Level 1:colcon.colcon_core.package_identification:_identify(/home/ssfa/ros2_ws/src/cv_basics) by extension 'colcon_meta'
[0.252s] Level 1:colcon.colcon_core.package_identification:_identify(/home/ssfa/ros2_ws/src/cv_basics) by extensions ['ros']
[0.252s] Level 1:colcon.colcon_core.package_identification:_identify(/home/ssfa/ros2_ws/src/cv_basics) by extension 'ros'
[0.253s] DEBUG:colcon.colcon_core.package_identification:Package '/home/ssfa/ros2_ws/src/cv_basics' with type 'ros.ament_python' and name 'cv_basics'
[0.253s] Level 1:colcon.colcon_core.package_identification:_identify(/home/ssfa/ros2_ws/src/exercise_pkg) by extensions ['ignore', 'ignore_ament_install']
[0.253s] Level 1:colcon.colcon_core.package_identification:_identify(/home/ssfa/ros2_ws/src/exercise_pkg) by extension 'ignore'
[0.253s] Level 1:colcon.colcon_core.package_identification:_identify(/home/ssfa/ros2_ws/src/exercise_pkg) by extension 'ignore_ament_install'
[0.253s] Level 1:colcon.colcon_core.package_identification:_identify(/home/ssfa/ros2_ws/src/exercise_pkg) by extensions ['colcon_pkg']
[0.253s] Level 1:colcon.colcon_core.package_identification:_identify(/home/ssfa/ros2_ws/src/exercise_pkg) by extension 'colcon_pkg'
[0.253s] Level 1:colcon.colcon_core.package_identification:_identify(/home/ssfa/ros2_ws/src/exercise_pkg) by extensions ['colcon_meta']
[0.253s] Level 1:colcon.colcon_core.package_identification:_identify(/home/ssfa/ros2_ws/src/exercise_pkg) by extension 'colcon_meta'
[0.253s] Level 1:colcon.colcon_core.package_identification:_identify(/home/ssfa/ros2_ws/src/exercise_pkg) by extensions ['ros']
[0.253s] Level 1:colcon.colcon_core.package_identification:_identify(/home/ssfa/ros2_ws/src/exercise_pkg) by extension 'ros'
[0.253s] DEBUG:colcon.colcon_core.package_identification:Package '/home/ssfa/ros2_ws/src/exercise_pkg' with type 'ros.ament_python' and name 'exercise_pkg'
[0.254s] Level 1:colcon.colcon_core.package_identification:_identify(/home/ssfa/ros2_ws/src/install) by extensions ['ignore', 'ignore_ament_install']
[0.254s] Level 1:colcon.colcon_core.package_identification:_identify(/home/ssfa/ros2_ws/src/install) by extension 'ignore'
[0.254s] Level 1:colcon.colcon_core.package_identification:_identify(/home/ssfa/ros2_ws/src/install) ignored
[0.254s] Level 1:colcon.colcon_core.package_identification:_identify(/home/ssfa/ros2_ws/src/log) by extensions ['ignore', 'ignore_ament_install']
[0.254s] Level 1:colcon.colcon_core.package_identification:_identify(/home/ssfa/ros2_ws/src/log) by extension 'ignore'
[0.254s] Level 1:colcon.colcon_core.package_identification:_identify(/home/ssfa/ros2_ws/src/log) ignored
[0.254s] Level 1:colcon.colcon_core.package_identification:_identify(/home/ssfa/ros2_ws/src/movement_pkg) by extensions ['ignore', 'ignore_ament_install']
[0.254s] Level 1:colcon.colcon_core.package_identification:_identify(/home/ssfa/ros2_ws/src/movement_pkg) by extension 'ignore'
[0.254s] Level 1:colcon.colcon_core.package_identification:_identify(/home/ssfa/ros2_ws/src/movement_pkg) by extension 'ignore_ament_install'
[0.254s] Level 1:colcon.colcon_core.package_identification:_identify(/home/ssfa/ros2_ws/src/movement_pkg) by extensions ['colcon_pkg']
[0.254s] Level 1:colcon.colcon_core.package_identification:_identify(/home/ssfa/ros2_ws/src/movement_pkg) by extension 'colcon_pkg'
[0.254s] Level 1:colcon.colcon_core.package_identification:_identify(/home/ssfa/ros2_ws/src/movement_pkg) by extensions ['colcon_meta']
[0.254s] Level 1:colcon.colcon_core.package_identification:_identify(/home/ssfa/ros2_ws/src/movement_pkg) by extension 'colcon_meta'
[0.254s] Level 1:colcon.colcon_core.package_identification:_identify(/home/ssfa/ros2_ws/src/movement_pkg) by extensions ['ros']
[0.254s] Level 1:colcon.colcon_core.package_identification:_identify(/home/ssfa/ros2_ws/src/movement_pkg) by extension 'ros'
[0.255s] DEBUG:colcon.colcon_core.package_identification:Package '/home/ssfa/ros2_ws/src/movement_pkg' with type 'ros.ament_python' and name 'movement_pkg'
[0.255s] Level 1:colcon.colcon_core.package_identification:_identify(/home/ssfa/ros2_ws/src/my_package) by extensions ['ignore', 'ignore_ament_install']
[0.255s] Level 1:colcon.colcon_core.package_identification:_identify(/home/ssfa/ros2_ws/src/my_package) by extension 'ignore'
[0.255s] Level 1:colcon.colcon_core.package_identification:_identify(/home/ssfa/ros2_ws/src/my_package) by extension 'ignore_ament_install'
[0.255s] Level 1:colcon.colcon_core.package_identification:_identify(/home/ssfa/ros2_ws/src/my_package) by extensions ['colcon_pkg']
[0.255s] Level 1:colcon.colcon_core.package_identification:_identify(/home/ssfa/ros2_ws/src/my_package) by extension 'colcon_pkg'
[0.255s] Level 1:colcon.colcon_core.package_identification:_identify(/home/ssfa/ros2_ws/src/my_package) by extensions ['colcon_meta']
[0.255s] Level 1:colcon.colcon_core.package_identification:_identify(/home/ssfa/ros2_ws/src/my_package) by extension 'colcon_meta'
[0.255s] Level 1:colcon.colcon_core.package_identification:_identify(/home/ssfa/ros2_ws/src/my_package) by extensions ['ros']
[0.255s] Level 1:colcon.colcon_core.package_identification:_identify(/home/ssfa/ros2_ws/src/my_package) by extension 'ros'
[0.255s] DEBUG:colcon.colcon_core.package_identification:Package '/home/ssfa/ros2_ws/src/my_package' with type 'ros.ament_python' and name 'my_package'
[0.255s] Level 1:colcon.colcon_core.package_identification:_identify(/home/ssfa/ros2_ws/src/opencv_cam) by extensions ['ignore', 'ignore_ament_install']
[0.255s] Level 1:colcon.colcon_core.package_identification:_identify(/home/ssfa/ros2_ws/src/opencv_cam) by extension 'ignore'
[0.255s] Level 1:colcon.colcon_core.package_identification:_identify(/home/ssfa/ros2_ws/src/opencv_cam) by extension 'ignore_ament_install'
[0.255s] Level 1:colcon.colcon_core.package_identification:_identify(/home/ssfa/ros2_ws/src/opencv_cam) by extensions ['colcon_pkg']
[0.255s] Level 1:colcon.colcon_core.package_identification:_identify(/home/ssfa/ros2_ws/src/opencv_cam) by extension 'colcon_pkg'
[0.255s] Level 1:colcon.colcon_core.package_identification:_identify(/home/ssfa/ros2_ws/src/opencv_cam) by extensions ['colcon_meta']
[0.255s] Level 1:colcon.colcon_core.package_identification:_identify(/home/ssfa/ros2_ws/src/opencv_cam) by extension 'colcon_meta'
[0.255s] Level 1:colcon.colcon_core.package_identification:_identify(/home/ssfa/ros2_ws/src/opencv_cam) by extensions ['ros']
[0.255s] Level 1:colcon.colcon_core.package_identification:_identify(/home/ssfa/ros2_ws/src/opencv_cam) by extension 'ros'
[0.255s] Level 1:colcon.colcon_core.package_identification:_identify(/home/ssfa/ros2_ws/src/opencv_cam) by extensions ['cmake', 'python']
[0.255s] Level 1:colcon.colcon_core.package_identification:_identify(/home/ssfa/ros2_ws/src/opencv_cam) by extension 'cmake'
[0.255s] Level 1:colcon.colcon_core.package_identification:_identify(/home/ssfa/ros2_ws/src/opencv_cam) by extension 'python'
[0.256s] Level 1:colcon.colcon_core.package_identification:_identify(/home/ssfa/ros2_ws/src/opencv_cam) by extensions ['python_setup_py']
[0.256s] Level 1:colcon.colcon_core.package_identification:_identify(/home/ssfa/ros2_ws/src/opencv_cam) by extension 'python_setup_py'
[0.256s] Level 1:colcon.colcon_core.package_identification:_identify(/home/ssfa/ros2_ws/src/publisher_pkg) by extensions ['ignore', 'ignore_ament_install']
[0.256s] Level 1:colcon.colcon_core.package_identification:_identify(/home/ssfa/ros2_ws/src/publisher_pkg) by extension 'ignore'
[0.256s] Level 1:colcon.colcon_core.package_identification:_identify(/home/ssfa/ros2_ws/src/publisher_pkg) by extension 'ignore_ament_install'
[0.256s] Level 1:colcon.colcon_core.package_identification:_identify(/home/ssfa/ros2_ws/src/publisher_pkg) by extensions ['colcon_pkg']
[0.256s] Level 1:colcon.colcon_core.package_identification:_identify(/home/ssfa/ros2_ws/src/publisher_pkg) by extension 'colcon_pkg'
[0.256s] Level 1:colcon.colcon_core.package_identification:_identify(/home/ssfa/ros2_ws/src/publisher_pkg) by extensions ['colcon_meta']
[0.256s] Level 1:colcon.colcon_core.package_identification:_identify(/home/ssfa/ros2_ws/src/publisher_pkg) by extension 'colcon_meta'
[0.256s] Level 1:colcon.colcon_core.package_identification:_identify(/home/ssfa/ros2_ws/src/publisher_pkg) by extensions ['ros']
[0.256s] Level 1:colcon.colcon_core.package_identification:_identify(/home/ssfa/ros2_ws/src/publisher_pkg) by extension 'ros'
[0.256s] DEBUG:colcon.colcon_core.package_identification:Package '/home/ssfa/ros2_ws/src/publisher_pkg' with type 'ros.ament_python' and name 'publisher_pkg'
[0.256s] Level 1:colcon.colcon_core.package_identification:_identify(/home/ssfa/ros2_ws/src/shape_detector) by extensions ['ignore', 'ignore_ament_install']
[0.256s] Level 1:colcon.colcon_core.package_identification:_identify(/home/ssfa/ros2_ws/src/shape_detector) by extension 'ignore'
[0.256s] Level 1:colcon.colcon_core.package_identification:_identify(/home/ssfa/ros2_ws/src/shape_detector) by extension 'ignore_ament_install'
[0.256s] Level 1:colcon.colcon_core.package_identification:_identify(/home/ssfa/ros2_ws/src/shape_detector) by extensions ['colcon_pkg']
[0.256s] Level 1:colcon.colcon_core.package_identification:_identify(/home/ssfa/ros2_ws/src/shape_detector) by extension 'colcon_pkg'
[0.256s] Level 1:colcon.colcon_core.package_identification:_identify(/home/ssfa/ros2_ws/src/shape_detector) by extensions ['colcon_meta']
[0.256s] Level 1:colcon.colcon_core.package_identification:_identify(/home/ssfa/ros2_ws/src/shape_detector) by extension 'colcon_meta'
[0.256s] Level 1:colcon.colcon_core.package_identification:_identify(/home/ssfa/ros2_ws/src/shape_detector) by extensions ['ros']
[0.256s] Level 1:colcon.colcon_core.package_identification:_identify(/home/ssfa/ros2_ws/src/shape_detector) by extension 'ros'
[0.257s] DEBUG:colcon.colcon_core.package_identification:Package '/home/ssfa/ros2_ws/src/shape_detector' with type 'ros.ament_python' and name 'shape_detector'
[0.257s] Level 1:colcon.colcon_core.package_identification:_identify(/home/ssfa/ros2_ws/src/subscriber_pkg) by extensions ['ignore', 'ignore_ament_install']
[0.257s] Level 1:colcon.colcon_core.package_identification:_identify(/home/ssfa/ros2_ws/src/subscriber_pkg) by extension 'ignore'
[0.257s] Level 1:colcon.colcon_core.package_identification:_identify(/home/ssfa/ros2_ws/src/subscriber_pkg) by extension 'ignore_ament_install'
[0.257s] Level 1:colcon.colcon_core.package_identification:_identify(/home/ssfa/ros2_ws/src/subscriber_pkg) by extensions ['colcon_pkg']
[0.257s] Level 1:colcon.colcon_core.package_identification:_identify(/home/ssfa/ros2_ws/src/subscriber_pkg) by extension 'colcon_pkg'
[0.257s] Level 1:colcon.colcon_core.package_identification:_identify(/home/ssfa/ros2_ws/src/subscriber_pkg) by extensions ['colcon_meta']
[0.257s] Level 1:colcon.colcon_core.package_identification:_identify(/home/ssfa/ros2_ws/src/subscriber_pkg) by extension 'colcon_meta'
[0.257s] Level 1:colcon.colcon_core.package_identification:_identify(/home/ssfa/ros2_ws/src/subscriber_pkg) by extensions ['ros']
[0.257s] Level 1:colcon.colcon_core.package_identification:_identify(/home/ssfa/ros2_ws/src/subscriber_pkg) by extension 'ros'
[0.258s] DEBUG:colcon.colcon_core.package_identification:Package '/home/ssfa/ros2_ws/src/subscriber_pkg' with type 'ros.ament_python' and name 'subscriber_pkg'
[0.258s] Level 1:colcon.colcon_core.package_identification:_identify(/home/ssfa/ros2_ws/src/t3) by extensions ['ignore', 'ignore_ament_install']
[0.258s] Level 1:colcon.colcon_core.package_identification:_identify(/home/ssfa/ros2_ws/src/t3) by extension 'ignore'
[0.258s] Level 1:colcon.colcon_core.package_identification:_identify(/home/ssfa/ros2_ws/src/t3) by extension 'ignore_ament_install'
[0.258s] Level 1:colcon.colcon_core.package_identification:_identify(/home/ssfa/ros2_ws/src/t3) by extensions ['colcon_pkg']
[0.258s] Level 1:colcon.colcon_core.package_identification:_identify(/home/ssfa/ros2_ws/src/t3) by extension 'colcon_pkg'
[0.258s] Level 1:colcon.colcon_core.package_identification:_identify(/home/ssfa/ros2_ws/src/t3) by extensions ['colcon_meta']
[0.258s] Level 1:colcon.colcon_core.package_identification:_identify(/home/ssfa/ros2_ws/src/t3) by extension 'colcon_meta'
[0.258s] Level 1:colcon.colcon_core.package_identification:_identify(/home/ssfa/ros2_ws/src/t3) by extensions ['ros']
[0.258s] Level 1:colcon.colcon_core.package_identification:_identify(/home/ssfa/ros2_ws/src/t3) by extension 'ros'
[0.258s] Level 1:colcon.colcon_core.package_identification:_identify(/home/ssfa/ros2_ws/src/t3) by extensions ['cmake', 'python']
[0.258s] Level 1:colcon.colcon_core.package_identification:_identify(/home/ssfa/ros2_ws/src/t3) by extension 'cmake'
[0.258s] Level 1:colcon.colcon_core.package_identification:_identify(/home/ssfa/ros2_ws/src/t3) by extension 'python'
[0.258s] Level 1:colcon.colcon_core.package_identification:_identify(/home/ssfa/ros2_ws/src/t3) by extensions ['python_setup_py']
[0.258s] Level 1:colcon.colcon_core.package_identification:_identify(/home/ssfa/ros2_ws/src/t3) by extension 'python_setup_py'
[0.258s] Level 1:colcon.colcon_core.package_identification:_identify(/home/ssfa/ros2_ws/src/t3/DynamixelSDK) by extensions ['ignore', 'ignore_ament_install']
[0.258s] Level 1:colcon.colcon_core.package_identification:_identify(/home/ssfa/ros2_ws/src/t3/DynamixelSDK) by extension 'ignore'
[0.258s] Level 1:colcon.colcon_core.package_identification:_identify(/home/ssfa/ros2_ws/src/t3/DynamixelSDK) by extension 'ignore_ament_install'
[0.258s] Level 1:colcon.colcon_core.package_identification:_identify(/home/ssfa/ros2_ws/src/t3/DynamixelSDK) by extensions ['colcon_pkg']
[0.258s] Level 1:colcon.colcon_core.package_identification:_identify(/home/ssfa/ros2_ws/src/t3/DynamixelSDK) by extension 'colcon_pkg'
[0.258s] Level 1:colcon.colcon_core.package_identification:_identify(/home/ssfa/ros2_ws/src/t3/DynamixelSDK) by extensions ['colcon_meta']
[0.258s] Level 1:colcon.colcon_core.package_identification:_identify(/home/ssfa/ros2_ws/src/t3/DynamixelSDK) by extension 'colcon_meta'
[0.258s] Level 1:colcon.colcon_core.package_identification:_identify(/home/ssfa/ros2_ws/src/t3/DynamixelSDK) by extensions ['ros']
[0.258s] Level 1:colcon.colcon_core.package_identification:_identify(/home/ssfa/ros2_ws/src/t3/DynamixelSDK) by extension 'ros'
[0.258s] Level 1:colcon.colcon_core.package_identification:_identify(/home/ssfa/ros2_ws/src/t3/DynamixelSDK) by extensions ['cmake', 'python']
[0.258s] Level 1:colcon.colcon_core.package_identification:_identify(/home/ssfa/ros2_ws/src/t3/DynamixelSDK) by extension 'cmake'
[0.258s] Level 1:colcon.colcon_core.package_identification:_identify(/home/ssfa/ros2_ws/src/t3/DynamixelSDK) by extension 'python'
[0.259s] Level 1:colcon.colcon_core.package_identification:_identify(/home/ssfa/ros2_ws/src/t3/DynamixelSDK) by extensions ['python_setup_py']
[0.259s] Level 1:colcon.colcon_core.package_identification:_identify(/home/ssfa/ros2_ws/src/t3/DynamixelSDK) by extension 'python_setup_py'
[0.259s] Level 1:colcon.colcon_core.package_identification:_identify(/home/ssfa/ros2_ws/src/t3/DynamixelSDK/dynamixel_sdk) by extensions ['ignore', 'ignore_ament_install']
[0.259s] Level 1:colcon.colcon_core.package_identification:_identify(/home/ssfa/ros2_ws/src/t3/DynamixelSDK/dynamixel_sdk) by extension 'ignore'
[0.259s] Level 1:colcon.colcon_core.package_identification:_identify(/home/ssfa/ros2_ws/src/t3/DynamixelSDK/dynamixel_sdk) by extension 'ignore_ament_install'
[0.259s] Level 1:colcon.colcon_core.package_identification:_identify(/home/ssfa/ros2_ws/src/t3/DynamixelSDK/dynamixel_sdk) by extensions ['colcon_pkg']
[0.259s] Level 1:colcon.colcon_core.package_identification:_identify(/home/ssfa/ros2_ws/src/t3/DynamixelSDK/dynamixel_sdk) by extension 'colcon_pkg'
[0.259s] Level 1:colcon.colcon_core.package_identification:_identify(/home/ssfa/ros2_ws/src/t3/DynamixelSDK/dynamixel_sdk) by extensions ['colcon_meta']
[0.259s] Level 1:colcon.colcon_core.package_identification:_identify(/home/ssfa/ros2_ws/src/t3/DynamixelSDK/dynamixel_sdk) by extension 'colcon_meta'
[0.259s] Level 1:colcon.colcon_core.package_identification:_identify(/home/ssfa/ros2_ws/src/t3/DynamixelSDK/dynamixel_sdk) by extensions ['ros']
[0.259s] Level 1:colcon.colcon_core.package_identification:_identify(/home/ssfa/ros2_ws/src/t3/DynamixelSDK/dynamixel_sdk) by extension 'ros'
[0.259s] DEBUG:colcon.colcon_core.package_identification:Package '/home/ssfa/ros2_ws/src/t3/DynamixelSDK/dynamixel_sdk' with type 'ros.ament_cmake' and name 'dynamixel_sdk'
[0.259s] Level 1:colcon.colcon_core.package_identification:_identify(/home/ssfa/ros2_ws/src/t3/services_pkg) by extensions ['ignore', 'ignore_ament_install']
[0.259s] Level 1:colcon.colcon_core.package_identification:_identify(/home/ssfa/ros2_ws/src/t3/services_pkg) by extension 'ignore'
[0.259s] Level 1:colcon.colcon_core.package_identification:_identify(/home/ssfa/ros2_ws/src/t3/services_pkg) by extension 'ignore_ament_install'
[0.259s] Level 1:colcon.colcon_core.package_identification:_identify(/home/ssfa/ros2_ws/src/t3/services_pkg) by extensions ['colcon_pkg']
[0.259s] Level 1:colcon.colcon_core.package_identification:_identify(/home/ssfa/ros2_ws/src/t3/services_pkg) by extension 'colcon_pkg'
[0.259s] Level 1:colcon.colcon_core.package_identification:_identify(/home/ssfa/ros2_ws/src/t3/services_pkg) by extensions ['colcon_meta']
[0.259s] Level 1:colcon.colcon_core.package_identification:_identify(/home/ssfa/ros2_ws/src/t3/services_pkg) by extension 'colcon_meta'
[0.259s] Level 1:colcon.colcon_core.package_identification:_identify(/home/ssfa/ros2_ws/src/t3/services_pkg) by extensions ['ros']
[0.259s] Level 1:colcon.colcon_core.package_identification:_identify(/home/ssfa/ros2_ws/src/t3/services_pkg) by extension 'ros'
[0.260s] DEBUG:colcon.colcon_core.package_identification:Package '/home/ssfa/ros2_ws/src/t3/services_pkg' with type 'ros.ament_python' and name 'services_pkg'
[0.260s] Level 1:colcon.colcon_core.package_identification:_identify(/home/ssfa/ros2_ws/src/t3/t3_action_msg) by extensions ['ignore', 'ignore_ament_install']
[0.260s] Level 1:colcon.colcon_core.package_identification:_identify(/home/ssfa/ros2_ws/src/t3/t3_action_msg) by extension 'ignore'
[0.260s] Level 1:colcon.colcon_core.package_identification:_identify(/home/ssfa/ros2_ws/src/t3/t3_action_msg) by extension 'ignore_ament_install'
[0.260s] Level 1:colcon.colcon_core.package_identification:_identify(/home/ssfa/ros2_ws/src/t3/t3_action_msg) by extensions ['colcon_pkg']
[0.260s] Level 1:colcon.colcon_core.package_identification:_identify(/home/ssfa/ros2_ws/src/t3/t3_action_msg) by extension 'colcon_pkg'
[0.260s] Level 1:colcon.colcon_core.package_identification:_identify(/home/ssfa/ros2_ws/src/t3/t3_action_msg) by extensions ['colcon_meta']
[0.260s] Level 1:colcon.colcon_core.package_identification:_identify(/home/ssfa/ros2_ws/src/t3/t3_action_msg) by extension 'colcon_meta'
[0.260s] Level 1:colcon.colcon_core.package_identification:_identify(/home/ssfa/ros2_ws/src/t3/t3_action_msg) by extensions ['ros']
[0.260s] Level 1:colcon.colcon_core.package_identification:_identify(/home/ssfa/ros2_ws/src/t3/t3_action_msg) by extension 'ros'
[0.261s] DEBUG:colcon.colcon_core.package_identification:Package '/home/ssfa/ros2_ws/src/t3/t3_action_msg' with type 'ros.ament_cmake' and name 't3_action_msg'
[0.261s] Level 1:colcon.colcon_core.package_identification:_identify(/home/ssfa/ros2_ws/src/t3/turtlebot3) by extensions ['ignore', 'ignore_ament_install']
[0.261s] Level 1:colcon.colcon_core.package_identification:_identify(/home/ssfa/ros2_ws/src/t3/turtlebot3) by extension 'ignore'
[0.261s] Level 1:colcon.colcon_core.package_identification:_identify(/home/ssfa/ros2_ws/src/t3/turtlebot3) by extension 'ignore_ament_install'
[0.261s] Level 1:colcon.colcon_core.package_identification:_identify(/home/ssfa/ros2_ws/src/t3/turtlebot3) by extensions ['colcon_pkg']
[0.261s] Level 1:colcon.colcon_core.package_identification:_identify(/home/ssfa/ros2_ws/src/t3/turtlebot3) by extension 'colcon_pkg'
[0.261s] Level 1:colcon.colcon_core.package_identification:_identify(/home/ssfa/ros2_ws/src/t3/turtlebot3) by extensions ['colcon_meta']
[0.261s] Level 1:colcon.colcon_core.package_identification:_identify(/home/ssfa/ros2_ws/src/t3/turtlebot3) by extension 'colcon_meta'
[0.261s] Level 1:colcon.colcon_core.package_identification:_identify(/home/ssfa/ros2_ws/src/t3/turtlebot3) by extensions ['ros']
[0.261s] Level 1:colcon.colcon_core.package_identification:_identify(/home/ssfa/ros2_ws/src/t3/turtlebot3) by extension 'ros'
[0.261s] Level 1:colcon.colcon_core.package_identification:_identify(/home/ssfa/ros2_ws/src/t3/turtlebot3) by extensions ['cmake', 'python']
[0.261s] Level 1:colcon.colcon_core.package_identification:_identify(/home/ssfa/ros2_ws/src/t3/turtlebot3) by extension 'cmake'
[0.261s] Level 1:colcon.colcon_core.package_identification:_identify(/home/ssfa/ros2_ws/src/t3/turtlebot3) by extension 'python'
[0.261s] Level 1:colcon.colcon_core.package_identification:_identify(/home/ssfa/ros2_ws/src/t3/turtlebot3) by extensions ['python_setup_py']
[0.261s] Level 1:colcon.colcon_core.package_identification:_identify(/home/ssfa/ros2_ws/src/t3/turtlebot3) by extension 'python_setup_py'
[0.261s] Level 1:colcon.colcon_core.package_identification:_identify(/home/ssfa/ros2_ws/src/t3/turtlebot3/turtlebot3) by extensions ['ignore', 'ignore_ament_install']
[0.261s] Level 1:colcon.colcon_core.package_identification:_identify(/home/ssfa/ros2_ws/src/t3/turtlebot3/turtlebot3) by extension 'ignore'
[0.261s] Level 1:colcon.colcon_core.package_identification:_identify(/home/ssfa/ros2_ws/src/t3/turtlebot3/turtlebot3) by extension 'ignore_ament_install'
[0.261s] Level 1:colcon.colcon_core.package_identification:_identify(/home/ssfa/ros2_ws/src/t3/turtlebot3/turtlebot3) by extensions ['colcon_pkg']
[0.261s] Level 1:colcon.colcon_core.package_identification:_identify(/home/ssfa/ros2_ws/src/t3/turtlebot3/turtlebot3) by extension 'colcon_pkg'
[0.261s] Level 1:colcon.colcon_core.package_identification:_identify(/home/ssfa/ros2_ws/src/t3/turtlebot3/turtlebot3) by extensions ['colcon_meta']
[0.261s] Level 1:colcon.colcon_core.package_identification:_identify(/home/ssfa/ros2_ws/src/t3/turtlebot3/turtlebot3) by extension 'colcon_meta'
[0.261s] Level 1:colcon.colcon_core.package_identification:_identify(/home/ssfa/ros2_ws/src/t3/turtlebot3/turtlebot3) by extensions ['ros']
[0.261s] Level 1:colcon.colcon_core.package_identification:_identify(/home/ssfa/ros2_ws/src/t3/turtlebot3/turtlebot3) by extension 'ros'
[0.261s] Level 1:colcon.colcon_core.package_identification:_identify(/home/ssfa/ros2_ws/src/t3/turtlebot3/turtlebot3) by extensions ['cmake', 'python']
[0.261s] Level 1:colcon.colcon_core.package_identification:_identify(/home/ssfa/ros2_ws/src/t3/turtlebot3/turtlebot3) by extension 'cmake'
[0.261s] Level 1:colcon.colcon_core.package_identification:_identify(/home/ssfa/ros2_ws/src/t3/turtlebot3/turtlebot3) by extension 'python'
[0.261s] Level 1:colcon.colcon_core.package_identification:_identify(/home/ssfa/ros2_ws/src/t3/turtlebot3/turtlebot3) by extensions ['python_setup_py']
[0.261s] Level 1:colcon.colcon_core.package_identification:_identify(/home/ssfa/ros2_ws/src/t3/turtlebot3/turtlebot3) by extension 'python_setup_py'
[0.261s] Level 1:colcon.colcon_core.package_identification:_identify(/home/ssfa/ros2_ws/src/t3/turtlebot3/turtlebot3/turtlebot3) by extensions ['ignore', 'ignore_ament_install']
[0.261s] Level 1:colcon.colcon_core.package_identification:_identify(/home/ssfa/ros2_ws/src/t3/turtlebot3/turtlebot3/turtlebot3) by extension 'ignore'
[0.261s] Level 1:colcon.colcon_core.package_identification:_identify(/home/ssfa/ros2_ws/src/t3/turtlebot3/turtlebot3/turtlebot3) by extension 'ignore_ament_install'
[0.261s] Level 1:colcon.colcon_core.package_identification:_identify(/home/ssfa/ros2_ws/src/t3/turtlebot3/turtlebot3/turtlebot3) by extensions ['colcon_pkg']
[0.262s] Level 1:colcon.colcon_core.package_identification:_identify(/home/ssfa/ros2_ws/src/t3/turtlebot3/turtlebot3/turtlebot3) by extension 'colcon_pkg'
[0.262s] Level 1:colcon.colcon_core.package_identification:_identify(/home/ssfa/ros2_ws/src/t3/turtlebot3/turtlebot3/turtlebot3) by extensions ['colcon_meta']
[0.262s] Level 1:colcon.colcon_core.package_identification:_identify(/home/ssfa/ros2_ws/src/t3/turtlebot3/turtlebot3/turtlebot3) by extension 'colcon_meta'
[0.262s] Level 1:colcon.colcon_core.package_identification:_identify(/home/ssfa/ros2_ws/src/t3/turtlebot3/turtlebot3/turtlebot3) by extensions ['ros']
[0.262s] Level 1:colcon.colcon_core.package_identification:_identify(/home/ssfa/ros2_ws/src/t3/turtlebot3/turtlebot3/turtlebot3) by extension 'ros'
[0.262s] DEBUG:colcon.colcon_core.package_identification:Package '/home/ssfa/ros2_ws/src/t3/turtlebot3/turtlebot3/turtlebot3' with type 'ros.ament_cmake' and name 'turtlebot3'
[0.262s] Level 1:colcon.colcon_core.package_identification:_identify(/home/ssfa/ros2_ws/src/t3/turtlebot3/turtlebot3/turtlebot3_bringup) by extensions ['ignore', 'ignore_ament_install']
[0.262s] Level 1:colcon.colcon_core.package_identification:_identify(/home/ssfa/ros2_ws/src/t3/turtlebot3/turtlebot3/turtlebot3_bringup) by extension 'ignore'
[0.262s] Level 1:colcon.colcon_core.package_identification:_identify(/home/ssfa/ros2_ws/src/t3/turtlebot3/turtlebot3/turtlebot3_bringup) by extension 'ignore_ament_install'
[0.262s] Level 1:colcon.colcon_core.package_identification:_identify(/home/ssfa/ros2_ws/src/t3/turtlebot3/turtlebot3/turtlebot3_bringup) by extensions ['colcon_pkg']
[0.262s] Level 1:colcon.colcon_core.package_identification:_identify(/home/ssfa/ros2_ws/src/t3/turtlebot3/turtlebot3/turtlebot3_bringup) by extension 'colcon_pkg'
[0.262s] Level 1:colcon.colcon_core.package_identification:_identify(/home/ssfa/ros2_ws/src/t3/turtlebot3/turtlebot3/turtlebot3_bringup) by extensions ['colcon_meta']
[0.262s] Level 1:colcon.colcon_core.package_identification:_identify(/home/ssfa/ros2_ws/src/t3/turtlebot3/turtlebot3/turtlebot3_bringup) by extension 'colcon_meta'
[0.262s] Level 1:colcon.colcon_core.package_identification:_identify(/home/ssfa/ros2_ws/src/t3/turtlebot3/turtlebot3/turtlebot3_bringup) by extensions ['ros']
[0.262s] Level 1:colcon.colcon_core.package_identification:_identify(/home/ssfa/ros2_ws/src/t3/turtlebot3/turtlebot3/turtlebot3_bringup) by extension 'ros'
[0.263s] DEBUG:colcon.colcon_core.package_identification:Package '/home/ssfa/ros2_ws/src/t3/turtlebot3/turtlebot3/turtlebot3_bringup' with type 'ros.ament_cmake' and name 'turtlebot3_bringup'
[0.263s] Level 1:colcon.colcon_core.package_identification:_identify(/home/ssfa/ros2_ws/src/t3/turtlebot3/turtlebot3/turtlebot3_cartographer) by extensions ['ignore', 'ignore_ament_install']
[0.263s] Level 1:colcon.colcon_core.package_identification:_identify(/home/ssfa/ros2_ws/src/t3/turtlebot3/turtlebot3/turtlebot3_cartographer) by extension 'ignore'
[0.263s] Level 1:colcon.colcon_core.package_identification:_identify(/home/ssfa/ros2_ws/src/t3/turtlebot3/turtlebot3/turtlebot3_cartographer) by extension 'ignore_ament_install'
[0.263s] Level 1:colcon.colcon_core.package_identification:_identify(/home/ssfa/ros2_ws/src/t3/turtlebot3/turtlebot3/turtlebot3_cartographer) by extensions ['colcon_pkg']
[0.263s] Level 1:colcon.colcon_core.package_identification:_identify(/home/ssfa/ros2_ws/src/t3/turtlebot3/turtlebot3/turtlebot3_cartographer) by extension 'colcon_pkg'
[0.263s] Level 1:colcon.colcon_core.package_identification:_identify(/home/ssfa/ros2_ws/src/t3/turtlebot3/turtlebot3/turtlebot3_cartographer) by extensions ['colcon_meta']
[0.263s] Level 1:colcon.colcon_core.package_identification:_identify(/home/ssfa/ros2_ws/src/t3/turtlebot3/turtlebot3/turtlebot3_cartographer) by extension 'colcon_meta'
[0.263s] Level 1:colcon.colcon_core.package_identification:_identify(/home/ssfa/ros2_ws/src/t3/turtlebot3/turtlebot3/turtlebot3_cartographer) by extensions ['ros']
[0.263s] Level 1:colcon.colcon_core.package_identification:_identify(/home/ssfa/ros2_ws/src/t3/turtlebot3/turtlebot3/turtlebot3_cartographer) by extension 'ros'
[0.263s] DEBUG:colcon.colcon_core.package_identification:Package '/home/ssfa/ros2_ws/src/t3/turtlebot3/turtlebot3/turtlebot3_cartographer' with type 'ros.ament_cmake' and name 'turtlebot3_cartographer'
[0.263s] Level 1:colcon.colcon_core.package_identification:_identify(/home/ssfa/ros2_ws/src/t3/turtlebot3/turtlebot3/turtlebot3_description) by extensions ['ignore', 'ignore_ament_install']
[0.264s] Level 1:colcon.colcon_core.package_identification:_identify(/home/ssfa/ros2_ws/src/t3/turtlebot3/turtlebot3/turtlebot3_description) by extension 'ignore'
[0.264s] Level 1:colcon.colcon_core.package_identification:_identify(/home/ssfa/ros2_ws/src/t3/turtlebot3/turtlebot3/turtlebot3_description) by extension 'ignore_ament_install'
[0.264s] Level 1:colcon.colcon_core.package_identification:_identify(/home/ssfa/ros2_ws/src/t3/turtlebot3/turtlebot3/turtlebot3_description) by extensions ['colcon_pkg']
[0.264s] Level 1:colcon.colcon_core.package_identification:_identify(/home/ssfa/ros2_ws/src/t3/turtlebot3/turtlebot3/turtlebot3_description) by extension 'colcon_pkg'
[0.264s] Level 1:colcon.colcon_core.package_identification:_identify(/home/ssfa/ros2_ws/src/t3/turtlebot3/turtlebot3/turtlebot3_description) by extensions ['colcon_meta']
[0.264s] Level 1:colcon.colcon_core.package_identification:_identify(/home/ssfa/ros2_ws/src/t3/turtlebot3/turtlebot3/turtlebot3_description) by extension 'colcon_meta'
[0.264s] Level 1:colcon.colcon_core.package_identification:_identify(/home/ssfa/ros2_ws/src/t3/turtlebot3/turtlebot3/turtlebot3_description) by extensions ['ros']
[0.264s] Level 1:colcon.colcon_core.package_identification:_identify(/home/ssfa/ros2_ws/src/t3/turtlebot3/turtlebot3/turtlebot3_description) by extension 'ros'
[0.264s] DEBUG:colcon.colcon_core.package_identification:Package '/home/ssfa/ros2_ws/src/t3/turtlebot3/turtlebot3/turtlebot3_description' with type 'ros.ament_cmake' and name 'turtlebot3_description'
[0.264s] Level 1:colcon.colcon_core.package_identification:_identify(/home/ssfa/ros2_ws/src/t3/turtlebot3/turtlebot3/turtlebot3_example) by extensions ['ignore', 'ignore_ament_install']
[0.264s] Level 1:colcon.colcon_core.package_identification:_identify(/home/ssfa/ros2_ws/src/t3/turtlebot3/turtlebot3/turtlebot3_example) by extension 'ignore'
[0.264s] Level 1:colcon.colcon_core.package_identification:_identify(/home/ssfa/ros2_ws/src/t3/turtlebot3/turtlebot3/turtlebot3_example) by extension 'ignore_ament_install'
[0.264s] Level 1:colcon.colcon_core.package_identification:_identify(/home/ssfa/ros2_ws/src/t3/turtlebot3/turtlebot3/turtlebot3_example) by extensions ['colcon_pkg']
[0.264s] Level 1:colcon.colcon_core.package_identification:_identify(/home/ssfa/ros2_ws/src/t3/turtlebot3/turtlebot3/turtlebot3_example) by extension 'colcon_pkg'
[0.264s] Level 1:colcon.colcon_core.package_identification:_identify(/home/ssfa/ros2_ws/src/t3/turtlebot3/turtlebot3/turtlebot3_example) by extensions ['colcon_meta']
[0.264s] Level 1:colcon.colcon_core.package_identification:_identify(/home/ssfa/ros2_ws/src/t3/turtlebot3/turtlebot3/turtlebot3_example) by extension 'colcon_meta'
[0.264s] Level 1:colcon.colcon_core.package_identification:_identify(/home/ssfa/ros2_ws/src/t3/turtlebot3/turtlebot3/turtlebot3_example) by extensions ['ros']
[0.264s] Level 1:colcon.colcon_core.package_identification:_identify(/home/ssfa/ros2_ws/src/t3/turtlebot3/turtlebot3/turtlebot3_example) by extension 'ros'
[0.265s] DEBUG:colcon.colcon_core.package_identification:Package '/home/ssfa/ros2_ws/src/t3/turtlebot3/turtlebot3/turtlebot3_example' with type 'ros.ament_python' and name 'turtlebot3_example'
[0.265s] Level 1:colcon.colcon_core.package_identification:_identify(/home/ssfa/ros2_ws/src/t3/turtlebot3/turtlebot3/turtlebot3_navigation2) by extensions ['ignore', 'ignore_ament_install']
[0.265s] Level 1:colcon.colcon_core.package_identification:_identify(/home/ssfa/ros2_ws/src/t3/turtlebot3/turtlebot3/turtlebot3_navigation2) by extension 'ignore'
[0.265s] Level 1:colcon.colcon_core.package_identification:_identify(/home/ssfa/ros2_ws/src/t3/turtlebot3/turtlebot3/turtlebot3_navigation2) by extension 'ignore_ament_install'
[0.265s] Level 1:colcon.colcon_core.package_identification:_identify(/home/ssfa/ros2_ws/src/t3/turtlebot3/turtlebot3/turtlebot3_navigation2) by extensions ['colcon_pkg']
[0.265s] Level 1:colcon.colcon_core.package_identification:_identify(/home/ssfa/ros2_ws/src/t3/turtlebot3/turtlebot3/turtlebot3_navigation2) by extension 'colcon_pkg'
[0.265s] Level 1:colcon.colcon_core.package_identification:_identify(/home/ssfa/ros2_ws/src/t3/turtlebot3/turtlebot3/turtlebot3_navigation2) by extensions ['colcon_meta']
[0.265s] Level 1:colcon.colcon_core.package_identification:_identify(/home/ssfa/ros2_ws/src/t3/turtlebot3/turtlebot3/turtlebot3_navigation2) by extension 'colcon_meta'
[0.265s] Level 1:colcon.colcon_core.package_identification:_identify(/home/ssfa/ros2_ws/src/t3/turtlebot3/turtlebot3/turtlebot3_navigation2) by extensions ['ros']
[0.265s] Level 1:colcon.colcon_core.package_identification:_identify(/home/ssfa/ros2_ws/src/t3/turtlebot3/turtlebot3/turtlebot3_navigation2) by extension 'ros'
[0.266s] DEBUG:colcon.colcon_core.package_identification:Package '/home/ssfa/ros2_ws/src/t3/turtlebot3/turtlebot3/turtlebot3_navigation2' with type 'ros.ament_cmake' and name 'turtlebot3_navigation2'
[0.266s] Level 1:colcon.colcon_core.package_identification:_identify(/home/ssfa/ros2_ws/src/t3/turtlebot3/turtlebot3/turtlebot3_node) by extensions ['ignore', 'ignore_ament_install']
[0.266s] Level 1:colcon.colcon_core.package_identification:_identify(/home/ssfa/ros2_ws/src/t3/turtlebot3/turtlebot3/turtlebot3_node) by extension 'ignore'
[0.266s] Level 1:colcon.colcon_core.package_identification:_identify(/home/ssfa/ros2_ws/src/t3/turtlebot3/turtlebot3/turtlebot3_node) ignored
[0.266s] Level 1:colcon.colcon_core.package_identification:_identify(/home/ssfa/ros2_ws/src/t3/turtlebot3/turtlebot3/turtlebot3_teleop) by extensions ['ignore', 'ignore_ament_install']
[0.266s] Level 1:colcon.colcon_core.package_identification:_identify(/home/ssfa/ros2_ws/src/t3/turtlebot3/turtlebot3/turtlebot3_teleop) by extension 'ignore'
[0.266s] Level 1:colcon.colcon_core.package_identification:_identify(/home/ssfa/ros2_ws/src/t3/turtlebot3/turtlebot3/turtlebot3_teleop) by extension 'ignore_ament_install'
[0.266s] Level 1:colcon.colcon_core.package_identification:_identify(/home/ssfa/ros2_ws/src/t3/turtlebot3/turtlebot3/turtlebot3_teleop) by extensions ['colcon_pkg']
[0.266s] Level 1:colcon.colcon_core.package_identification:_identify(/home/ssfa/ros2_ws/src/t3/turtlebot3/turtlebot3/turtlebot3_teleop) by extension 'colcon_pkg'
[0.266s] Level 1:colcon.colcon_core.package_identification:_identify(/home/ssfa/ros2_ws/src/t3/turtlebot3/turtlebot3/turtlebot3_teleop) by extensions ['colcon_meta']
[0.266s] Level 1:colcon.colcon_core.package_identification:_identify(/home/ssfa/ros2_ws/src/t3/turtlebot3/turtlebot3/turtlebot3_teleop) by extension 'colcon_meta'
[0.266s] Level 1:colcon.colcon_core.package_identification:_identify(/home/ssfa/ros2_ws/src/t3/turtlebot3/turtlebot3/turtlebot3_teleop) by extensions ['ros']
[0.266s] Level 1:colcon.colcon_core.package_identification:_identify(/home/ssfa/ros2_ws/src/t3/turtlebot3/turtlebot3/turtlebot3_teleop) by extension 'ros'
[0.267s] DEBUG:colcon.colcon_core.package_identification:Package '/home/ssfa/ros2_ws/src/t3/turtlebot3/turtlebot3/turtlebot3_teleop' with type 'ros.ament_python' and name 'turtlebot3_teleop'
[0.267s] Level 1:colcon.colcon_core.package_identification:_identify(/home/ssfa/ros2_ws/src/t3/turtlebot3_as) by extensions ['ignore', 'ignore_ament_install']
[0.267s] Level 1:colcon.colcon_core.package_identification:_identify(/home/ssfa/ros2_ws/src/t3/turtlebot3_as) by extension 'ignore'
[0.267s] Level 1:colcon.colcon_core.package_identification:_identify(/home/ssfa/ros2_ws/src/t3/turtlebot3_as) by extension 'ignore_ament_install'
[0.267s] Level 1:colcon.colcon_core.package_identification:_identify(/home/ssfa/ros2_ws/src/t3/turtlebot3_as) by extensions ['colcon_pkg']
[0.267s] Level 1:colcon.colcon_core.package_identification:_identify(/home/ssfa/ros2_ws/src/t3/turtlebot3_as) by extension 'colcon_pkg'
[0.267s] Level 1:colcon.colcon_core.package_identification:_identify(/home/ssfa/ros2_ws/src/t3/turtlebot3_as) by extensions ['colcon_meta']
[0.267s] Level 1:colcon.colcon_core.package_identification:_identify(/home/ssfa/ros2_ws/src/t3/turtlebot3_as) by extension 'colcon_meta'
[0.267s] Level 1:colcon.colcon_core.package_identification:_identify(/home/ssfa/ros2_ws/src/t3/turtlebot3_as) by extensions ['ros']
[0.267s] Level 1:colcon.colcon_core.package_identification:_identify(/home/ssfa/ros2_ws/src/t3/turtlebot3_as) by extension 'ros'
[0.267s] DEBUG:colcon.colcon_core.package_identification:Package '/home/ssfa/ros2_ws/src/t3/turtlebot3_as' with type 'ros.ament_cmake' and name 'turtlebot3_as'
[0.267s] Level 1:colcon.colcon_core.package_identification:_identify(/home/ssfa/ros2_ws/src/t3/turtlebot3_msgs) by extensions ['ignore', 'ignore_ament_install']
[0.268s] Level 1:colcon.colcon_core.package_identification:_identify(/home/ssfa/ros2_ws/src/t3/turtlebot3_msgs) by extension 'ignore'
[0.268s] Level 1:colcon.colcon_core.package_identification:_identify(/home/ssfa/ros2_ws/src/t3/turtlebot3_msgs) by extension 'ignore_ament_install'
[0.268s] Level 1:colcon.colcon_core.package_identification:_identify(/home/ssfa/ros2_ws/src/t3/turtlebot3_msgs) by extensions ['colcon_pkg']
[0.268s] Level 1:colcon.colcon_core.package_identification:_identify(/home/ssfa/ros2_ws/src/t3/turtlebot3_msgs) by extension 'colcon_pkg'
[0.268s] Level 1:colcon.colcon_core.package_identification:_identify(/home/ssfa/ros2_ws/src/t3/turtlebot3_msgs) by extensions ['colcon_meta']
[0.268s] Level 1:colcon.colcon_core.package_identification:_identify(/home/ssfa/ros2_ws/src/t3/turtlebot3_msgs) by extension 'colcon_meta'
[0.268s] Level 1:colcon.colcon_core.package_identification:_identify(/home/ssfa/ros2_ws/src/t3/turtlebot3_msgs) by extensions ['ros']
[0.268s] Level 1:colcon.colcon_core.package_identification:_identify(/home/ssfa/ros2_ws/src/t3/turtlebot3_msgs) by extension 'ros'
[0.268s] DEBUG:colcon.colcon_core.package_identification:Package '/home/ssfa/ros2_ws/src/t3/turtlebot3_msgs' with type 'ros.ament_cmake' and name 'turtlebot3_msgs'
[0.268s] Level 1:colcon.colcon_core.package_identification:_identify(/home/ssfa/ros2_ws/src/t3/turtlebot3_simulations) by extensions ['ignore', 'ignore_ament_install']
[0.268s] Level 1:colcon.colcon_core.package_identification:_identify(/home/ssfa/ros2_ws/src/t3/turtlebot3_simulations) by extension 'ignore'
[0.268s] Level 1:colcon.colcon_core.package_identification:_identify(/home/ssfa/ros2_ws/src/t3/turtlebot3_simulations) by extension 'ignore_ament_install'
[0.268s] Level 1:colcon.colcon_core.package_identification:_identify(/home/ssfa/ros2_ws/src/t3/turtlebot3_simulations) by extensions ['colcon_pkg']
[0.268s] Level 1:colcon.colcon_core.package_identification:_identify(/home/ssfa/ros2_ws/src/t3/turtlebot3_simulations) by extension 'colcon_pkg'
[0.269s] Level 1:colcon.colcon_core.package_identification:_identify(/home/ssfa/ros2_ws/src/t3/turtlebot3_simulations) by extensions ['colcon_meta']
[0.269s] Level 1:colcon.colcon_core.package_identification:_identify(/home/ssfa/ros2_ws/src/t3/turtlebot3_simulations) by extension 'colcon_meta'
[0.269s] Level 1:colcon.colcon_core.package_identification:_identify(/home/ssfa/ros2_ws/src/t3/turtlebot3_simulations) by extensions ['ros']
[0.269s] Level 1:colcon.colcon_core.package_identification:_identify(/home/ssfa/ros2_ws/src/t3/turtlebot3_simulations) by extension 'ros'
[0.269s] Level 1:colcon.colcon_core.package_identification:_identify(/home/ssfa/ros2_ws/src/t3/turtlebot3_simulations) by extensions ['cmake', 'python']
[0.269s] Level 1:colcon.colcon_core.package_identification:_identify(/home/ssfa/ros2_ws/src/t3/turtlebot3_simulations) by extension 'cmake'
[0.269s] Level 1:colcon.colcon_core.package_identification:_identify(/home/ssfa/ros2_ws/src/t3/turtlebot3_simulations) by extension 'python'
[0.269s] Level 1:colcon.colcon_core.package_identification:_identify(/home/ssfa/ros2_ws/src/t3/turtlebot3_simulations) by extensions ['python_setup_py']
[0.269s] Level 1:colcon.colcon_core.package_identification:_identify(/home/ssfa/ros2_ws/src/t3/turtlebot3_simulations) by extension 'python_setup_py'
[0.269s] Level 1:colcon.colcon_core.package_identification:_identify(/home/ssfa/ros2_ws/src/t3/turtlebot3_simulations/turtlebot3_gazebo) by extensions ['ignore', 'ignore_ament_install']
[0.269s] Level 1:colcon.colcon_core.package_identification:_identify(/home/ssfa/ros2_ws/src/t3/turtlebot3_simulations/turtlebot3_gazebo) by extension 'ignore'
[0.269s] Level 1:colcon.colcon_core.package_identification:_identify(/home/ssfa/ros2_ws/src/t3/turtlebot3_simulations/turtlebot3_gazebo) by extension 'ignore_ament_install'
[0.269s] Level 1:colcon.colcon_core.package_identification:_identify(/home/ssfa/ros2_ws/src/t3/turtlebot3_simulations/turtlebot3_gazebo) by extensions ['colcon_pkg']
[0.269s] Level 1:colcon.colcon_core.package_identification:_identify(/home/ssfa/ros2_ws/src/t3/turtlebot3_simulations/turtlebot3_gazebo) by extension 'colcon_pkg'
[0.269s] Level 1:colcon.colcon_core.package_identification:_identify(/home/ssfa/ros2_ws/src/t3/turtlebot3_simulations/turtlebot3_gazebo) by extensions ['colcon_meta']
[0.269s] Level 1:colcon.colcon_core.package_identification:_identify(/home/ssfa/ros2_ws/src/t3/turtlebot3_simulations/turtlebot3_gazebo) by extension 'colcon_meta'
[0.269s] Level 1:colcon.colcon_core.package_identification:_identify(/home/ssfa/ros2_ws/src/t3/turtlebot3_simulations/turtlebot3_gazebo) by extensions ['ros']
[0.269s] Level 1:colcon.colcon_core.package_identification:_identify(/home/ssfa/ros2_ws/src/t3/turtlebot3_simulations/turtlebot3_gazebo) by extension 'ros'
[0.269s] DEBUG:colcon.colcon_core.package_identification:Package '/home/ssfa/ros2_ws/src/t3/turtlebot3_simulations/turtlebot3_gazebo' with type 'ros.ament_cmake' and name 'turtlebot3_gazebo'
[0.269s] Level 1:colcon.colcon_core.package_identification:_identify(/home/ssfa/ros2_ws/src/t3/turtlebot3_simulations/turtlebot3_simulations) by extensions ['ignore', 'ignore_ament_install']
[0.269s] Level 1:colcon.colcon_core.package_identification:_identify(/home/ssfa/ros2_ws/src/t3/turtlebot3_simulations/turtlebot3_simulations) by extension 'ignore'
[0.270s] Level 1:colcon.colcon_core.package_identification:_identify(/home/ssfa/ros2_ws/src/t3/turtlebot3_simulations/turtlebot3_simulations) by extension 'ignore_ament_install'
[0.270s] Level 1:colcon.colcon_core.package_identification:_identify(/home/ssfa/ros2_ws/src/t3/turtlebot3_simulations/turtlebot3_simulations) by extensions ['colcon_pkg']
[0.270s] Level 1:colcon.colcon_core.package_identification:_identify(/home/ssfa/ros2_ws/src/t3/turtlebot3_simulations/turtlebot3_simulations) by extension 'colcon_pkg'
[0.270s] Level 1:colcon.colcon_core.package_identification:_identify(/home/ssfa/ros2_ws/src/t3/turtlebot3_simulations/turtlebot3_simulations) by extensions ['colcon_meta']
[0.270s] Level 1:colcon.colcon_core.package_identification:_identify(/home/ssfa/ros2_ws/src/t3/turtlebot3_simulations/turtlebot3_simulations) by extension 'colcon_meta'
[0.270s] Level 1:colcon.colcon_core.package_identification:_identify(/home/ssfa/ros2_ws/src/t3/turtlebot3_simulations/turtlebot3_simulations) by extensions ['ros']
[0.270s] Level 1:colcon.colcon_core.package_identification:_identify(/home/ssfa/ros2_ws/src/t3/turtlebot3_simulations/turtlebot3_simulations) by extension 'ros'
[0.270s] DEBUG:colcon.colcon_core.package_identification:Package '/home/ssfa/ros2_ws/src/t3/turtlebot3_simulations/turtlebot3_simulations' with type 'ros.ament_cmake' and name 'turtlebot3_simulations'
[0.270s] Level 1:colcon.colcon_core.package_identification:_identify(/home/ssfa/ros2_ws/src/tiago_demo) by extensions ['ignore', 'ignore_ament_install']
[0.270s] Level 1:colcon.colcon_core.package_identification:_identify(/home/ssfa/ros2_ws/src/tiago_demo) by extension 'ignore'
[0.270s] Level 1:colcon.colcon_core.package_identification:_identify(/home/ssfa/ros2_ws/src/tiago_demo) by extension 'ignore_ament_install'
[0.270s] Level 1:colcon.colcon_core.package_identification:_identify(/home/ssfa/ros2_ws/src/tiago_demo) by extensions ['colcon_pkg']
[0.270s] Level 1:colcon.colcon_core.package_identification:_identify(/home/ssfa/ros2_ws/src/tiago_demo) by extension 'colcon_pkg'
[0.270s] Level 1:colcon.colcon_core.package_identification:_identify(/home/ssfa/ros2_ws/src/tiago_demo) by extensions ['colcon_meta']
[0.270s] Level 1:colcon.colcon_core.package_identification:_identify(/home/ssfa/ros2_ws/src/tiago_demo) by extension 'colcon_meta'
[0.270s] Level 1:colcon.colcon_core.package_identification:_identify(/home/ssfa/ros2_ws/src/tiago_demo) by extensions ['ros']
[0.270s] Level 1:colcon.colcon_core.package_identification:_identify(/home/ssfa/ros2_ws/src/tiago_demo) by extension 'ros'
[0.271s] DEBUG:colcon.colcon_core.package_identification:Package '/home/ssfa/ros2_ws/src/tiago_demo' with type 'ros.ament_cmake' and name 'tiago_demo'
[0.271s] Level 1:colcon.colcon_core.package_identification:_identify(/home/ssfa/ros2_ws/src/topic_exercise) by extensions ['ignore', 'ignore_ament_install']
[0.271s] Level 1:colcon.colcon_core.package_identification:_identify(/home/ssfa/ros2_ws/src/topic_exercise) by extension 'ignore'
[0.271s] Level 1:colcon.colcon_core.package_identification:_identify(/home/ssfa/ros2_ws/src/topic_exercise) by extension 'ignore_ament_install'
[0.271s] Level 1:colcon.colcon_core.package_identification:_identify(/home/ssfa/ros2_ws/src/topic_exercise) by extensions ['colcon_pkg']
[0.271s] Level 1:colcon.colcon_core.package_identification:_identify(/home/ssfa/ros2_ws/src/topic_exercise) by extension 'colcon_pkg'
[0.271s] Level 1:colcon.colcon_core.package_identification:_identify(/home/ssfa/ros2_ws/src/topic_exercise) by extensions ['colcon_meta']
[0.271s] Level 1:colcon.colcon_core.package_identification:_identify(/home/ssfa/ros2_ws/src/topic_exercise) by extension 'colcon_meta'
[0.271s] Level 1:colcon.colcon_core.package_identification:_identify(/home/ssfa/ros2_ws/src/topic_exercise) by extensions ['ros']
[0.271s] Level 1:colcon.colcon_core.package_identification:_identify(/home/ssfa/ros2_ws/src/topic_exercise) by extension 'ros'
[0.271s] DEBUG:colcon.colcon_core.package_identification:Package '/home/ssfa/ros2_ws/src/topic_exercise' with type 'ros.ament_python' and name 'topic_exercise'
[0.272s] Level 1:colcon.colcon_core.package_identification:_identify(/home/ssfa/ros2_ws/src/two_wheeled_robot) by extensions ['ignore', 'ignore_ament_install']
[0.272s] Level 1:colcon.colcon_core.package_identification:_identify(/home/ssfa/ros2_ws/src/two_wheeled_robot) by extension 'ignore'
[0.272s] Level 1:colcon.colcon_core.package_identification:_identify(/home/ssfa/ros2_ws/src/two_wheeled_robot) by extension 'ignore_ament_install'
[0.272s] Level 1:colcon.colcon_core.package_identification:_identify(/home/ssfa/ros2_ws/src/two_wheeled_robot) by extensions ['colcon_pkg']
[0.272s] Level 1:colcon.colcon_core.package_identification:_identify(/home/ssfa/ros2_ws/src/two_wheeled_robot) by extension 'colcon_pkg'
[0.272s] Level 1:colcon.colcon_core.package_identification:_identify(/home/ssfa/ros2_ws/src/two_wheeled_robot) by extensions ['colcon_meta']
[0.272s] Level 1:colcon.colcon_core.package_identification:_identify(/home/ssfa/ros2_ws/src/two_wheeled_robot) by extension 'colcon_meta'
[0.272s] Level 1:colcon.colcon_core.package_identification:_identify(/home/ssfa/ros2_ws/src/two_wheeled_robot) by extensions ['ros']
[0.272s] Level 1:colcon.colcon_core.package_identification:_identify(/home/ssfa/ros2_ws/src/two_wheeled_robot) by extension 'ros'
[0.273s] DEBUG:colcon.colcon_core.package_identification:Package '/home/ssfa/ros2_ws/src/two_wheeled_robot' with type 'ros.ament_cmake' and name 'two_wheeled_robot'
[0.273s] Level 1:colcon.colcon_core.package_identification:_identify(/home/ssfa/ros2_ws/src/yolo_tutorial) by extensions ['ignore', 'ignore_ament_install']
[0.273s] Level 1:colcon.colcon_core.package_identification:_identify(/home/ssfa/ros2_ws/src/yolo_tutorial) by extension 'ignore'
[0.273s] Level 1:colcon.colcon_core.package_identification:_identify(/home/ssfa/ros2_ws/src/yolo_tutorial) by extension 'ignore_ament_install'
[0.273s] Level 1:colcon.colcon_core.package_identification:_identify(/home/ssfa/ros2_ws/src/yolo_tutorial) by extensions ['colcon_pkg']
[0.273s] Level 1:colcon.colcon_core.package_identification:_identify(/home/ssfa/ros2_ws/src/yolo_tutorial) by extension 'colcon_pkg'
[0.273s] Level 1:colcon.colcon_core.package_identification:_identify(/home/ssfa/ros2_ws/src/yolo_tutorial) by extensions ['colcon_meta']
[0.273s] Level 1:colcon.colcon_core.package_identification:_identify(/home/ssfa/ros2_ws/src/yolo_tutorial) by extension 'colcon_meta'
[0.273s] Level 1:colcon.colcon_core.package_identification:_identify(/home/ssfa/ros2_ws/src/yolo_tutorial) by extensions ['ros']
[0.273s] Level 1:colcon.colcon_core.package_identification:_identify(/home/ssfa/ros2_ws/src/yolo_tutorial) by extension 'ros'
[0.273s] Level 1:colcon.colcon_core.package_identification:_identify(/home/ssfa/ros2_ws/src/yolo_tutorial) by extensions ['cmake', 'python']
[0.273s] Level 1:colcon.colcon_core.package_identification:_identify(/home/ssfa/ros2_ws/src/yolo_tutorial) by extension 'cmake'
[0.273s] Level 1:colcon.colcon_core.package_identification:_identify(/home/ssfa/ros2_ws/src/yolo_tutorial) by extension 'python'
[0.273s] Level 1:colcon.colcon_core.package_identification:_identify(/home/ssfa/ros2_ws/src/yolo_tutorial) by extensions ['python_setup_py']
[0.273s] Level 1:colcon.colcon_core.package_identification:_identify(/home/ssfa/ros2_ws/src/yolo_tutorial) by extension 'python_setup_py'
[0.273s] Level 1:colcon.colcon_core.package_identification:_identify(/home/ssfa/ros2_ws/src/yolov8_ros) by extensions ['ignore', 'ignore_ament_install']
[0.273s] Level 1:colcon.colcon_core.package_identification:_identify(/home/ssfa/ros2_ws/src/yolov8_ros) by extension 'ignore'
[0.273s] Level 1:colcon.colcon_core.package_identification:_identify(/home/ssfa/ros2_ws/src/yolov8_ros) by extension 'ignore_ament_install'
[0.273s] Level 1:colcon.colcon_core.package_identification:_identify(/home/ssfa/ros2_ws/src/yolov8_ros) by extensions ['colcon_pkg']
[0.273s] Level 1:colcon.colcon_core.package_identification:_identify(/home/ssfa/ros2_ws/src/yolov8_ros) by extension 'colcon_pkg'
[0.273s] Level 1:colcon.colcon_core.package_identification:_identify(/home/ssfa/ros2_ws/src/yolov8_ros) by extensions ['colcon_meta']
[0.273s] Level 1:colcon.colcon_core.package_identification:_identify(/home/ssfa/ros2_ws/src/yolov8_ros) by extension 'colcon_meta'
[0.273s] Level 1:colcon.colcon_core.package_identification:_identify(/home/ssfa/ros2_ws/src/yolov8_ros) by extensions ['ros']
[0.273s] Level 1:colcon.colcon_core.package_identification:_identify(/home/ssfa/ros2_ws/src/yolov8_ros) by extension 'ros'
[0.274s] Level 1:colcon.colcon_core.package_identification:_identify(/home/ssfa/ros2_ws/src/yolov8_ros) by extensions ['cmake', 'python']
[0.274s] Level 1:colcon.colcon_core.package_identification:_identify(/home/ssfa/ros2_ws/src/yolov8_ros) by extension 'cmake'
[0.274s] Level 1:colcon.colcon_core.package_identification:_identify(/home/ssfa/ros2_ws/src/yolov8_ros) by extension 'python'
[0.274s] Level 1:colcon.colcon_core.package_identification:_identify(/home/ssfa/ros2_ws/src/yolov8_ros) by extensions ['python_setup_py']
[0.274s] Level 1:colcon.colcon_core.package_identification:_identify(/home/ssfa/ros2_ws/src/yolov8_ros) by extension 'python_setup_py'
[0.274s] Level 1:colcon.colcon_core.package_identification:_identify(/home/ssfa/ros2_ws/src/yolov8_ros/docs) by extensions ['ignore', 'ignore_ament_install']
[0.274s] Level 1:colcon.colcon_core.package_identification:_identify(/home/ssfa/ros2_ws/src/yolov8_ros/docs) by extension 'ignore'
[0.274s] Level 1:colcon.colcon_core.package_identification:_identify(/home/ssfa/ros2_ws/src/yolov8_ros/docs) by extension 'ignore_ament_install'
[0.274s] Level 1:colcon.colcon_core.package_identification:_identify(/home/ssfa/ros2_ws/src/yolov8_ros/docs) by extensions ['colcon_pkg']
[0.274s] Level 1:colcon.colcon_core.package_identification:_identify(/home/ssfa/ros2_ws/src/yolov8_ros/docs) by extension 'colcon_pkg'
[0.274s] Level 1:colcon.colcon_core.package_identification:_identify(/home/ssfa/ros2_ws/src/yolov8_ros/docs) by extensions ['colcon_meta']
[0.274s] Level 1:colcon.colcon_core.package_identification:_identify(/home/ssfa/ros2_ws/src/yolov8_ros/docs) by extension 'colcon_meta'
[0.274s] Level 1:colcon.colcon_core.package_identification:_identify(/home/ssfa/ros2_ws/src/yolov8_ros/docs) by extensions ['ros']
[0.274s] Level 1:colcon.colcon_core.package_identification:_identify(/home/ssfa/ros2_ws/src/yolov8_ros/docs) by extension 'ros'
[0.274s] Level 1:colcon.colcon_core.package_identification:_identify(/home/ssfa/ros2_ws/src/yolov8_ros/docs) by extensions ['cmake', 'python']
[0.274s] Level 1:colcon.colcon_core.package_identification:_identify(/home/ssfa/ros2_ws/src/yolov8_ros/docs) by extension 'cmake'
[0.274s] Level 1:colcon.colcon_core.package_identification:_identify(/home/ssfa/ros2_ws/src/yolov8_ros/docs) by extension 'python'
[0.274s] Level 1:colcon.colcon_core.package_identification:_identify(/home/ssfa/ros2_ws/src/yolov8_ros/docs) by extensions ['python_setup_py']
[0.274s] Level 1:colcon.colcon_core.package_identification:_identify(/home/ssfa/ros2_ws/src/yolov8_ros/docs) by extension 'python_setup_py'
[0.274s] Level 1:colcon.colcon_core.package_identification:_identify(/home/ssfa/ros2_ws/src/yolov8_ros/yolov8_bringup) by extensions ['ignore', 'ignore_ament_install']
[0.274s] Level 1:colcon.colcon_core.package_identification:_identify(/home/ssfa/ros2_ws/src/yolov8_ros/yolov8_bringup) by extension 'ignore'
[0.274s] Level 1:colcon.colcon_core.package_identification:_identify(/home/ssfa/ros2_ws/src/yolov8_ros/yolov8_bringup) by extension 'ignore_ament_install'
[0.274s] Level 1:colcon.colcon_core.package_identification:_identify(/home/ssfa/ros2_ws/src/yolov8_ros/yolov8_bringup) by extensions ['colcon_pkg']
[0.274s] Level 1:colcon.colcon_core.package_identification:_identify(/home/ssfa/ros2_ws/src/yolov8_ros/yolov8_bringup) by extension 'colcon_pkg'
[0.274s] Level 1:colcon.colcon_core.package_identification:_identify(/home/ssfa/ros2_ws/src/yolov8_ros/yolov8_bringup) by extensions ['colcon_meta']
[0.274s] Level 1:colcon.colcon_core.package_identification:_identify(/home/ssfa/ros2_ws/src/yolov8_ros/yolov8_bringup) by extension 'colcon_meta'
[0.274s] Level 1:colcon.colcon_core.package_identification:_identify(/home/ssfa/ros2_ws/src/yolov8_ros/yolov8_bringup) by extensions ['ros']
[0.274s] Level 1:colcon.colcon_core.package_identification:_identify(/home/ssfa/ros2_ws/src/yolov8_ros/yolov8_bringup) by extension 'ros'
[0.275s] DEBUG:colcon.colcon_core.package_identification:Package '/home/ssfa/ros2_ws/src/yolov8_ros/yolov8_bringup' with type 'ros.ament_cmake' and name 'yolov8_bringup'
[0.275s] Level 1:colcon.colcon_core.package_identification:_identify(/home/ssfa/ros2_ws/src/yolov8_ros/yolov8_msgs) by extensions ['ignore', 'ignore_ament_install']
[0.275s] Level 1:colcon.colcon_core.package_identification:_identify(/home/ssfa/ros2_ws/src/yolov8_ros/yolov8_msgs) by extension 'ignore'
[0.275s] Level 1:colcon.colcon_core.package_identification:_identify(/home/ssfa/ros2_ws/src/yolov8_ros/yolov8_msgs) by extension 'ignore_ament_install'
[0.275s] Level 1:colcon.colcon_core.package_identification:_identify(/home/ssfa/ros2_ws/src/yolov8_ros/yolov8_msgs) by extensions ['colcon_pkg']
[0.275s] Level 1:colcon.colcon_core.package_identification:_identify(/home/ssfa/ros2_ws/src/yolov8_ros/yolov8_msgs) by extension 'colcon_pkg'
[0.275s] Level 1:colcon.colcon_core.package_identification:_identify(/home/ssfa/ros2_ws/src/yolov8_ros/yolov8_msgs) by extensions ['colcon_meta']
[0.275s] Level 1:colcon.colcon_core.package_identification:_identify(/home/ssfa/ros2_ws/src/yolov8_ros/yolov8_msgs) by extension 'colcon_meta'
[0.275s] Level 1:colcon.colcon_core.package_identification:_identify(/home/ssfa/ros2_ws/src/yolov8_ros/yolov8_msgs) by extensions ['ros']
[0.275s] Level 1:colcon.colcon_core.package_identification:_identify(/home/ssfa/ros2_ws/src/yolov8_ros/yolov8_msgs) by extension 'ros'
[0.275s] DEBUG:colcon.colcon_core.package_identification:Package '/home/ssfa/ros2_ws/src/yolov8_ros/yolov8_msgs' with type 'ros.ament_cmake' and name 'yolov8_msgs'
[0.275s] Level 1:colcon.colcon_core.package_identification:_identify(/home/ssfa/ros2_ws/src/yolov8_ros/yolov8_ros) by extensions ['ignore', 'ignore_ament_install']
[0.276s] Level 1:colcon.colcon_core.package_identification:_identify(/home/ssfa/ros2_ws/src/yolov8_ros/yolov8_ros) by extension 'ignore'
[0.276s] Level 1:colcon.colcon_core.package_identification:_identify(/home/ssfa/ros2_ws/src/yolov8_ros/yolov8_ros) by extension 'ignore_ament_install'
[0.276s] Level 1:colcon.colcon_core.package_identification:_identify(/home/ssfa/ros2_ws/src/yolov8_ros/yolov8_ros) by extensions ['colcon_pkg']
[0.276s] Level 1:colcon.colcon_core.package_identification:_identify(/home/ssfa/ros2_ws/src/yolov8_ros/yolov8_ros) by extension 'colcon_pkg'
[0.276s] Level 1:colcon.colcon_core.package_identification:_identify(/home/ssfa/ros2_ws/src/yolov8_ros/yolov8_ros) by extensions ['colcon_meta']
[0.276s] Level 1:colcon.colcon_core.package_identification:_identify(/home/ssfa/ros2_ws/src/yolov8_ros/yolov8_ros) by extension 'colcon_meta'
[0.276s] Level 1:colcon.colcon_core.package_identification:_identify(/home/ssfa/ros2_ws/src/yolov8_ros/yolov8_ros) by extensions ['ros']
[0.276s] Level 1:colcon.colcon_core.package_identification:_identify(/home/ssfa/ros2_ws/src/yolov8_ros/yolov8_ros) by extension 'ros'
[0.276s] DEBUG:colcon.colcon_core.package_identification:Package '/home/ssfa/ros2_ws/src/yolov8_ros/yolov8_ros' with type 'ros.ament_python' and name 'yolov8_ros'
[0.276s] Level 1:colcon.colcon_core.package_discovery:discover_packages(recursive) using defaults
