[1.630s] Invoking command in '/home/ssfa/ros2_ws/src/client_pkg': PYTHONPATH=/home/ssfa/ros2_ws/build/client_pkg/prefix_override:/usr/lib/python3/dist-packages/colcon_core/task/python/colcon_distutils_commands:/home/ssfa/ros2_ws/install/client_pkg/lib/python3.10/site-packages:${PYTHONPATH} /usr/bin/python3 -W ignore:setup.py install is deprecated setup.py egg_info --egg-base ../../build/client_pkg build --build-base /home/ssfa/ros2_ws/build/client_pkg/build install --record /home/ssfa/ros2_ws/build/client_pkg/install.log --single-version-externally-managed install_data
[1.925s] running egg_info
[1.926s] writing ../../build/client_pkg/client_pkg.egg-info/PKG-INFO
[1.926s] writing dependency_links to ../../build/client_pkg/client_pkg.egg-info/dependency_links.txt
[1.927s] writing entry points to ../../build/client_pkg/client_pkg.egg-info/entry_points.txt
[1.933s] writing requirements to ../../build/client_pkg/client_pkg.egg-info/requires.txt
[1.933s] writing top-level names to ../../build/client_pkg/client_pkg.egg-info/top_level.txt
[1.933s] reading manifest file '../../build/client_pkg/client_pkg.egg-info/SOURCES.txt'
[1.933s] writing manifest file '../../build/client_pkg/client_pkg.egg-info/SOURCES.txt'
[1.933s] running build
[1.933s] running build_py
[1.933s] running install
[1.933s] running install_lib
[1.934s] running install_data
[1.934s] running install_egg_info
[1.937s] removing '/home/ssfa/ros2_ws/install/client_pkg/lib/python3.10/site-packages/client_pkg-0.0.0-py3.10.egg-info' (and everything under it)
[1.937s] Copying ../../build/client_pkg/client_pkg.egg-info to /home/ssfa/ros2_ws/install/client_pkg/lib/python3.10/site-packages/client_pkg-0.0.0-py3.10.egg-info
[1.938s] running install_scripts
[1.968s] Installing service_client script to /home/ssfa/ros2_ws/install/client_pkg/lib/client_pkg
[1.969s] Installing stop_client script to /home/ssfa/ros2_ws/install/client_pkg/lib/client_pkg
[1.969s] writing list of installed files to '/home/ssfa/ros2_ws/build/client_pkg/install.log'
[2.312s] Invoked command in '/home/ssfa/ros2_ws/src/client_pkg' returned '0': PYTHONPATH=/home/ssfa/ros2_ws/build/client_pkg/prefix_override:/usr/lib/python3/dist-packages/colcon_core/task/python/colcon_distutils_commands:/home/ssfa/ros2_ws/install/client_pkg/lib/python3.10/site-packages:${PYTHONPATH} /usr/bin/python3 -W ignore:setup.py install is deprecated setup.py egg_info --egg-base ../../build/client_pkg build --build-base /home/ssfa/ros2_ws/build/client_pkg/build install --record /home/ssfa/ros2_ws/build/client_pkg/install.log --single-version-externally-managed install_data
