[1.313s] Invoking command in '/home/ssfa/ros2_ws/build/publisher_pkg': PYTHONPATH=/home/ssfa/ros2_ws/build/publisher_pkg/prefix_override:/usr/lib/python3/dist-packages/colcon_core/task/python/colcon_distutils_commands:/home/ssfa/ros2_ws/install/publisher_pkg/lib/python3.10/site-packages:${PYTHONPATH} /usr/bin/python3 -W ignore:setup.py install is deprecated setup.py develop --uninstall --editable --build-directory /home/ssfa/ros2_ws/build/publisher_pkg/build
[1.653s] /usr/lib/python3/dist-packages/setuptools/command/easy_install.py:158: EasyInstallDeprecationWarning: easy_install command is deprecated. Use build and pip and other standards-based tools.
[1.653s]   warnings.warn(
[1.653s] running develop
[1.820s] Removing /home/ssfa/ros2_ws/install/publisher_pkg/lib/python3.10/site-packages/publisher-pkg.egg-link (link to .)
[2.279s] Invoked command in '/home/ssfa/ros2_ws/build/publisher_pkg' returned '0': PYTHONPATH=/home/ssfa/ros2_ws/build/publisher_pkg/prefix_override:/usr/lib/python3/dist-packages/colcon_core/task/python/colcon_distutils_commands:/home/ssfa/ros2_ws/install/publisher_pkg/lib/python3.10/site-packages:${PYTHONPATH} /usr/bin/python3 -W ignore:setup.py install is deprecated setup.py develop --uninstall --editable --build-directory /home/ssfa/ros2_ws/build/publisher_pkg/build
[2.280s] Invoking command in '/home/ssfa/ros2_ws/src/publisher_pkg': PYTHONPATH=/home/ssfa/ros2_ws/build/publisher_pkg/prefix_override:/usr/lib/python3/dist-packages/colcon_core/task/python/colcon_distutils_commands:/home/ssfa/ros2_ws/install/publisher_pkg/lib/python3.10/site-packages:${PYTHONPATH} /usr/bin/python3 -W ignore:setup.py install is deprecated setup.py egg_info --egg-base ../../build/publisher_pkg build --build-base /home/ssfa/ros2_ws/build/publisher_pkg/build install --record /home/ssfa/ros2_ws/build/publisher_pkg/install.log --single-version-externally-managed install_data --force
[2.764s] running egg_info
[2.766s] writing ../../build/publisher_pkg/publisher_pkg.egg-info/PKG-INFO
[2.766s] writing dependency_links to ../../build/publisher_pkg/publisher_pkg.egg-info/dependency_links.txt
[2.766s] writing entry points to ../../build/publisher_pkg/publisher_pkg.egg-info/entry_points.txt
[2.766s] writing requirements to ../../build/publisher_pkg/publisher_pkg.egg-info/requires.txt
[2.766s] writing top-level names to ../../build/publisher_pkg/publisher_pkg.egg-info/top_level.txt
[2.772s] reading manifest file '../../build/publisher_pkg/publisher_pkg.egg-info/SOURCES.txt'
[2.773s] writing manifest file '../../build/publisher_pkg/publisher_pkg.egg-info/SOURCES.txt'
[2.774s] running build
[2.774s] running build_py
[2.776s] running install
[2.777s] running install_lib
[2.778s] creating /home/ssfa/ros2_ws/install/publisher_pkg/lib/python3.10/site-packages/publisher_pkg
[2.778s] copying /home/ssfa/ros2_ws/build/publisher_pkg/build/lib/publisher_pkg/simple_publisher.py -> /home/ssfa/ros2_ws/install/publisher_pkg/lib/python3.10/site-packages/publisher_pkg
[2.778s] copying /home/ssfa/ros2_ws/build/publisher_pkg/build/lib/publisher_pkg/__init__.py -> /home/ssfa/ros2_ws/install/publisher_pkg/lib/python3.10/site-packages/publisher_pkg
[2.779s] byte-compiling /home/ssfa/ros2_ws/install/publisher_pkg/lib/python3.10/site-packages/publisher_pkg/simple_publisher.py to simple_publisher.cpython-310.pyc
[2.786s] byte-compiling /home/ssfa/ros2_ws/install/publisher_pkg/lib/python3.10/site-packages/publisher_pkg/__init__.py to __init__.cpython-310.pyc
[2.787s] running install_data
[2.788s] copying resource/publisher_pkg -> /home/ssfa/ros2_ws/install/publisher_pkg/share/ament_index/resource_index/packages
[2.788s] copying package.xml -> /home/ssfa/ros2_ws/install/publisher_pkg/share/publisher_pkg
[2.788s] copying launch/publisher_pkg_launch_file.launch.py -> /home/ssfa/ros2_ws/install/publisher_pkg/share/publisher_pkg
[2.788s] running install_egg_info
[2.791s] Copying ../../build/publisher_pkg/publisher_pkg.egg-info to /home/ssfa/ros2_ws/install/publisher_pkg/lib/python3.10/site-packages/publisher_pkg-0.0.0-py3.10.egg-info
[2.793s] running install_scripts
[2.836s] Installing simple_publisher script to /home/ssfa/ros2_ws/install/publisher_pkg/lib/publisher_pkg
[2.836s] writing list of installed files to '/home/ssfa/ros2_ws/build/publisher_pkg/install.log'
[3.028s] Invoked command in '/home/ssfa/ros2_ws/src/publisher_pkg' returned '0': PYTHONPATH=/home/ssfa/ros2_ws/build/publisher_pkg/prefix_override:/usr/lib/python3/dist-packages/colcon_core/task/python/colcon_distutils_commands:/home/ssfa/ros2_ws/install/publisher_pkg/lib/python3.10/site-packages:${PYTHONPATH} /usr/bin/python3 -W ignore:setup.py install is deprecated setup.py egg_info --egg-base ../../build/publisher_pkg build --build-base /home/ssfa/ros2_ws/build/publisher_pkg/build install --record /home/ssfa/ros2_ws/build/publisher_pkg/install.log --single-version-externally-managed install_data --force
