running egg_info
writing ../../build/exercise_pkg/exercise_pkg.egg-info/PKG-INFO
writing dependency_links to ../../build/exercise_pkg/exercise_pkg.egg-info/dependency_links.txt
writing entry points to ../../build/exercise_pkg/exercise_pkg.egg-info/entry_points.txt
writing requirements to ../../build/exercise_pkg/exercise_pkg.egg-info/requires.txt
writing top-level names to ../../build/exercise_pkg/exercise_pkg.egg-info/top_level.txt
reading manifest file '../../build/exercise_pkg/exercise_pkg.egg-info/SOURCES.txt'
writing manifest file '../../build/exercise_pkg/exercise_pkg.egg-info/SOURCES.txt'
running build
running build_py
running install
running install_lib
running install_data
running install_egg_info
removing '/home/ssfa/ros2_ws/install/exercise_pkg/lib/python3.10/site-packages/exercise_pkg-0.0.0-py3.10.egg-info' (and everything under it)
Copying ../../build/exercise_pkg/exercise_pkg.egg-info to /home/ssfa/ros2_ws/install/exercise_pkg/lib/python3.10/site-packages/exercise_pkg-0.0.0-py3.10.egg-info
running install_scripts
Installing exercise1 script to /home/ssfa/ros2_ws/install/exercise_pkg/lib/exercise_pkg
Installing exercise2 script to /home/ssfa/ros2_ws/install/exercise_pkg/lib/exercise_pkg
Installing exercise3 script to /home/ssfa/ros2_ws/install/exercise_pkg/lib/exercise_pkg
writing list of installed files to '/home/ssfa/ros2_ws/build/exercise_pkg/install.log'
