[2.347s] Invoking command in '/home/ssfa/ros2_ws/src/t3/services_pkg': PYTHONPATH=/home/ssfa/ros2_ws/build/services_pkg/prefix_override:/usr/lib/python3/dist-packages/colcon_core/task/python/colcon_distutils_commands:/home/ssfa/ros2_ws/install/services_pkg/lib/python3.10/site-packages:${PYTHONPATH} /usr/bin/python3 -W ignore:setup.py install is deprecated setup.py egg_info --egg-base ../../../build/services_pkg build --build-base /home/ssfa/ros2_ws/build/services_pkg/build install --record /home/ssfa/ros2_ws/build/services_pkg/install.log --install-scripts $base/lib/services_pkg --single-version-externally-managed install_data
[2.756s] /usr/lib/python3/dist-packages/setuptools/dist.py:723: UserWarning: Usage of dash-separated 'script-dir' will not be supported in future versions. Please use the underscore name 'script_dir' instead
[2.756s]   warnings.warn(
[2.769s] running egg_info
[2.771s] writing ../../../build/services_pkg/services_pkg.egg-info/PKG-INFO
[2.772s] writing dependency_links to ../../../build/services_pkg/services_pkg.egg-info/dependency_links.txt
[2.773s] writing entry points to ../../../build/services_pkg/services_pkg.egg-info/entry_points.txt
[2.773s] writing requirements to ../../../build/services_pkg/services_pkg.egg-info/requires.txt
[2.773s] writing top-level names to ../../../build/services_pkg/services_pkg.egg-info/top_level.txt
[2.776s] reading manifest file '../../../build/services_pkg/services_pkg.egg-info/SOURCES.txt'
[2.777s] writing manifest file '../../../build/services_pkg/services_pkg.egg-info/SOURCES.txt'
[2.777s] running build
[2.777s] running build_py
[2.778s] running install
[2.778s] running install_lib
[2.780s] running install_data
[2.781s] running install_egg_info
[2.784s] removing '/home/ssfa/ros2_ws/install/services_pkg/lib/python3.10/site-packages/services_pkg-0.0.0-py3.10.egg-info' (and everything under it)
[2.784s] Copying ../../../build/services_pkg/services_pkg.egg-info to /home/ssfa/ros2_ws/install/services_pkg/lib/python3.10/site-packages/services_pkg-0.0.0-py3.10.egg-info
[2.785s] running install_scripts
[2.823s] Installing service script to /home/ssfa/ros2_ws/install/services_pkg/lib/services_pkg
[2.823s] Installing service2 script to /home/ssfa/ros2_ws/install/services_pkg/lib/services_pkg
[2.823s] Installing service_client script to /home/ssfa/ros2_ws/install/services_pkg/lib/services_pkg
[2.824s] writing list of installed files to '/home/ssfa/ros2_ws/build/services_pkg/install.log'
[3.159s] Invoked command in '/home/ssfa/ros2_ws/src/t3/services_pkg' returned '0': PYTHONPATH=/home/ssfa/ros2_ws/build/services_pkg/prefix_override:/usr/lib/python3/dist-packages/colcon_core/task/python/colcon_distutils_commands:/home/ssfa/ros2_ws/install/services_pkg/lib/python3.10/site-packages:${PYTHONPATH} /usr/bin/python3 -W ignore:setup.py install is deprecated setup.py egg_info --egg-base ../../../build/services_pkg build --build-base /home/ssfa/ros2_ws/build/services_pkg/build install --record /home/ssfa/ros2_ws/build/services_pkg/install.log --install-scripts $base/lib/services_pkg --single-version-externally-managed install_data
