[0.077s] Invoking command in '/home/ssfa/ros2_ws/build/turtlebot3_description': CMAKE_PREFIX_PATH=${CMAKE_PREFIX_PATH}:/home/ssfa/ros2_ws/install/client_pkg:/home/ssfa/ros2_ws/install/visionsensor:/home/ssfa/ros2_ws/install/turtlebot3_teleop:/home/ssfa/ros2_ws/install/turtlebot3_example:/home/ssfa/ros2_ws/install/topic_exercise:/home/ssfa/ros2_ws/install/subscriber_pkg:/home/ssfa/ros2_ws/install/services_pkg:/home/ssfa/ros2_ws/install/publisher_pkg:/home/ssfa/ros2_ws/install/opencv_tools:/home/ssfa/ros2_ws/install/my_package:/home/ssfa/ros2_ws/install/custom_interface_example:/opt/ros/humble /usr/bin/cmake --build /home/ssfa/ros2_ws/build/turtlebot3_description -- -j12 -l12
[2.008s] Invoked command in '/home/ssfa/ros2_ws/build/turtlebot3_description' returned '0': CMAKE_PREFIX_PATH=${CMAKE_PREFIX_PATH}:/home/ssfa/ros2_ws/install/client_pkg:/home/ssfa/ros2_ws/install/visionsensor:/home/ssfa/ros2_ws/install/turtlebot3_teleop:/home/ssfa/ros2_ws/install/turtlebot3_example:/home/ssfa/ros2_ws/install/topic_exercise:/home/ssfa/ros2_ws/install/subscriber_pkg:/home/ssfa/ros2_ws/install/services_pkg:/home/ssfa/ros2_ws/install/publisher_pkg:/home/ssfa/ros2_ws/install/opencv_tools:/home/ssfa/ros2_ws/install/my_package:/home/ssfa/ros2_ws/install/custom_interface_example:/opt/ros/humble /usr/bin/cmake --build /home/ssfa/ros2_ws/build/turtlebot3_description -- -j12 -l12
[2.074s] Invoking command in '/home/ssfa/ros2_ws/build/turtlebot3_description': CMAKE_PREFIX_PATH=${CMAKE_PREFIX_PATH}:/home/ssfa/ros2_ws/install/client_pkg:/home/ssfa/ros2_ws/install/visionsensor:/home/ssfa/ros2_ws/install/turtlebot3_teleop:/home/ssfa/ros2_ws/install/turtlebot3_example:/home/ssfa/ros2_ws/install/topic_exercise:/home/ssfa/ros2_ws/install/subscriber_pkg:/home/ssfa/ros2_ws/install/services_pkg:/home/ssfa/ros2_ws/install/publisher_pkg:/home/ssfa/ros2_ws/install/opencv_tools:/home/ssfa/ros2_ws/install/my_package:/home/ssfa/ros2_ws/install/custom_interface_example:/opt/ros/humble /usr/bin/cmake --install /home/ssfa/ros2_ws/build/turtlebot3_description
[2.090s] -- Install configuration: ""
[2.091s] -- Execute custom install script
[2.092s] -- Up-to-date symlink: /home/ssfa/ros2_ws/install/turtlebot3_description/share/turtlebot3_description/meshes/bases/burger_base.stl
[2.092s] -- Up-to-date symlink: /home/ssfa/ros2_ws/install/turtlebot3_description/share/turtlebot3_description/meshes/bases/waffle_base.stl
[2.093s] -- Up-to-date symlink: /home/ssfa/ros2_ws/install/turtlebot3_description/share/turtlebot3_description/meshes/bases/waffle_pi_base.stl
[2.093s] -- Up-to-date symlink: /home/ssfa/ros2_ws/install/turtlebot3_description/share/turtlebot3_description/meshes/sensors/astra.dae
[2.093s] -- Up-to-date symlink: /home/ssfa/ros2_ws/install/turtlebot3_description/share/turtlebot3_description/meshes/sensors/astra.jpg
[2.094s] -- Up-to-date symlink: /home/ssfa/ros2_ws/install/turtlebot3_description/share/turtlebot3_description/meshes/sensors/lds.stl
[2.095s] -- Up-to-date symlink: /home/ssfa/ros2_ws/install/turtlebot3_description/share/turtlebot3_description/meshes/sensors/r200.dae
[2.096s] -- Up-to-date symlink: /home/ssfa/ros2_ws/install/turtlebot3_description/share/turtlebot3_description/meshes/sensors/r200.jpg
[2.096s] -- Up-to-date symlink: /home/ssfa/ros2_ws/install/turtlebot3_description/share/turtlebot3_description/meshes/wheels/left_tire.stl
[2.096s] -- Up-to-date symlink: /home/ssfa/ros2_ws/install/turtlebot3_description/share/turtlebot3_description/meshes/wheels/right_tire.stl
[2.097s] -- Up-to-date symlink: /home/ssfa/ros2_ws/install/turtlebot3_description/share/turtlebot3_description/rviz/model.rviz
[2.099s] -- Up-to-date symlink: /home/ssfa/ros2_ws/install/turtlebot3_description/share/turtlebot3_description/urdf/common_properties.urdf
[2.099s] -- Up-to-date symlink: /home/ssfa/ros2_ws/install/turtlebot3_description/share/turtlebot3_description/urdf/turtlebot3_burger.urdf
[2.099s] -- Up-to-date symlink: /home/ssfa/ros2_ws/install/turtlebot3_description/share/turtlebot3_description/urdf/turtlebot3_waffle.urdf
[2.099s] -- Up-to-date symlink: /home/ssfa/ros2_ws/install/turtlebot3_description/share/turtlebot3_description/urdf/turtlebot3_waffle_pi.urdf
[2.099s] -- Up-to-date symlink: /home/ssfa/ros2_ws/install/turtlebot3_description/share/ament_index/resource_index/package_run_dependencies/turtlebot3_description
[2.099s] -- Up-to-date symlink: /home/ssfa/ros2_ws/install/turtlebot3_description/share/ament_index/resource_index/parent_prefix_path/turtlebot3_description
[2.100s] -- Up-to-date symlink: /home/ssfa/ros2_ws/install/turtlebot3_description/share/turtlebot3_description/environment/ament_prefix_path.sh
[2.100s] -- Up-to-date symlink: /home/ssfa/ros2_ws/install/turtlebot3_description/share/turtlebot3_description/environment/ament_prefix_path.dsv
[2.100s] -- Up-to-date symlink: /home/ssfa/ros2_ws/install/turtlebot3_description/share/turtlebot3_description/environment/path.sh
[2.100s] -- Up-to-date symlink: /home/ssfa/ros2_ws/install/turtlebot3_description/share/turtlebot3_description/environment/path.dsv
[2.100s] -- Up-to-date symlink: /home/ssfa/ros2_ws/install/turtlebot3_description/share/turtlebot3_description/local_setup.bash
[2.100s] -- Up-to-date symlink: /home/ssfa/ros2_ws/install/turtlebot3_description/share/turtlebot3_description/local_setup.sh
[2.100s] -- Up-to-date symlink: /home/ssfa/ros2_ws/install/turtlebot3_description/share/turtlebot3_description/local_setup.zsh
[2.101s] -- Up-to-date symlink: /home/ssfa/ros2_ws/install/turtlebot3_description/share/turtlebot3_description/local_setup.dsv
[2.101s] -- Symlinking: /home/ssfa/ros2_ws/install/turtlebot3_description/share/turtlebot3_description/package.dsv
[2.119s] -- Up-to-date symlink: /home/ssfa/ros2_ws/install/turtlebot3_description/share/ament_index/resource_index/packages/turtlebot3_description
[2.120s] -- Up-to-date symlink: /home/ssfa/ros2_ws/install/turtlebot3_description/share/turtlebot3_description/cmake/turtlebot3_descriptionConfig.cmake
[2.120s] -- Up-to-date symlink: /home/ssfa/ros2_ws/install/turtlebot3_description/share/turtlebot3_description/cmake/turtlebot3_descriptionConfig-version.cmake
[2.120s] -- Up-to-date symlink: /home/ssfa/ros2_ws/install/turtlebot3_description/share/turtlebot3_description/package.xml
[2.140s] Invoked command in '/home/ssfa/ros2_ws/build/turtlebot3_description' returned '0': CMAKE_PREFIX_PATH=${CMAKE_PREFIX_PATH}:/home/ssfa/ros2_ws/install/client_pkg:/home/ssfa/ros2_ws/install/visionsensor:/home/ssfa/ros2_ws/install/turtlebot3_teleop:/home/ssfa/ros2_ws/install/turtlebot3_example:/home/ssfa/ros2_ws/install/topic_exercise:/home/ssfa/ros2_ws/install/subscriber_pkg:/home/ssfa/ros2_ws/install/services_pkg:/home/ssfa/ros2_ws/install/publisher_pkg:/home/ssfa/ros2_ws/install/opencv_tools:/home/ssfa/ros2_ws/install/my_package:/home/ssfa/ros2_ws/install/custom_interface_example:/opt/ros/humble /usr/bin/cmake --install /home/ssfa/ros2_ws/build/turtlebot3_description
