[0.055s] Invoking command in '/home/ssfa/ros2_ws/build/turtlebot3_description': CMAKE_PREFIX_PATH=/opt/ros/humble /usr/bin/cmake /home/ssfa/ros2_ws/src/t3/turtlebot3/turtlebot3/turtlebot3_description -DAMENT_CMAKE_SYMLINK_INSTALL=1 -DCMAKE_INSTALL_PREFIX=/home/ssfa/ros2_ws/install/turtlebot3_description
[1.933s] -- The C compiler identification is GNU 11.4.0
[1.933s] -- The CXX compiler identification is GNU 11.4.0
[1.933s] -- Detecting C compiler ABI info
[1.934s] -- Detecting C compiler ABI info - done
[1.934s] -- Check for working C compiler: /usr/bin/cc - skipped
[1.934s] -- Detecting C compile features
[1.934s] -- Detecting C compile features - done
[1.934s] -- Detecting CXX compiler ABI info
[1.934s] -- Detecting CXX compiler ABI info - done
[1.934s] -- Check for working CXX compiler: /usr/bin/c++ - skipped
[1.934s] -- Detecting CXX compile features
[1.934s] -- Detecting CXX compile features - done
[1.934s] -- Found ament_cmake: 1.3.9 (/opt/ros/humble/share/ament_cmake/cmake)
[1.934s] -- Found Python3: /usr/bin/python3 (found version "3.10.12") found components: Interpreter 
[1.934s] -- Override CMake install command with custom implementation using symlinks instead of copying resources
[1.934s] -- Found urdf: 2.6.0 (/opt/ros/humble/share/urdf/cmake)
[1.934s] -- Configuring done
[1.934s] -- Generating done
[1.934s] -- Build files have been written to: /home/ssfa/ros2_ws/build/turtlebot3_description
[1.950s] Invoked command in '/home/ssfa/ros2_ws/build/turtlebot3_description' returned '0': CMAKE_PREFIX_PATH=/opt/ros/humble /usr/bin/cmake /home/ssfa/ros2_ws/src/t3/turtlebot3/turtlebot3/turtlebot3_description -DAMENT_CMAKE_SYMLINK_INSTALL=1 -DCMAKE_INSTALL_PREFIX=/home/ssfa/ros2_ws/install/turtlebot3_description
[1.951s] Invoking command in '/home/ssfa/ros2_ws/build/turtlebot3_description': CMAKE_PREFIX_PATH=/opt/ros/humble /usr/bin/cmake --build /home/ssfa/ros2_ws/build/turtlebot3_description -- -j12 -l12
[2.029s] Invoked command in '/home/ssfa/ros2_ws/build/turtlebot3_description' returned '0': CMAKE_PREFIX_PATH=/opt/ros/humble /usr/bin/cmake --build /home/ssfa/ros2_ws/build/turtlebot3_description -- -j12 -l12
[2.075s] Invoking command in '/home/ssfa/ros2_ws/build/turtlebot3_description': CMAKE_PREFIX_PATH=/opt/ros/humble /usr/bin/cmake --install /home/ssfa/ros2_ws/build/turtlebot3_description
[2.088s] -- Install configuration: ""
[2.089s] -- Execute custom install script
[2.090s] -- Symlinking: /home/ssfa/ros2_ws/install/turtlebot3_description/share/turtlebot3_description/meshes/bases/burger_base.stl
[2.104s] -- Symlinking: /home/ssfa/ros2_ws/install/turtlebot3_description/share/turtlebot3_description/meshes/bases/waffle_base.stl
[2.119s] -- Symlinking: /home/ssfa/ros2_ws/install/turtlebot3_description/share/turtlebot3_description/meshes/bases/waffle_pi_base.stl
[2.133s] -- Symlinking: /home/ssfa/ros2_ws/install/turtlebot3_description/share/turtlebot3_description/meshes/sensors/astra.dae
[2.148s] -- Symlinking: /home/ssfa/ros2_ws/install/turtlebot3_description/share/turtlebot3_description/meshes/sensors/astra.jpg
[2.185s] -- Symlinking: /home/ssfa/ros2_ws/install/turtlebot3_description/share/turtlebot3_description/meshes/sensors/lds.stl
[2.254s] -- Symlinking: /home/ssfa/ros2_ws/install/turtlebot3_description/share/turtlebot3_description/meshes/sensors/r200.dae
[2.306s] -- Symlinking: /home/ssfa/ros2_ws/install/turtlebot3_description/share/turtlebot3_description/meshes/sensors/r200.jpg
[2.341s] -- Symlinking: /home/ssfa/ros2_ws/install/turtlebot3_description/share/turtlebot3_description/meshes/wheels/left_tire.stl
[2.381s] -- Symlinking: /home/ssfa/ros2_ws/install/turtlebot3_description/share/turtlebot3_description/meshes/wheels/right_tire.stl
[2.415s] -- Symlinking: /home/ssfa/ros2_ws/install/turtlebot3_description/share/turtlebot3_description/rviz/model.rviz
[2.441s] -- Symlinking: /home/ssfa/ros2_ws/install/turtlebot3_description/share/turtlebot3_description/urdf/common_properties.urdf
[2.478s] -- Symlinking: /home/ssfa/ros2_ws/install/turtlebot3_description/share/turtlebot3_description/urdf/turtlebot3_burger.urdf
[2.509s] -- Symlinking: /home/ssfa/ros2_ws/install/turtlebot3_description/share/turtlebot3_description/urdf/turtlebot3_waffle.urdf
[2.531s] -- Symlinking: /home/ssfa/ros2_ws/install/turtlebot3_description/share/turtlebot3_description/urdf/turtlebot3_waffle_pi.urdf
[2.547s] -- Symlinking: /home/ssfa/ros2_ws/install/turtlebot3_description/share/ament_index/resource_index/package_run_dependencies/turtlebot3_description
[2.562s] -- Symlinking: /home/ssfa/ros2_ws/install/turtlebot3_description/share/ament_index/resource_index/parent_prefix_path/turtlebot3_description
[2.577s] -- Symlinking: /home/ssfa/ros2_ws/install/turtlebot3_description/share/turtlebot3_description/environment/ament_prefix_path.sh
[2.593s] -- Symlinking: /home/ssfa/ros2_ws/install/turtlebot3_description/share/turtlebot3_description/environment/ament_prefix_path.dsv
[2.635s] -- Symlinking: /home/ssfa/ros2_ws/install/turtlebot3_description/share/turtlebot3_description/environment/path.sh
[2.680s] -- Symlinking: /home/ssfa/ros2_ws/install/turtlebot3_description/share/turtlebot3_description/environment/path.dsv
[2.724s] -- Symlinking: /home/ssfa/ros2_ws/install/turtlebot3_description/share/turtlebot3_description/local_setup.bash
[2.780s] -- Symlinking: /home/ssfa/ros2_ws/install/turtlebot3_description/share/turtlebot3_description/local_setup.sh
[2.808s] -- Symlinking: /home/ssfa/ros2_ws/install/turtlebot3_description/share/turtlebot3_description/local_setup.zsh
[2.823s] -- Symlinking: /home/ssfa/ros2_ws/install/turtlebot3_description/share/turtlebot3_description/local_setup.dsv
[2.842s] -- Symlinking: /home/ssfa/ros2_ws/install/turtlebot3_description/share/turtlebot3_description/package.dsv
[2.858s] -- Symlinking: /home/ssfa/ros2_ws/install/turtlebot3_description/share/ament_index/resource_index/packages/turtlebot3_description
[2.873s] -- Symlinking: /home/ssfa/ros2_ws/install/turtlebot3_description/share/turtlebot3_description/cmake/turtlebot3_descriptionConfig.cmake
[2.891s] -- Symlinking: /home/ssfa/ros2_ws/install/turtlebot3_description/share/turtlebot3_description/cmake/turtlebot3_descriptionConfig-version.cmake
[2.907s] -- Symlinking: /home/ssfa/ros2_ws/install/turtlebot3_description/share/turtlebot3_description/package.xml
[3.059s] Invoked command in '/home/ssfa/ros2_ws/build/turtlebot3_description' returned '0': CMAKE_PREFIX_PATH=/opt/ros/humble /usr/bin/cmake --install /home/ssfa/ros2_ws/build/turtlebot3_description
