[1.331s] Invoking command in '/home/ssfa/ros2_ws/src/yolov8_ros/yolov8_ros': CMAKE_PREFIX_PATH=/home/ssfa/ros2_ws/install/yolov8_msgs:/home/ssfa/ros2_ws/install/yolov8_bringup:/home/ssfa/ros2_ws/install/two_wheeled_robot:/home/ssfa/ros2_ws/install/turtlebot3:/home/ssfa/ros2_ws/install/turtlebot3_simulations:/home/ssfa/ros2_ws/install/turtlebot3_navigation2:/home/ssfa/ros2_ws/install/turtlebot3_msgs:/home/ssfa/ros2_ws/install/turtlebot3_gazebo:/home/ssfa/ros2_ws/install/turtlebot3_bringup:/home/ssfa/ros2_ws/install/turtlebot3_description:/home/ssfa/ros2_ws/install/turtlebot3_cartographer:/home/ssfa/ros2_ws/install/turtlebot3_as:/home/ssfa/ros2_ws/install/tiago_demo:/home/ssfa/ros2_ws/install/t3_action_msg:/home/ssfa/ros2_ws/install/dynamixel_sdk:/home/ssfa/ros2_ws/install/custom_interfaces PYTHONPATH=/home/ssfa/ros2_ws/build/yolov8_ros/prefix_override:/usr/lib/python3/dist-packages/colcon_core/task/python/colcon_distutils_commands:/home/ssfa/ros2_ws/install/yolov8_ros/lib/python3.10/site-packages:${PYTHONPATH} /usr/bin/python3 -W ignore:setup.py install is deprecated setup.py egg_info --egg-base ../../../build/yolov8_ros build --build-base /home/ssfa/ros2_ws/build/yolov8_ros/build install --record /home/ssfa/ros2_ws/build/yolov8_ros/install.log --single-version-externally-managed install_data
[1.706s] running egg_info
[1.707s] creating ../../../build/yolov8_ros/yolov8_ros.egg-info
[1.707s] writing ../../../build/yolov8_ros/yolov8_ros.egg-info/PKG-INFO
[1.708s] writing dependency_links to ../../../build/yolov8_ros/yolov8_ros.egg-info/dependency_links.txt
[1.708s] writing entry points to ../../../build/yolov8_ros/yolov8_ros.egg-info/entry_points.txt
[1.708s] writing requirements to ../../../build/yolov8_ros/yolov8_ros.egg-info/requires.txt
[1.708s] writing top-level names to ../../../build/yolov8_ros/yolov8_ros.egg-info/top_level.txt
[1.708s] writing manifest file '../../../build/yolov8_ros/yolov8_ros.egg-info/SOURCES.txt'
[1.710s] reading manifest file '../../../build/yolov8_ros/yolov8_ros.egg-info/SOURCES.txt'
[1.711s] writing manifest file '../../../build/yolov8_ros/yolov8_ros.egg-info/SOURCES.txt'
[1.711s] running build
[1.711s] running build_py
[1.712s] creating /home/ssfa/ros2_ws/build/yolov8_ros/build
[1.712s] creating /home/ssfa/ros2_ws/build/yolov8_ros/build/lib
[1.712s] creating /home/ssfa/ros2_ws/build/yolov8_ros/build/lib/yolov8_ros
[1.712s] copying yolov8_ros/tracking_node.py -> /home/ssfa/ros2_ws/build/yolov8_ros/build/lib/yolov8_ros
[1.712s] copying yolov8_ros/debug_node.py -> /home/ssfa/ros2_ws/build/yolov8_ros/build/lib/yolov8_ros
[1.712s] copying yolov8_ros/detect_3d_node.py -> /home/ssfa/ros2_ws/build/yolov8_ros/build/lib/yolov8_ros
[1.712s] copying yolov8_ros/yolov8_node.py -> /home/ssfa/ros2_ws/build/yolov8_ros/build/lib/yolov8_ros
[1.712s] copying yolov8_ros/__init__.py -> /home/ssfa/ros2_ws/build/yolov8_ros/build/lib/yolov8_ros
[1.713s] running install
[1.714s] running install_lib
[1.715s] copying /home/ssfa/ros2_ws/build/yolov8_ros/build/lib/yolov8_ros/tracking_node.py -> /home/ssfa/ros2_ws/install/yolov8_ros/lib/python3.10/site-packages/yolov8_ros
[1.715s] copying /home/ssfa/ros2_ws/build/yolov8_ros/build/lib/yolov8_ros/debug_node.py -> /home/ssfa/ros2_ws/install/yolov8_ros/lib/python3.10/site-packages/yolov8_ros
[1.715s] copying /home/ssfa/ros2_ws/build/yolov8_ros/build/lib/yolov8_ros/detect_3d_node.py -> /home/ssfa/ros2_ws/install/yolov8_ros/lib/python3.10/site-packages/yolov8_ros
[1.715s] copying /home/ssfa/ros2_ws/build/yolov8_ros/build/lib/yolov8_ros/yolov8_node.py -> /home/ssfa/ros2_ws/install/yolov8_ros/lib/python3.10/site-packages/yolov8_ros
[1.715s] copying /home/ssfa/ros2_ws/build/yolov8_ros/build/lib/yolov8_ros/__init__.py -> /home/ssfa/ros2_ws/install/yolov8_ros/lib/python3.10/site-packages/yolov8_ros
[1.716s] byte-compiling /home/ssfa/ros2_ws/install/yolov8_ros/lib/python3.10/site-packages/yolov8_ros/tracking_node.py to tracking_node.cpython-310.pyc
[1.718s] byte-compiling /home/ssfa/ros2_ws/install/yolov8_ros/lib/python3.10/site-packages/yolov8_ros/debug_node.py to debug_node.cpython-310.pyc
[1.721s] byte-compiling /home/ssfa/ros2_ws/install/yolov8_ros/lib/python3.10/site-packages/yolov8_ros/detect_3d_node.py to detect_3d_node.cpython-310.pyc
[1.724s] byte-compiling /home/ssfa/ros2_ws/install/yolov8_ros/lib/python3.10/site-packages/yolov8_ros/yolov8_node.py to yolov8_node.cpython-310.pyc
[1.726s] byte-compiling /home/ssfa/ros2_ws/install/yolov8_ros/lib/python3.10/site-packages/yolov8_ros/__init__.py to __init__.cpython-310.pyc
[1.726s] running install_data
[1.726s] copying resource/yolov8_ros -> /home/ssfa/ros2_ws/install/yolov8_ros/share/ament_index/resource_index/packages
[1.726s] copying package.xml -> /home/ssfa/ros2_ws/install/yolov8_ros/share/yolov8_ros
[1.726s] running install_egg_info
[1.729s] removing '/home/ssfa/ros2_ws/install/yolov8_ros/lib/python3.10/site-packages/yolov8_ros-0.0.0-py3.10.egg-info' (and everything under it)
[1.729s] Copying ../../../build/yolov8_ros/yolov8_ros.egg-info to /home/ssfa/ros2_ws/install/yolov8_ros/lib/python3.10/site-packages/yolov8_ros-0.0.0-py3.10.egg-info
[1.730s] running install_scripts
[1.762s] Installing debug_node script to /home/ssfa/ros2_ws/install/yolov8_ros/lib/yolov8_ros
[1.762s] Installing detect_3d_node script to /home/ssfa/ros2_ws/install/yolov8_ros/lib/yolov8_ros
[1.763s] Installing tracking_node script to /home/ssfa/ros2_ws/install/yolov8_ros/lib/yolov8_ros
[1.763s] Installing yolov8_node script to /home/ssfa/ros2_ws/install/yolov8_ros/lib/yolov8_ros
[1.763s] writing list of installed files to '/home/ssfa/ros2_ws/build/yolov8_ros/install.log'
[1.799s] Invoked command in '/home/ssfa/ros2_ws/src/yolov8_ros/yolov8_ros' returned '0': CMAKE_PREFIX_PATH=/home/ssfa/ros2_ws/install/yolov8_msgs:/home/ssfa/ros2_ws/install/yolov8_bringup:/home/ssfa/ros2_ws/install/two_wheeled_robot:/home/ssfa/ros2_ws/install/turtlebot3:/home/ssfa/ros2_ws/install/turtlebot3_simulations:/home/ssfa/ros2_ws/install/turtlebot3_navigation2:/home/ssfa/ros2_ws/install/turtlebot3_msgs:/home/ssfa/ros2_ws/install/turtlebot3_gazebo:/home/ssfa/ros2_ws/install/turtlebot3_bringup:/home/ssfa/ros2_ws/install/turtlebot3_description:/home/ssfa/ros2_ws/install/turtlebot3_cartographer:/home/ssfa/ros2_ws/install/turtlebot3_as:/home/ssfa/ros2_ws/install/tiago_demo:/home/ssfa/ros2_ws/install/t3_action_msg:/home/ssfa/ros2_ws/install/dynamixel_sdk:/home/ssfa/ros2_ws/install/custom_interfaces PYTHONPATH=/home/ssfa/ros2_ws/build/yolov8_ros/prefix_override:/usr/lib/python3/dist-packages/colcon_core/task/python/colcon_distutils_commands:/home/ssfa/ros2_ws/install/yolov8_ros/lib/python3.10/site-packages:${PYTHONPATH} /usr/bin/python3 -W ignore:setup.py install is deprecated setup.py egg_info --egg-base ../../../build/yolov8_ros build --build-base /home/ssfa/ros2_ws/build/yolov8_ros/build install --record /home/ssfa/ros2_ws/build/yolov8_ros/install.log --single-version-externally-managed install_data
