[3.210s] Invoking command in '/home/ssfa/ros2_ws/build/client_pkg': PYTHONPATH=/home/ssfa/ros2_ws/build/client_pkg/prefix_override:/usr/lib/python3/dist-packages/colcon_core/task/python/colcon_distutils_commands:/home/ssfa/ros2_ws/install/client_pkg/lib/python3.10/site-packages:${PYTHONPATH} /usr/bin/python3 -W ignore:setup.py install is deprecated setup.py develop --editable --build-directory /home/ssfa/ros2_ws/build/client_pkg/build --no-deps symlink_data
[3.699s] running develop
[3.699s] /usr/lib/python3/dist-packages/setuptools/command/easy_install.py:158: EasyInstallDeprecationWarning: easy_install command is deprecated. Use build and pip and other standards-based tools.
[3.699s]   warnings.warn(
[3.926s] running egg_info
[3.927s] writing client_pkg.egg-info/PKG-INFO
[3.927s] writing dependency_links to client_pkg.egg-info/dependency_links.txt
[3.927s] writing entry points to client_pkg.egg-info/entry_points.txt
[3.928s] writing requirements to client_pkg.egg-info/requires.txt
[3.928s] writing top-level names to client_pkg.egg-info/top_level.txt
[3.930s] reading manifest file 'client_pkg.egg-info/SOURCES.txt'
[3.931s] writing manifest file 'client_pkg.egg-info/SOURCES.txt'
[3.934s] running build_ext
[3.934s] Creating /home/ssfa/ros2_ws/install/client_pkg/lib/python3.10/site-packages/client-pkg.egg-link (link to .)
[3.935s] Installing service_client script to /home/ssfa/ros2_ws/install/client_pkg/lib/client_pkg
[3.936s] Installing stop_client script to /home/ssfa/ros2_ws/install/client_pkg/lib/client_pkg
[3.936s] 
[3.937s] Installed /home/ssfa/ros2_ws/build/client_pkg
[3.937s] running symlink_data
[4.030s] Invoked command in '/home/ssfa/ros2_ws/build/client_pkg' returned '0': PYTHONPATH=/home/ssfa/ros2_ws/build/client_pkg/prefix_override:/usr/lib/python3/dist-packages/colcon_core/task/python/colcon_distutils_commands:/home/ssfa/ros2_ws/install/client_pkg/lib/python3.10/site-packages:${PYTHONPATH} /usr/bin/python3 -W ignore:setup.py install is deprecated setup.py develop --editable --build-directory /home/ssfa/ros2_ws/build/client_pkg/build --no-deps symlink_data
