running develop
running egg_info
creating cv_basics.egg-info
writing cv_basics.egg-info/PKG-INFO
writing dependency_links to cv_basics.egg-info/dependency_links.txt
writing entry points to cv_basics.egg-info/entry_points.txt
writing requirements to cv_basics.egg-info/requires.txt
writing top-level names to cv_basics.egg-info/top_level.txt
writing manifest file 'cv_basics.egg-info/SOURCES.txt'
reading manifest file 'cv_basics.egg-info/SOURCES.txt'
writing manifest file 'cv_basics.egg-info/SOURCES.txt'
running build_ext
Creating /home/ssfa/ros2_ws/install/cv_basics/lib/python3.10/site-packages/cv-basics.egg-link (link to .)
Installing img_publisher script to /home/ssfa/ros2_ws/install/cv_basics/lib/cv_basics
Installing img_subscriber script to /home/ssfa/ros2_ws/install/cv_basics/lib/cv_basics

Installed /home/ssfa/ros2_ws/build/cv_basics
running symlink_data
creating /home/ssfa/ros2_ws/install/cv_basics/share/ament_index
creating /home/ssfa/ros2_ws/install/cv_basics/share/ament_index/resource_index
creating /home/ssfa/ros2_ws/install/cv_basics/share/ament_index/resource_index/packages
symbolically linking /home/ssfa/ros2_ws/build/cv_basics/resource/cv_basics -> /home/ssfa/ros2_ws/install/cv_basics/share/ament_index/resource_index/packages
symbolically linking /home/ssfa/ros2_ws/build/cv_basics/package.xml -> /home/ssfa/ros2_ws/install/cv_basics/share/cv_basics
