[1.270s] Invoking command in '/home/ssfa/ros2_ws/build/subscriber_pkg': PYTHONPATH=/home/ssfa/ros2_ws/build/subscriber_pkg/prefix_override:/usr/lib/python3/dist-packages/colcon_core/task/python/colcon_distutils_commands:/home/ssfa/ros2_ws/install/subscriber_pkg/lib/python3.10/site-packages:${PYTHONPATH} /usr/bin/python3 -W ignore:setup.py install is deprecated setup.py develop --editable --build-directory /home/ssfa/ros2_ws/build/subscriber_pkg/build --no-deps symlink_data --force
[1.656s] running develop
[1.656s] /usr/lib/python3/dist-packages/setuptools/command/easy_install.py:158: EasyInstallDeprecationWarning: easy_install command is deprecated. Use build and pip and other standards-based tools.
[1.656s]   warnings.warn(
[1.918s] running egg_info
[1.918s] writing subscriber_pkg.egg-info/PKG-INFO
[1.918s] writing dependency_links to subscriber_pkg.egg-info/dependency_links.txt
[1.918s] writing entry points to subscriber_pkg.egg-info/entry_points.txt
[1.919s] writing requirements to subscriber_pkg.egg-info/requires.txt
[1.919s] writing top-level names to subscriber_pkg.egg-info/top_level.txt
[1.922s] reading manifest file 'subscriber_pkg.egg-info/SOURCES.txt'
[1.922s] writing manifest file 'subscriber_pkg.egg-info/SOURCES.txt'
[1.924s] running build_ext
[1.925s] Creating /home/ssfa/ros2_ws/install/subscriber_pkg/lib/python3.10/site-packages/subscriber-pkg.egg-link (link to .)
[1.926s] Installing simple_subscriber script to /home/ssfa/ros2_ws/install/subscriber_pkg/lib/subscriber_pkg
[1.933s] 
[1.933s] Installed /home/ssfa/ros2_ws/build/subscriber_pkg
[1.933s] running symlink_data
[1.933s] symbolically linking /home/ssfa/ros2_ws/build/subscriber_pkg/resource/subscriber_pkg -> /home/ssfa/ros2_ws/install/subscriber_pkg/share/ament_index/resource_index/packages
[1.933s] symbolically linking /home/ssfa/ros2_ws/build/subscriber_pkg/package.xml -> /home/ssfa/ros2_ws/install/subscriber_pkg/share/subscriber_pkg
[1.933s] symbolically linking /home/ssfa/ros2_ws/build/subscriber_pkg/launch/subscriber_pkg_launch_file.launch.py -> /home/ssfa/ros2_ws/install/subscriber_pkg/share/subscriber_pkg
[1.962s] Invoked command in '/home/ssfa/ros2_ws/build/subscriber_pkg' returned '0': PYTHONPATH=/home/ssfa/ros2_ws/build/subscriber_pkg/prefix_override:/usr/lib/python3/dist-packages/colcon_core/task/python/colcon_distutils_commands:/home/ssfa/ros2_ws/install/subscriber_pkg/lib/python3.10/site-packages:${PYTHONPATH} /usr/bin/python3 -W ignore:setup.py install is deprecated setup.py develop --editable --build-directory /home/ssfa/ros2_ws/build/subscriber_pkg/build --no-deps symlink_data --force
