running develop
/usr/lib/python3/dist-packages/setuptools/command/easy_install.py:158: EasyInstallDeprecationWarning: easy_install command is deprecated. Use build and pip and other standards-based tools.
  warnings.warn(
Removing /home/ssfa/ros2_ws/install/exercise_pkg/lib/python3.10/site-packages/exercise-pkg.egg-link (link to .)
running egg_info
writing ../../build/exercise_pkg/exercise_pkg.egg-info/PKG-INFO
writing dependency_links to ../../build/exercise_pkg/exercise_pkg.egg-info/dependency_links.txt
writing entry points to ../../build/exercise_pkg/exercise_pkg.egg-info/entry_points.txt
writing requirements to ../../build/exercise_pkg/exercise_pkg.egg-info/requires.txt
writing top-level names to ../../build/exercise_pkg/exercise_pkg.egg-info/top_level.txt
reading manifest file '../../build/exercise_pkg/exercise_pkg.egg-info/SOURCES.txt'
writing manifest file '../../build/exercise_pkg/exercise_pkg.egg-info/SOURCES.txt'
running build
running build_py
creating /home/ssfa/ros2_ws/build/exercise_pkg/build
creating /home/ssfa/ros2_ws/build/exercise_pkg/build/lib
creating /home/ssfa/ros2_ws/build/exercise_pkg/build/lib/exercise_pkg
copying exercise_pkg/exercise3.py -> /home/ssfa/ros2_ws/build/exercise_pkg/build/lib/exercise_pkg
copying exercise_pkg/exercise2.py -> /home/ssfa/ros2_ws/build/exercise_pkg/build/lib/exercise_pkg
copying exercise_pkg/exercise1.py -> /home/ssfa/ros2_ws/build/exercise_pkg/build/lib/exercise_pkg
copying exercise_pkg/__init__.py -> /home/ssfa/ros2_ws/build/exercise_pkg/build/lib/exercise_pkg
running install
running install_lib
creating /home/ssfa/ros2_ws/install/exercise_pkg/lib/python3.10/site-packages/exercise_pkg
copying /home/ssfa/ros2_ws/build/exercise_pkg/build/lib/exercise_pkg/exercise3.py -> /home/ssfa/ros2_ws/install/exercise_pkg/lib/python3.10/site-packages/exercise_pkg
copying /home/ssfa/ros2_ws/build/exercise_pkg/build/lib/exercise_pkg/exercise2.py -> /home/ssfa/ros2_ws/install/exercise_pkg/lib/python3.10/site-packages/exercise_pkg
copying /home/ssfa/ros2_ws/build/exercise_pkg/build/lib/exercise_pkg/exercise1.py -> /home/ssfa/ros2_ws/install/exercise_pkg/lib/python3.10/site-packages/exercise_pkg
copying /home/ssfa/ros2_ws/build/exercise_pkg/build/lib/exercise_pkg/__init__.py -> /home/ssfa/ros2_ws/install/exercise_pkg/lib/python3.10/site-packages/exercise_pkg
byte-compiling /home/ssfa/ros2_ws/install/exercise_pkg/lib/python3.10/site-packages/exercise_pkg/exercise3.py to exercise3.cpython-310.pyc
byte-compiling /home/ssfa/ros2_ws/install/exercise_pkg/lib/python3.10/site-packages/exercise_pkg/exercise2.py to exercise2.cpython-310.pyc
byte-compiling /home/ssfa/ros2_ws/install/exercise_pkg/lib/python3.10/site-packages/exercise_pkg/exercise1.py to exercise1.cpython-310.pyc
byte-compiling /home/ssfa/ros2_ws/install/exercise_pkg/lib/python3.10/site-packages/exercise_pkg/__init__.py to __init__.cpython-310.pyc
running install_data
copying resource/exercise_pkg -> /home/ssfa/ros2_ws/install/exercise_pkg/share/ament_index/resource_index/packages
copying package.xml -> /home/ssfa/ros2_ws/install/exercise_pkg/share/exercise_pkg
copying launch/exercise3.launch.py -> /home/ssfa/ros2_ws/install/exercise_pkg/share/exercise_pkg/launch
copying launch/exercise2.launch.py -> /home/ssfa/ros2_ws/install/exercise_pkg/share/exercise_pkg/launch
copying launch/exercise1.launch.py -> /home/ssfa/ros2_ws/install/exercise_pkg/share/exercise_pkg/launch
running install_egg_info
Copying ../../build/exercise_pkg/exercise_pkg.egg-info to /home/ssfa/ros2_ws/install/exercise_pkg/lib/python3.10/site-packages/exercise_pkg-0.0.0-py3.10.egg-info
running install_scripts
Installing exercise1 script to /home/ssfa/ros2_ws/install/exercise_pkg/lib/exercise_pkg
Installing exercise2 script to /home/ssfa/ros2_ws/install/exercise_pkg/lib/exercise_pkg
Installing exercise3 script to /home/ssfa/ros2_ws/install/exercise_pkg/lib/exercise_pkg
writing list of installed files to '/home/ssfa/ros2_ws/build/exercise_pkg/install.log'
