[3.032s] Invoking command in '/home/ssfa/ros2_ws/build/exercise_pkg': PYTHONPATH=/home/ssfa/ros2_ws/build/exercise_pkg/prefix_override:/usr/lib/python3/dist-packages/colcon_core/task/python/colcon_distutils_commands:/home/ssfa/ros2_ws/install/exercise_pkg/lib/python3.10/site-packages:${PYTHONPATH} /usr/bin/python3 -W ignore:setup.py install is deprecated setup.py develop --uninstall --editable --build-directory /home/ssfa/ros2_ws/build/exercise_pkg/build
[3.849s] running develop
[3.851s] /usr/lib/python3/dist-packages/setuptools/command/easy_install.py:158: EasyInstallDeprecationWarning: easy_install command is deprecated. Use build and pip and other standards-based tools.
[3.852s]   warnings.warn(
[4.279s] Removing /home/ssfa/ros2_ws/install/exercise_pkg/lib/python3.10/site-packages/exercise-pkg.egg-link (link to .)
[4.805s] Invoked command in '/home/ssfa/ros2_ws/build/exercise_pkg' returned '0': PYTHONPATH=/home/ssfa/ros2_ws/build/exercise_pkg/prefix_override:/usr/lib/python3/dist-packages/colcon_core/task/python/colcon_distutils_commands:/home/ssfa/ros2_ws/install/exercise_pkg/lib/python3.10/site-packages:${PYTHONPATH} /usr/bin/python3 -W ignore:setup.py install is deprecated setup.py develop --uninstall --editable --build-directory /home/ssfa/ros2_ws/build/exercise_pkg/build
[4.808s] Invoking command in '/home/ssfa/ros2_ws/src/exercise_pkg': PYTHONPATH=/home/ssfa/ros2_ws/build/exercise_pkg/prefix_override:/usr/lib/python3/dist-packages/colcon_core/task/python/colcon_distutils_commands:/home/ssfa/ros2_ws/install/exercise_pkg/lib/python3.10/site-packages:${PYTHONPATH} /usr/bin/python3 -W ignore:setup.py install is deprecated setup.py egg_info --egg-base ../../build/exercise_pkg build --build-base /home/ssfa/ros2_ws/build/exercise_pkg/build install --record /home/ssfa/ros2_ws/build/exercise_pkg/install.log --single-version-externally-managed install_data --force
[5.217s] running egg_info
[5.217s] writing ../../build/exercise_pkg/exercise_pkg.egg-info/PKG-INFO
[5.218s] writing dependency_links to ../../build/exercise_pkg/exercise_pkg.egg-info/dependency_links.txt
[5.218s] writing entry points to ../../build/exercise_pkg/exercise_pkg.egg-info/entry_points.txt
[5.218s] writing requirements to ../../build/exercise_pkg/exercise_pkg.egg-info/requires.txt
[5.218s] writing top-level names to ../../build/exercise_pkg/exercise_pkg.egg-info/top_level.txt
[5.221s] reading manifest file '../../build/exercise_pkg/exercise_pkg.egg-info/SOURCES.txt'
[5.223s] writing manifest file '../../build/exercise_pkg/exercise_pkg.egg-info/SOURCES.txt'
[5.223s] running build
[5.223s] running build_py
[5.224s] creating /home/ssfa/ros2_ws/build/exercise_pkg/build
[5.224s] creating /home/ssfa/ros2_ws/build/exercise_pkg/build/lib
[5.224s] creating /home/ssfa/ros2_ws/build/exercise_pkg/build/lib/exercise_pkg
[5.224s] copying exercise_pkg/exercise3.py -> /home/ssfa/ros2_ws/build/exercise_pkg/build/lib/exercise_pkg
[5.224s] copying exercise_pkg/exercise2.py -> /home/ssfa/ros2_ws/build/exercise_pkg/build/lib/exercise_pkg
[5.224s] copying exercise_pkg/exercise1.py -> /home/ssfa/ros2_ws/build/exercise_pkg/build/lib/exercise_pkg
[5.224s] copying exercise_pkg/__init__.py -> /home/ssfa/ros2_ws/build/exercise_pkg/build/lib/exercise_pkg
[5.225s] running install
[5.225s] running install_lib
[5.226s] creating /home/ssfa/ros2_ws/install/exercise_pkg/lib/python3.10/site-packages/exercise_pkg
[5.226s] copying /home/ssfa/ros2_ws/build/exercise_pkg/build/lib/exercise_pkg/exercise3.py -> /home/ssfa/ros2_ws/install/exercise_pkg/lib/python3.10/site-packages/exercise_pkg
[5.226s] copying /home/ssfa/ros2_ws/build/exercise_pkg/build/lib/exercise_pkg/exercise2.py -> /home/ssfa/ros2_ws/install/exercise_pkg/lib/python3.10/site-packages/exercise_pkg
[5.226s] copying /home/ssfa/ros2_ws/build/exercise_pkg/build/lib/exercise_pkg/exercise1.py -> /home/ssfa/ros2_ws/install/exercise_pkg/lib/python3.10/site-packages/exercise_pkg
[5.226s] copying /home/ssfa/ros2_ws/build/exercise_pkg/build/lib/exercise_pkg/__init__.py -> /home/ssfa/ros2_ws/install/exercise_pkg/lib/python3.10/site-packages/exercise_pkg
[5.227s] byte-compiling /home/ssfa/ros2_ws/install/exercise_pkg/lib/python3.10/site-packages/exercise_pkg/exercise3.py to exercise3.cpython-310.pyc
[5.229s] byte-compiling /home/ssfa/ros2_ws/install/exercise_pkg/lib/python3.10/site-packages/exercise_pkg/exercise2.py to exercise2.cpython-310.pyc
[5.230s] byte-compiling /home/ssfa/ros2_ws/install/exercise_pkg/lib/python3.10/site-packages/exercise_pkg/exercise1.py to exercise1.cpython-310.pyc
[5.232s] byte-compiling /home/ssfa/ros2_ws/install/exercise_pkg/lib/python3.10/site-packages/exercise_pkg/__init__.py to __init__.cpython-310.pyc
[5.232s] running install_data
[5.232s] copying resource/exercise_pkg -> /home/ssfa/ros2_ws/install/exercise_pkg/share/ament_index/resource_index/packages
[5.232s] copying package.xml -> /home/ssfa/ros2_ws/install/exercise_pkg/share/exercise_pkg
[5.232s] copying launch/exercise3.launch.py -> /home/ssfa/ros2_ws/install/exercise_pkg/share/exercise_pkg/launch
[5.233s] copying launch/exercise2.launch.py -> /home/ssfa/ros2_ws/install/exercise_pkg/share/exercise_pkg/launch
[5.233s] copying launch/exercise1.launch.py -> /home/ssfa/ros2_ws/install/exercise_pkg/share/exercise_pkg/launch
[5.233s] running install_egg_info
[5.236s] Copying ../../build/exercise_pkg/exercise_pkg.egg-info to /home/ssfa/ros2_ws/install/exercise_pkg/lib/python3.10/site-packages/exercise_pkg-0.0.0-py3.10.egg-info
[5.237s] running install_scripts
[5.266s] Installing exercise1 script to /home/ssfa/ros2_ws/install/exercise_pkg/lib/exercise_pkg
[5.266s] Installing exercise2 script to /home/ssfa/ros2_ws/install/exercise_pkg/lib/exercise_pkg
[5.266s] Installing exercise3 script to /home/ssfa/ros2_ws/install/exercise_pkg/lib/exercise_pkg
[5.267s] writing list of installed files to '/home/ssfa/ros2_ws/build/exercise_pkg/install.log'
[5.480s] Invoked command in '/home/ssfa/ros2_ws/src/exercise_pkg' returned '0': PYTHONPATH=/home/ssfa/ros2_ws/build/exercise_pkg/prefix_override:/usr/lib/python3/dist-packages/colcon_core/task/python/colcon_distutils_commands:/home/ssfa/ros2_ws/install/exercise_pkg/lib/python3.10/site-packages:${PYTHONPATH} /usr/bin/python3 -W ignore:setup.py install is deprecated setup.py egg_info --egg-base ../../build/exercise_pkg build --build-base /home/ssfa/ros2_ws/build/exercise_pkg/build install --record /home/ssfa/ros2_ws/build/exercise_pkg/install.log --single-version-externally-managed install_data --force
