[2.684s] Invoking command in '/home/ssfa/ros2_ws/build/client_pkg': PYTHONPATH=/home/ssfa/ros2_ws/build/client_pkg/prefix_override:/usr/lib/python3/dist-packages/colcon_core/task/python/colcon_distutils_commands:/home/ssfa/ros2_ws/install/client_pkg/lib/python3.10/site-packages:${PYTHONPATH} /usr/bin/python3 -W ignore:setup.py install is deprecated setup.py develop --editable --build-directory /home/ssfa/ros2_ws/build/client_pkg/build --no-deps symlink_data
[3.036s] running develop
[3.036s] /usr/lib/python3/dist-packages/setuptools/command/easy_install.py:158: EasyInstallDeprecationWarning: easy_install command is deprecated. Use build and pip and other standards-based tools.
[3.036s]   warnings.warn(
[3.237s] running egg_info
[3.237s] writing client_pkg.egg-info/PKG-INFO
[3.237s] writing dependency_links to client_pkg.egg-info/dependency_links.txt
[3.237s] writing entry points to client_pkg.egg-info/entry_points.txt
[3.237s] writing requirements to client_pkg.egg-info/requires.txt
[3.238s] writing top-level names to client_pkg.egg-info/top_level.txt
[3.240s] reading manifest file 'client_pkg.egg-info/SOURCES.txt'
[3.241s] writing manifest file 'client_pkg.egg-info/SOURCES.txt'
[3.243s] running build_ext
[3.244s] Creating /home/ssfa/ros2_ws/install/client_pkg/lib/python3.10/site-packages/client-pkg.egg-link (link to .)
[3.245s] Installing service_client script to /home/ssfa/ros2_ws/install/client_pkg/lib/client_pkg
[3.245s] Installing stop_client script to /home/ssfa/ros2_ws/install/client_pkg/lib/client_pkg
[3.245s] 
[3.246s] Installed /home/ssfa/ros2_ws/build/client_pkg
[3.246s] running symlink_data
[4.296s] Invoked command in '/home/ssfa/ros2_ws/build/client_pkg' returned '0': PYTHONPATH=/home/ssfa/ros2_ws/build/client_pkg/prefix_override:/usr/lib/python3/dist-packages/colcon_core/task/python/colcon_distutils_commands:/home/ssfa/ros2_ws/install/client_pkg/lib/python3.10/site-packages:${PYTHONPATH} /usr/bin/python3 -W ignore:setup.py install is deprecated setup.py develop --editable --build-directory /home/ssfa/ros2_ws/build/client_pkg/build --no-deps symlink_data
