[0.060s] Invoking command in '/home/ssfa/ros2_ws/build/custom_interfaces': CMAKE_PREFIX_PATH=/opt/ros/humble /usr/bin/cmake --build /home/ssfa/ros2_ws/build/custom_interfaces -- -j12 -l12
[1.773s] [  9%] Built target custom_interfaces__rosidl_generator_c
[1.774s] [ 12%] Built target custom_interfaces__cpp
[1.775s] [ 12%] Built target ament_cmake_python_symlink_custom_interfaces
[1.775s] [ 22%] Built target custom_interfaces__rosidl_typesupport_fastrtps_c
[1.776s] [ 32%] Built target custom_interfaces__rosidl_typesupport_introspection_c
[1.776s] [ 41%] Built target custom_interfaces__rosidl_typesupport_c
[1.777s] [ 51%] Built target custom_interfaces__rosidl_typesupport_introspection_cpp
[1.778s] [ 61%] Built target custom_interfaces__rosidl_typesupport_fastrtps_cpp
[1.780s] [ 70%] Built target custom_interfaces__rosidl_typesupport_cpp
[1.780s] [ 70%] Built target custom_interfaces
[1.780s] [ 74%] Built target custom_interfaces__py
[1.780s] [ 80%] Built target custom_interfaces__rosidl_generator_py
[1.780s] [ 87%] Built target custom_interfaces__rosidl_typesupport_c__pyext
[1.780s] [ 93%] Built target custom_interfaces__rosidl_typesupport_fastrtps_c__pyext
[1.781s] [100%] Built target custom_interfaces__rosidl_typesupport_introspection_c__pyext
[1.781s] running egg_info
[1.781s] writing custom_interfaces.egg-info/PKG-INFO
[1.781s] writing dependency_links to custom_interfaces.egg-info/dependency_links.txt
[1.781s] writing top-level names to custom_interfaces.egg-info/top_level.txt
[1.781s] reading manifest file 'custom_interfaces.egg-info/SOURCES.txt'
[1.781s] writing manifest file 'custom_interfaces.egg-info/SOURCES.txt'
[1.781s] [100%] Built target ament_cmake_python_build_custom_interfaces_egg
[1.796s] Invoked command in '/home/ssfa/ros2_ws/build/custom_interfaces' returned '0': CMAKE_PREFIX_PATH=/opt/ros/humble /usr/bin/cmake --build /home/ssfa/ros2_ws/build/custom_interfaces -- -j12 -l12
[1.931s] Invoking command in '/home/ssfa/ros2_ws/build/custom_interfaces': CMAKE_PREFIX_PATH=/opt/ros/humble /usr/bin/cmake --install /home/ssfa/ros2_ws/build/custom_interfaces
[1.941s] -- Install configuration: ""
[1.942s] -- Execute custom install script
[1.943s] -- Up-to-date symlink: /home/ssfa/ros2_ws/install/custom_interfaces/share/ament_index/resource_index/rosidl_interfaces/custom_interfaces
[1.943s] -- Up-to-date symlink: /home/ssfa/ros2_ws/install/custom_interfaces/include/custom_interfaces/custom_interfaces/msg/age.h
[1.944s] -- Up-to-date symlink: /home/ssfa/ros2_ws/install/custom_interfaces/include/custom_interfaces/custom_interfaces/msg/detail/age__functions.h
[1.944s] -- Up-to-date symlink: /home/ssfa/ros2_ws/install/custom_interfaces/include/custom_interfaces/custom_interfaces/msg/detail/age__struct.h
[1.944s] -- Up-to-date symlink: /home/ssfa/ros2_ws/install/custom_interfaces/include/custom_interfaces/custom_interfaces/msg/detail/age__type_support.h
[1.944s] -- Up-to-date symlink: /home/ssfa/ros2_ws/install/custom_interfaces/include/custom_interfaces/custom_interfaces/msg/rosidl_generator_c__visibility_control.h
[1.944s] -- Up-to-date symlink: /home/ssfa/ros2_ws/install/custom_interfaces/share/custom_interfaces/environment/library_path.sh
[1.944s] -- Up-to-date symlink: /home/ssfa/ros2_ws/install/custom_interfaces/share/custom_interfaces/environment/library_path.dsv
[1.945s] -- Up-to-date symlink: /home/ssfa/ros2_ws/install/custom_interfaces/include/custom_interfaces/custom_interfaces/msg/detail/age__rosidl_typesupport_fastrtps_c.h
[1.945s] -- Up-to-date symlink: /home/ssfa/ros2_ws/install/custom_interfaces/include/custom_interfaces/custom_interfaces/msg/rosidl_typesupport_fastrtps_c__visibility_control.h
[1.946s] -- Up-to-date symlink: /home/ssfa/ros2_ws/install/custom_interfaces/include/custom_interfaces/custom_interfaces/msg/age.hpp
[1.946s] -- Up-to-date symlink: /home/ssfa/ros2_ws/install/custom_interfaces/include/custom_interfaces/custom_interfaces/msg/detail/age__builder.hpp
[1.946s] -- Up-to-date symlink: /home/ssfa/ros2_ws/install/custom_interfaces/include/custom_interfaces/custom_interfaces/msg/detail/age__struct.hpp
[1.946s] -- Up-to-date symlink: /home/ssfa/ros2_ws/install/custom_interfaces/include/custom_interfaces/custom_interfaces/msg/detail/age__traits.hpp
[1.947s] -- Up-to-date symlink: /home/ssfa/ros2_ws/install/custom_interfaces/include/custom_interfaces/custom_interfaces/msg/detail/age__rosidl_typesupport_fastrtps_cpp.hpp
[1.947s] -- Up-to-date symlink: /home/ssfa/ros2_ws/install/custom_interfaces/include/custom_interfaces/custom_interfaces/msg/rosidl_typesupport_fastrtps_cpp__visibility_control.h
[1.950s] -- Up-to-date symlink: /home/ssfa/ros2_ws/install/custom_interfaces/include/custom_interfaces/custom_interfaces/msg/detail/age__rosidl_typesupport_introspection_c.h
[1.950s] -- Up-to-date symlink: /home/ssfa/ros2_ws/install/custom_interfaces/include/custom_interfaces/custom_interfaces/msg/rosidl_typesupport_introspection_c__visibility_control.h
[1.951s] -- Up-to-date symlink: /home/ssfa/ros2_ws/install/custom_interfaces/include/custom_interfaces/custom_interfaces/msg/detail/age__rosidl_typesupport_introspection_cpp.hpp
[1.951s] -- Up-to-date symlink: /home/ssfa/ros2_ws/install/custom_interfaces/share/custom_interfaces/environment/pythonpath.sh
[1.951s] -- Up-to-date symlink: /home/ssfa/ros2_ws/install/custom_interfaces/share/custom_interfaces/environment/pythonpath.dsv
[1.953s] -- Up-to-date symlink: /home/ssfa/ros2_ws/install/custom_interfaces/local/lib/python3.10/dist-packages/custom_interfaces-0.0.0-py3.10.egg-info/PKG-INFO
[1.954s] -- Up-to-date symlink: /home/ssfa/ros2_ws/install/custom_interfaces/local/lib/python3.10/dist-packages/custom_interfaces-0.0.0-py3.10.egg-info/SOURCES.txt
[1.954s] -- Up-to-date symlink: /home/ssfa/ros2_ws/install/custom_interfaces/local/lib/python3.10/dist-packages/custom_interfaces-0.0.0-py3.10.egg-info/dependency_links.txt
[1.954s] -- Up-to-date symlink: /home/ssfa/ros2_ws/install/custom_interfaces/local/lib/python3.10/dist-packages/custom_interfaces-0.0.0-py3.10.egg-info/top_level.txt
[1.954s] -- Up-to-date symlink: /home/ssfa/ros2_ws/install/custom_interfaces/local/lib/python3.10/dist-packages/custom_interfaces/__init__.py
[1.954s] -- Up-to-date symlink: /home/ssfa/ros2_ws/install/custom_interfaces/local/lib/python3.10/dist-packages/custom_interfaces/_custom_interfaces_s.ep.rosidl_typesupport_c.c
[1.954s] -- Up-to-date symlink: /home/ssfa/ros2_ws/install/custom_interfaces/local/lib/python3.10/dist-packages/custom_interfaces/_custom_interfaces_s.ep.rosidl_typesupport_fastrtps_c.c
[1.957s] -- Up-to-date symlink: /home/ssfa/ros2_ws/install/custom_interfaces/local/lib/python3.10/dist-packages/custom_interfaces/_custom_interfaces_s.ep.rosidl_typesupport_introspection_c.c
[1.957s] -- Up-to-date symlink: /home/ssfa/ros2_ws/install/custom_interfaces/local/lib/python3.10/dist-packages/custom_interfaces/custom_interfaces_s__rosidl_typesupport_c.cpython-310-x86_64-linux-gnu.so
[1.957s] -- Up-to-date symlink: /home/ssfa/ros2_ws/install/custom_interfaces/local/lib/python3.10/dist-packages/custom_interfaces/custom_interfaces_s__rosidl_typesupport_fastrtps_c.cpython-310-x86_64-linux-gnu.so
[1.957s] -- Up-to-date symlink: /home/ssfa/ros2_ws/install/custom_interfaces/local/lib/python3.10/dist-packages/custom_interfaces/custom_interfaces_s__rosidl_typesupport_introspection_c.cpython-310-x86_64-linux-gnu.so
[1.957s] -- Up-to-date symlink: /home/ssfa/ros2_ws/install/custom_interfaces/local/lib/python3.10/dist-packages/custom_interfaces/libcustom_interfaces__rosidl_generator_py.so
[1.957s] -- Up-to-date symlink: /home/ssfa/ros2_ws/install/custom_interfaces/local/lib/python3.10/dist-packages/custom_interfaces/msg/__init__.py
[1.957s] -- Up-to-date symlink: /home/ssfa/ros2_ws/install/custom_interfaces/local/lib/python3.10/dist-packages/custom_interfaces/msg/_age.py
[1.958s] -- Up-to-date symlink: /home/ssfa/ros2_ws/install/custom_interfaces/local/lib/python3.10/dist-packages/custom_interfaces/msg/_age_s.c
[1.958s] -- Up-to-date symlink: /home/ssfa/ros2_ws/install/custom_interfaces/local/lib/python3.10/dist-packages/custom_interfaces/custom_interfaces_s__rosidl_typesupport_fastrtps_c.cpython-310-x86_64-linux-gnu.so
[1.960s] -- Up-to-date symlink: /home/ssfa/ros2_ws/install/custom_interfaces/local/lib/python3.10/dist-packages/custom_interfaces/custom_interfaces_s__rosidl_typesupport_introspection_c.cpython-310-x86_64-linux-gnu.so
[1.960s] -- Up-to-date symlink: /home/ssfa/ros2_ws/install/custom_interfaces/local/lib/python3.10/dist-packages/custom_interfaces/custom_interfaces_s__rosidl_typesupport_c.cpython-310-x86_64-linux-gnu.so
[1.961s] -- Up-to-date symlink: /home/ssfa/ros2_ws/install/custom_interfaces/share/custom_interfaces/msg/Age.idl
[1.961s] -- Up-to-date symlink: /home/ssfa/ros2_ws/install/custom_interfaces/share/custom_interfaces/msg/Age.msg
[1.961s] -- Up-to-date symlink: /home/ssfa/ros2_ws/install/custom_interfaces/share/ament_index/resource_index/package_run_dependencies/custom_interfaces
[1.962s] -- Up-to-date symlink: /home/ssfa/ros2_ws/install/custom_interfaces/share/ament_index/resource_index/parent_prefix_path/custom_interfaces
[1.962s] -- Up-to-date symlink: /home/ssfa/ros2_ws/install/custom_interfaces/share/custom_interfaces/environment/ament_prefix_path.sh
[1.962s] -- Up-to-date symlink: /home/ssfa/ros2_ws/install/custom_interfaces/share/custom_interfaces/environment/ament_prefix_path.dsv
[1.962s] -- Up-to-date symlink: /home/ssfa/ros2_ws/install/custom_interfaces/share/custom_interfaces/environment/path.sh
[1.963s] -- Up-to-date symlink: /home/ssfa/ros2_ws/install/custom_interfaces/share/custom_interfaces/environment/path.dsv
[1.963s] -- Up-to-date symlink: /home/ssfa/ros2_ws/install/custom_interfaces/share/custom_interfaces/local_setup.bash
[1.963s] -- Up-to-date symlink: /home/ssfa/ros2_ws/install/custom_interfaces/share/custom_interfaces/local_setup.sh
[1.964s] -- Up-to-date symlink: /home/ssfa/ros2_ws/install/custom_interfaces/share/custom_interfaces/local_setup.zsh
[1.964s] -- Up-to-date symlink: /home/ssfa/ros2_ws/install/custom_interfaces/share/custom_interfaces/local_setup.dsv
[1.964s] -- Symlinking: /home/ssfa/ros2_ws/install/custom_interfaces/share/custom_interfaces/package.dsv
[1.971s] -- Up-to-date symlink: /home/ssfa/ros2_ws/install/custom_interfaces/share/ament_index/resource_index/packages/custom_interfaces
[1.972s] -- Up-to-date symlink: /home/ssfa/ros2_ws/install/custom_interfaces/share/custom_interfaces/cmake/rosidl_cmake-extras.cmake
[1.972s] -- Up-to-date symlink: /home/ssfa/ros2_ws/install/custom_interfaces/share/custom_interfaces/cmake/ament_cmake_export_include_directories-extras.cmake
[1.972s] -- Up-to-date symlink: /home/ssfa/ros2_ws/install/custom_interfaces/share/custom_interfaces/cmake/ament_cmake_export_libraries-extras.cmake
[1.973s] -- Up-to-date symlink: /home/ssfa/ros2_ws/install/custom_interfaces/share/custom_interfaces/cmake/ament_cmake_export_targets-extras.cmake
[1.973s] -- Up-to-date symlink: /home/ssfa/ros2_ws/install/custom_interfaces/share/custom_interfaces/cmake/rosidl_cmake_export_typesupport_targets-extras.cmake
[1.973s] -- Up-to-date symlink: /home/ssfa/ros2_ws/install/custom_interfaces/share/custom_interfaces/cmake/ament_cmake_export_dependencies-extras.cmake
[1.974s] -- Up-to-date symlink: /home/ssfa/ros2_ws/install/custom_interfaces/share/custom_interfaces/cmake/rosidl_cmake_export_typesupport_libraries-extras.cmake
[1.974s] -- Up-to-date symlink: /home/ssfa/ros2_ws/install/custom_interfaces/share/custom_interfaces/cmake/custom_interfacesConfig.cmake
[1.975s] -- Up-to-date symlink: /home/ssfa/ros2_ws/install/custom_interfaces/share/custom_interfaces/cmake/custom_interfacesConfig-version.cmake
[1.975s] -- Up-to-date symlink: /home/ssfa/ros2_ws/install/custom_interfaces/share/custom_interfaces/package.xml
[1.975s] -- Up-to-date: /home/ssfa/ros2_ws/install/custom_interfaces/lib/libcustom_interfaces__rosidl_generator_c.so
[1.975s] -- Up-to-date: /home/ssfa/ros2_ws/install/custom_interfaces/lib/libcustom_interfaces__rosidl_typesupport_fastrtps_c.so
[1.975s] -- Up-to-date: /home/ssfa/ros2_ws/install/custom_interfaces/lib/libcustom_interfaces__rosidl_typesupport_fastrtps_cpp.so
[1.976s] -- Up-to-date: /home/ssfa/ros2_ws/install/custom_interfaces/lib/libcustom_interfaces__rosidl_typesupport_introspection_c.so
[1.976s] -- Up-to-date: /home/ssfa/ros2_ws/install/custom_interfaces/lib/libcustom_interfaces__rosidl_typesupport_c.so
[1.976s] -- Up-to-date: /home/ssfa/ros2_ws/install/custom_interfaces/lib/libcustom_interfaces__rosidl_typesupport_introspection_cpp.so
[1.976s] -- Up-to-date: /home/ssfa/ros2_ws/install/custom_interfaces/lib/libcustom_interfaces__rosidl_typesupport_cpp.so
[2.034s] Listing '/home/ssfa/ros2_ws/install/custom_interfaces/local/lib/python3.10/dist-packages/custom_interfaces'...
[2.035s] Listing '/home/ssfa/ros2_ws/install/custom_interfaces/local/lib/python3.10/dist-packages/custom_interfaces/msg'...
[2.044s] -- Up-to-date: /home/ssfa/ros2_ws/install/custom_interfaces/lib/libcustom_interfaces__rosidl_generator_py.so
[2.044s] -- Up-to-date: /home/ssfa/ros2_ws/install/custom_interfaces/share/custom_interfaces/cmake/export_custom_interfaces__rosidl_generator_cExport.cmake
[2.044s] -- Up-to-date: /home/ssfa/ros2_ws/install/custom_interfaces/share/custom_interfaces/cmake/export_custom_interfaces__rosidl_generator_cExport-noconfig.cmake
[2.044s] -- Up-to-date: /home/ssfa/ros2_ws/install/custom_interfaces/share/custom_interfaces/cmake/export_custom_interfaces__rosidl_typesupport_fastrtps_cExport.cmake
[2.044s] -- Up-to-date: /home/ssfa/ros2_ws/install/custom_interfaces/share/custom_interfaces/cmake/export_custom_interfaces__rosidl_typesupport_fastrtps_cExport-noconfig.cmake
[2.044s] -- Up-to-date: /home/ssfa/ros2_ws/install/custom_interfaces/share/custom_interfaces/cmake/export_custom_interfaces__rosidl_generator_cppExport.cmake
[2.045s] -- Up-to-date: /home/ssfa/ros2_ws/install/custom_interfaces/share/custom_interfaces/cmake/export_custom_interfaces__rosidl_typesupport_fastrtps_cppExport.cmake
[2.045s] -- Up-to-date: /home/ssfa/ros2_ws/install/custom_interfaces/share/custom_interfaces/cmake/export_custom_interfaces__rosidl_typesupport_fastrtps_cppExport-noconfig.cmake
[2.045s] -- Up-to-date: /home/ssfa/ros2_ws/install/custom_interfaces/share/custom_interfaces/cmake/custom_interfaces__rosidl_typesupport_introspection_cExport.cmake
[2.045s] -- Up-to-date: /home/ssfa/ros2_ws/install/custom_interfaces/share/custom_interfaces/cmake/custom_interfaces__rosidl_typesupport_introspection_cExport-noconfig.cmake
[2.045s] -- Up-to-date: /home/ssfa/ros2_ws/install/custom_interfaces/share/custom_interfaces/cmake/custom_interfaces__rosidl_typesupport_cExport.cmake
[2.045s] -- Up-to-date: /home/ssfa/ros2_ws/install/custom_interfaces/share/custom_interfaces/cmake/custom_interfaces__rosidl_typesupport_cExport-noconfig.cmake
[2.045s] -- Up-to-date: /home/ssfa/ros2_ws/install/custom_interfaces/share/custom_interfaces/cmake/custom_interfaces__rosidl_typesupport_introspection_cppExport.cmake
[2.045s] -- Up-to-date: /home/ssfa/ros2_ws/install/custom_interfaces/share/custom_interfaces/cmake/custom_interfaces__rosidl_typesupport_introspection_cppExport-noconfig.cmake
[2.045s] -- Up-to-date: /home/ssfa/ros2_ws/install/custom_interfaces/share/custom_interfaces/cmake/custom_interfaces__rosidl_typesupport_cppExport.cmake
[2.046s] -- Up-to-date: /home/ssfa/ros2_ws/install/custom_interfaces/share/custom_interfaces/cmake/custom_interfaces__rosidl_typesupport_cppExport-noconfig.cmake
[2.046s] -- Up-to-date: /home/ssfa/ros2_ws/install/custom_interfaces/share/custom_interfaces/cmake/export_custom_interfaces__rosidl_generator_pyExport.cmake
[2.046s] -- Up-to-date: /home/ssfa/ros2_ws/install/custom_interfaces/share/custom_interfaces/cmake/export_custom_interfaces__rosidl_generator_pyExport-noconfig.cmake
[2.457s] Invoked command in '/home/ssfa/ros2_ws/build/custom_interfaces' returned '0': CMAKE_PREFIX_PATH=/opt/ros/humble /usr/bin/cmake --install /home/ssfa/ros2_ws/build/custom_interfaces
