running develop
Removing /home/ssfa/ros2_ws/install/shape_detector/lib/python3.10/site-packages/shape-detector.egg-link (link to .)
running egg_info
writing ../../build/shape_detector/shape_detector.egg-info/PKG-INFO
writing dependency_links to ../../build/shape_detector/shape_detector.egg-info/dependency_links.txt
writing entry points to ../../build/shape_detector/shape_detector.egg-info/entry_points.txt
writing requirements to ../../build/shape_detector/shape_detector.egg-info/requires.txt
writing top-level names to ../../build/shape_detector/shape_detector.egg-info/top_level.txt
reading manifest file '../../build/shape_detector/shape_detector.egg-info/SOURCES.txt'
writing manifest file '../../build/shape_detector/shape_detector.egg-info/SOURCES.txt'
running build
running build_py
creating /home/ssfa/ros2_ws/build/shape_detector/build
creating /home/ssfa/ros2_ws/build/shape_detector/build/lib
creating /home/ssfa/ros2_ws/build/shape_detector/build/lib/shape_detector
copying shape_detector/shape_detector.py -> /home/ssfa/ros2_ws/build/shape_detector/build/lib/shape_detector
copying shape_detector/usb_cam.py -> /home/ssfa/ros2_ws/build/shape_detector/build/lib/shape_detector
copying shape_detector/__init__.py -> /home/ssfa/ros2_ws/build/shape_detector/build/lib/shape_detector
running install
running install_lib
creating /home/ssfa/ros2_ws/install/shape_detector/lib/python3.10/site-packages/shape_detector
copying /home/ssfa/ros2_ws/build/shape_detector/build/lib/shape_detector/shape_detector.py -> /home/ssfa/ros2_ws/install/shape_detector/lib/python3.10/site-packages/shape_detector
copying /home/ssfa/ros2_ws/build/shape_detector/build/lib/shape_detector/usb_cam.py -> /home/ssfa/ros2_ws/install/shape_detector/lib/python3.10/site-packages/shape_detector
copying /home/ssfa/ros2_ws/build/shape_detector/build/lib/shape_detector/__init__.py -> /home/ssfa/ros2_ws/install/shape_detector/lib/python3.10/site-packages/shape_detector
byte-compiling /home/ssfa/ros2_ws/install/shape_detector/lib/python3.10/site-packages/shape_detector/shape_detector.py to shape_detector.cpython-310.pyc
byte-compiling /home/ssfa/ros2_ws/install/shape_detector/lib/python3.10/site-packages/shape_detector/usb_cam.py to usb_cam.cpython-310.pyc
byte-compiling /home/ssfa/ros2_ws/install/shape_detector/lib/python3.10/site-packages/shape_detector/__init__.py to __init__.cpython-310.pyc
running install_data
copying resource/shape_detector -> /home/ssfa/ros2_ws/install/shape_detector/share/ament_index/resource_index/packages
copying package.xml -> /home/ssfa/ros2_ws/install/shape_detector/share/shape_detector
running install_egg_info
Copying ../../build/shape_detector/shape_detector.egg-info to /home/ssfa/ros2_ws/install/shape_detector/lib/python3.10/site-packages/shape_detector-0.0.0-py3.10.egg-info
running install_scripts
Installing shape_detector script to /home/ssfa/ros2_ws/install/shape_detector/lib/shape_detector
writing list of installed files to '/home/ssfa/ros2_ws/build/shape_detector/install.log'
