[1.527s] Invoking command in '/home/ssfa/ros2_ws/build/shape_detector': PYTHONPATH=/home/ssfa/ros2_ws/build/shape_detector/prefix_override:/usr/lib/python3/dist-packages/colcon_core/task/python/colcon_distutils_commands:/home/ssfa/ros2_ws/install/shape_detector/lib/python3.10/site-packages:${PYTHONPATH} /usr/bin/python3 -W ignore:setup.py install is deprecated setup.py develop --uninstall --editable --build-directory /home/ssfa/ros2_ws/build/shape_detector/build
[1.892s] running develop
[1.893s] /usr/lib/python3/dist-packages/setuptools/command/easy_install.py:158: EasyInstallDeprecationWarning: easy_install command is deprecated. Use build and pip and other standards-based tools.
[1.893s]   warnings.warn(
[2.157s] Removing /home/ssfa/ros2_ws/install/shape_detector/lib/python3.10/site-packages/shape-detector.egg-link (link to .)
[2.304s] Invoked command in '/home/ssfa/ros2_ws/build/shape_detector' returned '0': PYTHONPATH=/home/ssfa/ros2_ws/build/shape_detector/prefix_override:/usr/lib/python3/dist-packages/colcon_core/task/python/colcon_distutils_commands:/home/ssfa/ros2_ws/install/shape_detector/lib/python3.10/site-packages:${PYTHONPATH} /usr/bin/python3 -W ignore:setup.py install is deprecated setup.py develop --uninstall --editable --build-directory /home/ssfa/ros2_ws/build/shape_detector/build
[2.305s] Invoking command in '/home/ssfa/ros2_ws/src/shape_detector': PYTHONPATH=/home/ssfa/ros2_ws/build/shape_detector/prefix_override:/usr/lib/python3/dist-packages/colcon_core/task/python/colcon_distutils_commands:/home/ssfa/ros2_ws/install/shape_detector/lib/python3.10/site-packages:${PYTHONPATH} /usr/bin/python3 -W ignore:setup.py install is deprecated setup.py egg_info --egg-base ../../build/shape_detector build --build-base /home/ssfa/ros2_ws/build/shape_detector/build install --record /home/ssfa/ros2_ws/build/shape_detector/install.log --single-version-externally-managed install_data --force
[3.053s] running egg_info
[3.054s] writing ../../build/shape_detector/shape_detector.egg-info/PKG-INFO
[3.071s] writing dependency_links to ../../build/shape_detector/shape_detector.egg-info/dependency_links.txt
[3.071s] writing entry points to ../../build/shape_detector/shape_detector.egg-info/entry_points.txt
[3.071s] writing requirements to ../../build/shape_detector/shape_detector.egg-info/requires.txt
[3.072s] writing top-level names to ../../build/shape_detector/shape_detector.egg-info/top_level.txt
[3.085s] reading manifest file '../../build/shape_detector/shape_detector.egg-info/SOURCES.txt'
[3.086s] writing manifest file '../../build/shape_detector/shape_detector.egg-info/SOURCES.txt'
[3.086s] running build
[3.086s] running build_py
[3.086s] creating /home/ssfa/ros2_ws/build/shape_detector/build
[3.086s] creating /home/ssfa/ros2_ws/build/shape_detector/build/lib
[3.086s] creating /home/ssfa/ros2_ws/build/shape_detector/build/lib/shape_detector
[3.086s] copying shape_detector/shape_detector.py -> /home/ssfa/ros2_ws/build/shape_detector/build/lib/shape_detector
[3.086s] copying shape_detector/usb_cam.py -> /home/ssfa/ros2_ws/build/shape_detector/build/lib/shape_detector
[3.086s] copying shape_detector/__init__.py -> /home/ssfa/ros2_ws/build/shape_detector/build/lib/shape_detector
[3.087s] running install
[3.087s] running install_lib
[3.088s] creating /home/ssfa/ros2_ws/install/shape_detector/lib/python3.10/site-packages/shape_detector
[3.088s] copying /home/ssfa/ros2_ws/build/shape_detector/build/lib/shape_detector/shape_detector.py -> /home/ssfa/ros2_ws/install/shape_detector/lib/python3.10/site-packages/shape_detector
[3.088s] copying /home/ssfa/ros2_ws/build/shape_detector/build/lib/shape_detector/usb_cam.py -> /home/ssfa/ros2_ws/install/shape_detector/lib/python3.10/site-packages/shape_detector
[3.089s] copying /home/ssfa/ros2_ws/build/shape_detector/build/lib/shape_detector/__init__.py -> /home/ssfa/ros2_ws/install/shape_detector/lib/python3.10/site-packages/shape_detector
[3.090s] byte-compiling /home/ssfa/ros2_ws/install/shape_detector/lib/python3.10/site-packages/shape_detector/shape_detector.py to shape_detector.cpython-310.pyc
[3.116s] byte-compiling /home/ssfa/ros2_ws/install/shape_detector/lib/python3.10/site-packages/shape_detector/usb_cam.py to usb_cam.cpython-310.pyc
[3.116s] byte-compiling /home/ssfa/ros2_ws/install/shape_detector/lib/python3.10/site-packages/shape_detector/__init__.py to __init__.cpython-310.pyc
[3.116s] running install_data
[3.116s] copying resource/shape_detector -> /home/ssfa/ros2_ws/install/shape_detector/share/ament_index/resource_index/packages
[3.117s] copying package.xml -> /home/ssfa/ros2_ws/install/shape_detector/share/shape_detector
[3.117s] running install_egg_info
[3.120s] Copying ../../build/shape_detector/shape_detector.egg-info to /home/ssfa/ros2_ws/install/shape_detector/lib/python3.10/site-packages/shape_detector-0.0.0-py3.10.egg-info
[3.121s] running install_scripts
[3.246s] Installing shape_detector script to /home/ssfa/ros2_ws/install/shape_detector/lib/shape_detector
[3.246s] writing list of installed files to '/home/ssfa/ros2_ws/build/shape_detector/install.log'
[3.285s] Invoked command in '/home/ssfa/ros2_ws/src/shape_detector' returned '0': PYTHONPATH=/home/ssfa/ros2_ws/build/shape_detector/prefix_override:/usr/lib/python3/dist-packages/colcon_core/task/python/colcon_distutils_commands:/home/ssfa/ros2_ws/install/shape_detector/lib/python3.10/site-packages:${PYTHONPATH} /usr/bin/python3 -W ignore:setup.py install is deprecated setup.py egg_info --egg-base ../../build/shape_detector build --build-base /home/ssfa/ros2_ws/build/shape_detector/build install --record /home/ssfa/ros2_ws/build/shape_detector/install.log --single-version-externally-managed install_data --force
