[1.623s] Invoking command in '/home/ssfa/ros2_ws/build/usb_cam': CMAKE_PREFIX_PATH=${CMAKE_PREFIX_PATH}:/home/ssfa/ros2_ws/install/yolov8_ros:/home/ssfa/ros2_ws/install/turtlebot3_teleop:/home/ssfa/ros2_ws/install/turtlebot3_example:/home/ssfa/ros2_ws/install/shape_detector:/home/ssfa/ros2_ws/install/services_pkg:/home/ssfa/ros2_ws/install/cv_basics:/home/ssfa/ros2_ws/install/color_shape_detector:/opt/ros/humble /usr/bin/cmake --build /home/ssfa/ros2_ws/build/usb_cam -- -j12 -l12
[1.722s] [ 14%] Built target usb_cam_node_exe
[1.724s] [ 28%] Built target usb_cam
[1.746s] [ 42%] Built target gtest_main
[1.751s] [ 57%] Built target gtest
[1.824s] [ 71%] Built target usb_cam_node
[1.824s] [ 85%] Built target test_usb_cam_utils
[1.860s] [100%] Built target test_pixel_formats
[1.901s] Invoked command in '/home/ssfa/ros2_ws/build/usb_cam' returned '0': CMAKE_PREFIX_PATH=${CMAKE_PREFIX_PATH}:/home/ssfa/ros2_ws/install/yolov8_ros:/home/ssfa/ros2_ws/install/turtlebot3_teleop:/home/ssfa/ros2_ws/install/turtlebot3_example:/home/ssfa/ros2_ws/install/shape_detector:/home/ssfa/ros2_ws/install/services_pkg:/home/ssfa/ros2_ws/install/cv_basics:/home/ssfa/ros2_ws/install/color_shape_detector:/opt/ros/humble /usr/bin/cmake --build /home/ssfa/ros2_ws/build/usb_cam -- -j12 -l12
[2.043s] Invoking command in '/home/ssfa/ros2_ws/build/usb_cam': CMAKE_PREFIX_PATH=${CMAKE_PREFIX_PATH}:/home/ssfa/ros2_ws/install/yolov8_ros:/home/ssfa/ros2_ws/install/turtlebot3_teleop:/home/ssfa/ros2_ws/install/turtlebot3_example:/home/ssfa/ros2_ws/install/shape_detector:/home/ssfa/ros2_ws/install/services_pkg:/home/ssfa/ros2_ws/install/cv_basics:/home/ssfa/ros2_ws/install/color_shape_detector:/opt/ros/humble /usr/bin/cmake --install /home/ssfa/ros2_ws/build/usb_cam
[2.066s] -- Install configuration: ""
[2.067s] -- Up-to-date: /home/ssfa/ros2_ws/install/usb_cam/share/usb_cam/environment/library_path.sh
[2.067s] -- Up-to-date: /home/ssfa/ros2_ws/install/usb_cam/share/usb_cam/environment/library_path.dsv
[2.068s] -- Up-to-date: /home/ssfa/ros2_ws/install/usb_cam/lib/usb_cam/usb_cam_node_exe
[2.068s] -- Up-to-date: /home/ssfa/ros2_ws/install/usb_cam/lib/usb_cam/show_image.py
[2.068s] -- Up-to-date: /home/ssfa/ros2_ws/install/usb_cam/lib/libusb_cam.so
[2.068s] -- Up-to-date: /home/ssfa/ros2_ws/install/usb_cam/lib/libusb_cam_node.so
[2.068s] -- Up-to-date: /home/ssfa/ros2_ws/install/usb_cam/include
[2.068s] -- Up-to-date: /home/ssfa/ros2_ws/install/usb_cam/include/usb_cam
[2.069s] -- Up-to-date: /home/ssfa/ros2_ws/install/usb_cam/include/usb_cam/utils.hpp
[2.069s] -- Up-to-date: /home/ssfa/ros2_ws/install/usb_cam/include/usb_cam/usb_cam.hpp
[2.069s] -- Up-to-date: /home/ssfa/ros2_ws/install/usb_cam/include/usb_cam/conversions.hpp
[2.069s] -- Up-to-date: /home/ssfa/ros2_ws/install/usb_cam/include/usb_cam/formats
[2.069s] -- Up-to-date: /home/ssfa/ros2_ws/install/usb_cam/include/usb_cam/formats/utils.hpp
[2.069s] -- Up-to-date: /home/ssfa/ros2_ws/install/usb_cam/include/usb_cam/formats/m420.hpp
[2.069s] -- Up-to-date: /home/ssfa/ros2_ws/install/usb_cam/include/usb_cam/formats/yuyv.hpp
[2.069s] -- Up-to-date: /home/ssfa/ros2_ws/install/usb_cam/include/usb_cam/formats/uyvy.hpp
[2.069s] -- Up-to-date: /home/ssfa/ros2_ws/install/usb_cam/include/usb_cam/formats/mjpeg.hpp
[2.069s] -- Up-to-date: /home/ssfa/ros2_ws/install/usb_cam/include/usb_cam/formats/mono.hpp
[2.070s] -- Up-to-date: /home/ssfa/ros2_ws/install/usb_cam/include/usb_cam/formats/rgb.hpp
[2.070s] -- Up-to-date: /home/ssfa/ros2_ws/install/usb_cam/include/usb_cam/formats/av_pixel_format_helper.hpp
[2.070s] -- Up-to-date: /home/ssfa/ros2_ws/install/usb_cam/include/usb_cam/formats/pixel_format_base.hpp
[2.070s] -- Up-to-date: /home/ssfa/ros2_ws/install/usb_cam/include/usb_cam/usb_cam_node.hpp
[2.070s] -- Up-to-date: /home/ssfa/ros2_ws/install/usb_cam/include/usb_cam/constants.hpp
[2.070s] -- Up-to-date: /home/ssfa/ros2_ws/install/usb_cam/lib/libusb_cam_node.so
[2.070s] -- Up-to-date: /home/ssfa/ros2_ws/install/usb_cam/share/usb_cam/launch
[2.070s] -- Up-to-date: /home/ssfa/ros2_ws/install/usb_cam/share/usb_cam/launch/__init__.py
[2.071s] -- Up-to-date: /home/ssfa/ros2_ws/install/usb_cam/share/usb_cam/launch/camera_config.py
[2.071s] -- Up-to-date: /home/ssfa/ros2_ws/install/usb_cam/share/usb_cam/launch/camera.launch.py
[2.071s] -- Up-to-date: /home/ssfa/ros2_ws/install/usb_cam/share/usb_cam/config
[2.071s] -- Up-to-date: /home/ssfa/ros2_ws/install/usb_cam/share/usb_cam/config/params_2.yaml
[2.071s] -- Up-to-date: /home/ssfa/ros2_ws/install/usb_cam/share/usb_cam/config/params_1.yaml
[2.071s] -- Up-to-date: /home/ssfa/ros2_ws/install/usb_cam/share/usb_cam/config/camera_info.yaml
[2.071s] -- Up-to-date: /home/ssfa/ros2_ws/install/usb_cam/share/ament_index/resource_index/package_run_dependencies/usb_cam
[2.071s] -- Up-to-date: /home/ssfa/ros2_ws/install/usb_cam/share/ament_index/resource_index/parent_prefix_path/usb_cam
[2.072s] -- Up-to-date: /home/ssfa/ros2_ws/install/usb_cam/share/usb_cam/environment/ament_prefix_path.sh
[2.072s] -- Up-to-date: /home/ssfa/ros2_ws/install/usb_cam/share/usb_cam/environment/ament_prefix_path.dsv
[2.072s] -- Up-to-date: /home/ssfa/ros2_ws/install/usb_cam/share/usb_cam/environment/path.sh
[2.072s] -- Up-to-date: /home/ssfa/ros2_ws/install/usb_cam/share/usb_cam/environment/path.dsv
[2.072s] -- Up-to-date: /home/ssfa/ros2_ws/install/usb_cam/share/usb_cam/local_setup.bash
[2.072s] -- Up-to-date: /home/ssfa/ros2_ws/install/usb_cam/share/usb_cam/local_setup.sh
[2.072s] -- Up-to-date: /home/ssfa/ros2_ws/install/usb_cam/share/usb_cam/local_setup.zsh
[2.072s] -- Up-to-date: /home/ssfa/ros2_ws/install/usb_cam/share/usb_cam/local_setup.dsv
[2.072s] -- Installing: /home/ssfa/ros2_ws/install/usb_cam/share/usb_cam/package.dsv
[2.072s] -- Up-to-date: /home/ssfa/ros2_ws/install/usb_cam/share/ament_index/resource_index/packages/usb_cam
[2.073s] -- Up-to-date: /home/ssfa/ros2_ws/install/usb_cam/share/ament_index/resource_index/rclcpp_components/usb_cam
[2.073s] -- Up-to-date: /home/ssfa/ros2_ws/install/usb_cam/share/usb_cam/cmake/ament_cmake_export_libraries-extras.cmake
[2.073s] -- Up-to-date: /home/ssfa/ros2_ws/install/usb_cam/share/usb_cam/cmake/ament_cmake_export_dependencies-extras.cmake
[2.073s] -- Up-to-date: /home/ssfa/ros2_ws/install/usb_cam/share/usb_cam/cmake/ament_cmake_export_include_directories-extras.cmake
[2.073s] -- Up-to-date: /home/ssfa/ros2_ws/install/usb_cam/share/usb_cam/cmake/usb_camConfig.cmake
[2.073s] -- Up-to-date: /home/ssfa/ros2_ws/install/usb_cam/share/usb_cam/cmake/usb_camConfig-version.cmake
[2.089s] -- Up-to-date: /home/ssfa/ros2_ws/install/usb_cam/share/usb_cam/package.xml
[2.097s] Invoked command in '/home/ssfa/ros2_ws/build/usb_cam' returned '0': CMAKE_PREFIX_PATH=${CMAKE_PREFIX_PATH}:/home/ssfa/ros2_ws/install/yolov8_ros:/home/ssfa/ros2_ws/install/turtlebot3_teleop:/home/ssfa/ros2_ws/install/turtlebot3_example:/home/ssfa/ros2_ws/install/shape_detector:/home/ssfa/ros2_ws/install/services_pkg:/home/ssfa/ros2_ws/install/cv_basics:/home/ssfa/ros2_ws/install/color_shape_detector:/opt/ros/humble /usr/bin/cmake --install /home/ssfa/ros2_ws/build/usb_cam
