/usr/lib/python3/dist-packages/setuptools/dist.py:723: UserWarning: Usage of dash-separated 'script-dir' will not be supported in future versions. Please use the underscore name 'script_dir' instead
  warnings.warn(
running egg_info
writing ../../../build/services_pkg/services_pkg.egg-info/PKG-INFO
writing dependency_links to ../../../build/services_pkg/services_pkg.egg-info/dependency_links.txt
writing entry points to ../../../build/services_pkg/services_pkg.egg-info/entry_points.txt
writing requirements to ../../../build/services_pkg/services_pkg.egg-info/requires.txt
writing top-level names to ../../../build/services_pkg/services_pkg.egg-info/top_level.txt
reading manifest file '../../../build/services_pkg/services_pkg.egg-info/SOURCES.txt'
writing manifest file '../../../build/services_pkg/services_pkg.egg-info/SOURCES.txt'
running build
running build_py
running install
running install_lib
running install_data
running install_egg_info
removing '/home/ssfa/ros2_ws/install/services_pkg/lib/python3.10/site-packages/services_pkg-0.0.0-py3.10.egg-info' (and everything under it)
Copying ../../../build/services_pkg/services_pkg.egg-info to /home/ssfa/ros2_ws/install/services_pkg/lib/python3.10/site-packages/services_pkg-0.0.0-py3.10.egg-info
running install_scripts
Installing service script to /home/ssfa/ros2_ws/install/services_pkg/lib/services_pkg
Installing service2 script to /home/ssfa/ros2_ws/install/services_pkg/lib/services_pkg
Installing service_client script to /home/ssfa/ros2_ws/install/services_pkg/lib/services_pkg
writing list of installed files to '/home/ssfa/ros2_ws/build/services_pkg/install.log'
