[1.547s] Invoking command in '/home/ssfa/ros2_ws/build/client_pkg': PYTHONPATH=/home/ssfa/ros2_ws/build/client_pkg/prefix_override:/usr/lib/python3/dist-packages/colcon_core/task/python/colcon_distutils_commands:/home/ssfa/ros2_ws/install/client_pkg/lib/python3.10/site-packages:${PYTHONPATH} /usr/bin/python3 -W ignore:setup.py install is deprecated setup.py develop --uninstall --editable --build-directory /home/ssfa/ros2_ws/build/client_pkg/build
[1.951s] running develop
[1.951s] /usr/lib/python3/dist-packages/setuptools/command/easy_install.py:158: EasyInstallDeprecationWarning: easy_install command is deprecated. Use build and pip and other standards-based tools.
[1.952s]   warnings.warn(
[2.194s] Removing /home/ssfa/ros2_ws/install/client_pkg/lib/python3.10/site-packages/client-pkg.egg-link (link to .)
[2.265s] Invoked command in '/home/ssfa/ros2_ws/build/client_pkg' returned '0': PYTHONPATH=/home/ssfa/ros2_ws/build/client_pkg/prefix_override:/usr/lib/python3/dist-packages/colcon_core/task/python/colcon_distutils_commands:/home/ssfa/ros2_ws/install/client_pkg/lib/python3.10/site-packages:${PYTHONPATH} /usr/bin/python3 -W ignore:setup.py install is deprecated setup.py develop --uninstall --editable --build-directory /home/ssfa/ros2_ws/build/client_pkg/build
[2.266s] Invoking command in '/home/ssfa/ros2_ws/src/client_pkg': PYTHONPATH=/home/ssfa/ros2_ws/build/client_pkg/prefix_override:/usr/lib/python3/dist-packages/colcon_core/task/python/colcon_distutils_commands:/home/ssfa/ros2_ws/install/client_pkg/lib/python3.10/site-packages:${PYTHONPATH} /usr/bin/python3 -W ignore:setup.py install is deprecated setup.py egg_info --egg-base ../../build/client_pkg build --build-base /home/ssfa/ros2_ws/build/client_pkg/build install --record /home/ssfa/ros2_ws/build/client_pkg/install.log --single-version-externally-managed install_data --force
[2.478s] running egg_info
[2.479s] writing ../../build/client_pkg/client_pkg.egg-info/PKG-INFO
[2.479s] writing dependency_links to ../../build/client_pkg/client_pkg.egg-info/dependency_links.txt
[2.479s] writing entry points to ../../build/client_pkg/client_pkg.egg-info/entry_points.txt
[2.479s] writing requirements to ../../build/client_pkg/client_pkg.egg-info/requires.txt
[2.479s] writing top-level names to ../../build/client_pkg/client_pkg.egg-info/top_level.txt
[2.480s] reading manifest file '../../build/client_pkg/client_pkg.egg-info/SOURCES.txt'
[2.481s] writing manifest file '../../build/client_pkg/client_pkg.egg-info/SOURCES.txt'
[2.481s] running build
[2.481s] running build_py
[2.481s] running install
[2.482s] running install_lib
[2.482s] creating /home/ssfa/ros2_ws/install/client_pkg/lib/python3.10/site-packages/client_pkg
[2.482s] copying /home/ssfa/ros2_ws/build/client_pkg/build/lib/client_pkg/stop_client.py -> /home/ssfa/ros2_ws/install/client_pkg/lib/python3.10/site-packages/client_pkg
[2.482s] copying /home/ssfa/ros2_ws/build/client_pkg/build/lib/client_pkg/__init__.py -> /home/ssfa/ros2_ws/install/client_pkg/lib/python3.10/site-packages/client_pkg
[2.482s] copying /home/ssfa/ros2_ws/build/client_pkg/build/lib/client_pkg/service_client.py -> /home/ssfa/ros2_ws/install/client_pkg/lib/python3.10/site-packages/client_pkg
[2.483s] byte-compiling /home/ssfa/ros2_ws/install/client_pkg/lib/python3.10/site-packages/client_pkg/stop_client.py to stop_client.cpython-310.pyc
[2.483s] byte-compiling /home/ssfa/ros2_ws/install/client_pkg/lib/python3.10/site-packages/client_pkg/__init__.py to __init__.cpython-310.pyc
[2.483s] byte-compiling /home/ssfa/ros2_ws/install/client_pkg/lib/python3.10/site-packages/client_pkg/service_client.py to service_client.cpython-310.pyc
[2.483s] running install_data
[2.483s] copying resource/client_pkg -> /home/ssfa/ros2_ws/install/client_pkg/share/ament_index/resource_index/packages
[2.483s] copying package.xml -> /home/ssfa/ros2_ws/install/client_pkg/share/client_pkg
[2.484s] copying launch/stop_client_launch_file.launch.py -> /home/ssfa/ros2_ws/install/client_pkg/share/client_pkg
[2.484s] copying launch/service_client_launch_file.launch.py -> /home/ssfa/ros2_ws/install/client_pkg/share/client_pkg
[2.484s] running install_egg_info
[2.485s] Copying ../../build/client_pkg/client_pkg.egg-info to /home/ssfa/ros2_ws/install/client_pkg/lib/python3.10/site-packages/client_pkg-0.0.0-py3.10.egg-info
[2.486s] running install_scripts
[2.502s] Installing service_client script to /home/ssfa/ros2_ws/install/client_pkg/lib/client_pkg
[2.502s] Installing stop_client script to /home/ssfa/ros2_ws/install/client_pkg/lib/client_pkg
[2.503s] writing list of installed files to '/home/ssfa/ros2_ws/build/client_pkg/install.log'
