[1.621s] Invoking command in '/home/ssfa/ros2_ws/build/turtlebot3_example': CMAKE_PREFIX_PATH=/home/ssfa/ros2_ws/install/turtlebot3_msgs:/home/ssfa/ros2_ws/install/two_wheeled_robot:/home/ssfa/ros2_ws/install/turtlebot3:/home/ssfa/ros2_ws/install/turtlebot3_simulations:/home/ssfa/ros2_ws/install/turtlebot3_navigation2:/home/ssfa/ros2_ws/install/turtlebot3_gazebo:/home/ssfa/ros2_ws/install/turtlebot3_bringup:/home/ssfa/ros2_ws/install/turtlebot3_description:/home/ssfa/ros2_ws/install/turtlebot3_cartographer:/home/ssfa/ros2_ws/install/turtlebot3_as:/home/ssfa/ros2_ws/install/t3_action_msg:/home/ssfa/ros2_ws/install/dynamixel_sdk:/home/ssfa/ros2_ws/install/custom_interfaces PYTHONPATH=/home/ssfa/ros2_ws/build/turtlebot3_example/prefix_override:/usr/lib/python3/dist-packages/colcon_core/task/python/colcon_distutils_commands:/home/ssfa/ros2_ws/install/turtlebot3_example/lib/python3.10/site-packages:${PYTHONPATH} /usr/bin/python3 -W ignore:setup.py install is deprecated setup.py develop --uninstall --editable --build-directory /home/ssfa/ros2_ws/build/turtlebot3_example/build
[2.468s] /usr/lib/python3/dist-packages/setuptools/dist.py:723: UserWarning: Usage of dash-separated 'script-dir' will not be supported in future versions. Please use the underscore name 'script_dir' instead
[2.468s]   warnings.warn(
[2.572s] running develop
[2.572s] /usr/lib/python3/dist-packages/setuptools/command/easy_install.py:158: EasyInstallDeprecationWarning: easy_install command is deprecated. Use build and pip and other standards-based tools.
[2.572s]   warnings.warn(
[3.536s] Removing /home/ssfa/ros2_ws/install/turtlebot3_example/lib/python3.10/site-packages/turtlebot3-example.egg-link (link to .)
[3.657s] Invoked command in '/home/ssfa/ros2_ws/build/turtlebot3_example' returned '0': CMAKE_PREFIX_PATH=/home/ssfa/ros2_ws/install/turtlebot3_msgs:/home/ssfa/ros2_ws/install/two_wheeled_robot:/home/ssfa/ros2_ws/install/turtlebot3:/home/ssfa/ros2_ws/install/turtlebot3_simulations:/home/ssfa/ros2_ws/install/turtlebot3_navigation2:/home/ssfa/ros2_ws/install/turtlebot3_gazebo:/home/ssfa/ros2_ws/install/turtlebot3_bringup:/home/ssfa/ros2_ws/install/turtlebot3_description:/home/ssfa/ros2_ws/install/turtlebot3_cartographer:/home/ssfa/ros2_ws/install/turtlebot3_as:/home/ssfa/ros2_ws/install/t3_action_msg:/home/ssfa/ros2_ws/install/dynamixel_sdk:/home/ssfa/ros2_ws/install/custom_interfaces PYTHONPATH=/home/ssfa/ros2_ws/build/turtlebot3_example/prefix_override:/usr/lib/python3/dist-packages/colcon_core/task/python/colcon_distutils_commands:/home/ssfa/ros2_ws/install/turtlebot3_example/lib/python3.10/site-packages:${PYTHONPATH} /usr/bin/python3 -W ignore:setup.py install is deprecated setup.py develop --uninstall --editable --build-directory /home/ssfa/ros2_ws/build/turtlebot3_example/build
[3.671s] Invoking command in '/home/ssfa/ros2_ws/src/t3/turtlebot3/turtlebot3/turtlebot3_example': CMAKE_PREFIX_PATH=/home/ssfa/ros2_ws/install/turtlebot3_msgs:/home/ssfa/ros2_ws/install/two_wheeled_robot:/home/ssfa/ros2_ws/install/turtlebot3:/home/ssfa/ros2_ws/install/turtlebot3_simulations:/home/ssfa/ros2_ws/install/turtlebot3_navigation2:/home/ssfa/ros2_ws/install/turtlebot3_gazebo:/home/ssfa/ros2_ws/install/turtlebot3_bringup:/home/ssfa/ros2_ws/install/turtlebot3_description:/home/ssfa/ros2_ws/install/turtlebot3_cartographer:/home/ssfa/ros2_ws/install/turtlebot3_as:/home/ssfa/ros2_ws/install/t3_action_msg:/home/ssfa/ros2_ws/install/dynamixel_sdk:/home/ssfa/ros2_ws/install/custom_interfaces PYTHONPATH=/home/ssfa/ros2_ws/build/turtlebot3_example/prefix_override:/usr/lib/python3/dist-packages/colcon_core/task/python/colcon_distutils_commands:/home/ssfa/ros2_ws/install/turtlebot3_example/lib/python3.10/site-packages:${PYTHONPATH} /usr/bin/python3 -W ignore:setup.py install is deprecated setup.py egg_info --egg-base ../../../../../build/turtlebot3_example build --build-base /home/ssfa/ros2_ws/build/turtlebot3_example/build install --record /home/ssfa/ros2_ws/build/turtlebot3_example/install.log --install-scripts $base/lib/turtlebot3_example --single-version-externally-managed install_data --force
[4.307s] /usr/lib/python3/dist-packages/setuptools/dist.py:723: UserWarning: Usage of dash-separated 'script-dir' will not be supported in future versions. Please use the underscore name 'script_dir' instead
[4.308s]   warnings.warn(
[4.331s] running egg_info
[4.333s] writing ../../../../../build/turtlebot3_example/turtlebot3_example.egg-info/PKG-INFO
[4.335s] writing dependency_links to ../../../../../build/turtlebot3_example/turtlebot3_example.egg-info/dependency_links.txt
[4.335s] writing entry points to ../../../../../build/turtlebot3_example/turtlebot3_example.egg-info/entry_points.txt
[4.336s] writing requirements to ../../../../../build/turtlebot3_example/turtlebot3_example.egg-info/requires.txt
[4.336s] writing top-level names to ../../../../../build/turtlebot3_example/turtlebot3_example.egg-info/top_level.txt
[4.342s] reading manifest file '../../../../../build/turtlebot3_example/turtlebot3_example.egg-info/SOURCES.txt'
[4.347s] writing manifest file '../../../../../build/turtlebot3_example/turtlebot3_example.egg-info/SOURCES.txt'
[4.348s] running build
[4.348s] running build_py
[4.348s] creating /home/ssfa/ros2_ws/build/turtlebot3_example/build
[4.348s] creating /home/ssfa/ros2_ws/build/turtlebot3_example/build/lib
[4.348s] creating /home/ssfa/ros2_ws/build/turtlebot3_example/build/lib/turtlebot3_example
[4.348s] copying turtlebot3_example/__init__.py -> /home/ssfa/ros2_ws/build/turtlebot3_example/build/lib/turtlebot3_example
[4.348s] creating /home/ssfa/ros2_ws/build/turtlebot3_example/build/lib/turtlebot3_example/turtlebot3_patrol_client
[4.349s] copying turtlebot3_example/turtlebot3_patrol_client/turtlebot3_patrol_client.py -> /home/ssfa/ros2_ws/build/turtlebot3_example/build/lib/turtlebot3_example/turtlebot3_patrol_client
[4.349s] copying turtlebot3_example/turtlebot3_patrol_client/__init__.py -> /home/ssfa/ros2_ws/build/turtlebot3_example/build/lib/turtlebot3_example/turtlebot3_patrol_client
[4.349s] copying turtlebot3_example/turtlebot3_patrol_client/main.py -> /home/ssfa/ros2_ws/build/turtlebot3_example/build/lib/turtlebot3_example/turtlebot3_patrol_client
[4.349s] creating /home/ssfa/ros2_ws/build/turtlebot3_example/build/lib/turtlebot3_example/turtlebot3_position_control
[4.349s] copying turtlebot3_example/turtlebot3_position_control/turtlebot3_path.py -> /home/ssfa/ros2_ws/build/turtlebot3_example/build/lib/turtlebot3_example/turtlebot3_position_control
[4.350s] copying turtlebot3_example/turtlebot3_position_control/__init__.py -> /home/ssfa/ros2_ws/build/turtlebot3_example/build/lib/turtlebot3_example/turtlebot3_position_control
[4.350s] copying turtlebot3_example/turtlebot3_position_control/turtlebot3_position_control.py -> /home/ssfa/ros2_ws/build/turtlebot3_example/build/lib/turtlebot3_example/turtlebot3_position_control
[4.350s] copying turtlebot3_example/turtlebot3_position_control/main.py -> /home/ssfa/ros2_ws/build/turtlebot3_example/build/lib/turtlebot3_example/turtlebot3_position_control
[4.350s] creating /home/ssfa/ros2_ws/build/turtlebot3_example/build/lib/turtlebot3_example/turtlebot3_obstacle_detection
[4.350s] copying turtlebot3_example/turtlebot3_obstacle_detection/__init__.py -> /home/ssfa/ros2_ws/build/turtlebot3_example/build/lib/turtlebot3_example/turtlebot3_obstacle_detection
[4.350s] copying turtlebot3_example/turtlebot3_obstacle_detection/turtlebot3_obstacle_detection.py -> /home/ssfa/ros2_ws/build/turtlebot3_example/build/lib/turtlebot3_example/turtlebot3_obstacle_detection
[4.351s] copying turtlebot3_example/turtlebot3_obstacle_detection/main.py -> /home/ssfa/ros2_ws/build/turtlebot3_example/build/lib/turtlebot3_example/turtlebot3_obstacle_detection
[4.351s] creating /home/ssfa/ros2_ws/build/turtlebot3_example/build/lib/turtlebot3_example/turtlebot3_patrol_server
[4.351s] copying turtlebot3_example/turtlebot3_patrol_server/turtlebot3_path.py -> /home/ssfa/ros2_ws/build/turtlebot3_example/build/lib/turtlebot3_example/turtlebot3_patrol_server
[4.351s] copying turtlebot3_example/turtlebot3_patrol_server/__init__.py -> /home/ssfa/ros2_ws/build/turtlebot3_example/build/lib/turtlebot3_example/turtlebot3_patrol_server
[4.352s] copying turtlebot3_example/turtlebot3_patrol_server/main.py -> /home/ssfa/ros2_ws/build/turtlebot3_example/build/lib/turtlebot3_example/turtlebot3_patrol_server
[4.352s] copying turtlebot3_example/turtlebot3_patrol_server/turtlebot3_patrol_server.py -> /home/ssfa/ros2_ws/build/turtlebot3_example/build/lib/turtlebot3_example/turtlebot3_patrol_server
[4.353s] running install
[4.353s] running install_lib
[4.355s] creating /home/ssfa/ros2_ws/install/turtlebot3_example/lib/python3.10/site-packages/turtlebot3_example
[4.355s] creating /home/ssfa/ros2_ws/install/turtlebot3_example/lib/python3.10/site-packages/turtlebot3_example/turtlebot3_patrol_client
[4.356s] copying /home/ssfa/ros2_ws/build/turtlebot3_example/build/lib/turtlebot3_example/turtlebot3_patrol_client/turtlebot3_patrol_client.py -> /home/ssfa/ros2_ws/install/turtlebot3_example/lib/python3.10/site-packages/turtlebot3_example/turtlebot3_patrol_client
[4.356s] copying /home/ssfa/ros2_ws/build/turtlebot3_example/build/lib/turtlebot3_example/turtlebot3_patrol_client/__init__.py -> /home/ssfa/ros2_ws/install/turtlebot3_example/lib/python3.10/site-packages/turtlebot3_example/turtlebot3_patrol_client
[4.356s] copying /home/ssfa/ros2_ws/build/turtlebot3_example/build/lib/turtlebot3_example/turtlebot3_patrol_client/main.py -> /home/ssfa/ros2_ws/install/turtlebot3_example/lib/python3.10/site-packages/turtlebot3_example/turtlebot3_patrol_client
[4.356s] creating /home/ssfa/ros2_ws/install/turtlebot3_example/lib/python3.10/site-packages/turtlebot3_example/turtlebot3_position_control
[4.356s] copying /home/ssfa/ros2_ws/build/turtlebot3_example/build/lib/turtlebot3_example/turtlebot3_position_control/turtlebot3_path.py -> /home/ssfa/ros2_ws/install/turtlebot3_example/lib/python3.10/site-packages/turtlebot3_example/turtlebot3_position_control
[4.356s] copying /home/ssfa/ros2_ws/build/turtlebot3_example/build/lib/turtlebot3_example/turtlebot3_position_control/__init__.py -> /home/ssfa/ros2_ws/install/turtlebot3_example/lib/python3.10/site-packages/turtlebot3_example/turtlebot3_position_control
[4.356s] copying /home/ssfa/ros2_ws/build/turtlebot3_example/build/lib/turtlebot3_example/turtlebot3_position_control/turtlebot3_position_control.py -> /home/ssfa/ros2_ws/install/turtlebot3_example/lib/python3.10/site-packages/turtlebot3_example/turtlebot3_position_control
[4.357s] copying /home/ssfa/ros2_ws/build/turtlebot3_example/build/lib/turtlebot3_example/turtlebot3_position_control/main.py -> /home/ssfa/ros2_ws/install/turtlebot3_example/lib/python3.10/site-packages/turtlebot3_example/turtlebot3_position_control
[4.357s] copying /home/ssfa/ros2_ws/build/turtlebot3_example/build/lib/turtlebot3_example/__init__.py -> /home/ssfa/ros2_ws/install/turtlebot3_example/lib/python3.10/site-packages/turtlebot3_example
[4.357s] creating /home/ssfa/ros2_ws/install/turtlebot3_example/lib/python3.10/site-packages/turtlebot3_example/turtlebot3_obstacle_detection
[4.357s] copying /home/ssfa/ros2_ws/build/turtlebot3_example/build/lib/turtlebot3_example/turtlebot3_obstacle_detection/__init__.py -> /home/ssfa/ros2_ws/install/turtlebot3_example/lib/python3.10/site-packages/turtlebot3_example/turtlebot3_obstacle_detection
[4.357s] copying /home/ssfa/ros2_ws/build/turtlebot3_example/build/lib/turtlebot3_example/turtlebot3_obstacle_detection/turtlebot3_obstacle_detection.py -> /home/ssfa/ros2_ws/install/turtlebot3_example/lib/python3.10/site-packages/turtlebot3_example/turtlebot3_obstacle_detection
[4.357s] copying /home/ssfa/ros2_ws/build/turtlebot3_example/build/lib/turtlebot3_example/turtlebot3_obstacle_detection/main.py -> /home/ssfa/ros2_ws/install/turtlebot3_example/lib/python3.10/site-packages/turtlebot3_example/turtlebot3_obstacle_detection
[4.357s] creating /home/ssfa/ros2_ws/install/turtlebot3_example/lib/python3.10/site-packages/turtlebot3_example/turtlebot3_patrol_server
[4.358s] copying /home/ssfa/ros2_ws/build/turtlebot3_example/build/lib/turtlebot3_example/turtlebot3_patrol_server/turtlebot3_path.py -> /home/ssfa/ros2_ws/install/turtlebot3_example/lib/python3.10/site-packages/turtlebot3_example/turtlebot3_patrol_server
[4.358s] copying /home/ssfa/ros2_ws/build/turtlebot3_example/build/lib/turtlebot3_example/turtlebot3_patrol_server/__init__.py -> /home/ssfa/ros2_ws/install/turtlebot3_example/lib/python3.10/site-packages/turtlebot3_example/turtlebot3_patrol_server
[4.358s] copying /home/ssfa/ros2_ws/build/turtlebot3_example/build/lib/turtlebot3_example/turtlebot3_patrol_server/main.py -> /home/ssfa/ros2_ws/install/turtlebot3_example/lib/python3.10/site-packages/turtlebot3_example/turtlebot3_patrol_server
[4.358s] copying /home/ssfa/ros2_ws/build/turtlebot3_example/build/lib/turtlebot3_example/turtlebot3_patrol_server/turtlebot3_patrol_server.py -> /home/ssfa/ros2_ws/install/turtlebot3_example/lib/python3.10/site-packages/turtlebot3_example/turtlebot3_patrol_server
[4.360s] byte-compiling /home/ssfa/ros2_ws/install/turtlebot3_example/lib/python3.10/site-packages/turtlebot3_example/turtlebot3_patrol_client/turtlebot3_patrol_client.py to turtlebot3_patrol_client.cpython-310.pyc
[4.364s] byte-compiling /home/ssfa/ros2_ws/install/turtlebot3_example/lib/python3.10/site-packages/turtlebot3_example/turtlebot3_patrol_client/__init__.py to __init__.cpython-310.pyc
[4.364s] byte-compiling /home/ssfa/ros2_ws/install/turtlebot3_example/lib/python3.10/site-packages/turtlebot3_example/turtlebot3_patrol_client/main.py to main.cpython-310.pyc
[4.364s] byte-compiling /home/ssfa/ros2_ws/install/turtlebot3_example/lib/python3.10/site-packages/turtlebot3_example/turtlebot3_position_control/turtlebot3_path.py to turtlebot3_path.cpython-310.pyc
[4.365s] byte-compiling /home/ssfa/ros2_ws/install/turtlebot3_example/lib/python3.10/site-packages/turtlebot3_example/turtlebot3_position_control/__init__.py to __init__.cpython-310.pyc
[4.365s] byte-compiling /home/ssfa/ros2_ws/install/turtlebot3_example/lib/python3.10/site-packages/turtlebot3_example/turtlebot3_position_control/turtlebot3_position_control.py to turtlebot3_position_control.cpython-310.pyc
[4.368s] byte-compiling /home/ssfa/ros2_ws/install/turtlebot3_example/lib/python3.10/site-packages/turtlebot3_example/turtlebot3_position_control/main.py to main.cpython-310.pyc
[4.369s] byte-compiling /home/ssfa/ros2_ws/install/turtlebot3_example/lib/python3.10/site-packages/turtlebot3_example/__init__.py to __init__.cpython-310.pyc
[4.369s] byte-compiling /home/ssfa/ros2_ws/install/turtlebot3_example/lib/python3.10/site-packages/turtlebot3_example/turtlebot3_obstacle_detection/__init__.py to __init__.cpython-310.pyc
[4.369s] byte-compiling /home/ssfa/ros2_ws/install/turtlebot3_example/lib/python3.10/site-packages/turtlebot3_example/turtlebot3_obstacle_detection/turtlebot3_obstacle_detection.py to turtlebot3_obstacle_detection.cpython-310.pyc
[4.370s] byte-compiling /home/ssfa/ros2_ws/install/turtlebot3_example/lib/python3.10/site-packages/turtlebot3_example/turtlebot3_obstacle_detection/main.py to main.cpython-310.pyc
[4.371s] byte-compiling /home/ssfa/ros2_ws/install/turtlebot3_example/lib/python3.10/site-packages/turtlebot3_example/turtlebot3_patrol_server/turtlebot3_path.py to turtlebot3_path.cpython-310.pyc
[4.372s] byte-compiling /home/ssfa/ros2_ws/install/turtlebot3_example/lib/python3.10/site-packages/turtlebot3_example/turtlebot3_patrol_server/__init__.py to __init__.cpython-310.pyc
[4.372s] byte-compiling /home/ssfa/ros2_ws/install/turtlebot3_example/lib/python3.10/site-packages/turtlebot3_example/turtlebot3_patrol_server/main.py to main.cpython-310.pyc
[4.372s] byte-compiling /home/ssfa/ros2_ws/install/turtlebot3_example/lib/python3.10/site-packages/turtlebot3_example/turtlebot3_patrol_server/turtlebot3_patrol_server.py to turtlebot3_patrol_server.cpython-310.pyc
[4.374s] running install_data
[4.374s] copying resource/turtlebot3_example -> /home/ssfa/ros2_ws/install/turtlebot3_example/share/ament_index/resource_index/packages
[4.374s] copying package.xml -> /home/ssfa/ros2_ws/install/turtlebot3_example/share/turtlebot3_example
[4.374s] running install_egg_info
[4.381s] Copying ../../../../../build/turtlebot3_example/turtlebot3_example.egg-info to /home/ssfa/ros2_ws/install/turtlebot3_example/lib/python3.10/site-packages/turtlebot3_example-2.0.1-py3.10.egg-info
[4.383s] running install_scripts
[4.435s] Installing turtlebot3_obstacle_detection script to /home/ssfa/ros2_ws/install/turtlebot3_example/lib/turtlebot3_example
[4.436s] Installing turtlebot3_patrol_client script to /home/ssfa/ros2_ws/install/turtlebot3_example/lib/turtlebot3_example
[4.436s] Installing turtlebot3_patrol_server script to /home/ssfa/ros2_ws/install/turtlebot3_example/lib/turtlebot3_example
[4.436s] Installing turtlebot3_position_control script to /home/ssfa/ros2_ws/install/turtlebot3_example/lib/turtlebot3_example
[4.437s] writing list of installed files to '/home/ssfa/ros2_ws/build/turtlebot3_example/install.log'
[4.499s] Invoked command in '/home/ssfa/ros2_ws/src/t3/turtlebot3/turtlebot3/turtlebot3_example' returned '0': CMAKE_PREFIX_PATH=/home/ssfa/ros2_ws/install/turtlebot3_msgs:/home/ssfa/ros2_ws/install/two_wheeled_robot:/home/ssfa/ros2_ws/install/turtlebot3:/home/ssfa/ros2_ws/install/turtlebot3_simulations:/home/ssfa/ros2_ws/install/turtlebot3_navigation2:/home/ssfa/ros2_ws/install/turtlebot3_gazebo:/home/ssfa/ros2_ws/install/turtlebot3_bringup:/home/ssfa/ros2_ws/install/turtlebot3_description:/home/ssfa/ros2_ws/install/turtlebot3_cartographer:/home/ssfa/ros2_ws/install/turtlebot3_as:/home/ssfa/ros2_ws/install/t3_action_msg:/home/ssfa/ros2_ws/install/dynamixel_sdk:/home/ssfa/ros2_ws/install/custom_interfaces PYTHONPATH=/home/ssfa/ros2_ws/build/turtlebot3_example/prefix_override:/usr/lib/python3/dist-packages/colcon_core/task/python/colcon_distutils_commands:/home/ssfa/ros2_ws/install/turtlebot3_example/lib/python3.10/site-packages:${PYTHONPATH} /usr/bin/python3 -W ignore:setup.py install is deprecated setup.py egg_info --egg-base ../../../../../build/turtlebot3_example build --build-base /home/ssfa/ros2_ws/build/turtlebot3_example/build install --record /home/ssfa/ros2_ws/build/turtlebot3_example/install.log --install-scripts $base/lib/turtlebot3_example --single-version-externally-managed install_data --force
