running develop
/usr/lib/python3/dist-packages/setuptools/command/easy_install.py:158: EasyInstallDeprecationWarning: easy_install command is deprecated. Use build and pip and other standards-based tools.
  warnings.warn(
running egg_info
creating exercise_pkg.egg-info
writing exercise_pkg.egg-info/PKG-INFO
writing dependency_links to exercise_pkg.egg-info/dependency_links.txt
writing entry points to exercise_pkg.egg-info/entry_points.txt
writing requirements to exercise_pkg.egg-info/requires.txt
writing top-level names to exercise_pkg.egg-info/top_level.txt
writing manifest file 'exercise_pkg.egg-info/SOURCES.txt'
reading manifest file 'exercise_pkg.egg-info/SOURCES.txt'
writing manifest file 'exercise_pkg.egg-info/SOURCES.txt'
running build_ext
Creating /home/ssfa/ros2_ws/install/exercise_pkg/lib/python3.10/site-packages/exercise-pkg.egg-link (link to .)

Installed /home/ssfa/ros2_ws/build/exercise_pkg
running symlink_data
creating /home/ssfa/ros2_ws/install/exercise_pkg/share/ament_index
creating /home/ssfa/ros2_ws/install/exercise_pkg/share/ament_index/resource_index
creating /home/ssfa/ros2_ws/install/exercise_pkg/share/ament_index/resource_index/packages
symbolically linking /home/ssfa/ros2_ws/build/exercise_pkg/resource/exercise_pkg -> /home/ssfa/ros2_ws/install/exercise_pkg/share/ament_index/resource_index/packages
symbolically linking /home/ssfa/ros2_ws/build/exercise_pkg/package.xml -> /home/ssfa/ros2_ws/install/exercise_pkg/share/exercise_pkg
