[0.837s] Invoking command in '/home/ssfa/ros2_ws/build/exercise_pkg': PYTHONPATH=/home/ssfa/ros2_ws/build/exercise_pkg/prefix_override:/usr/lib/python3/dist-packages/colcon_core/task/python/colcon_distutils_commands:/home/ssfa/ros2_ws/install/exercise_pkg/lib/python3.10/site-packages:${PYTHONPATH} /usr/bin/python3 -W ignore:setup.py install is deprecated setup.py develop --editable --build-directory /home/ssfa/ros2_ws/build/exercise_pkg/build --no-deps symlink_data
[1.196s] running develop
[1.196s] /usr/lib/python3/dist-packages/setuptools/command/easy_install.py:158: EasyInstallDeprecationWarning: easy_install command is deprecated. Use build and pip and other standards-based tools.
[1.196s]   warnings.warn(
[1.386s] running egg_info
[1.386s] creating exercise_pkg.egg-info
[1.387s] writing exercise_pkg.egg-info/PKG-INFO
[1.387s] writing dependency_links to exercise_pkg.egg-info/dependency_links.txt
[1.387s] writing entry points to exercise_pkg.egg-info/entry_points.txt
[1.387s] writing requirements to exercise_pkg.egg-info/requires.txt
[1.387s] writing top-level names to exercise_pkg.egg-info/top_level.txt
[1.387s] writing manifest file 'exercise_pkg.egg-info/SOURCES.txt'
[1.389s] reading manifest file 'exercise_pkg.egg-info/SOURCES.txt'
[1.389s] writing manifest file 'exercise_pkg.egg-info/SOURCES.txt'
[1.391s] running build_ext
[1.392s] Creating /home/ssfa/ros2_ws/install/exercise_pkg/lib/python3.10/site-packages/exercise-pkg.egg-link (link to .)
[1.393s] 
[1.393s] Installed /home/ssfa/ros2_ws/build/exercise_pkg
[1.393s] running symlink_data
[1.393s] creating /home/ssfa/ros2_ws/install/exercise_pkg/share/ament_index
[1.394s] creating /home/ssfa/ros2_ws/install/exercise_pkg/share/ament_index/resource_index
[1.394s] creating /home/ssfa/ros2_ws/install/exercise_pkg/share/ament_index/resource_index/packages
[1.394s] symbolically linking /home/ssfa/ros2_ws/build/exercise_pkg/resource/exercise_pkg -> /home/ssfa/ros2_ws/install/exercise_pkg/share/ament_index/resource_index/packages
[1.394s] symbolically linking /home/ssfa/ros2_ws/build/exercise_pkg/package.xml -> /home/ssfa/ros2_ws/install/exercise_pkg/share/exercise_pkg
[1.433s] Invoked command in '/home/ssfa/ros2_ws/build/exercise_pkg' returned '0': PYTHONPATH=/home/ssfa/ros2_ws/build/exercise_pkg/prefix_override:/usr/lib/python3/dist-packages/colcon_core/task/python/colcon_distutils_commands:/home/ssfa/ros2_ws/install/exercise_pkg/lib/python3.10/site-packages:${PYTHONPATH} /usr/bin/python3 -W ignore:setup.py install is deprecated setup.py develop --editable --build-directory /home/ssfa/ros2_ws/build/exercise_pkg/build --no-deps symlink_data
