running develop
Removing /home/ssfa/ros2_ws/install/my_package/lib/python3.10/site-packages/my-package.egg-link (link to .)
running egg_info
writing ../../build/my_package/my_package.egg-info/PKG-INFO
writing dependency_links to ../../build/my_package/my_package.egg-info/dependency_links.txt
writing entry points to ../../build/my_package/my_package.egg-info/entry_points.txt
writing requirements to ../../build/my_package/my_package.egg-info/requires.txt
writing top-level names to ../../build/my_package/my_package.egg-info/top_level.txt
reading manifest file '../../build/my_package/my_package.egg-info/SOURCES.txt'
writing manifest file '../../build/my_package/my_package.egg-info/SOURCES.txt'
running build
running build_py
creating /home/ssfa/ros2_ws/build/my_package/build
creating /home/ssfa/ros2_ws/build/my_package/build/lib
creating /home/ssfa/ros2_ws/build/my_package/build/lib/my_package
copying my_package/simple.py -> /home/ssfa/ros2_ws/build/my_package/build/lib/my_package
copying my_package/__init__.py -> /home/ssfa/ros2_ws/build/my_package/build/lib/my_package
running install
running install_lib
creating /home/ssfa/ros2_ws/install/my_package/lib/python3.10/site-packages/my_package
copying /home/ssfa/ros2_ws/build/my_package/build/lib/my_package/simple.py -> /home/ssfa/ros2_ws/install/my_package/lib/python3.10/site-packages/my_package
copying /home/ssfa/ros2_ws/build/my_package/build/lib/my_package/__init__.py -> /home/ssfa/ros2_ws/install/my_package/lib/python3.10/site-packages/my_package
byte-compiling /home/ssfa/ros2_ws/install/my_package/lib/python3.10/site-packages/my_package/simple.py to simple.cpython-310.pyc
byte-compiling /home/ssfa/ros2_ws/install/my_package/lib/python3.10/site-packages/my_package/__init__.py to __init__.cpython-310.pyc
running install_data
copying resource/my_package -> /home/ssfa/ros2_ws/install/my_package/share/ament_index/resource_index/packages
copying package.xml -> /home/ssfa/ros2_ws/install/my_package/share/my_package
copying launch/my_package_launch_file.launch.py -> /home/ssfa/ros2_ws/install/my_package/share/my_package
running install_egg_info
Copying ../../build/my_package/my_package.egg-info to /home/ssfa/ros2_ws/install/my_package/lib/python3.10/site-packages/my_package-0.0.0-py3.10.egg-info
running install_scripts
Installing simple_node script to /home/ssfa/ros2_ws/install/my_package/lib/my_package
writing list of installed files to '/home/ssfa/ros2_ws/build/my_package/install.log'
