[0.081s] Invoking command in '/home/ssfa/ros2_ws/build/yolov8_msgs': CMAKE_PREFIX_PATH=${CMAKE_PREFIX_PATH}:/home/ssfa/ros2_ws/install/yolov8_ros:/home/ssfa/ros2_ws/install/turtlebot3_teleop:/home/ssfa/ros2_ws/install/turtlebot3_example:/home/ssfa/ros2_ws/install/shape_detector:/home/ssfa/ros2_ws/install/services_pkg:/home/ssfa/ros2_ws/install/cv_basics:/home/ssfa/ros2_ws/install/color_shape_detector:/opt/ros/humble /usr/bin/cmake --build /home/ssfa/ros2_ws/build/yolov8_msgs -- -j12 -l12
[1.736s] [  0%] Built target yolov8_msgs__cpp
[1.737s] [ 12%] Built target yolov8_msgs__rosidl_generator_c
[1.738s] [ 12%] Built target ament_cmake_python_copy_yolov8_msgs
[1.739s] [ 23%] Built target yolov8_msgs__rosidl_typesupport_fastrtps_cpp
[1.740s] [ 35%] Built target yolov8_msgs__rosidl_typesupport_fastrtps_c
[1.740s] [ 47%] Built target yolov8_msgs__rosidl_typesupport_introspection_c
[1.741s] [ 59%] Built target yolov8_msgs__rosidl_typesupport_cpp
[1.741s] [ 71%] Built target yolov8_msgs__rosidl_typesupport_introspection_cpp
[1.741s] [ 83%] Built target yolov8_msgs__rosidl_typesupport_c
[1.741s] [ 83%] Built target yolov8_msgs
[1.741s] [ 84%] Built target yolov8_msgs__py
[1.741s] [ 95%] Built target yolov8_msgs__rosidl_generator_py
[1.741s] [ 96%] Built target yolov8_msgs__rosidl_typesupport_c__pyext
[1.741s] [ 98%] Built target yolov8_msgs__rosidl_typesupport_introspection_c__pyext
[1.741s] [100%] Built target yolov8_msgs__rosidl_typesupport_fastrtps_c__pyext
[1.742s] running egg_info
[1.742s] writing yolov8_msgs.egg-info/PKG-INFO
[1.742s] writing dependency_links to yolov8_msgs.egg-info/dependency_links.txt
[1.742s] writing top-level names to yolov8_msgs.egg-info/top_level.txt
[1.742s] reading manifest file 'yolov8_msgs.egg-info/SOURCES.txt'
[1.743s] writing manifest file 'yolov8_msgs.egg-info/SOURCES.txt'
[1.743s] [100%] Built target ament_cmake_python_build_yolov8_msgs_egg
[1.766s] Invoked command in '/home/ssfa/ros2_ws/build/yolov8_msgs' returned '0': CMAKE_PREFIX_PATH=${CMAKE_PREFIX_PATH}:/home/ssfa/ros2_ws/install/yolov8_ros:/home/ssfa/ros2_ws/install/turtlebot3_teleop:/home/ssfa/ros2_ws/install/turtlebot3_example:/home/ssfa/ros2_ws/install/shape_detector:/home/ssfa/ros2_ws/install/services_pkg:/home/ssfa/ros2_ws/install/cv_basics:/home/ssfa/ros2_ws/install/color_shape_detector:/opt/ros/humble /usr/bin/cmake --build /home/ssfa/ros2_ws/build/yolov8_msgs -- -j12 -l12
[2.658s] Invoking command in '/home/ssfa/ros2_ws/build/yolov8_msgs': CMAKE_PREFIX_PATH=${CMAKE_PREFIX_PATH}:/home/ssfa/ros2_ws/install/yolov8_ros:/home/ssfa/ros2_ws/install/turtlebot3_teleop:/home/ssfa/ros2_ws/install/turtlebot3_example:/home/ssfa/ros2_ws/install/shape_detector:/home/ssfa/ros2_ws/install/services_pkg:/home/ssfa/ros2_ws/install/cv_basics:/home/ssfa/ros2_ws/install/color_shape_detector:/opt/ros/humble /usr/bin/cmake --install /home/ssfa/ros2_ws/build/yolov8_msgs
[2.673s] -- Install configuration: ""
[2.679s] -- Up-to-date: /home/ssfa/ros2_ws/install/yolov8_msgs/share/ament_index/resource_index/rosidl_interfaces/yolov8_msgs
[2.679s] -- Up-to-date: /home/ssfa/ros2_ws/install/yolov8_msgs/include/yolov8_msgs/yolov8_msgs
[2.679s] -- Up-to-date: /home/ssfa/ros2_ws/install/yolov8_msgs/include/yolov8_msgs/yolov8_msgs/msg
[2.680s] -- Up-to-date: /home/ssfa/ros2_ws/install/yolov8_msgs/include/yolov8_msgs/yolov8_msgs/msg/bounding_box3_d.h
[2.680s] -- Up-to-date: /home/ssfa/ros2_ws/install/yolov8_msgs/include/yolov8_msgs/yolov8_msgs/msg/detection_array.h
[2.680s] -- Up-to-date: /home/ssfa/ros2_ws/install/yolov8_msgs/include/yolov8_msgs/yolov8_msgs/msg/key_point2_d_array.h
[2.680s] -- Up-to-date: /home/ssfa/ros2_ws/install/yolov8_msgs/include/yolov8_msgs/yolov8_msgs/msg/mask.h
[2.680s] -- Up-to-date: /home/ssfa/ros2_ws/install/yolov8_msgs/include/yolov8_msgs/yolov8_msgs/msg/detection.h
[2.681s] -- Up-to-date: /home/ssfa/ros2_ws/install/yolov8_msgs/include/yolov8_msgs/yolov8_msgs/msg/point2_d.h
[2.681s] -- Up-to-date: /home/ssfa/ros2_ws/install/yolov8_msgs/include/yolov8_msgs/yolov8_msgs/msg/vector2.h
[2.681s] -- Up-to-date: /home/ssfa/ros2_ws/install/yolov8_msgs/include/yolov8_msgs/yolov8_msgs/msg/key_point3_d.h
[2.681s] -- Up-to-date: /home/ssfa/ros2_ws/install/yolov8_msgs/include/yolov8_msgs/yolov8_msgs/msg/bounding_box2_d.h
[2.682s] -- Up-to-date: /home/ssfa/ros2_ws/install/yolov8_msgs/include/yolov8_msgs/yolov8_msgs/msg/key_point2_d.h
[2.682s] -- Up-to-date: /home/ssfa/ros2_ws/install/yolov8_msgs/include/yolov8_msgs/yolov8_msgs/msg/rosidl_generator_c__visibility_control.h
[2.682s] -- Up-to-date: /home/ssfa/ros2_ws/install/yolov8_msgs/include/yolov8_msgs/yolov8_msgs/msg/detail
[2.683s] -- Up-to-date: /home/ssfa/ros2_ws/install/yolov8_msgs/include/yolov8_msgs/yolov8_msgs/msg/detail/bounding_box3_d__functions.c
[2.683s] -- Up-to-date: /home/ssfa/ros2_ws/install/yolov8_msgs/include/yolov8_msgs/yolov8_msgs/msg/detail/key_point3_d__struct.h
[2.683s] -- Up-to-date: /home/ssfa/ros2_ws/install/yolov8_msgs/include/yolov8_msgs/yolov8_msgs/msg/detail/pose2_d__functions.c
[2.683s] -- Up-to-date: /home/ssfa/ros2_ws/install/yolov8_msgs/include/yolov8_msgs/yolov8_msgs/msg/detail/key_point3_d__type_support.h
[2.683s] -- Up-to-date: /home/ssfa/ros2_ws/install/yolov8_msgs/include/yolov8_msgs/yolov8_msgs/msg/detail/vector2__functions.c
[2.684s] -- Up-to-date: /home/ssfa/ros2_ws/install/yolov8_msgs/include/yolov8_msgs/yolov8_msgs/msg/detail/key_point3_d__functions.c
[2.684s] -- Up-to-date: /home/ssfa/ros2_ws/install/yolov8_msgs/include/yolov8_msgs/yolov8_msgs/msg/detail/bounding_box3_d__functions.h
[2.684s] -- Up-to-date: /home/ssfa/ros2_ws/install/yolov8_msgs/include/yolov8_msgs/yolov8_msgs/msg/detail/point2_d__functions.h
[2.684s] -- Up-to-date: /home/ssfa/ros2_ws/install/yolov8_msgs/include/yolov8_msgs/yolov8_msgs/msg/detail/key_point3_d_array__type_support.h
[2.684s] -- Up-to-date: /home/ssfa/ros2_ws/install/yolov8_msgs/include/yolov8_msgs/yolov8_msgs/msg/detail/detection_array__type_support.h
[2.684s] -- Up-to-date: /home/ssfa/ros2_ws/install/yolov8_msgs/include/yolov8_msgs/yolov8_msgs/msg/detail/key_point2_d__struct.h
[2.685s] -- Up-to-date: /home/ssfa/ros2_ws/install/yolov8_msgs/include/yolov8_msgs/yolov8_msgs/msg/detail/point2_d__struct.h
[2.685s] -- Up-to-date: /home/ssfa/ros2_ws/install/yolov8_msgs/include/yolov8_msgs/yolov8_msgs/msg/detail/bounding_box2_d__struct.h
[2.685s] -- Up-to-date: /home/ssfa/ros2_ws/install/yolov8_msgs/include/yolov8_msgs/yolov8_msgs/msg/detail/key_point2_d__type_support.h
[2.685s] -- Up-to-date: /home/ssfa/ros2_ws/install/yolov8_msgs/include/yolov8_msgs/yolov8_msgs/msg/detail/detection_array__struct.h
[2.685s] -- Up-to-date: /home/ssfa/ros2_ws/install/yolov8_msgs/include/yolov8_msgs/yolov8_msgs/msg/detail/key_point3_d_array__functions.c
[2.685s] -- Up-to-date: /home/ssfa/ros2_ws/install/yolov8_msgs/include/yolov8_msgs/yolov8_msgs/msg/detail/mask__type_support.h
[2.685s] -- Up-to-date: /home/ssfa/ros2_ws/install/yolov8_msgs/include/yolov8_msgs/yolov8_msgs/msg/detail/detection__type_support.h
[2.686s] -- Up-to-date: /home/ssfa/ros2_ws/install/yolov8_msgs/include/yolov8_msgs/yolov8_msgs/msg/detail/point2_d__type_support.h
[2.686s] -- Up-to-date: /home/ssfa/ros2_ws/install/yolov8_msgs/include/yolov8_msgs/yolov8_msgs/msg/detail/detection__functions.h
[2.686s] -- Up-to-date: /home/ssfa/ros2_ws/install/yolov8_msgs/include/yolov8_msgs/yolov8_msgs/msg/detail/vector2__struct.h
[2.691s] -- Up-to-date: /home/ssfa/ros2_ws/install/yolov8_msgs/include/yolov8_msgs/yolov8_msgs/msg/detail/detection__struct.h
[2.692s] -- Up-to-date: /home/ssfa/ros2_ws/install/yolov8_msgs/include/yolov8_msgs/yolov8_msgs/msg/detail/bounding_box2_d__functions.h
[2.692s] -- Up-to-date: /home/ssfa/ros2_ws/install/yolov8_msgs/include/yolov8_msgs/yolov8_msgs/msg/detail/detection__functions.c
[2.692s] -- Up-to-date: /home/ssfa/ros2_ws/install/yolov8_msgs/include/yolov8_msgs/yolov8_msgs/msg/detail/vector2__type_support.h
[2.692s] -- Up-to-date: /home/ssfa/ros2_ws/install/yolov8_msgs/include/yolov8_msgs/yolov8_msgs/msg/detail/bounding_box2_d__functions.c
[2.692s] -- Up-to-date: /home/ssfa/ros2_ws/install/yolov8_msgs/include/yolov8_msgs/yolov8_msgs/msg/detail/pose2_d__type_support.h
[2.693s] -- Up-to-date: /home/ssfa/ros2_ws/install/yolov8_msgs/include/yolov8_msgs/yolov8_msgs/msg/detail/key_point3_d_array__functions.h
[2.693s] -- Up-to-date: /home/ssfa/ros2_ws/install/yolov8_msgs/include/yolov8_msgs/yolov8_msgs/msg/detail/bounding_box3_d__type_support.h
[2.693s] -- Up-to-date: /home/ssfa/ros2_ws/install/yolov8_msgs/include/yolov8_msgs/yolov8_msgs/msg/detail/mask__functions.c
[2.693s] -- Up-to-date: /home/ssfa/ros2_ws/install/yolov8_msgs/include/yolov8_msgs/yolov8_msgs/msg/detail/key_point2_d_array__type_support.h
[2.693s] -- Up-to-date: /home/ssfa/ros2_ws/install/yolov8_msgs/include/yolov8_msgs/yolov8_msgs/msg/detail/detection_array__functions.h
[2.694s] -- Up-to-date: /home/ssfa/ros2_ws/install/yolov8_msgs/include/yolov8_msgs/yolov8_msgs/msg/detail/pose2_d__functions.h
[2.694s] -- Up-to-date: /home/ssfa/ros2_ws/install/yolov8_msgs/include/yolov8_msgs/yolov8_msgs/msg/detail/key_point3_d_array__struct.h
[2.694s] -- Up-to-date: /home/ssfa/ros2_ws/install/yolov8_msgs/include/yolov8_msgs/yolov8_msgs/msg/detail/key_point3_d__functions.h
[2.694s] -- Up-to-date: /home/ssfa/ros2_ws/install/yolov8_msgs/include/yolov8_msgs/yolov8_msgs/msg/detail/bounding_box3_d__struct.h
[2.694s] -- Up-to-date: /home/ssfa/ros2_ws/install/yolov8_msgs/include/yolov8_msgs/yolov8_msgs/msg/detail/key_point2_d_array__struct.h
[2.695s] -- Up-to-date: /home/ssfa/ros2_ws/install/yolov8_msgs/include/yolov8_msgs/yolov8_msgs/msg/detail/bounding_box2_d__type_support.h
[2.695s] -- Up-to-date: /home/ssfa/ros2_ws/install/yolov8_msgs/include/yolov8_msgs/yolov8_msgs/msg/detail/key_point2_d_array__functions.c
[2.695s] -- Up-to-date: /home/ssfa/ros2_ws/install/yolov8_msgs/include/yolov8_msgs/yolov8_msgs/msg/detail/key_point2_d__functions.h
[2.695s] -- Up-to-date: /home/ssfa/ros2_ws/install/yolov8_msgs/include/yolov8_msgs/yolov8_msgs/msg/detail/mask__functions.h
[2.695s] -- Up-to-date: /home/ssfa/ros2_ws/install/yolov8_msgs/include/yolov8_msgs/yolov8_msgs/msg/detail/key_point2_d__functions.c
[2.695s] -- Up-to-date: /home/ssfa/ros2_ws/install/yolov8_msgs/include/yolov8_msgs/yolov8_msgs/msg/detail/key_point2_d_array__functions.h
[2.695s] -- Up-to-date: /home/ssfa/ros2_ws/install/yolov8_msgs/include/yolov8_msgs/yolov8_msgs/msg/detail/mask__struct.h
[2.696s] -- Up-to-date: /home/ssfa/ros2_ws/install/yolov8_msgs/include/yolov8_msgs/yolov8_msgs/msg/detail/pose2_d__struct.h
[2.696s] -- Up-to-date: /home/ssfa/ros2_ws/install/yolov8_msgs/include/yolov8_msgs/yolov8_msgs/msg/detail/point2_d__functions.c
[2.696s] -- Up-to-date: /home/ssfa/ros2_ws/install/yolov8_msgs/include/yolov8_msgs/yolov8_msgs/msg/detail/detection_array__functions.c
[2.696s] -- Up-to-date: /home/ssfa/ros2_ws/install/yolov8_msgs/include/yolov8_msgs/yolov8_msgs/msg/detail/vector2__functions.h
[2.696s] -- Up-to-date: /home/ssfa/ros2_ws/install/yolov8_msgs/include/yolov8_msgs/yolov8_msgs/msg/key_point3_d_array.h
[2.697s] -- Up-to-date: /home/ssfa/ros2_ws/install/yolov8_msgs/include/yolov8_msgs/yolov8_msgs/msg/pose2_d.h
[2.697s] -- Up-to-date: /home/ssfa/ros2_ws/install/yolov8_msgs/share/yolov8_msgs/environment/library_path.sh
[2.697s] -- Up-to-date: /home/ssfa/ros2_ws/install/yolov8_msgs/share/yolov8_msgs/environment/library_path.dsv
[2.697s] -- Up-to-date: /home/ssfa/ros2_ws/install/yolov8_msgs/lib/libyolov8_msgs__rosidl_generator_c.so
[2.698s] -- Up-to-date: /home/ssfa/ros2_ws/install/yolov8_msgs/include/yolov8_msgs/yolov8_msgs
[2.698s] -- Up-to-date: /home/ssfa/ros2_ws/install/yolov8_msgs/include/yolov8_msgs/yolov8_msgs/msg
[2.698s] -- Up-to-date: /home/ssfa/ros2_ws/install/yolov8_msgs/include/yolov8_msgs/yolov8_msgs/msg/rosidl_typesupport_fastrtps_c__visibility_control.h
[2.698s] -- Up-to-date: /home/ssfa/ros2_ws/install/yolov8_msgs/include/yolov8_msgs/yolov8_msgs/msg/detail
[2.698s] -- Up-to-date: /home/ssfa/ros2_ws/install/yolov8_msgs/include/yolov8_msgs/yolov8_msgs/msg/detail/key_point3_d_array__rosidl_typesupport_fastrtps_c.h
[2.699s] -- Up-to-date: /home/ssfa/ros2_ws/install/yolov8_msgs/include/yolov8_msgs/yolov8_msgs/msg/detail/key_point2_d_array__rosidl_typesupport_fastrtps_c.h
[2.699s] -- Up-to-date: /home/ssfa/ros2_ws/install/yolov8_msgs/include/yolov8_msgs/yolov8_msgs/msg/detail/vector2__rosidl_typesupport_fastrtps_c.h
[2.699s] -- Up-to-date: /home/ssfa/ros2_ws/install/yolov8_msgs/include/yolov8_msgs/yolov8_msgs/msg/detail/detection_array__rosidl_typesupport_fastrtps_c.h
[2.699s] -- Up-to-date: /home/ssfa/ros2_ws/install/yolov8_msgs/include/yolov8_msgs/yolov8_msgs/msg/detail/pose2_d__rosidl_typesupport_fastrtps_c.h
[2.699s] -- Up-to-date: /home/ssfa/ros2_ws/install/yolov8_msgs/include/yolov8_msgs/yolov8_msgs/msg/detail/mask__rosidl_typesupport_fastrtps_c.h
[2.700s] -- Up-to-date: /home/ssfa/ros2_ws/install/yolov8_msgs/include/yolov8_msgs/yolov8_msgs/msg/detail/point2_d__rosidl_typesupport_fastrtps_c.h
[2.700s] -- Up-to-date: /home/ssfa/ros2_ws/install/yolov8_msgs/include/yolov8_msgs/yolov8_msgs/msg/detail/bounding_box3_d__rosidl_typesupport_fastrtps_c.h
[2.700s] -- Up-to-date: /home/ssfa/ros2_ws/install/yolov8_msgs/include/yolov8_msgs/yolov8_msgs/msg/detail/detection__rosidl_typesupport_fastrtps_c.h
[2.700s] -- Up-to-date: /home/ssfa/ros2_ws/install/yolov8_msgs/include/yolov8_msgs/yolov8_msgs/msg/detail/key_point3_d__rosidl_typesupport_fastrtps_c.h
[2.700s] -- Up-to-date: /home/ssfa/ros2_ws/install/yolov8_msgs/include/yolov8_msgs/yolov8_msgs/msg/detail/key_point2_d__rosidl_typesupport_fastrtps_c.h
[2.701s] -- Up-to-date: /home/ssfa/ros2_ws/install/yolov8_msgs/include/yolov8_msgs/yolov8_msgs/msg/detail/bounding_box2_d__rosidl_typesupport_fastrtps_c.h
[2.701s] -- Up-to-date: /home/ssfa/ros2_ws/install/yolov8_msgs/lib/libyolov8_msgs__rosidl_typesupport_fastrtps_c.so
[2.701s] -- Up-to-date: /home/ssfa/ros2_ws/install/yolov8_msgs/include/yolov8_msgs/yolov8_msgs
[2.701s] -- Up-to-date: /home/ssfa/ros2_ws/install/yolov8_msgs/include/yolov8_msgs/yolov8_msgs/msg
[2.701s] -- Up-to-date: /home/ssfa/ros2_ws/install/yolov8_msgs/include/yolov8_msgs/yolov8_msgs/msg/rosidl_typesupport_introspection_c__visibility_control.h
[2.701s] -- Up-to-date: /home/ssfa/ros2_ws/install/yolov8_msgs/include/yolov8_msgs/yolov8_msgs/msg/detail
[2.702s] -- Up-to-date: /home/ssfa/ros2_ws/install/yolov8_msgs/include/yolov8_msgs/yolov8_msgs/msg/detail/point2_d__rosidl_typesupport_introspection_c.h
[2.702s] -- Up-to-date: /home/ssfa/ros2_ws/install/yolov8_msgs/include/yolov8_msgs/yolov8_msgs/msg/detail/point2_d__type_support.c
[2.702s] -- Up-to-date: /home/ssfa/ros2_ws/install/yolov8_msgs/include/yolov8_msgs/yolov8_msgs/msg/detail/key_point2_d__type_support.c
[2.703s] -- Up-to-date: /home/ssfa/ros2_ws/install/yolov8_msgs/include/yolov8_msgs/yolov8_msgs/msg/detail/key_point3_d_array__type_support.c
[2.703s] -- Up-to-date: /home/ssfa/ros2_ws/install/yolov8_msgs/include/yolov8_msgs/yolov8_msgs/msg/detail/mask__type_support.c
[2.703s] -- Up-to-date: /home/ssfa/ros2_ws/install/yolov8_msgs/include/yolov8_msgs/yolov8_msgs/msg/detail/key_point3_d__type_support.c
[2.704s] -- Up-to-date: /home/ssfa/ros2_ws/install/yolov8_msgs/include/yolov8_msgs/yolov8_msgs/msg/detail/bounding_box2_d__type_support.c
[2.704s] -- Up-to-date: /home/ssfa/ros2_ws/install/yolov8_msgs/include/yolov8_msgs/yolov8_msgs/msg/detail/pose2_d__rosidl_typesupport_introspection_c.h
[2.704s] -- Up-to-date: /home/ssfa/ros2_ws/install/yolov8_msgs/include/yolov8_msgs/yolov8_msgs/msg/detail/detection_array__rosidl_typesupport_introspection_c.h
[2.704s] -- Up-to-date: /home/ssfa/ros2_ws/install/yolov8_msgs/include/yolov8_msgs/yolov8_msgs/msg/detail/detection_array__type_support.c
[2.705s] -- Up-to-date: /home/ssfa/ros2_ws/install/yolov8_msgs/include/yolov8_msgs/yolov8_msgs/msg/detail/vector2__rosidl_typesupport_introspection_c.h
[2.705s] -- Up-to-date: /home/ssfa/ros2_ws/install/yolov8_msgs/include/yolov8_msgs/yolov8_msgs/msg/detail/key_point2_d__rosidl_typesupport_introspection_c.h
[2.705s] -- Up-to-date: /home/ssfa/ros2_ws/install/yolov8_msgs/include/yolov8_msgs/yolov8_msgs/msg/detail/key_point3_d_array__rosidl_typesupport_introspection_c.h
[2.705s] -- Up-to-date: /home/ssfa/ros2_ws/install/yolov8_msgs/include/yolov8_msgs/yolov8_msgs/msg/detail/bounding_box3_d__rosidl_typesupport_introspection_c.h
[2.705s] -- Up-to-date: /home/ssfa/ros2_ws/install/yolov8_msgs/include/yolov8_msgs/yolov8_msgs/msg/detail/vector2__type_support.c
[2.705s] -- Up-to-date: /home/ssfa/ros2_ws/install/yolov8_msgs/include/yolov8_msgs/yolov8_msgs/msg/detail/detection__rosidl_typesupport_introspection_c.h
[2.705s] -- Up-to-date: /home/ssfa/ros2_ws/install/yolov8_msgs/include/yolov8_msgs/yolov8_msgs/msg/detail/mask__rosidl_typesupport_introspection_c.h
[2.706s] -- Up-to-date: /home/ssfa/ros2_ws/install/yolov8_msgs/include/yolov8_msgs/yolov8_msgs/msg/detail/detection__type_support.c
[2.706s] -- Up-to-date: /home/ssfa/ros2_ws/install/yolov8_msgs/include/yolov8_msgs/yolov8_msgs/msg/detail/key_point2_d_array__rosidl_typesupport_introspection_c.h
[2.706s] -- Up-to-date: /home/ssfa/ros2_ws/install/yolov8_msgs/include/yolov8_msgs/yolov8_msgs/msg/detail/key_point3_d__rosidl_typesupport_introspection_c.h
[2.706s] -- Up-to-date: /home/ssfa/ros2_ws/install/yolov8_msgs/include/yolov8_msgs/yolov8_msgs/msg/detail/bounding_box2_d__rosidl_typesupport_introspection_c.h
[2.706s] -- Up-to-date: /home/ssfa/ros2_ws/install/yolov8_msgs/include/yolov8_msgs/yolov8_msgs/msg/detail/bounding_box3_d__type_support.c
[2.706s] -- Up-to-date: /home/ssfa/ros2_ws/install/yolov8_msgs/include/yolov8_msgs/yolov8_msgs/msg/detail/key_point2_d_array__type_support.c
[2.707s] -- Up-to-date: /home/ssfa/ros2_ws/install/yolov8_msgs/include/yolov8_msgs/yolov8_msgs/msg/detail/pose2_d__type_support.c
[2.707s] -- Up-to-date: /home/ssfa/ros2_ws/install/yolov8_msgs/lib/libyolov8_msgs__rosidl_typesupport_introspection_c.so
[2.707s] -- Up-to-date: /home/ssfa/ros2_ws/install/yolov8_msgs/lib/libyolov8_msgs__rosidl_typesupport_c.so
[2.707s] -- Up-to-date: /home/ssfa/ros2_ws/install/yolov8_msgs/include/yolov8_msgs/yolov8_msgs
[2.707s] -- Up-to-date: /home/ssfa/ros2_ws/install/yolov8_msgs/include/yolov8_msgs/yolov8_msgs/msg
[2.707s] -- Up-to-date: /home/ssfa/ros2_ws/install/yolov8_msgs/include/yolov8_msgs/yolov8_msgs/msg/point2_d.hpp
[2.707s] -- Up-to-date: /home/ssfa/ros2_ws/install/yolov8_msgs/include/yolov8_msgs/yolov8_msgs/msg/mask.hpp
[2.708s] -- Up-to-date: /home/ssfa/ros2_ws/install/yolov8_msgs/include/yolov8_msgs/yolov8_msgs/msg/key_point2_d_array.hpp
[2.708s] -- Up-to-date: /home/ssfa/ros2_ws/install/yolov8_msgs/include/yolov8_msgs/yolov8_msgs/msg/key_point3_d_array.hpp
[2.710s] -- Up-to-date: /home/ssfa/ros2_ws/install/yolov8_msgs/include/yolov8_msgs/yolov8_msgs/msg/vector2.hpp
[2.710s] -- Up-to-date: /home/ssfa/ros2_ws/install/yolov8_msgs/include/yolov8_msgs/yolov8_msgs/msg/bounding_box2_d.hpp
[2.710s] -- Up-to-date: /home/ssfa/ros2_ws/install/yolov8_msgs/include/yolov8_msgs/yolov8_msgs/msg/detection.hpp
[2.710s] -- Up-to-date: /home/ssfa/ros2_ws/install/yolov8_msgs/include/yolov8_msgs/yolov8_msgs/msg/detail
[2.710s] -- Up-to-date: /home/ssfa/ros2_ws/install/yolov8_msgs/include/yolov8_msgs/yolov8_msgs/msg/detail/bounding_box2_d__traits.hpp
[2.710s] -- Up-to-date: /home/ssfa/ros2_ws/install/yolov8_msgs/include/yolov8_msgs/yolov8_msgs/msg/detail/point2_d__struct.hpp
[2.711s] -- Up-to-date: /home/ssfa/ros2_ws/install/yolov8_msgs/include/yolov8_msgs/yolov8_msgs/msg/detail/point2_d__traits.hpp
[2.711s] -- Up-to-date: /home/ssfa/ros2_ws/install/yolov8_msgs/include/yolov8_msgs/yolov8_msgs/msg/detail/key_point3_d_array__traits.hpp
[2.711s] -- Up-to-date: /home/ssfa/ros2_ws/install/yolov8_msgs/include/yolov8_msgs/yolov8_msgs/msg/detail/point2_d__builder.hpp
[2.711s] -- Up-to-date: /home/ssfa/ros2_ws/install/yolov8_msgs/include/yolov8_msgs/yolov8_msgs/msg/detail/key_point3_d_array__struct.hpp
[2.711s] -- Up-to-date: /home/ssfa/ros2_ws/install/yolov8_msgs/include/yolov8_msgs/yolov8_msgs/msg/detail/key_point3_d__struct.hpp
[2.712s] -- Up-to-date: /home/ssfa/ros2_ws/install/yolov8_msgs/include/yolov8_msgs/yolov8_msgs/msg/detail/key_point3_d_array__builder.hpp
[2.712s] -- Up-to-date: /home/ssfa/ros2_ws/install/yolov8_msgs/include/yolov8_msgs/yolov8_msgs/msg/detail/key_point2_d_array__traits.hpp
[2.712s] -- Up-to-date: /home/ssfa/ros2_ws/install/yolov8_msgs/include/yolov8_msgs/yolov8_msgs/msg/detail/bounding_box2_d__builder.hpp
[2.712s] -- Up-to-date: /home/ssfa/ros2_ws/install/yolov8_msgs/include/yolov8_msgs/yolov8_msgs/msg/detail/pose2_d__builder.hpp
[2.712s] -- Up-to-date: /home/ssfa/ros2_ws/install/yolov8_msgs/include/yolov8_msgs/yolov8_msgs/msg/detail/detection_array__builder.hpp
[2.712s] -- Up-to-date: /home/ssfa/ros2_ws/install/yolov8_msgs/include/yolov8_msgs/yolov8_msgs/msg/detail/detection__builder.hpp
[2.712s] -- Up-to-date: /home/ssfa/ros2_ws/install/yolov8_msgs/include/yolov8_msgs/yolov8_msgs/msg/detail/key_point2_d_array__builder.hpp
[2.713s] -- Up-to-date: /home/ssfa/ros2_ws/install/yolov8_msgs/include/yolov8_msgs/yolov8_msgs/msg/detail/key_point2_d_array__struct.hpp
[2.713s] -- Up-to-date: /home/ssfa/ros2_ws/install/yolov8_msgs/include/yolov8_msgs/yolov8_msgs/msg/detail/bounding_box3_d__builder.hpp
[2.713s] -- Up-to-date: /home/ssfa/ros2_ws/install/yolov8_msgs/include/yolov8_msgs/yolov8_msgs/msg/detail/detection__traits.hpp
[2.713s] -- Up-to-date: /home/ssfa/ros2_ws/install/yolov8_msgs/include/yolov8_msgs/yolov8_msgs/msg/detail/vector2__traits.hpp
[2.714s] -- Up-to-date: /home/ssfa/ros2_ws/install/yolov8_msgs/include/yolov8_msgs/yolov8_msgs/msg/detail/bounding_box3_d__traits.hpp
[2.714s] -- Up-to-date: /home/ssfa/ros2_ws/install/yolov8_msgs/include/yolov8_msgs/yolov8_msgs/msg/detail/bounding_box3_d__struct.hpp
[2.714s] -- Up-to-date: /home/ssfa/ros2_ws/install/yolov8_msgs/include/yolov8_msgs/yolov8_msgs/msg/detail/detection__struct.hpp
[2.714s] -- Up-to-date: /home/ssfa/ros2_ws/install/yolov8_msgs/include/yolov8_msgs/yolov8_msgs/msg/detail/detection_array__struct.hpp
[2.714s] -- Up-to-date: /home/ssfa/ros2_ws/install/yolov8_msgs/include/yolov8_msgs/yolov8_msgs/msg/detail/key_point2_d__builder.hpp
[2.714s] -- Up-to-date: /home/ssfa/ros2_ws/install/yolov8_msgs/include/yolov8_msgs/yolov8_msgs/msg/detail/pose2_d__struct.hpp
[2.715s] -- Up-to-date: /home/ssfa/ros2_ws/install/yolov8_msgs/include/yolov8_msgs/yolov8_msgs/msg/detail/pose2_d__traits.hpp
[2.715s] -- Up-to-date: /home/ssfa/ros2_ws/install/yolov8_msgs/include/yolov8_msgs/yolov8_msgs/msg/detail/bounding_box2_d__struct.hpp
[2.715s] -- Up-to-date: /home/ssfa/ros2_ws/install/yolov8_msgs/include/yolov8_msgs/yolov8_msgs/msg/detail/key_point2_d__struct.hpp
[2.715s] -- Up-to-date: /home/ssfa/ros2_ws/install/yolov8_msgs/include/yolov8_msgs/yolov8_msgs/msg/detail/mask__struct.hpp
[2.715s] -- Up-to-date: /home/ssfa/ros2_ws/install/yolov8_msgs/include/yolov8_msgs/yolov8_msgs/msg/detail/vector2__builder.hpp
[2.716s] -- Up-to-date: /home/ssfa/ros2_ws/install/yolov8_msgs/include/yolov8_msgs/yolov8_msgs/msg/detail/detection_array__traits.hpp
[2.716s] -- Up-to-date: /home/ssfa/ros2_ws/install/yolov8_msgs/include/yolov8_msgs/yolov8_msgs/msg/detail/mask__traits.hpp
[2.716s] -- Up-to-date: /home/ssfa/ros2_ws/install/yolov8_msgs/include/yolov8_msgs/yolov8_msgs/msg/detail/key_point3_d__builder.hpp
[2.716s] -- Up-to-date: /home/ssfa/ros2_ws/install/yolov8_msgs/include/yolov8_msgs/yolov8_msgs/msg/detail/vector2__struct.hpp
[2.716s] -- Up-to-date: /home/ssfa/ros2_ws/install/yolov8_msgs/include/yolov8_msgs/yolov8_msgs/msg/detail/key_point2_d__traits.hpp
[2.716s] -- Up-to-date: /home/ssfa/ros2_ws/install/yolov8_msgs/include/yolov8_msgs/yolov8_msgs/msg/detail/mask__builder.hpp
[2.716s] -- Up-to-date: /home/ssfa/ros2_ws/install/yolov8_msgs/include/yolov8_msgs/yolov8_msgs/msg/detail/key_point3_d__traits.hpp
[2.717s] -- Up-to-date: /home/ssfa/ros2_ws/install/yolov8_msgs/include/yolov8_msgs/yolov8_msgs/msg/detection_array.hpp
[2.717s] -- Up-to-date: /home/ssfa/ros2_ws/install/yolov8_msgs/include/yolov8_msgs/yolov8_msgs/msg/key_point3_d.hpp
[2.717s] -- Up-to-date: /home/ssfa/ros2_ws/install/yolov8_msgs/include/yolov8_msgs/yolov8_msgs/msg/key_point2_d.hpp
[2.717s] -- Up-to-date: /home/ssfa/ros2_ws/install/yolov8_msgs/include/yolov8_msgs/yolov8_msgs/msg/pose2_d.hpp
[2.718s] -- Up-to-date: /home/ssfa/ros2_ws/install/yolov8_msgs/include/yolov8_msgs/yolov8_msgs/msg/bounding_box3_d.hpp
[2.718s] -- Up-to-date: /home/ssfa/ros2_ws/install/yolov8_msgs/include/yolov8_msgs/yolov8_msgs
[2.718s] -- Up-to-date: /home/ssfa/ros2_ws/install/yolov8_msgs/include/yolov8_msgs/yolov8_msgs/msg
[2.718s] -- Up-to-date: /home/ssfa/ros2_ws/install/yolov8_msgs/include/yolov8_msgs/yolov8_msgs/msg/rosidl_typesupport_fastrtps_cpp__visibility_control.h
[2.718s] -- Up-to-date: /home/ssfa/ros2_ws/install/yolov8_msgs/include/yolov8_msgs/yolov8_msgs/msg/detail
[2.718s] -- Up-to-date: /home/ssfa/ros2_ws/install/yolov8_msgs/include/yolov8_msgs/yolov8_msgs/msg/detail/mask__rosidl_typesupport_fastrtps_cpp.hpp
[2.719s] -- Up-to-date: /home/ssfa/ros2_ws/install/yolov8_msgs/include/yolov8_msgs/yolov8_msgs/msg/detail/vector2__rosidl_typesupport_fastrtps_cpp.hpp
[2.719s] -- Up-to-date: /home/ssfa/ros2_ws/install/yolov8_msgs/include/yolov8_msgs/yolov8_msgs/msg/detail/point2_d__rosidl_typesupport_fastrtps_cpp.hpp
[2.719s] -- Up-to-date: /home/ssfa/ros2_ws/install/yolov8_msgs/include/yolov8_msgs/yolov8_msgs/msg/detail/pose2_d__rosidl_typesupport_fastrtps_cpp.hpp
[2.719s] -- Up-to-date: /home/ssfa/ros2_ws/install/yolov8_msgs/include/yolov8_msgs/yolov8_msgs/msg/detail/bounding_box2_d__rosidl_typesupport_fastrtps_cpp.hpp
[2.719s] -- Up-to-date: /home/ssfa/ros2_ws/install/yolov8_msgs/include/yolov8_msgs/yolov8_msgs/msg/detail/detection__rosidl_typesupport_fastrtps_cpp.hpp
[2.719s] -- Up-to-date: /home/ssfa/ros2_ws/install/yolov8_msgs/include/yolov8_msgs/yolov8_msgs/msg/detail/detection_array__rosidl_typesupport_fastrtps_cpp.hpp
[2.719s] -- Up-to-date: /home/ssfa/ros2_ws/install/yolov8_msgs/include/yolov8_msgs/yolov8_msgs/msg/detail/key_point3_d_array__rosidl_typesupport_fastrtps_cpp.hpp
[2.720s] -- Up-to-date: /home/ssfa/ros2_ws/install/yolov8_msgs/include/yolov8_msgs/yolov8_msgs/msg/detail/dds_fastrtps
[2.720s] -- Up-to-date: /home/ssfa/ros2_ws/install/yolov8_msgs/include/yolov8_msgs/yolov8_msgs/msg/detail/key_point2_d_array__rosidl_typesupport_fastrtps_cpp.hpp
[2.720s] -- Up-to-date: /home/ssfa/ros2_ws/install/yolov8_msgs/include/yolov8_msgs/yolov8_msgs/msg/detail/bounding_box3_d__rosidl_typesupport_fastrtps_cpp.hpp
[2.722s] -- Up-to-date: /home/ssfa/ros2_ws/install/yolov8_msgs/include/yolov8_msgs/yolov8_msgs/msg/detail/key_point2_d__rosidl_typesupport_fastrtps_cpp.hpp
[2.723s] -- Up-to-date: /home/ssfa/ros2_ws/install/yolov8_msgs/include/yolov8_msgs/yolov8_msgs/msg/detail/key_point3_d__rosidl_typesupport_fastrtps_cpp.hpp
[2.723s] -- Up-to-date: /home/ssfa/ros2_ws/install/yolov8_msgs/lib/libyolov8_msgs__rosidl_typesupport_fastrtps_cpp.so
[2.723s] -- Up-to-date: /home/ssfa/ros2_ws/install/yolov8_msgs/include/yolov8_msgs/yolov8_msgs
[2.723s] -- Up-to-date: /home/ssfa/ros2_ws/install/yolov8_msgs/include/yolov8_msgs/yolov8_msgs/msg
[2.724s] -- Up-to-date: /home/ssfa/ros2_ws/install/yolov8_msgs/include/yolov8_msgs/yolov8_msgs/msg/detail
[2.724s] -- Up-to-date: /home/ssfa/ros2_ws/install/yolov8_msgs/include/yolov8_msgs/yolov8_msgs/msg/detail/key_point3_d__type_support.cpp
[2.724s] -- Up-to-date: /home/ssfa/ros2_ws/install/yolov8_msgs/include/yolov8_msgs/yolov8_msgs/msg/detail/point2_d__rosidl_typesupport_introspection_cpp.hpp
[2.724s] -- Up-to-date: /home/ssfa/ros2_ws/install/yolov8_msgs/include/yolov8_msgs/yolov8_msgs/msg/detail/mask__type_support.cpp
[2.724s] -- Up-to-date: /home/ssfa/ros2_ws/install/yolov8_msgs/include/yolov8_msgs/yolov8_msgs/msg/detail/bounding_box2_d__rosidl_typesupport_introspection_cpp.hpp
[2.724s] -- Up-to-date: /home/ssfa/ros2_ws/install/yolov8_msgs/include/yolov8_msgs/yolov8_msgs/msg/detail/detection_array__rosidl_typesupport_introspection_cpp.hpp
[2.725s] -- Up-to-date: /home/ssfa/ros2_ws/install/yolov8_msgs/include/yolov8_msgs/yolov8_msgs/msg/detail/key_point2_d_array__rosidl_typesupport_introspection_cpp.hpp
[2.725s] -- Up-to-date: /home/ssfa/ros2_ws/install/yolov8_msgs/include/yolov8_msgs/yolov8_msgs/msg/detail/detection_array__type_support.cpp
[2.725s] -- Up-to-date: /home/ssfa/ros2_ws/install/yolov8_msgs/include/yolov8_msgs/yolov8_msgs/msg/detail/key_point2_d_array__type_support.cpp
[2.725s] -- Up-to-date: /home/ssfa/ros2_ws/install/yolov8_msgs/include/yolov8_msgs/yolov8_msgs/msg/detail/pose2_d__rosidl_typesupport_introspection_cpp.hpp
[2.725s] -- Up-to-date: /home/ssfa/ros2_ws/install/yolov8_msgs/include/yolov8_msgs/yolov8_msgs/msg/detail/key_point3_d__rosidl_typesupport_introspection_cpp.hpp
[2.725s] -- Up-to-date: /home/ssfa/ros2_ws/install/yolov8_msgs/include/yolov8_msgs/yolov8_msgs/msg/detail/detection__rosidl_typesupport_introspection_cpp.hpp
[2.725s] -- Up-to-date: /home/ssfa/ros2_ws/install/yolov8_msgs/include/yolov8_msgs/yolov8_msgs/msg/detail/mask__rosidl_typesupport_introspection_cpp.hpp
[2.726s] -- Up-to-date: /home/ssfa/ros2_ws/install/yolov8_msgs/include/yolov8_msgs/yolov8_msgs/msg/detail/key_point3_d_array__rosidl_typesupport_introspection_cpp.hpp
[2.726s] -- Up-to-date: /home/ssfa/ros2_ws/install/yolov8_msgs/include/yolov8_msgs/yolov8_msgs/msg/detail/bounding_box3_d__rosidl_typesupport_introspection_cpp.hpp
[2.726s] -- Up-to-date: /home/ssfa/ros2_ws/install/yolov8_msgs/include/yolov8_msgs/yolov8_msgs/msg/detail/key_point3_d_array__type_support.cpp
[2.728s] -- Up-to-date: /home/ssfa/ros2_ws/install/yolov8_msgs/include/yolov8_msgs/yolov8_msgs/msg/detail/key_point2_d__rosidl_typesupport_introspection_cpp.hpp
[2.728s] -- Up-to-date: /home/ssfa/ros2_ws/install/yolov8_msgs/include/yolov8_msgs/yolov8_msgs/msg/detail/bounding_box2_d__type_support.cpp
[2.728s] -- Up-to-date: /home/ssfa/ros2_ws/install/yolov8_msgs/include/yolov8_msgs/yolov8_msgs/msg/detail/point2_d__type_support.cpp
[2.728s] -- Up-to-date: /home/ssfa/ros2_ws/install/yolov8_msgs/include/yolov8_msgs/yolov8_msgs/msg/detail/key_point2_d__type_support.cpp
[2.728s] -- Up-to-date: /home/ssfa/ros2_ws/install/yolov8_msgs/include/yolov8_msgs/yolov8_msgs/msg/detail/vector2__rosidl_typesupport_introspection_cpp.hpp
[2.728s] -- Up-to-date: /home/ssfa/ros2_ws/install/yolov8_msgs/include/yolov8_msgs/yolov8_msgs/msg/detail/pose2_d__type_support.cpp
[2.729s] -- Up-to-date: /home/ssfa/ros2_ws/install/yolov8_msgs/include/yolov8_msgs/yolov8_msgs/msg/detail/bounding_box3_d__type_support.cpp
[2.729s] -- Up-to-date: /home/ssfa/ros2_ws/install/yolov8_msgs/include/yolov8_msgs/yolov8_msgs/msg/detail/detection__type_support.cpp
[2.729s] -- Up-to-date: /home/ssfa/ros2_ws/install/yolov8_msgs/include/yolov8_msgs/yolov8_msgs/msg/detail/vector2__type_support.cpp
[2.730s] -- Up-to-date: /home/ssfa/ros2_ws/install/yolov8_msgs/lib/libyolov8_msgs__rosidl_typesupport_introspection_cpp.so
[2.730s] -- Up-to-date: /home/ssfa/ros2_ws/install/yolov8_msgs/lib/libyolov8_msgs__rosidl_typesupport_cpp.so
[2.730s] -- Up-to-date: /home/ssfa/ros2_ws/install/yolov8_msgs/share/yolov8_msgs/environment/pythonpath.sh
[2.730s] -- Up-to-date: /home/ssfa/ros2_ws/install/yolov8_msgs/share/yolov8_msgs/environment/pythonpath.dsv
[2.730s] -- Up-to-date: /home/ssfa/ros2_ws/install/yolov8_msgs/local/lib/python3.10/dist-packages/yolov8_msgs-0.0.0-py3.10.egg-info
[2.731s] -- Installing: /home/ssfa/ros2_ws/install/yolov8_msgs/local/lib/python3.10/dist-packages/yolov8_msgs-0.0.0-py3.10.egg-info/SOURCES.txt
[2.731s] -- Installing: /home/ssfa/ros2_ws/install/yolov8_msgs/local/lib/python3.10/dist-packages/yolov8_msgs-0.0.0-py3.10.egg-info/top_level.txt
[2.731s] -- Installing: /home/ssfa/ros2_ws/install/yolov8_msgs/local/lib/python3.10/dist-packages/yolov8_msgs-0.0.0-py3.10.egg-info/dependency_links.txt
[2.731s] -- Installing: /home/ssfa/ros2_ws/install/yolov8_msgs/local/lib/python3.10/dist-packages/yolov8_msgs-0.0.0-py3.10.egg-info/PKG-INFO
[2.732s] -- Up-to-date: /home/ssfa/ros2_ws/install/yolov8_msgs/local/lib/python3.10/dist-packages/yolov8_msgs
[2.732s] -- Up-to-date: /home/ssfa/ros2_ws/install/yolov8_msgs/local/lib/python3.10/dist-packages/yolov8_msgs/msg
[2.732s] -- Up-to-date: /home/ssfa/ros2_ws/install/yolov8_msgs/local/lib/python3.10/dist-packages/yolov8_msgs/msg/_point2_d_s.c
[2.732s] -- Up-to-date: /home/ssfa/ros2_ws/install/yolov8_msgs/local/lib/python3.10/dist-packages/yolov8_msgs/msg/_bounding_box3_d_s.c
[2.732s] -- Up-to-date: /home/ssfa/ros2_ws/install/yolov8_msgs/local/lib/python3.10/dist-packages/yolov8_msgs/msg/_key_point2_d_array.py
[2.732s] -- Up-to-date: /home/ssfa/ros2_ws/install/yolov8_msgs/local/lib/python3.10/dist-packages/yolov8_msgs/msg/_key_point3_d_array_s.c
[2.733s] -- Up-to-date: /home/ssfa/ros2_ws/install/yolov8_msgs/local/lib/python3.10/dist-packages/yolov8_msgs/msg/_key_point2_d_s.c
[2.733s] -- Up-to-date: /home/ssfa/ros2_ws/install/yolov8_msgs/local/lib/python3.10/dist-packages/yolov8_msgs/msg/_detection_array_s.c
[2.733s] -- Up-to-date: /home/ssfa/ros2_ws/install/yolov8_msgs/local/lib/python3.10/dist-packages/yolov8_msgs/msg/_vector2.py
[2.733s] -- Up-to-date: /home/ssfa/ros2_ws/install/yolov8_msgs/local/lib/python3.10/dist-packages/yolov8_msgs/msg/_bounding_box2_d_s.c
[2.733s] -- Up-to-date: /home/ssfa/ros2_ws/install/yolov8_msgs/local/lib/python3.10/dist-packages/yolov8_msgs/msg/_key_point3_d_s.c
[2.733s] -- Up-to-date: /home/ssfa/ros2_ws/install/yolov8_msgs/local/lib/python3.10/dist-packages/yolov8_msgs/msg/_point2_d.py
[2.733s] -- Up-to-date: /home/ssfa/ros2_ws/install/yolov8_msgs/local/lib/python3.10/dist-packages/yolov8_msgs/msg/_mask_s.c
[2.734s] -- Up-to-date: /home/ssfa/ros2_ws/install/yolov8_msgs/local/lib/python3.10/dist-packages/yolov8_msgs/msg/_key_point3_d.py
[2.734s] -- Up-to-date: /home/ssfa/ros2_ws/install/yolov8_msgs/local/lib/python3.10/dist-packages/yolov8_msgs/msg/__init__.py
[2.734s] -- Up-to-date: /home/ssfa/ros2_ws/install/yolov8_msgs/local/lib/python3.10/dist-packages/yolov8_msgs/msg/_key_point2_d_array_s.c
[2.734s] -- Up-to-date: /home/ssfa/ros2_ws/install/yolov8_msgs/local/lib/python3.10/dist-packages/yolov8_msgs/msg/_key_point2_d.py
[2.734s] -- Up-to-date: /home/ssfa/ros2_ws/install/yolov8_msgs/local/lib/python3.10/dist-packages/yolov8_msgs/msg/_detection.py
[2.734s] -- Up-to-date: /home/ssfa/ros2_ws/install/yolov8_msgs/local/lib/python3.10/dist-packages/yolov8_msgs/msg/_detection_array.py
[2.734s] -- Up-to-date: /home/ssfa/ros2_ws/install/yolov8_msgs/local/lib/python3.10/dist-packages/yolov8_msgs/msg/_bounding_box2_d.py
[2.735s] -- Up-to-date: /home/ssfa/ros2_ws/install/yolov8_msgs/local/lib/python3.10/dist-packages/yolov8_msgs/msg/_vector2_s.c
[2.735s] -- Up-to-date: /home/ssfa/ros2_ws/install/yolov8_msgs/local/lib/python3.10/dist-packages/yolov8_msgs/msg/_pose2_d_s.c
[2.735s] -- Up-to-date: /home/ssfa/ros2_ws/install/yolov8_msgs/local/lib/python3.10/dist-packages/yolov8_msgs/msg/_bounding_box3_d.py
[2.735s] -- Up-to-date: /home/ssfa/ros2_ws/install/yolov8_msgs/local/lib/python3.10/dist-packages/yolov8_msgs/msg/_key_point3_d_array.py
[2.735s] -- Up-to-date: /home/ssfa/ros2_ws/install/yolov8_msgs/local/lib/python3.10/dist-packages/yolov8_msgs/msg/_pose2_d.py
[2.735s] -- Up-to-date: /home/ssfa/ros2_ws/install/yolov8_msgs/local/lib/python3.10/dist-packages/yolov8_msgs/msg/_mask.py
[2.735s] -- Up-to-date: /home/ssfa/ros2_ws/install/yolov8_msgs/local/lib/python3.10/dist-packages/yolov8_msgs/msg/_detection_s.c
[2.736s] -- Up-to-date: /home/ssfa/ros2_ws/install/yolov8_msgs/local/lib/python3.10/dist-packages/yolov8_msgs/yolov8_msgs_s__rosidl_typesupport_c.cpython-310-x86_64-linux-gnu.so
[2.736s] -- Up-to-date: /home/ssfa/ros2_ws/install/yolov8_msgs/local/lib/python3.10/dist-packages/yolov8_msgs/yolov8_msgs_s__rosidl_typesupport_fastrtps_c.cpython-310-x86_64-linux-gnu.so
[2.736s] -- Up-to-date: /home/ssfa/ros2_ws/install/yolov8_msgs/local/lib/python3.10/dist-packages/yolov8_msgs/yolov8_msgs_s__rosidl_typesupport_introspection_c.cpython-310-x86_64-linux-gnu.so
[2.737s] -- Up-to-date: /home/ssfa/ros2_ws/install/yolov8_msgs/local/lib/python3.10/dist-packages/yolov8_msgs/_yolov8_msgs_s.ep.rosidl_typesupport_introspection_c.c
[2.738s] -- Up-to-date: /home/ssfa/ros2_ws/install/yolov8_msgs/local/lib/python3.10/dist-packages/yolov8_msgs/__init__.py
[2.738s] -- Up-to-date: /home/ssfa/ros2_ws/install/yolov8_msgs/local/lib/python3.10/dist-packages/yolov8_msgs/_yolov8_msgs_s.ep.rosidl_typesupport_fastrtps_c.c
[2.738s] -- Up-to-date: /home/ssfa/ros2_ws/install/yolov8_msgs/local/lib/python3.10/dist-packages/yolov8_msgs/_yolov8_msgs_s.ep.rosidl_typesupport_c.c
[2.738s] -- Up-to-date: /home/ssfa/ros2_ws/install/yolov8_msgs/local/lib/python3.10/dist-packages/yolov8_msgs/libyolov8_msgs__rosidl_generator_py.so
[2.787s] Listing '/home/ssfa/ros2_ws/install/yolov8_msgs/local/lib/python3.10/dist-packages/yolov8_msgs'...
[2.787s] Listing '/home/ssfa/ros2_ws/install/yolov8_msgs/local/lib/python3.10/dist-packages/yolov8_msgs/msg'...
[2.799s] -- Up-to-date: /home/ssfa/ros2_ws/install/yolov8_msgs/local/lib/python3.10/dist-packages/yolov8_msgs/yolov8_msgs_s__rosidl_typesupport_fastrtps_c.cpython-310-x86_64-linux-gnu.so
[2.801s] -- Up-to-date: /home/ssfa/ros2_ws/install/yolov8_msgs/local/lib/python3.10/dist-packages/yolov8_msgs/yolov8_msgs_s__rosidl_typesupport_introspection_c.cpython-310-x86_64-linux-gnu.so
[2.802s] -- Up-to-date: /home/ssfa/ros2_ws/install/yolov8_msgs/local/lib/python3.10/dist-packages/yolov8_msgs/yolov8_msgs_s__rosidl_typesupport_c.cpython-310-x86_64-linux-gnu.so
[2.805s] -- Up-to-date: /home/ssfa/ros2_ws/install/yolov8_msgs/lib/libyolov8_msgs__rosidl_generator_py.so
[2.805s] -- Up-to-date: /home/ssfa/ros2_ws/install/yolov8_msgs/share/yolov8_msgs/msg/Point2D.idl
[2.805s] -- Up-to-date: /home/ssfa/ros2_ws/install/yolov8_msgs/share/yolov8_msgs/msg/Vector2.idl
[2.805s] -- Up-to-date: /home/ssfa/ros2_ws/install/yolov8_msgs/share/yolov8_msgs/msg/Pose2D.idl
[2.805s] -- Up-to-date: /home/ssfa/ros2_ws/install/yolov8_msgs/share/yolov8_msgs/msg/BoundingBox2D.idl
[2.805s] -- Up-to-date: /home/ssfa/ros2_ws/install/yolov8_msgs/share/yolov8_msgs/msg/BoundingBox3D.idl
[2.806s] -- Up-to-date: /home/ssfa/ros2_ws/install/yolov8_msgs/share/yolov8_msgs/msg/Mask.idl
[2.806s] -- Up-to-date: /home/ssfa/ros2_ws/install/yolov8_msgs/share/yolov8_msgs/msg/KeyPoint2D.idl
[2.806s] -- Up-to-date: /home/ssfa/ros2_ws/install/yolov8_msgs/share/yolov8_msgs/msg/KeyPoint2DArray.idl
[2.806s] -- Up-to-date: /home/ssfa/ros2_ws/install/yolov8_msgs/share/yolov8_msgs/msg/KeyPoint3D.idl
[2.806s] -- Up-to-date: /home/ssfa/ros2_ws/install/yolov8_msgs/share/yolov8_msgs/msg/KeyPoint3DArray.idl
[2.806s] -- Up-to-date: /home/ssfa/ros2_ws/install/yolov8_msgs/share/yolov8_msgs/msg/Detection.idl
[2.806s] -- Up-to-date: /home/ssfa/ros2_ws/install/yolov8_msgs/share/yolov8_msgs/msg/DetectionArray.idl
[2.806s] -- Up-to-date: /home/ssfa/ros2_ws/install/yolov8_msgs/share/yolov8_msgs/msg/Point2D.msg
[2.807s] -- Up-to-date: /home/ssfa/ros2_ws/install/yolov8_msgs/share/yolov8_msgs/msg/Vector2.msg
[2.807s] -- Up-to-date: /home/ssfa/ros2_ws/install/yolov8_msgs/share/yolov8_msgs/msg/Pose2D.msg
[2.807s] -- Up-to-date: /home/ssfa/ros2_ws/install/yolov8_msgs/share/yolov8_msgs/msg/BoundingBox2D.msg
[2.807s] -- Up-to-date: /home/ssfa/ros2_ws/install/yolov8_msgs/share/yolov8_msgs/msg/BoundingBox3D.msg
[2.807s] -- Up-to-date: /home/ssfa/ros2_ws/install/yolov8_msgs/share/yolov8_msgs/msg/Mask.msg
[2.807s] -- Up-to-date: /home/ssfa/ros2_ws/install/yolov8_msgs/share/yolov8_msgs/msg/KeyPoint2D.msg
[2.807s] -- Up-to-date: /home/ssfa/ros2_ws/install/yolov8_msgs/share/yolov8_msgs/msg/KeyPoint2DArray.msg
[2.807s] -- Up-to-date: /home/ssfa/ros2_ws/install/yolov8_msgs/share/yolov8_msgs/msg/KeyPoint3D.msg
[2.807s] -- Up-to-date: /home/ssfa/ros2_ws/install/yolov8_msgs/share/yolov8_msgs/msg/KeyPoint3DArray.msg
[2.807s] -- Up-to-date: /home/ssfa/ros2_ws/install/yolov8_msgs/share/yolov8_msgs/msg/Detection.msg
[2.807s] -- Up-to-date: /home/ssfa/ros2_ws/install/yolov8_msgs/share/yolov8_msgs/msg/DetectionArray.msg
[2.808s] -- Up-to-date: /home/ssfa/ros2_ws/install/yolov8_msgs/share/ament_index/resource_index/package_run_dependencies/yolov8_msgs
[2.808s] -- Up-to-date: /home/ssfa/ros2_ws/install/yolov8_msgs/share/ament_index/resource_index/parent_prefix_path/yolov8_msgs
[2.808s] -- Up-to-date: /home/ssfa/ros2_ws/install/yolov8_msgs/share/yolov8_msgs/environment/ament_prefix_path.sh
[2.808s] -- Up-to-date: /home/ssfa/ros2_ws/install/yolov8_msgs/share/yolov8_msgs/environment/ament_prefix_path.dsv
[2.808s] -- Up-to-date: /home/ssfa/ros2_ws/install/yolov8_msgs/share/yolov8_msgs/environment/path.sh
[2.808s] -- Up-to-date: /home/ssfa/ros2_ws/install/yolov8_msgs/share/yolov8_msgs/environment/path.dsv
[2.808s] -- Up-to-date: /home/ssfa/ros2_ws/install/yolov8_msgs/share/yolov8_msgs/local_setup.bash
[2.808s] -- Up-to-date: /home/ssfa/ros2_ws/install/yolov8_msgs/share/yolov8_msgs/local_setup.sh
[2.808s] -- Up-to-date: /home/ssfa/ros2_ws/install/yolov8_msgs/share/yolov8_msgs/local_setup.zsh
[2.808s] -- Up-to-date: /home/ssfa/ros2_ws/install/yolov8_msgs/share/yolov8_msgs/local_setup.dsv
[2.808s] -- Installing: /home/ssfa/ros2_ws/install/yolov8_msgs/share/yolov8_msgs/package.dsv
[2.809s] -- Up-to-date: /home/ssfa/ros2_ws/install/yolov8_msgs/share/ament_index/resource_index/packages/yolov8_msgs
[2.809s] -- Up-to-date: /home/ssfa/ros2_ws/install/yolov8_msgs/share/yolov8_msgs/cmake/export_yolov8_msgs__rosidl_generator_cExport.cmake
[2.809s] -- Up-to-date: /home/ssfa/ros2_ws/install/yolov8_msgs/share/yolov8_msgs/cmake/export_yolov8_msgs__rosidl_generator_cExport-noconfig.cmake
[2.809s] -- Up-to-date: /home/ssfa/ros2_ws/install/yolov8_msgs/share/yolov8_msgs/cmake/export_yolov8_msgs__rosidl_typesupport_fastrtps_cExport.cmake
[2.809s] -- Up-to-date: /home/ssfa/ros2_ws/install/yolov8_msgs/share/yolov8_msgs/cmake/export_yolov8_msgs__rosidl_typesupport_fastrtps_cExport-noconfig.cmake
[2.809s] -- Up-to-date: /home/ssfa/ros2_ws/install/yolov8_msgs/share/yolov8_msgs/cmake/yolov8_msgs__rosidl_typesupport_introspection_cExport.cmake
[2.809s] -- Up-to-date: /home/ssfa/ros2_ws/install/yolov8_msgs/share/yolov8_msgs/cmake/yolov8_msgs__rosidl_typesupport_introspection_cExport-noconfig.cmake
[2.809s] -- Up-to-date: /home/ssfa/ros2_ws/install/yolov8_msgs/share/yolov8_msgs/cmake/yolov8_msgs__rosidl_typesupport_cExport.cmake
[2.809s] -- Up-to-date: /home/ssfa/ros2_ws/install/yolov8_msgs/share/yolov8_msgs/cmake/yolov8_msgs__rosidl_typesupport_cExport-noconfig.cmake
[2.810s] -- Up-to-date: /home/ssfa/ros2_ws/install/yolov8_msgs/share/yolov8_msgs/cmake/export_yolov8_msgs__rosidl_generator_cppExport.cmake
[2.810s] -- Up-to-date: /home/ssfa/ros2_ws/install/yolov8_msgs/share/yolov8_msgs/cmake/export_yolov8_msgs__rosidl_typesupport_fastrtps_cppExport.cmake
[2.810s] -- Up-to-date: /home/ssfa/ros2_ws/install/yolov8_msgs/share/yolov8_msgs/cmake/export_yolov8_msgs__rosidl_typesupport_fastrtps_cppExport-noconfig.cmake
[2.810s] -- Up-to-date: /home/ssfa/ros2_ws/install/yolov8_msgs/share/yolov8_msgs/cmake/yolov8_msgs__rosidl_typesupport_introspection_cppExport.cmake
[2.810s] -- Up-to-date: /home/ssfa/ros2_ws/install/yolov8_msgs/share/yolov8_msgs/cmake/yolov8_msgs__rosidl_typesupport_introspection_cppExport-noconfig.cmake
[2.810s] -- Up-to-date: /home/ssfa/ros2_ws/install/yolov8_msgs/share/yolov8_msgs/cmake/yolov8_msgs__rosidl_typesupport_cppExport.cmake
[2.810s] -- Up-to-date: /home/ssfa/ros2_ws/install/yolov8_msgs/share/yolov8_msgs/cmake/yolov8_msgs__rosidl_typesupport_cppExport-noconfig.cmake
[2.810s] -- Up-to-date: /home/ssfa/ros2_ws/install/yolov8_msgs/share/yolov8_msgs/cmake/export_yolov8_msgs__rosidl_generator_pyExport.cmake
[2.810s] -- Up-to-date: /home/ssfa/ros2_ws/install/yolov8_msgs/share/yolov8_msgs/cmake/export_yolov8_msgs__rosidl_generator_pyExport-noconfig.cmake
[2.811s] -- Up-to-date: /home/ssfa/ros2_ws/install/yolov8_msgs/share/yolov8_msgs/cmake/rosidl_cmake-extras.cmake
[2.811s] -- Up-to-date: /home/ssfa/ros2_ws/install/yolov8_msgs/share/yolov8_msgs/cmake/ament_cmake_export_dependencies-extras.cmake
[2.811s] -- Up-to-date: /home/ssfa/ros2_ws/install/yolov8_msgs/share/yolov8_msgs/cmake/ament_cmake_export_include_directories-extras.cmake
[2.811s] -- Up-to-date: /home/ssfa/ros2_ws/install/yolov8_msgs/share/yolov8_msgs/cmake/ament_cmake_export_libraries-extras.cmake
[2.811s] -- Up-to-date: /home/ssfa/ros2_ws/install/yolov8_msgs/share/yolov8_msgs/cmake/ament_cmake_export_targets-extras.cmake
[2.811s] -- Up-to-date: /home/ssfa/ros2_ws/install/yolov8_msgs/share/yolov8_msgs/cmake/rosidl_cmake_export_typesupport_targets-extras.cmake
[2.811s] -- Up-to-date: /home/ssfa/ros2_ws/install/yolov8_msgs/share/yolov8_msgs/cmake/rosidl_cmake_export_typesupport_libraries-extras.cmake
[2.811s] -- Up-to-date: /home/ssfa/ros2_ws/install/yolov8_msgs/share/yolov8_msgs/cmake/yolov8_msgsConfig.cmake
[2.811s] -- Up-to-date: /home/ssfa/ros2_ws/install/yolov8_msgs/share/yolov8_msgs/cmake/yolov8_msgsConfig-version.cmake
[2.812s] -- Up-to-date: /home/ssfa/ros2_ws/install/yolov8_msgs/share/yolov8_msgs/package.xml
[2.829s] Invoked command in '/home/ssfa/ros2_ws/build/yolov8_msgs' returned '0': CMAKE_PREFIX_PATH=${CMAKE_PREFIX_PATH}:/home/ssfa/ros2_ws/install/yolov8_ros:/home/ssfa/ros2_ws/install/turtlebot3_teleop:/home/ssfa/ros2_ws/install/turtlebot3_example:/home/ssfa/ros2_ws/install/shape_detector:/home/ssfa/ros2_ws/install/services_pkg:/home/ssfa/ros2_ws/install/cv_basics:/home/ssfa/ros2_ws/install/color_shape_detector:/opt/ros/humble /usr/bin/cmake --install /home/ssfa/ros2_ws/build/yolov8_msgs
