[0.579s] Invoking command in '/home/ssfa/ros2_ws/build/dynamixel_sdk': CMAKE_PREFIX_PATH=${CMAKE_PREFIX_PATH}:/home/ssfa/ros2_ws/install/yolov8_ros:/home/ssfa/ros2_ws/install/turtlebot3_teleop:/home/ssfa/ros2_ws/install/turtlebot3_example:/home/ssfa/ros2_ws/install/topic_exercise:/home/ssfa/ros2_ws/install/subscriber_pkg:/home/ssfa/ros2_ws/install/services_pkg:/home/ssfa/ros2_ws/install/publisher_pkg:/home/ssfa/ros2_ws/install/my_package:/home/ssfa/ros2_ws/install/movement_pkg:/home/ssfa/ros2_ws/install/exercise_pkg:/home/ssfa/ros2_ws/install/cv_basics:/home/ssfa/ros2_ws/install/custom_interface_example:/home/ssfa/ros2_ws/install/client_pkg:/opt/ros/humble /usr/bin/cmake --build /home/ssfa/ros2_ws/build/dynamixel_sdk -- -j12 -l12
[1.002s] [100%] Built target dynamixel_sdk
[1.005s] Invoked command in '/home/ssfa/ros2_ws/build/dynamixel_sdk' returned '0': CMAKE_PREFIX_PATH=${CMAKE_PREFIX_PATH}:/home/ssfa/ros2_ws/install/yolov8_ros:/home/ssfa/ros2_ws/install/turtlebot3_teleop:/home/ssfa/ros2_ws/install/turtlebot3_example:/home/ssfa/ros2_ws/install/topic_exercise:/home/ssfa/ros2_ws/install/subscriber_pkg:/home/ssfa/ros2_ws/install/services_pkg:/home/ssfa/ros2_ws/install/publisher_pkg:/home/ssfa/ros2_ws/install/my_package:/home/ssfa/ros2_ws/install/movement_pkg:/home/ssfa/ros2_ws/install/exercise_pkg:/home/ssfa/ros2_ws/install/cv_basics:/home/ssfa/ros2_ws/install/custom_interface_example:/home/ssfa/ros2_ws/install/client_pkg:/opt/ros/humble /usr/bin/cmake --build /home/ssfa/ros2_ws/build/dynamixel_sdk -- -j12 -l12
[1.069s] Invoking command in '/home/ssfa/ros2_ws/build/dynamixel_sdk': CMAKE_PREFIX_PATH=${CMAKE_PREFIX_PATH}:/home/ssfa/ros2_ws/install/yolov8_ros:/home/ssfa/ros2_ws/install/turtlebot3_teleop:/home/ssfa/ros2_ws/install/turtlebot3_example:/home/ssfa/ros2_ws/install/topic_exercise:/home/ssfa/ros2_ws/install/subscriber_pkg:/home/ssfa/ros2_ws/install/services_pkg:/home/ssfa/ros2_ws/install/publisher_pkg:/home/ssfa/ros2_ws/install/my_package:/home/ssfa/ros2_ws/install/movement_pkg:/home/ssfa/ros2_ws/install/exercise_pkg:/home/ssfa/ros2_ws/install/cv_basics:/home/ssfa/ros2_ws/install/custom_interface_example:/home/ssfa/ros2_ws/install/client_pkg:/opt/ros/humble /usr/bin/cmake --install /home/ssfa/ros2_ws/build/dynamixel_sdk
[1.077s] -- Install configuration: ""
[1.078s] -- Execute custom install script
[1.079s] -- Up-to-date symlink: /home/ssfa/ros2_ws/install/dynamixel_sdk/include//dynamixel_sdk/dynamixel_sdk.h
[1.079s] -- Up-to-date symlink: /home/ssfa/ros2_ws/install/dynamixel_sdk/include//dynamixel_sdk/group_bulk_read.h
[1.079s] -- Up-to-date symlink: /home/ssfa/ros2_ws/install/dynamixel_sdk/include//dynamixel_sdk/group_bulk_write.h
[1.079s] -- Up-to-date symlink: /home/ssfa/ros2_ws/install/dynamixel_sdk/include//dynamixel_sdk/group_sync_read.h
[1.079s] -- Up-to-date symlink: /home/ssfa/ros2_ws/install/dynamixel_sdk/include//dynamixel_sdk/group_sync_write.h
[1.085s] -- Up-to-date symlink: /home/ssfa/ros2_ws/install/dynamixel_sdk/include//dynamixel_sdk/packet_handler.h
[1.086s] -- Up-to-date symlink: /home/ssfa/ros2_ws/install/dynamixel_sdk/include//dynamixel_sdk/port_handler.h
[1.086s] -- Up-to-date symlink: /home/ssfa/ros2_ws/install/dynamixel_sdk/include//dynamixel_sdk/port_handler_arduino.h
[1.086s] -- Up-to-date symlink: /home/ssfa/ros2_ws/install/dynamixel_sdk/include//dynamixel_sdk/port_handler_linux.h
[1.086s] -- Up-to-date symlink: /home/ssfa/ros2_ws/install/dynamixel_sdk/include//dynamixel_sdk/port_handler_mac.h
[1.086s] -- Up-to-date symlink: /home/ssfa/ros2_ws/install/dynamixel_sdk/include//dynamixel_sdk/port_handler_windows.h
[1.086s] -- Up-to-date symlink: /home/ssfa/ros2_ws/install/dynamixel_sdk/include//dynamixel_sdk/protocol1_packet_handler.h
[1.086s] -- Up-to-date symlink: /home/ssfa/ros2_ws/install/dynamixel_sdk/include//dynamixel_sdk/protocol2_packet_handler.h
[1.086s] -- Up-to-date symlink: /home/ssfa/ros2_ws/install/dynamixel_sdk/lib/libdynamixel_sdk.so
[1.086s] -- Up-to-date symlink: /home/ssfa/ros2_ws/install/dynamixel_sdk/share/dynamixel_sdk/environment/library_path.sh
[1.086s] -- Up-to-date symlink: /home/ssfa/ros2_ws/install/dynamixel_sdk/share/dynamixel_sdk/environment/library_path.dsv
[1.086s] -- Up-to-date symlink: /home/ssfa/ros2_ws/install/dynamixel_sdk/share/ament_index/resource_index/package_run_dependencies/dynamixel_sdk
[1.086s] -- Up-to-date symlink: /home/ssfa/ros2_ws/install/dynamixel_sdk/share/ament_index/resource_index/parent_prefix_path/dynamixel_sdk
[1.086s] -- Up-to-date symlink: /home/ssfa/ros2_ws/install/dynamixel_sdk/share/dynamixel_sdk/environment/ament_prefix_path.sh
[1.086s] -- Up-to-date symlink: /home/ssfa/ros2_ws/install/dynamixel_sdk/share/dynamixel_sdk/environment/ament_prefix_path.dsv
[1.086s] -- Up-to-date symlink: /home/ssfa/ros2_ws/install/dynamixel_sdk/share/dynamixel_sdk/environment/path.sh
[1.086s] -- Up-to-date symlink: /home/ssfa/ros2_ws/install/dynamixel_sdk/share/dynamixel_sdk/environment/path.dsv
[1.087s] -- Up-to-date symlink: /home/ssfa/ros2_ws/install/dynamixel_sdk/share/dynamixel_sdk/local_setup.bash
[1.087s] -- Up-to-date symlink: /home/ssfa/ros2_ws/install/dynamixel_sdk/share/dynamixel_sdk/local_setup.sh
[1.087s] -- Up-to-date symlink: /home/ssfa/ros2_ws/install/dynamixel_sdk/share/dynamixel_sdk/local_setup.zsh
[1.087s] -- Up-to-date symlink: /home/ssfa/ros2_ws/install/dynamixel_sdk/share/dynamixel_sdk/local_setup.dsv
[1.087s] -- Symlinking: /home/ssfa/ros2_ws/install/dynamixel_sdk/share/dynamixel_sdk/package.dsv
[1.094s] -- Up-to-date symlink: /home/ssfa/ros2_ws/install/dynamixel_sdk/share/ament_index/resource_index/packages/dynamixel_sdk
[1.095s] -- Up-to-date symlink: /home/ssfa/ros2_ws/install/dynamixel_sdk/share/dynamixel_sdk/cmake/ament_cmake_export_include_directories-extras.cmake
[1.096s] -- Up-to-date symlink: /home/ssfa/ros2_ws/install/dynamixel_sdk/share/dynamixel_sdk/cmake/ament_cmake_export_libraries-extras.cmake
[1.097s] -- Up-to-date symlink: /home/ssfa/ros2_ws/install/dynamixel_sdk/share/dynamixel_sdk/cmake/dynamixel_sdkConfig.cmake
[1.097s] -- Up-to-date symlink: /home/ssfa/ros2_ws/install/dynamixel_sdk/share/dynamixel_sdk/cmake/dynamixel_sdkConfig-version.cmake
[1.098s] -- Up-to-date symlink: /home/ssfa/ros2_ws/install/dynamixel_sdk/share/dynamixel_sdk/package.xml
[1.144s] Invoked command in '/home/ssfa/ros2_ws/build/dynamixel_sdk' returned '0': CMAKE_PREFIX_PATH=${CMAKE_PREFIX_PATH}:/home/ssfa/ros2_ws/install/yolov8_ros:/home/ssfa/ros2_ws/install/turtlebot3_teleop:/home/ssfa/ros2_ws/install/turtlebot3_example:/home/ssfa/ros2_ws/install/topic_exercise:/home/ssfa/ros2_ws/install/subscriber_pkg:/home/ssfa/ros2_ws/install/services_pkg:/home/ssfa/ros2_ws/install/publisher_pkg:/home/ssfa/ros2_ws/install/my_package:/home/ssfa/ros2_ws/install/movement_pkg:/home/ssfa/ros2_ws/install/exercise_pkg:/home/ssfa/ros2_ws/install/cv_basics:/home/ssfa/ros2_ws/install/custom_interface_example:/home/ssfa/ros2_ws/install/client_pkg:/opt/ros/humble /usr/bin/cmake --install /home/ssfa/ros2_ws/build/dynamixel_sdk
