[2.381s] Invoking command in '/home/ssfa/ros2_ws/src/color_shape_detector': PYTHONPATH=/home/ssfa/ros2_ws/build/color_shape_detector/prefix_override:/usr/lib/python3/dist-packages/colcon_core/task/python/colcon_distutils_commands:/home/ssfa/ros2_ws/install/color_shape_detector/lib/python3.10/site-packages:${PYTHONPATH} /usr/bin/python3 -W ignore:setup.py install is deprecated setup.py egg_info --egg-base ../../build/color_shape_detector build --build-base /home/ssfa/ros2_ws/build/color_shape_detector/build install --record /home/ssfa/ros2_ws/build/color_shape_detector/install.log --single-version-externally-managed install_data
[2.767s] running egg_info
[2.768s] writing ../../build/color_shape_detector/color_shape_detector.egg-info/PKG-INFO
[2.769s] writing dependency_links to ../../build/color_shape_detector/color_shape_detector.egg-info/dependency_links.txt
[2.769s] writing entry points to ../../build/color_shape_detector/color_shape_detector.egg-info/entry_points.txt
[2.769s] writing requirements to ../../build/color_shape_detector/color_shape_detector.egg-info/requires.txt
[2.769s] writing top-level names to ../../build/color_shape_detector/color_shape_detector.egg-info/top_level.txt
[2.772s] reading manifest file '../../build/color_shape_detector/color_shape_detector.egg-info/SOURCES.txt'
[2.773s] writing manifest file '../../build/color_shape_detector/color_shape_detector.egg-info/SOURCES.txt'
[2.773s] running build
[2.773s] running build_py
[2.773s] copying color_shape_detector/basic_image_subscriber.py -> /home/ssfa/ros2_ws/build/color_shape_detector/build/lib/color_shape_detector
[2.774s] running install
[2.774s] running install_lib
[2.775s] copying /home/ssfa/ros2_ws/build/color_shape_detector/build/lib/color_shape_detector/basic_image_subscriber.py -> /home/ssfa/ros2_ws/install/color_shape_detector/lib/python3.10/site-packages/color_shape_detector
[2.776s] byte-compiling /home/ssfa/ros2_ws/install/color_shape_detector/lib/python3.10/site-packages/color_shape_detector/basic_image_subscriber.py to basic_image_subscriber.cpython-310.pyc
[2.779s] running install_data
[2.779s] running install_egg_info
[2.782s] removing '/home/ssfa/ros2_ws/install/color_shape_detector/lib/python3.10/site-packages/color_shape_detector-0.0.0-py3.10.egg-info' (and everything under it)
[2.782s] Copying ../../build/color_shape_detector/color_shape_detector.egg-info to /home/ssfa/ros2_ws/install/color_shape_detector/lib/python3.10/site-packages/color_shape_detector-0.0.0-py3.10.egg-info
[2.783s] running install_scripts
[2.814s] Installing img_publisher script to /home/ssfa/ros2_ws/install/color_shape_detector/lib/color_shape_detector
[2.814s] Installing img_subscriber script to /home/ssfa/ros2_ws/install/color_shape_detector/lib/color_shape_detector
[2.815s] writing list of installed files to '/home/ssfa/ros2_ws/build/color_shape_detector/install.log'
[3.195s] Invoked command in '/home/ssfa/ros2_ws/src/color_shape_detector' returned '0': PYTHONPATH=/home/ssfa/ros2_ws/build/color_shape_detector/prefix_override:/usr/lib/python3/dist-packages/colcon_core/task/python/colcon_distutils_commands:/home/ssfa/ros2_ws/install/color_shape_detector/lib/python3.10/site-packages:${PYTHONPATH} /usr/bin/python3 -W ignore:setup.py install is deprecated setup.py egg_info --egg-base ../../build/color_shape_detector build --build-base /home/ssfa/ros2_ws/build/color_shape_detector/build install --record /home/ssfa/ros2_ws/build/color_shape_detector/install.log --single-version-externally-managed install_data
