[0.496s] Invoking command in '/home/ssfa/ros2_ws/build/my_package': PYTHONPATH=/home/ssfa/ros2_ws/build/my_package/prefix_override:/usr/lib/python3/dist-packages/colcon_core/task/python/colcon_distutils_commands:/home/ssfa/ros2_ws/install/my_package/lib/python3.10/site-packages:${PYTHONPATH} /usr/bin/python3 -W ignore:setup.py install is deprecated setup.py develop --editable --build-directory /home/ssfa/ros2_ws/build/my_package/build --no-deps symlink_data
[0.614s] /usr/lib/python3.10/distutils/dist.py:274: UserWarning: Unknown distribution option: 'test_require'
[0.614s]   warnings.warn(msg)
[0.630s] running develop
[0.630s] /usr/lib/python3/dist-packages/setuptools/command/easy_install.py:158: EasyInstallDeprecationWarning: easy_install command is deprecated. Use build and pip and other standards-based tools.
[0.630s]   warnings.warn(
[0.705s] running egg_info
[0.705s] writing my_package.egg-info/PKG-INFO
[0.705s] writing dependency_links to my_package.egg-info/dependency_links.txt
[0.705s] writing entry points to my_package.egg-info/entry_points.txt
[0.705s] writing requirements to my_package.egg-info/requires.txt
[0.705s] writing top-level names to my_package.egg-info/top_level.txt
[0.706s] reading manifest file 'my_package.egg-info/SOURCES.txt'
[0.706s] writing manifest file 'my_package.egg-info/SOURCES.txt'
[0.707s] running build_ext
[0.707s] Creating /home/ssfa/ros2_ws/install/my_package/lib/python3.10/site-packages/my-package.egg-link (link to .)
[0.708s] 
[0.708s] Installed /home/ssfa/ros2_ws/build/my_package
[0.708s] running symlink_data
[0.708s] symbolically linking /home/ssfa/ros2_ws/build/my_package/launch/my_package_launch_file.launch.py -> /home/ssfa/ros2_ws/install/my_package/share/my_package
[0.725s] Invoked command in '/home/ssfa/ros2_ws/build/my_package' returned '0': PYTHONPATH=/home/ssfa/ros2_ws/build/my_package/prefix_override:/usr/lib/python3/dist-packages/colcon_core/task/python/colcon_distutils_commands:/home/ssfa/ros2_ws/install/my_package/lib/python3.10/site-packages:${PYTHONPATH} /usr/bin/python3 -W ignore:setup.py install is deprecated setup.py develop --editable --build-directory /home/ssfa/ros2_ws/build/my_package/build --no-deps symlink_data
