[1.358s] Invoking command in '/home/ssfa/ros2_ws/build/my_package': PYTHONPATH=/home/ssfa/ros2_ws/build/my_package/prefix_override:/usr/lib/python3/dist-packages/colcon_core/task/python/colcon_distutils_commands:/home/ssfa/ros2_ws/install/my_package/lib/python3.10/site-packages:${PYTHONPATH} /usr/bin/python3 -W ignore:setup.py install is deprecated setup.py develop --uninstall --editable --build-directory /home/ssfa/ros2_ws/build/my_package/build
[1.924s] running develop
[1.924s] /usr/lib/python3/dist-packages/setuptools/command/easy_install.py:158: EasyInstallDeprecationWarning: easy_install command is deprecated. Use build and pip and other standards-based tools.
[1.924s]   warnings.warn(
[2.033s] Removing /home/ssfa/ros2_ws/install/my_package/lib/python3.10/site-packages/my-package.egg-link (link to .)
[2.290s] Invoked command in '/home/ssfa/ros2_ws/build/my_package' returned '0': PYTHONPATH=/home/ssfa/ros2_ws/build/my_package/prefix_override:/usr/lib/python3/dist-packages/colcon_core/task/python/colcon_distutils_commands:/home/ssfa/ros2_ws/install/my_package/lib/python3.10/site-packages:${PYTHONPATH} /usr/bin/python3 -W ignore:setup.py install is deprecated setup.py develop --uninstall --editable --build-directory /home/ssfa/ros2_ws/build/my_package/build
[2.290s] Invoking command in '/home/ssfa/ros2_ws/src/my_package': PYTHONPATH=/home/ssfa/ros2_ws/build/my_package/prefix_override:/usr/lib/python3/dist-packages/colcon_core/task/python/colcon_distutils_commands:/home/ssfa/ros2_ws/install/my_package/lib/python3.10/site-packages:${PYTHONPATH} /usr/bin/python3 -W ignore:setup.py install is deprecated setup.py egg_info --egg-base ../../build/my_package build --build-base /home/ssfa/ros2_ws/build/my_package/build install --record /home/ssfa/ros2_ws/build/my_package/install.log --single-version-externally-managed install_data --force
[2.907s] running egg_info
[2.907s] writing ../../build/my_package/my_package.egg-info/PKG-INFO
[2.908s] writing dependency_links to ../../build/my_package/my_package.egg-info/dependency_links.txt
[2.908s] writing entry points to ../../build/my_package/my_package.egg-info/entry_points.txt
[2.908s] writing requirements to ../../build/my_package/my_package.egg-info/requires.txt
[2.908s] writing top-level names to ../../build/my_package/my_package.egg-info/top_level.txt
[2.911s] reading manifest file '../../build/my_package/my_package.egg-info/SOURCES.txt'
[2.912s] writing manifest file '../../build/my_package/my_package.egg-info/SOURCES.txt'
[2.912s] running build
[2.912s] running build_py
[2.913s] running install
[2.913s] running install_lib
[2.914s] creating /home/ssfa/ros2_ws/install/my_package/lib/python3.10/site-packages/my_package
[2.914s] copying /home/ssfa/ros2_ws/build/my_package/build/lib/my_package/simple.py -> /home/ssfa/ros2_ws/install/my_package/lib/python3.10/site-packages/my_package
[2.914s] copying /home/ssfa/ros2_ws/build/my_package/build/lib/my_package/__init__.py -> /home/ssfa/ros2_ws/install/my_package/lib/python3.10/site-packages/my_package
[2.915s] byte-compiling /home/ssfa/ros2_ws/install/my_package/lib/python3.10/site-packages/my_package/simple.py to simple.cpython-310.pyc
[2.916s] byte-compiling /home/ssfa/ros2_ws/install/my_package/lib/python3.10/site-packages/my_package/__init__.py to __init__.cpython-310.pyc
[2.916s] running install_data
[2.916s] copying resource/my_package -> /home/ssfa/ros2_ws/install/my_package/share/ament_index/resource_index/packages
[2.916s] copying package.xml -> /home/ssfa/ros2_ws/install/my_package/share/my_package
[2.917s] copying launch/my_package_launch_file.launch.py -> /home/ssfa/ros2_ws/install/my_package/share/my_package
[2.917s] running install_egg_info
[2.919s] Copying ../../build/my_package/my_package.egg-info to /home/ssfa/ros2_ws/install/my_package/lib/python3.10/site-packages/my_package-0.0.0-py3.10.egg-info
[2.920s] running install_scripts
[2.953s] Installing simple_node script to /home/ssfa/ros2_ws/install/my_package/lib/my_package
[2.953s] writing list of installed files to '/home/ssfa/ros2_ws/build/my_package/install.log'
[3.134s] Invoked command in '/home/ssfa/ros2_ws/src/my_package' returned '0': PYTHONPATH=/home/ssfa/ros2_ws/build/my_package/prefix_override:/usr/lib/python3/dist-packages/colcon_core/task/python/colcon_distutils_commands:/home/ssfa/ros2_ws/install/my_package/lib/python3.10/site-packages:${PYTHONPATH} /usr/bin/python3 -W ignore:setup.py install is deprecated setup.py egg_info --egg-base ../../build/my_package build --build-base /home/ssfa/ros2_ws/build/my_package/build install --record /home/ssfa/ros2_ws/build/my_package/install.log --single-version-externally-managed install_data --force
