[0.042s] Invoking command in '/home/ssfa/ros2_ws/build/custom_interfaces': CMAKE_PREFIX_PATH=${CMAKE_PREFIX_PATH}:/home/ssfa/ros2_ws/install/yolov8_ros:/home/ssfa/ros2_ws/install/turtlebot3_teleop:/home/ssfa/ros2_ws/install/turtlebot3_example:/home/ssfa/ros2_ws/install/topic_exercise:/home/ssfa/ros2_ws/install/subscriber_pkg:/home/ssfa/ros2_ws/install/services_pkg:/home/ssfa/ros2_ws/install/publisher_pkg:/home/ssfa/ros2_ws/install/my_package:/home/ssfa/ros2_ws/install/movement_pkg:/home/ssfa/ros2_ws/install/exercise_pkg:/home/ssfa/ros2_ws/install/cv_basics:/home/ssfa/ros2_ws/install/custom_interface_example:/home/ssfa/ros2_ws/install/client_pkg:/opt/ros/humble /usr/bin/cmake --build /home/ssfa/ros2_ws/build/custom_interfaces -- -j12 -l12
[1.017s] [  2%] Built target custom_interfaces__cpp
[1.017s] [ 12%] Built target custom_interfaces__rosidl_generator_c
[1.017s] [ 12%] Built target ament_cmake_python_symlink_custom_interfaces
[1.017s] [ 23%] Built target custom_interfaces__rosidl_typesupport_cpp
[1.017s] [ 33%] Built target custom_interfaces__rosidl_typesupport_introspection_cpp
[1.017s] [ 43%] Built target custom_interfaces__rosidl_typesupport_c
[1.018s] [ 53%] Built target custom_interfaces__rosidl_typesupport_fastrtps_c
[1.018s] [ 64%] Built target custom_interfaces__rosidl_typesupport_fastrtps_cpp
[1.018s] [ 74%] Built target custom_interfaces__rosidl_typesupport_introspection_c
[1.018s] [ 74%] Built target custom_interfaces
[1.018s] [ 76%] Built target custom_interfaces__py
[1.019s] [ 84%] Built target custom_interfaces__rosidl_generator_py
[1.019s] [ 89%] Built target custom_interfaces__rosidl_typesupport_fastrtps_c__pyext
[1.019s] [ 94%] Built target custom_interfaces__rosidl_typesupport_introspection_c__pyext
[1.019s] [100%] Built target custom_interfaces__rosidl_typesupport_c__pyext
[1.019s] running egg_info
[1.020s] writing custom_interfaces.egg-info/PKG-INFO
[1.020s] writing dependency_links to custom_interfaces.egg-info/dependency_links.txt
[1.020s] writing top-level names to custom_interfaces.egg-info/top_level.txt
[1.020s] reading manifest file 'custom_interfaces.egg-info/SOURCES.txt'
[1.020s] writing manifest file 'custom_interfaces.egg-info/SOURCES.txt'
[1.020s] [100%] Built target ament_cmake_python_build_custom_interfaces_egg
[1.028s] Invoked command in '/home/ssfa/ros2_ws/build/custom_interfaces' returned '0': CMAKE_PREFIX_PATH=${CMAKE_PREFIX_PATH}:/home/ssfa/ros2_ws/install/yolov8_ros:/home/ssfa/ros2_ws/install/turtlebot3_teleop:/home/ssfa/ros2_ws/install/turtlebot3_example:/home/ssfa/ros2_ws/install/topic_exercise:/home/ssfa/ros2_ws/install/subscriber_pkg:/home/ssfa/ros2_ws/install/services_pkg:/home/ssfa/ros2_ws/install/publisher_pkg:/home/ssfa/ros2_ws/install/my_package:/home/ssfa/ros2_ws/install/movement_pkg:/home/ssfa/ros2_ws/install/exercise_pkg:/home/ssfa/ros2_ws/install/cv_basics:/home/ssfa/ros2_ws/install/custom_interface_example:/home/ssfa/ros2_ws/install/client_pkg:/opt/ros/humble /usr/bin/cmake --build /home/ssfa/ros2_ws/build/custom_interfaces -- -j12 -l12
[1.122s] Invoking command in '/home/ssfa/ros2_ws/build/custom_interfaces': CMAKE_PREFIX_PATH=${CMAKE_PREFIX_PATH}:/home/ssfa/ros2_ws/install/yolov8_ros:/home/ssfa/ros2_ws/install/turtlebot3_teleop:/home/ssfa/ros2_ws/install/turtlebot3_example:/home/ssfa/ros2_ws/install/topic_exercise:/home/ssfa/ros2_ws/install/subscriber_pkg:/home/ssfa/ros2_ws/install/services_pkg:/home/ssfa/ros2_ws/install/publisher_pkg:/home/ssfa/ros2_ws/install/my_package:/home/ssfa/ros2_ws/install/movement_pkg:/home/ssfa/ros2_ws/install/exercise_pkg:/home/ssfa/ros2_ws/install/cv_basics:/home/ssfa/ros2_ws/install/custom_interface_example:/home/ssfa/ros2_ws/install/client_pkg:/opt/ros/humble /usr/bin/cmake --install /home/ssfa/ros2_ws/build/custom_interfaces
[1.146s] -- Install configuration: ""
[1.147s] -- Execute custom install script
[1.147s] -- Up-to-date symlink: /home/ssfa/ros2_ws/install/custom_interfaces/share/ament_index/resource_index/rosidl_interfaces/custom_interfaces
[1.147s] -- Up-to-date symlink: /home/ssfa/ros2_ws/install/custom_interfaces/include/custom_interfaces/custom_interfaces/msg/age.h
[1.147s] -- Up-to-date symlink: /home/ssfa/ros2_ws/install/custom_interfaces/include/custom_interfaces/custom_interfaces/msg/detail/age__functions.h
[1.147s] -- Up-to-date symlink: /home/ssfa/ros2_ws/install/custom_interfaces/include/custom_interfaces/custom_interfaces/msg/detail/age__struct.h
[1.148s] -- Up-to-date symlink: /home/ssfa/ros2_ws/install/custom_interfaces/include/custom_interfaces/custom_interfaces/msg/detail/age__type_support.h
[1.148s] -- Up-to-date symlink: /home/ssfa/ros2_ws/install/custom_interfaces/include/custom_interfaces/custom_interfaces/msg/rosidl_generator_c__visibility_control.h
[1.148s] -- Up-to-date symlink: /home/ssfa/ros2_ws/install/custom_interfaces/include/custom_interfaces/custom_interfaces/srv/detail/my_custom_service_message__functions.h
[1.148s] -- Up-to-date symlink: /home/ssfa/ros2_ws/install/custom_interfaces/include/custom_interfaces/custom_interfaces/srv/detail/my_custom_service_message__struct.h
[1.148s] -- Up-to-date symlink: /home/ssfa/ros2_ws/install/custom_interfaces/include/custom_interfaces/custom_interfaces/srv/detail/my_custom_service_message__type_support.h
[1.148s] -- Up-to-date symlink: /home/ssfa/ros2_ws/install/custom_interfaces/include/custom_interfaces/custom_interfaces/srv/my_custom_service_message.h
[1.148s] -- Up-to-date symlink: /home/ssfa/ros2_ws/install/custom_interfaces/share/custom_interfaces/environment/library_path.sh
[1.148s] -- Up-to-date symlink: /home/ssfa/ros2_ws/install/custom_interfaces/share/custom_interfaces/environment/library_path.dsv
[1.148s] -- Up-to-date symlink: /home/ssfa/ros2_ws/install/custom_interfaces/include/custom_interfaces/custom_interfaces/msg/detail/age__rosidl_typesupport_fastrtps_c.h
[1.148s] -- Up-to-date symlink: /home/ssfa/ros2_ws/install/custom_interfaces/include/custom_interfaces/custom_interfaces/msg/rosidl_typesupport_fastrtps_c__visibility_control.h
[1.148s] -- Up-to-date symlink: /home/ssfa/ros2_ws/install/custom_interfaces/include/custom_interfaces/custom_interfaces/srv/detail/my_custom_service_message__rosidl_typesupport_fastrtps_c.h
[1.148s] -- Up-to-date symlink: /home/ssfa/ros2_ws/install/custom_interfaces/include/custom_interfaces/custom_interfaces/msg/age.hpp
[1.149s] -- Up-to-date symlink: /home/ssfa/ros2_ws/install/custom_interfaces/include/custom_interfaces/custom_interfaces/msg/detail/age__builder.hpp
[1.149s] -- Up-to-date symlink: /home/ssfa/ros2_ws/install/custom_interfaces/include/custom_interfaces/custom_interfaces/msg/detail/age__struct.hpp
[1.149s] -- Up-to-date symlink: /home/ssfa/ros2_ws/install/custom_interfaces/include/custom_interfaces/custom_interfaces/msg/detail/age__traits.hpp
[1.149s] -- Up-to-date symlink: /home/ssfa/ros2_ws/install/custom_interfaces/include/custom_interfaces/custom_interfaces/srv/detail/my_custom_service_message__builder.hpp
[1.149s] -- Up-to-date symlink: /home/ssfa/ros2_ws/install/custom_interfaces/include/custom_interfaces/custom_interfaces/srv/detail/my_custom_service_message__struct.hpp
[1.149s] -- Up-to-date symlink: /home/ssfa/ros2_ws/install/custom_interfaces/include/custom_interfaces/custom_interfaces/srv/detail/my_custom_service_message__traits.hpp
[1.149s] -- Up-to-date symlink: /home/ssfa/ros2_ws/install/custom_interfaces/include/custom_interfaces/custom_interfaces/srv/my_custom_service_message.hpp
[1.149s] -- Up-to-date symlink: /home/ssfa/ros2_ws/install/custom_interfaces/include/custom_interfaces/custom_interfaces/msg/detail/age__rosidl_typesupport_fastrtps_cpp.hpp
[1.149s] -- Up-to-date symlink: /home/ssfa/ros2_ws/install/custom_interfaces/include/custom_interfaces/custom_interfaces/msg/rosidl_typesupport_fastrtps_cpp__visibility_control.h
[1.149s] -- Up-to-date symlink: /home/ssfa/ros2_ws/install/custom_interfaces/include/custom_interfaces/custom_interfaces/srv/detail/my_custom_service_message__rosidl_typesupport_fastrtps_cpp.hpp
[1.149s] -- Up-to-date symlink: /home/ssfa/ros2_ws/install/custom_interfaces/include/custom_interfaces/custom_interfaces/msg/detail/age__rosidl_typesupport_introspection_c.h
[1.149s] -- Up-to-date symlink: /home/ssfa/ros2_ws/install/custom_interfaces/include/custom_interfaces/custom_interfaces/msg/rosidl_typesupport_introspection_c__visibility_control.h
[1.149s] -- Up-to-date symlink: /home/ssfa/ros2_ws/install/custom_interfaces/include/custom_interfaces/custom_interfaces/srv/detail/my_custom_service_message__rosidl_typesupport_introspection_c.h
[1.149s] -- Up-to-date symlink: /home/ssfa/ros2_ws/install/custom_interfaces/include/custom_interfaces/custom_interfaces/msg/detail/age__rosidl_typesupport_introspection_cpp.hpp
[1.149s] -- Up-to-date symlink: /home/ssfa/ros2_ws/install/custom_interfaces/include/custom_interfaces/custom_interfaces/srv/detail/my_custom_service_message__rosidl_typesupport_introspection_cpp.hpp
[1.149s] -- Up-to-date symlink: /home/ssfa/ros2_ws/install/custom_interfaces/share/custom_interfaces/environment/pythonpath.sh
[1.150s] -- Up-to-date symlink: /home/ssfa/ros2_ws/install/custom_interfaces/share/custom_interfaces/environment/pythonpath.dsv
[1.150s] -- Up-to-date symlink: /home/ssfa/ros2_ws/install/custom_interfaces/local/lib/python3.10/dist-packages/custom_interfaces-0.0.0-py3.10.egg-info/PKG-INFO
[1.150s] -- Up-to-date symlink: /home/ssfa/ros2_ws/install/custom_interfaces/local/lib/python3.10/dist-packages/custom_interfaces-0.0.0-py3.10.egg-info/SOURCES.txt
[1.150s] -- Up-to-date symlink: /home/ssfa/ros2_ws/install/custom_interfaces/local/lib/python3.10/dist-packages/custom_interfaces-0.0.0-py3.10.egg-info/dependency_links.txt
[1.150s] -- Up-to-date symlink: /home/ssfa/ros2_ws/install/custom_interfaces/local/lib/python3.10/dist-packages/custom_interfaces-0.0.0-py3.10.egg-info/top_level.txt
[1.150s] -- Up-to-date symlink: /home/ssfa/ros2_ws/install/custom_interfaces/local/lib/python3.10/dist-packages/custom_interfaces/__init__.py
[1.150s] -- Up-to-date symlink: /home/ssfa/ros2_ws/install/custom_interfaces/local/lib/python3.10/dist-packages/custom_interfaces/_custom_interfaces_s.ep.rosidl_typesupport_c.c
[1.150s] -- Up-to-date symlink: /home/ssfa/ros2_ws/install/custom_interfaces/local/lib/python3.10/dist-packages/custom_interfaces/_custom_interfaces_s.ep.rosidl_typesupport_fastrtps_c.c
[1.150s] -- Up-to-date symlink: /home/ssfa/ros2_ws/install/custom_interfaces/local/lib/python3.10/dist-packages/custom_interfaces/_custom_interfaces_s.ep.rosidl_typesupport_introspection_c.c
[1.150s] -- Up-to-date symlink: /home/ssfa/ros2_ws/install/custom_interfaces/local/lib/python3.10/dist-packages/custom_interfaces/custom_interfaces_s__rosidl_typesupport_c.cpython-310-x86_64-linux-gnu.so
[1.150s] -- Up-to-date symlink: /home/ssfa/ros2_ws/install/custom_interfaces/local/lib/python3.10/dist-packages/custom_interfaces/custom_interfaces_s__rosidl_typesupport_fastrtps_c.cpython-310-x86_64-linux-gnu.so
[1.151s] -- Up-to-date symlink: /home/ssfa/ros2_ws/install/custom_interfaces/local/lib/python3.10/dist-packages/custom_interfaces/custom_interfaces_s__rosidl_typesupport_introspection_c.cpython-310-x86_64-linux-gnu.so
[1.151s] -- Up-to-date symlink: /home/ssfa/ros2_ws/install/custom_interfaces/local/lib/python3.10/dist-packages/custom_interfaces/libcustom_interfaces__rosidl_generator_py.so
[1.151s] -- Up-to-date symlink: /home/ssfa/ros2_ws/install/custom_interfaces/local/lib/python3.10/dist-packages/custom_interfaces/msg/__init__.py
[1.151s] -- Up-to-date symlink: /home/ssfa/ros2_ws/install/custom_interfaces/local/lib/python3.10/dist-packages/custom_interfaces/msg/_age.py
[1.151s] -- Up-to-date symlink: /home/ssfa/ros2_ws/install/custom_interfaces/local/lib/python3.10/dist-packages/custom_interfaces/msg/_age_s.c
[1.151s] -- Up-to-date symlink: /home/ssfa/ros2_ws/install/custom_interfaces/local/lib/python3.10/dist-packages/custom_interfaces/srv/__init__.py
[1.151s] -- Up-to-date symlink: /home/ssfa/ros2_ws/install/custom_interfaces/local/lib/python3.10/dist-packages/custom_interfaces/srv/_my_custom_service_message.py
[1.151s] -- Up-to-date symlink: /home/ssfa/ros2_ws/install/custom_interfaces/local/lib/python3.10/dist-packages/custom_interfaces/srv/_my_custom_service_message_s.c
[1.152s] -- Up-to-date symlink: /home/ssfa/ros2_ws/install/custom_interfaces/local/lib/python3.10/dist-packages/custom_interfaces/custom_interfaces_s__rosidl_typesupport_fastrtps_c.cpython-310-x86_64-linux-gnu.so
[1.152s] -- Up-to-date symlink: /home/ssfa/ros2_ws/install/custom_interfaces/local/lib/python3.10/dist-packages/custom_interfaces/custom_interfaces_s__rosidl_typesupport_introspection_c.cpython-310-x86_64-linux-gnu.so
[1.153s] -- Up-to-date symlink: /home/ssfa/ros2_ws/install/custom_interfaces/local/lib/python3.10/dist-packages/custom_interfaces/custom_interfaces_s__rosidl_typesupport_c.cpython-310-x86_64-linux-gnu.so
[1.153s] -- Up-to-date symlink: /home/ssfa/ros2_ws/install/custom_interfaces/share/custom_interfaces/msg/Age.idl
[1.153s] -- Up-to-date symlink: /home/ssfa/ros2_ws/install/custom_interfaces/share/custom_interfaces/srv/MyCustomServiceMessage.idl
[1.153s] -- Up-to-date symlink: /home/ssfa/ros2_ws/install/custom_interfaces/share/custom_interfaces/msg/Age.msg
[1.153s] -- Up-to-date symlink: /home/ssfa/ros2_ws/install/custom_interfaces/share/custom_interfaces/srv/MyCustomServiceMessage.srv
[1.153s] -- Up-to-date symlink: /home/ssfa/ros2_ws/install/custom_interfaces/share/custom_interfaces/srv/MyCustomServiceMessage_Request.msg
[1.153s] -- Up-to-date symlink: /home/ssfa/ros2_ws/install/custom_interfaces/share/custom_interfaces/srv/MyCustomServiceMessage_Response.msg
[1.153s] -- Up-to-date symlink: /home/ssfa/ros2_ws/install/custom_interfaces/share/ament_index/resource_index/package_run_dependencies/custom_interfaces
[1.153s] -- Up-to-date symlink: /home/ssfa/ros2_ws/install/custom_interfaces/share/ament_index/resource_index/parent_prefix_path/custom_interfaces
[1.153s] -- Up-to-date symlink: /home/ssfa/ros2_ws/install/custom_interfaces/share/custom_interfaces/environment/ament_prefix_path.sh
[1.153s] -- Up-to-date symlink: /home/ssfa/ros2_ws/install/custom_interfaces/share/custom_interfaces/environment/ament_prefix_path.dsv
[1.153s] -- Up-to-date symlink: /home/ssfa/ros2_ws/install/custom_interfaces/share/custom_interfaces/environment/path.sh
[1.154s] -- Up-to-date symlink: /home/ssfa/ros2_ws/install/custom_interfaces/share/custom_interfaces/environment/path.dsv
[1.154s] -- Up-to-date symlink: /home/ssfa/ros2_ws/install/custom_interfaces/share/custom_interfaces/local_setup.bash
[1.154s] -- Up-to-date symlink: /home/ssfa/ros2_ws/install/custom_interfaces/share/custom_interfaces/local_setup.sh
[1.154s] -- Up-to-date symlink: /home/ssfa/ros2_ws/install/custom_interfaces/share/custom_interfaces/local_setup.zsh
[1.154s] -- Up-to-date symlink: /home/ssfa/ros2_ws/install/custom_interfaces/share/custom_interfaces/local_setup.dsv
[1.154s] -- Symlinking: /home/ssfa/ros2_ws/install/custom_interfaces/share/custom_interfaces/package.dsv
[1.155s] -- Up-to-date symlink: /home/ssfa/ros2_ws/install/custom_interfaces/share/ament_index/resource_index/packages/custom_interfaces
[1.155s] -- Up-to-date symlink: /home/ssfa/ros2_ws/install/custom_interfaces/share/custom_interfaces/cmake/rosidl_cmake-extras.cmake
[1.155s] -- Up-to-date symlink: /home/ssfa/ros2_ws/install/custom_interfaces/share/custom_interfaces/cmake/ament_cmake_export_include_directories-extras.cmake
[1.155s] -- Up-to-date symlink: /home/ssfa/ros2_ws/install/custom_interfaces/share/custom_interfaces/cmake/ament_cmake_export_libraries-extras.cmake
[1.155s] -- Up-to-date symlink: /home/ssfa/ros2_ws/install/custom_interfaces/share/custom_interfaces/cmake/ament_cmake_export_targets-extras.cmake
[1.155s] -- Up-to-date symlink: /home/ssfa/ros2_ws/install/custom_interfaces/share/custom_interfaces/cmake/rosidl_cmake_export_typesupport_targets-extras.cmake
[1.155s] -- Up-to-date symlink: /home/ssfa/ros2_ws/install/custom_interfaces/share/custom_interfaces/cmake/ament_cmake_export_dependencies-extras.cmake
[1.156s] -- Up-to-date symlink: /home/ssfa/ros2_ws/install/custom_interfaces/share/custom_interfaces/cmake/rosidl_cmake_export_typesupport_libraries-extras.cmake
[1.156s] -- Up-to-date symlink: /home/ssfa/ros2_ws/install/custom_interfaces/share/custom_interfaces/cmake/custom_interfacesConfig.cmake
[1.156s] -- Up-to-date symlink: /home/ssfa/ros2_ws/install/custom_interfaces/share/custom_interfaces/cmake/custom_interfacesConfig-version.cmake
[1.156s] -- Up-to-date symlink: /home/ssfa/ros2_ws/install/custom_interfaces/share/custom_interfaces/package.xml
[1.156s] -- Up-to-date: /home/ssfa/ros2_ws/install/custom_interfaces/lib/libcustom_interfaces__rosidl_generator_c.so
[1.156s] -- Up-to-date: /home/ssfa/ros2_ws/install/custom_interfaces/lib/libcustom_interfaces__rosidl_typesupport_fastrtps_c.so
[1.156s] -- Up-to-date: /home/ssfa/ros2_ws/install/custom_interfaces/lib/libcustom_interfaces__rosidl_typesupport_fastrtps_cpp.so
[1.156s] -- Up-to-date: /home/ssfa/ros2_ws/install/custom_interfaces/lib/libcustom_interfaces__rosidl_typesupport_introspection_c.so
[1.156s] -- Up-to-date: /home/ssfa/ros2_ws/install/custom_interfaces/lib/libcustom_interfaces__rosidl_typesupport_c.so
[1.156s] -- Up-to-date: /home/ssfa/ros2_ws/install/custom_interfaces/lib/libcustom_interfaces__rosidl_typesupport_introspection_cpp.so
[1.156s] -- Up-to-date: /home/ssfa/ros2_ws/install/custom_interfaces/lib/libcustom_interfaces__rosidl_typesupport_cpp.so
[1.205s] Listing '/home/ssfa/ros2_ws/install/custom_interfaces/local/lib/python3.10/dist-packages/custom_interfaces'...
[1.205s] Listing '/home/ssfa/ros2_ws/install/custom_interfaces/local/lib/python3.10/dist-packages/custom_interfaces/msg'...
[1.205s] Listing '/home/ssfa/ros2_ws/install/custom_interfaces/local/lib/python3.10/dist-packages/custom_interfaces/srv'...
[1.211s] -- Up-to-date: /home/ssfa/ros2_ws/install/custom_interfaces/lib/libcustom_interfaces__rosidl_generator_py.so
[1.211s] -- Up-to-date: /home/ssfa/ros2_ws/install/custom_interfaces/share/custom_interfaces/cmake/export_custom_interfaces__rosidl_generator_cExport.cmake
[1.211s] -- Up-to-date: /home/ssfa/ros2_ws/install/custom_interfaces/share/custom_interfaces/cmake/export_custom_interfaces__rosidl_generator_cExport-noconfig.cmake
[1.211s] -- Up-to-date: /home/ssfa/ros2_ws/install/custom_interfaces/share/custom_interfaces/cmake/export_custom_interfaces__rosidl_typesupport_fastrtps_cExport.cmake
[1.211s] -- Up-to-date: /home/ssfa/ros2_ws/install/custom_interfaces/share/custom_interfaces/cmake/export_custom_interfaces__rosidl_typesupport_fastrtps_cExport-noconfig.cmake
[1.211s] -- Up-to-date: /home/ssfa/ros2_ws/install/custom_interfaces/share/custom_interfaces/cmake/export_custom_interfaces__rosidl_generator_cppExport.cmake
[1.211s] -- Up-to-date: /home/ssfa/ros2_ws/install/custom_interfaces/share/custom_interfaces/cmake/export_custom_interfaces__rosidl_typesupport_fastrtps_cppExport.cmake
[1.212s] -- Up-to-date: /home/ssfa/ros2_ws/install/custom_interfaces/share/custom_interfaces/cmake/export_custom_interfaces__rosidl_typesupport_fastrtps_cppExport-noconfig.cmake
[1.212s] -- Up-to-date: /home/ssfa/ros2_ws/install/custom_interfaces/share/custom_interfaces/cmake/custom_interfaces__rosidl_typesupport_introspection_cExport.cmake
[1.212s] -- Up-to-date: /home/ssfa/ros2_ws/install/custom_interfaces/share/custom_interfaces/cmake/custom_interfaces__rosidl_typesupport_introspection_cExport-noconfig.cmake
[1.212s] -- Up-to-date: /home/ssfa/ros2_ws/install/custom_interfaces/share/custom_interfaces/cmake/custom_interfaces__rosidl_typesupport_cExport.cmake
[1.212s] -- Up-to-date: /home/ssfa/ros2_ws/install/custom_interfaces/share/custom_interfaces/cmake/custom_interfaces__rosidl_typesupport_cExport-noconfig.cmake
[1.212s] -- Up-to-date: /home/ssfa/ros2_ws/install/custom_interfaces/share/custom_interfaces/cmake/custom_interfaces__rosidl_typesupport_introspection_cppExport.cmake
[1.213s] -- Up-to-date: /home/ssfa/ros2_ws/install/custom_interfaces/share/custom_interfaces/cmake/custom_interfaces__rosidl_typesupport_introspection_cppExport-noconfig.cmake
[1.213s] -- Up-to-date: /home/ssfa/ros2_ws/install/custom_interfaces/share/custom_interfaces/cmake/custom_interfaces__rosidl_typesupport_cppExport.cmake
[1.213s] -- Up-to-date: /home/ssfa/ros2_ws/install/custom_interfaces/share/custom_interfaces/cmake/custom_interfaces__rosidl_typesupport_cppExport-noconfig.cmake
[1.213s] -- Up-to-date: /home/ssfa/ros2_ws/install/custom_interfaces/share/custom_interfaces/cmake/export_custom_interfaces__rosidl_generator_pyExport.cmake
[1.213s] -- Up-to-date: /home/ssfa/ros2_ws/install/custom_interfaces/share/custom_interfaces/cmake/export_custom_interfaces__rosidl_generator_pyExport-noconfig.cmake
[1.443s] Invoked command in '/home/ssfa/ros2_ws/build/custom_interfaces' returned '0': CMAKE_PREFIX_PATH=${CMAKE_PREFIX_PATH}:/home/ssfa/ros2_ws/install/yolov8_ros:/home/ssfa/ros2_ws/install/turtlebot3_teleop:/home/ssfa/ros2_ws/install/turtlebot3_example:/home/ssfa/ros2_ws/install/topic_exercise:/home/ssfa/ros2_ws/install/subscriber_pkg:/home/ssfa/ros2_ws/install/services_pkg:/home/ssfa/ros2_ws/install/publisher_pkg:/home/ssfa/ros2_ws/install/my_package:/home/ssfa/ros2_ws/install/movement_pkg:/home/ssfa/ros2_ws/install/exercise_pkg:/home/ssfa/ros2_ws/install/cv_basics:/home/ssfa/ros2_ws/install/custom_interface_example:/home/ssfa/ros2_ws/install/client_pkg:/opt/ros/humble /usr/bin/cmake --install /home/ssfa/ros2_ws/build/custom_interfaces
