[2.061s] Invoking command in '/home/ssfa/ros2_ws/build/movement_pkg': CMAKE_PREFIX_PATH=/home/ssfa/ros2_ws/install/custom_interfaces:/home/ssfa/ros2_ws/install/two_wheeled_robot:/home/ssfa/ros2_ws/install/turtlebot3:/home/ssfa/ros2_ws/install/turtlebot3_simulations:/home/ssfa/ros2_ws/install/turtlebot3_navigation2:/home/ssfa/ros2_ws/install/turtlebot3_msgs:/home/ssfa/ros2_ws/install/turtlebot3_gazebo:/home/ssfa/ros2_ws/install/turtlebot3_bringup:/home/ssfa/ros2_ws/install/turtlebot3_description:/home/ssfa/ros2_ws/install/turtlebot3_cartographer:/home/ssfa/ros2_ws/install/turtlebot3_as:/home/ssfa/ros2_ws/install/t3_action_msg:/home/ssfa/ros2_ws/install/dynamixel_sdk LD_LIBRARY_PATH=/home/ssfa/ros2_ws/install/custom_interfaces/lib:/home/ssfa/ros2_ws/install/turtlebot3_msgs/lib:/home/ssfa/ros2_ws/install/t3_action_msg/lib:/home/ssfa/ros2_ws/install/dynamixel_sdk/lib:/usr/lib/x86_64-linux-gnu/gazebo-11/plugins:/opt/ros/humble/opt/rviz_ogre_vendor/lib:/opt/ros/humble/lib/x86_64-linux-gnu:/opt/ros/humble/lib PYTHONPATH=/home/ssfa/ros2_ws/build/movement_pkg/prefix_override:/usr/lib/python3/dist-packages/colcon_core/task/python/colcon_distutils_commands:/home/ssfa/ros2_ws/install/movement_pkg/lib/python3.10/site-packages:${PYTHONPATH} /usr/bin/python3 -W ignore:setup.py install is deprecated setup.py develop --uninstall --editable --build-directory /home/ssfa/ros2_ws/build/movement_pkg/build
[2.756s] running develop
[2.757s] /usr/lib/python3/dist-packages/setuptools/command/easy_install.py:158: EasyInstallDeprecationWarning: easy_install command is deprecated. Use build and pip and other standards-based tools.
[2.757s]   warnings.warn(
[3.156s] Removing /home/ssfa/ros2_ws/install/movement_pkg/lib/python3.10/site-packages/movement-pkg.egg-link (link to .)
[3.215s] Invoked command in '/home/ssfa/ros2_ws/build/movement_pkg' returned '0': CMAKE_PREFIX_PATH=/home/ssfa/ros2_ws/install/custom_interfaces:/home/ssfa/ros2_ws/install/two_wheeled_robot:/home/ssfa/ros2_ws/install/turtlebot3:/home/ssfa/ros2_ws/install/turtlebot3_simulations:/home/ssfa/ros2_ws/install/turtlebot3_navigation2:/home/ssfa/ros2_ws/install/turtlebot3_msgs:/home/ssfa/ros2_ws/install/turtlebot3_gazebo:/home/ssfa/ros2_ws/install/turtlebot3_bringup:/home/ssfa/ros2_ws/install/turtlebot3_description:/home/ssfa/ros2_ws/install/turtlebot3_cartographer:/home/ssfa/ros2_ws/install/turtlebot3_as:/home/ssfa/ros2_ws/install/t3_action_msg:/home/ssfa/ros2_ws/install/dynamixel_sdk LD_LIBRARY_PATH=/home/ssfa/ros2_ws/install/custom_interfaces/lib:/home/ssfa/ros2_ws/install/turtlebot3_msgs/lib:/home/ssfa/ros2_ws/install/t3_action_msg/lib:/home/ssfa/ros2_ws/install/dynamixel_sdk/lib:/usr/lib/x86_64-linux-gnu/gazebo-11/plugins:/opt/ros/humble/opt/rviz_ogre_vendor/lib:/opt/ros/humble/lib/x86_64-linux-gnu:/opt/ros/humble/lib PYTHONPATH=/home/ssfa/ros2_ws/build/movement_pkg/prefix_override:/usr/lib/python3/dist-packages/colcon_core/task/python/colcon_distutils_commands:/home/ssfa/ros2_ws/install/movement_pkg/lib/python3.10/site-packages:${PYTHONPATH} /usr/bin/python3 -W ignore:setup.py install is deprecated setup.py develop --uninstall --editable --build-directory /home/ssfa/ros2_ws/build/movement_pkg/build
[3.218s] Invoking command in '/home/ssfa/ros2_ws/src/movement_pkg': CMAKE_PREFIX_PATH=/home/ssfa/ros2_ws/install/custom_interfaces:/home/ssfa/ros2_ws/install/two_wheeled_robot:/home/ssfa/ros2_ws/install/turtlebot3:/home/ssfa/ros2_ws/install/turtlebot3_simulations:/home/ssfa/ros2_ws/install/turtlebot3_navigation2:/home/ssfa/ros2_ws/install/turtlebot3_msgs:/home/ssfa/ros2_ws/install/turtlebot3_gazebo:/home/ssfa/ros2_ws/install/turtlebot3_bringup:/home/ssfa/ros2_ws/install/turtlebot3_description:/home/ssfa/ros2_ws/install/turtlebot3_cartographer:/home/ssfa/ros2_ws/install/turtlebot3_as:/home/ssfa/ros2_ws/install/t3_action_msg:/home/ssfa/ros2_ws/install/dynamixel_sdk LD_LIBRARY_PATH=/home/ssfa/ros2_ws/install/custom_interfaces/lib:/home/ssfa/ros2_ws/install/turtlebot3_msgs/lib:/home/ssfa/ros2_ws/install/t3_action_msg/lib:/home/ssfa/ros2_ws/install/dynamixel_sdk/lib:/usr/lib/x86_64-linux-gnu/gazebo-11/plugins:/opt/ros/humble/opt/rviz_ogre_vendor/lib:/opt/ros/humble/lib/x86_64-linux-gnu:/opt/ros/humble/lib PYTHONPATH=/home/ssfa/ros2_ws/build/movement_pkg/prefix_override:/usr/lib/python3/dist-packages/colcon_core/task/python/colcon_distutils_commands:/home/ssfa/ros2_ws/install/movement_pkg/lib/python3.10/site-packages:${PYTHONPATH} /usr/bin/python3 -W ignore:setup.py install is deprecated setup.py egg_info --egg-base ../../build/movement_pkg build --build-base /home/ssfa/ros2_ws/build/movement_pkg/build install --record /home/ssfa/ros2_ws/build/movement_pkg/install.log --single-version-externally-managed install_data --force
[4.203s] running egg_info
[4.205s] writing ../../build/movement_pkg/movement_pkg.egg-info/PKG-INFO
[4.213s] writing dependency_links to ../../build/movement_pkg/movement_pkg.egg-info/dependency_links.txt
[4.214s] writing entry points to ../../build/movement_pkg/movement_pkg.egg-info/entry_points.txt
[4.215s] writing requirements to ../../build/movement_pkg/movement_pkg.egg-info/requires.txt
[4.215s] writing top-level names to ../../build/movement_pkg/movement_pkg.egg-info/top_level.txt
[4.220s] reading manifest file '../../build/movement_pkg/movement_pkg.egg-info/SOURCES.txt'
[4.238s] writing manifest file '../../build/movement_pkg/movement_pkg.egg-info/SOURCES.txt'
[4.239s] running build
[4.239s] running build_py
[4.240s] creating /home/ssfa/ros2_ws/build/movement_pkg/build
[4.240s] creating /home/ssfa/ros2_ws/build/movement_pkg/build/lib
[4.240s] creating /home/ssfa/ros2_ws/build/movement_pkg/build/lib/movement_pkg
[4.241s] copying movement_pkg/__init__.py -> /home/ssfa/ros2_ws/build/movement_pkg/build/lib/movement_pkg
[4.241s] copying movement_pkg/movement_server.py -> /home/ssfa/ros2_ws/build/movement_pkg/build/lib/movement_pkg
[4.242s] copying movement_pkg/movement_client.py -> /home/ssfa/ros2_ws/build/movement_pkg/build/lib/movement_pkg
[4.243s] running install
[4.244s] running install_lib
[4.248s] creating /home/ssfa/ros2_ws/install/movement_pkg/lib/python3.10/site-packages/movement_pkg
[4.248s] copying /home/ssfa/ros2_ws/build/movement_pkg/build/lib/movement_pkg/__init__.py -> /home/ssfa/ros2_ws/install/movement_pkg/lib/python3.10/site-packages/movement_pkg
[4.249s] copying /home/ssfa/ros2_ws/build/movement_pkg/build/lib/movement_pkg/movement_server.py -> /home/ssfa/ros2_ws/install/movement_pkg/lib/python3.10/site-packages/movement_pkg
[4.250s] copying /home/ssfa/ros2_ws/build/movement_pkg/build/lib/movement_pkg/movement_client.py -> /home/ssfa/ros2_ws/install/movement_pkg/lib/python3.10/site-packages/movement_pkg
[4.253s] byte-compiling /home/ssfa/ros2_ws/install/movement_pkg/lib/python3.10/site-packages/movement_pkg/__init__.py to __init__.cpython-310.pyc
[4.261s] byte-compiling /home/ssfa/ros2_ws/install/movement_pkg/lib/python3.10/site-packages/movement_pkg/movement_server.py to movement_server.cpython-310.pyc
[4.264s] byte-compiling /home/ssfa/ros2_ws/install/movement_pkg/lib/python3.10/site-packages/movement_pkg/movement_client.py to movement_client.cpython-310.pyc
[4.266s] running install_data
[4.266s] copying resource/movement_pkg -> /home/ssfa/ros2_ws/install/movement_pkg/share/ament_index/resource_index/packages
[4.267s] copying package.xml -> /home/ssfa/ros2_ws/install/movement_pkg/share/movement_pkg
[4.267s] copying launch/movement_server.launch.py -> /home/ssfa/ros2_ws/install/movement_pkg/share/movement_pkg
[4.268s] running install_egg_info
[4.276s] Copying ../../build/movement_pkg/movement_pkg.egg-info to /home/ssfa/ros2_ws/install/movement_pkg/lib/python3.10/site-packages/movement_pkg-0.0.0-py3.10.egg-info
[4.285s] running install_scripts
[4.382s] Installing movement_client script to /home/ssfa/ros2_ws/install/movement_pkg/lib/movement_pkg
[4.382s] Installing movement_server script to /home/ssfa/ros2_ws/install/movement_pkg/lib/movement_pkg
[4.383s] writing list of installed files to '/home/ssfa/ros2_ws/build/movement_pkg/install.log'
[4.455s] Invoked command in '/home/ssfa/ros2_ws/src/movement_pkg' returned '0': CMAKE_PREFIX_PATH=/home/ssfa/ros2_ws/install/custom_interfaces:/home/ssfa/ros2_ws/install/two_wheeled_robot:/home/ssfa/ros2_ws/install/turtlebot3:/home/ssfa/ros2_ws/install/turtlebot3_simulations:/home/ssfa/ros2_ws/install/turtlebot3_navigation2:/home/ssfa/ros2_ws/install/turtlebot3_msgs:/home/ssfa/ros2_ws/install/turtlebot3_gazebo:/home/ssfa/ros2_ws/install/turtlebot3_bringup:/home/ssfa/ros2_ws/install/turtlebot3_description:/home/ssfa/ros2_ws/install/turtlebot3_cartographer:/home/ssfa/ros2_ws/install/turtlebot3_as:/home/ssfa/ros2_ws/install/t3_action_msg:/home/ssfa/ros2_ws/install/dynamixel_sdk LD_LIBRARY_PATH=/home/ssfa/ros2_ws/install/custom_interfaces/lib:/home/ssfa/ros2_ws/install/turtlebot3_msgs/lib:/home/ssfa/ros2_ws/install/t3_action_msg/lib:/home/ssfa/ros2_ws/install/dynamixel_sdk/lib:/usr/lib/x86_64-linux-gnu/gazebo-11/plugins:/opt/ros/humble/opt/rviz_ogre_vendor/lib:/opt/ros/humble/lib/x86_64-linux-gnu:/opt/ros/humble/lib PYTHONPATH=/home/ssfa/ros2_ws/build/movement_pkg/prefix_override:/usr/lib/python3/dist-packages/colcon_core/task/python/colcon_distutils_commands:/home/ssfa/ros2_ws/install/movement_pkg/lib/python3.10/site-packages:${PYTHONPATH} /usr/bin/python3 -W ignore:setup.py install is deprecated setup.py egg_info --egg-base ../../build/movement_pkg build --build-base /home/ssfa/ros2_ws/build/movement_pkg/build install --record /home/ssfa/ros2_ws/build/movement_pkg/install.log --single-version-externally-managed install_data --force
