[2.761s] Invoking command in '/home/ssfa/ros2_ws/build/opencv_tools': PYTHONPATH=/home/ssfa/ros2_ws/build/opencv_tools/prefix_override:/usr/lib/python3/dist-packages/colcon_core/task/python/colcon_distutils_commands:/home/ssfa/ros2_ws/install/opencv_tools/lib/python3.10/site-packages:${PYTHONPATH} /usr/bin/python3 -W ignore:setup.py install is deprecated setup.py develop --editable --build-directory /home/ssfa/ros2_ws/build/opencv_tools/build --no-deps symlink_data
[3.384s] running develop
[3.384s] /usr/lib/python3/dist-packages/setuptools/command/easy_install.py:158: EasyInstallDeprecationWarning: easy_install command is deprecated. Use build and pip and other standards-based tools.
[3.385s]   warnings.warn(
[3.650s] running egg_info
[3.650s] creating opencv_tools.egg-info
[3.650s] writing opencv_tools.egg-info/PKG-INFO
[3.650s] writing dependency_links to opencv_tools.egg-info/dependency_links.txt
[3.650s] writing entry points to opencv_tools.egg-info/entry_points.txt
[3.650s] writing requirements to opencv_tools.egg-info/requires.txt
[3.650s] writing top-level names to opencv_tools.egg-info/top_level.txt
[3.650s] writing manifest file 'opencv_tools.egg-info/SOURCES.txt'
[3.652s] reading manifest file 'opencv_tools.egg-info/SOURCES.txt'
[3.652s] writing manifest file 'opencv_tools.egg-info/SOURCES.txt'
[3.654s] running build_ext
[3.655s] Creating /home/ssfa/ros2_ws/install/opencv_tools/lib/python3.10/site-packages/opencv-tools.egg-link (link to .)
[3.655s] 
[3.655s] Installed /home/ssfa/ros2_ws/build/opencv_tools
[3.655s] running symlink_data
[3.656s] creating /home/ssfa/ros2_ws/install/opencv_tools/share/ament_index
[3.656s] creating /home/ssfa/ros2_ws/install/opencv_tools/share/ament_index/resource_index
[3.656s] creating /home/ssfa/ros2_ws/install/opencv_tools/share/ament_index/resource_index/packages
[3.656s] symbolically linking /home/ssfa/ros2_ws/build/opencv_tools/resource/opencv_tools -> /home/ssfa/ros2_ws/install/opencv_tools/share/ament_index/resource_index/packages
[3.656s] symbolically linking /home/ssfa/ros2_ws/build/opencv_tools/package.xml -> /home/ssfa/ros2_ws/install/opencv_tools/share/opencv_tools
[3.778s] Invoked command in '/home/ssfa/ros2_ws/build/opencv_tools' returned '0': PYTHONPATH=/home/ssfa/ros2_ws/build/opencv_tools/prefix_override:/usr/lib/python3/dist-packages/colcon_core/task/python/colcon_distutils_commands:/home/ssfa/ros2_ws/install/opencv_tools/lib/python3.10/site-packages:${PYTHONPATH} /usr/bin/python3 -W ignore:setup.py install is deprecated setup.py develop --editable --build-directory /home/ssfa/ros2_ws/build/opencv_tools/build --no-deps symlink_data
