[2.383s] Invoking command in '/home/ssfa/ros2_ws/src/shape_detector': PYTHONPATH=/home/ssfa/ros2_ws/build/shape_detector/prefix_override:/usr/lib/python3/dist-packages/colcon_core/task/python/colcon_distutils_commands:/home/ssfa/ros2_ws/install/shape_detector/lib/python3.10/site-packages:${PYTHONPATH} /usr/bin/python3 -W ignore:setup.py install is deprecated setup.py egg_info --egg-base ../../build/shape_detector build --build-base /home/ssfa/ros2_ws/build/shape_detector/build install --record /home/ssfa/ros2_ws/build/shape_detector/install.log --single-version-externally-managed install_data
[2.852s] running egg_info
[2.853s] writing ../../build/shape_detector/shape_detector.egg-info/PKG-INFO
[2.853s] writing dependency_links to ../../build/shape_detector/shape_detector.egg-info/dependency_links.txt
[2.853s] writing entry points to ../../build/shape_detector/shape_detector.egg-info/entry_points.txt
[2.854s] writing requirements to ../../build/shape_detector/shape_detector.egg-info/requires.txt
[2.854s] writing top-level names to ../../build/shape_detector/shape_detector.egg-info/top_level.txt
[2.857s] reading manifest file '../../build/shape_detector/shape_detector.egg-info/SOURCES.txt'
[2.858s] writing manifest file '../../build/shape_detector/shape_detector.egg-info/SOURCES.txt'
[2.858s] running build
[2.858s] running build_py
[2.859s] running install
[2.859s] running install_lib
[2.862s] running install_data
[2.862s] running install_egg_info
[2.865s] removing '/home/ssfa/ros2_ws/install/shape_detector/lib/python3.10/site-packages/shape_detector-0.0.0-py3.10.egg-info' (and everything under it)
[2.866s] Copying ../../build/shape_detector/shape_detector.egg-info to /home/ssfa/ros2_ws/install/shape_detector/lib/python3.10/site-packages/shape_detector-0.0.0-py3.10.egg-info
[2.866s] running install_scripts
[2.896s] Installing shape_detector script to /home/ssfa/ros2_ws/install/shape_detector/lib/shape_detector
[2.896s] writing list of installed files to '/home/ssfa/ros2_ws/build/shape_detector/install.log'
[3.263s] Invoked command in '/home/ssfa/ros2_ws/src/shape_detector' returned '0': PYTHONPATH=/home/ssfa/ros2_ws/build/shape_detector/prefix_override:/usr/lib/python3/dist-packages/colcon_core/task/python/colcon_distutils_commands:/home/ssfa/ros2_ws/install/shape_detector/lib/python3.10/site-packages:${PYTHONPATH} /usr/bin/python3 -W ignore:setup.py install is deprecated setup.py egg_info --egg-base ../../build/shape_detector build --build-base /home/ssfa/ros2_ws/build/shape_detector/build install --record /home/ssfa/ros2_ws/build/shape_detector/install.log --single-version-externally-managed install_data
