[0.074s] Invoking command in '/home/ssfa/ros2_ws/build/t3_action_msg': CMAKE_PREFIX_PATH=${CMAKE_PREFIX_PATH}:/home/ssfa/ros2_ws/install/yolov8_ros:/home/ssfa/ros2_ws/install/turtlebot3_teleop:/home/ssfa/ros2_ws/install/turtlebot3_example:/home/ssfa/ros2_ws/install/shape_detector:/home/ssfa/ros2_ws/install/services_pkg:/home/ssfa/ros2_ws/install/cv_basics:/home/ssfa/ros2_ws/install/color_shape_detector:/opt/ros/humble /usr/bin/cmake --build /home/ssfa/ros2_ws/build/t3_action_msg -- -j12 -l12
[1.576s] [  3%] Built target t3_action_msg__cpp
[1.578s] [ 12%] Built target t3_action_msg__rosidl_generator_c
[1.579s] [ 12%] Built target ament_cmake_python_symlink_t3_action_msg
[1.580s] [ 22%] Built target t3_action_msg__rosidl_typesupport_fastrtps_cpp
[1.580s] [ 32%] Built target t3_action_msg__rosidl_typesupport_introspection_cpp
[1.581s] [ 48%] Built target t3_action_msg__rosidl_typesupport_cpp
[1.581s] [ 51%] Built target t3_action_msg__rosidl_typesupport_c
[1.582s] [ 61%] Built target t3_action_msg__rosidl_typesupport_introspection_c
[1.583s] [ 70%] Built target t3_action_msg__rosidl_typesupport_fastrtps_c
[1.584s] [ 70%] Built target t3_action_msg
[1.584s] [ 74%] Built target t3_action_msg__py
[1.584s] [ 80%] Built target t3_action_msg__rosidl_generator_py
[1.585s] [ 87%] Built target t3_action_msg__rosidl_typesupport_fastrtps_c__pyext
[1.585s] [ 93%] Built target t3_action_msg__rosidl_typesupport_introspection_c__pyext
[1.585s] [100%] Built target t3_action_msg__rosidl_typesupport_c__pyext
[1.585s] running egg_info
[1.585s] writing t3_action_msg.egg-info/PKG-INFO
[1.585s] writing dependency_links to t3_action_msg.egg-info/dependency_links.txt
[1.585s] writing top-level names to t3_action_msg.egg-info/top_level.txt
[1.586s] reading manifest file 't3_action_msg.egg-info/SOURCES.txt'
[1.586s] writing manifest file 't3_action_msg.egg-info/SOURCES.txt'
[1.586s] [100%] Built target ament_cmake_python_build_t3_action_msg_egg
[1.593s] Invoked command in '/home/ssfa/ros2_ws/build/t3_action_msg' returned '0': CMAKE_PREFIX_PATH=${CMAKE_PREFIX_PATH}:/home/ssfa/ros2_ws/install/yolov8_ros:/home/ssfa/ros2_ws/install/turtlebot3_teleop:/home/ssfa/ros2_ws/install/turtlebot3_example:/home/ssfa/ros2_ws/install/shape_detector:/home/ssfa/ros2_ws/install/services_pkg:/home/ssfa/ros2_ws/install/cv_basics:/home/ssfa/ros2_ws/install/color_shape_detector:/opt/ros/humble /usr/bin/cmake --build /home/ssfa/ros2_ws/build/t3_action_msg -- -j12 -l12
[1.820s] Invoking command in '/home/ssfa/ros2_ws/build/t3_action_msg': CMAKE_PREFIX_PATH=${CMAKE_PREFIX_PATH}:/home/ssfa/ros2_ws/install/yolov8_ros:/home/ssfa/ros2_ws/install/turtlebot3_teleop:/home/ssfa/ros2_ws/install/turtlebot3_example:/home/ssfa/ros2_ws/install/shape_detector:/home/ssfa/ros2_ws/install/services_pkg:/home/ssfa/ros2_ws/install/cv_basics:/home/ssfa/ros2_ws/install/color_shape_detector:/opt/ros/humble /usr/bin/cmake --install /home/ssfa/ros2_ws/build/t3_action_msg
[1.839s] -- Install configuration: ""
[1.841s] -- Execute custom install script
[1.841s] -- Up-to-date symlink: /home/ssfa/ros2_ws/install/t3_action_msg/share/ament_index/resource_index/rosidl_interfaces/t3_action_msg
[1.842s] -- Up-to-date symlink: /home/ssfa/ros2_ws/install/t3_action_msg/include/t3_action_msg/t3_action_msg/action/detail/move__functions.h
[1.842s] -- Up-to-date symlink: /home/ssfa/ros2_ws/install/t3_action_msg/include/t3_action_msg/t3_action_msg/action/detail/move__struct.h
[1.842s] -- Up-to-date symlink: /home/ssfa/ros2_ws/install/t3_action_msg/include/t3_action_msg/t3_action_msg/action/detail/move__type_support.h
[1.843s] -- Up-to-date symlink: /home/ssfa/ros2_ws/install/t3_action_msg/include/t3_action_msg/t3_action_msg/action/move.h
[1.843s] -- Up-to-date symlink: /home/ssfa/ros2_ws/install/t3_action_msg/include/t3_action_msg/t3_action_msg/msg/rosidl_generator_c__visibility_control.h
[1.843s] -- Up-to-date symlink: /home/ssfa/ros2_ws/install/t3_action_msg/share/t3_action_msg/environment/library_path.sh
[1.844s] -- Up-to-date symlink: /home/ssfa/ros2_ws/install/t3_action_msg/share/t3_action_msg/environment/library_path.dsv
[1.847s] -- Up-to-date symlink: /home/ssfa/ros2_ws/install/t3_action_msg/include/t3_action_msg/t3_action_msg/action/detail/move__rosidl_typesupport_fastrtps_c.h
[1.847s] -- Up-to-date symlink: /home/ssfa/ros2_ws/install/t3_action_msg/include/t3_action_msg/t3_action_msg/msg/rosidl_typesupport_fastrtps_c__visibility_control.h
[1.848s] -- Up-to-date symlink: /home/ssfa/ros2_ws/install/t3_action_msg/include/t3_action_msg/t3_action_msg/action/detail/move__builder.hpp
[1.848s] -- Up-to-date symlink: /home/ssfa/ros2_ws/install/t3_action_msg/include/t3_action_msg/t3_action_msg/action/detail/move__struct.hpp
[1.848s] -- Up-to-date symlink: /home/ssfa/ros2_ws/install/t3_action_msg/include/t3_action_msg/t3_action_msg/action/detail/move__traits.hpp
[1.849s] -- Up-to-date symlink: /home/ssfa/ros2_ws/install/t3_action_msg/include/t3_action_msg/t3_action_msg/action/move.hpp
[1.850s] -- Up-to-date symlink: /home/ssfa/ros2_ws/install/t3_action_msg/include/t3_action_msg/t3_action_msg/action/detail/move__rosidl_typesupport_fastrtps_cpp.hpp
[1.850s] -- Up-to-date symlink: /home/ssfa/ros2_ws/install/t3_action_msg/include/t3_action_msg/t3_action_msg/msg/rosidl_typesupport_fastrtps_cpp__visibility_control.h
[1.850s] -- Up-to-date symlink: /home/ssfa/ros2_ws/install/t3_action_msg/include/t3_action_msg/t3_action_msg/action/detail/move__rosidl_typesupport_introspection_c.h
[1.851s] -- Up-to-date symlink: /home/ssfa/ros2_ws/install/t3_action_msg/include/t3_action_msg/t3_action_msg/msg/rosidl_typesupport_introspection_c__visibility_control.h
[1.852s] -- Up-to-date symlink: /home/ssfa/ros2_ws/install/t3_action_msg/include/t3_action_msg/t3_action_msg/action/detail/move__rosidl_typesupport_introspection_cpp.hpp
[1.852s] -- Up-to-date symlink: /home/ssfa/ros2_ws/install/t3_action_msg/share/t3_action_msg/environment/pythonpath.sh
[1.852s] -- Up-to-date symlink: /home/ssfa/ros2_ws/install/t3_action_msg/share/t3_action_msg/environment/pythonpath.dsv
[1.853s] -- Up-to-date symlink: /home/ssfa/ros2_ws/install/t3_action_msg/local/lib/python3.10/dist-packages/t3_action_msg-0.0.0-py3.10.egg-info/PKG-INFO
[1.853s] -- Up-to-date symlink: /home/ssfa/ros2_ws/install/t3_action_msg/local/lib/python3.10/dist-packages/t3_action_msg-0.0.0-py3.10.egg-info/SOURCES.txt
[1.853s] -- Up-to-date symlink: /home/ssfa/ros2_ws/install/t3_action_msg/local/lib/python3.10/dist-packages/t3_action_msg-0.0.0-py3.10.egg-info/dependency_links.txt
[1.854s] -- Up-to-date symlink: /home/ssfa/ros2_ws/install/t3_action_msg/local/lib/python3.10/dist-packages/t3_action_msg-0.0.0-py3.10.egg-info/top_level.txt
[1.861s] -- Up-to-date symlink: /home/ssfa/ros2_ws/install/t3_action_msg/local/lib/python3.10/dist-packages/t3_action_msg/__init__.py
[1.861s] -- Up-to-date symlink: /home/ssfa/ros2_ws/install/t3_action_msg/local/lib/python3.10/dist-packages/t3_action_msg/_t3_action_msg_s.ep.rosidl_typesupport_c.c
[1.861s] -- Up-to-date symlink: /home/ssfa/ros2_ws/install/t3_action_msg/local/lib/python3.10/dist-packages/t3_action_msg/_t3_action_msg_s.ep.rosidl_typesupport_fastrtps_c.c
[1.861s] -- Up-to-date symlink: /home/ssfa/ros2_ws/install/t3_action_msg/local/lib/python3.10/dist-packages/t3_action_msg/_t3_action_msg_s.ep.rosidl_typesupport_introspection_c.c
[1.862s] -- Up-to-date symlink: /home/ssfa/ros2_ws/install/t3_action_msg/local/lib/python3.10/dist-packages/t3_action_msg/action/__init__.py
[1.862s] -- Up-to-date symlink: /home/ssfa/ros2_ws/install/t3_action_msg/local/lib/python3.10/dist-packages/t3_action_msg/action/_move.py
[1.862s] -- Up-to-date symlink: /home/ssfa/ros2_ws/install/t3_action_msg/local/lib/python3.10/dist-packages/t3_action_msg/action/_move_s.c
[1.862s] -- Up-to-date symlink: /home/ssfa/ros2_ws/install/t3_action_msg/local/lib/python3.10/dist-packages/t3_action_msg/libt3_action_msg__rosidl_generator_py.so
[1.862s] -- Up-to-date symlink: /home/ssfa/ros2_ws/install/t3_action_msg/local/lib/python3.10/dist-packages/t3_action_msg/t3_action_msg_s__rosidl_typesupport_c.cpython-310-x86_64-linux-gnu.so
[1.862s] -- Up-to-date symlink: /home/ssfa/ros2_ws/install/t3_action_msg/local/lib/python3.10/dist-packages/t3_action_msg/t3_action_msg_s__rosidl_typesupport_fastrtps_c.cpython-310-x86_64-linux-gnu.so
[1.862s] -- Up-to-date symlink: /home/ssfa/ros2_ws/install/t3_action_msg/local/lib/python3.10/dist-packages/t3_action_msg/t3_action_msg_s__rosidl_typesupport_introspection_c.cpython-310-x86_64-linux-gnu.so
[1.862s] -- Up-to-date symlink: /home/ssfa/ros2_ws/install/t3_action_msg/local/lib/python3.10/dist-packages/t3_action_msg/t3_action_msg_s__rosidl_typesupport_fastrtps_c.cpython-310-x86_64-linux-gnu.so
[1.869s] -- Up-to-date symlink: /home/ssfa/ros2_ws/install/t3_action_msg/local/lib/python3.10/dist-packages/t3_action_msg/t3_action_msg_s__rosidl_typesupport_introspection_c.cpython-310-x86_64-linux-gnu.so
[1.869s] -- Up-to-date symlink: /home/ssfa/ros2_ws/install/t3_action_msg/local/lib/python3.10/dist-packages/t3_action_msg/t3_action_msg_s__rosidl_typesupport_c.cpython-310-x86_64-linux-gnu.so
[1.869s] -- Up-to-date symlink: /home/ssfa/ros2_ws/install/t3_action_msg/share/t3_action_msg/action/Move.idl
[1.872s] -- Up-to-date symlink: /home/ssfa/ros2_ws/install/t3_action_msg/share/t3_action_msg/action/Move.action
[1.874s] -- Up-to-date symlink: /home/ssfa/ros2_ws/install/t3_action_msg/share/ament_index/resource_index/package_run_dependencies/t3_action_msg
[1.875s] -- Up-to-date symlink: /home/ssfa/ros2_ws/install/t3_action_msg/share/ament_index/resource_index/parent_prefix_path/t3_action_msg
[1.877s] -- Up-to-date symlink: /home/ssfa/ros2_ws/install/t3_action_msg/share/t3_action_msg/environment/ament_prefix_path.sh
[1.878s] -- Up-to-date symlink: /home/ssfa/ros2_ws/install/t3_action_msg/share/t3_action_msg/environment/ament_prefix_path.dsv
[1.879s] -- Up-to-date symlink: /home/ssfa/ros2_ws/install/t3_action_msg/share/t3_action_msg/environment/path.sh
[1.887s] -- Up-to-date symlink: /home/ssfa/ros2_ws/install/t3_action_msg/share/t3_action_msg/environment/path.dsv
[1.887s] -- Up-to-date symlink: /home/ssfa/ros2_ws/install/t3_action_msg/share/t3_action_msg/local_setup.bash
[1.887s] -- Up-to-date symlink: /home/ssfa/ros2_ws/install/t3_action_msg/share/t3_action_msg/local_setup.sh
[1.888s] -- Up-to-date symlink: /home/ssfa/ros2_ws/install/t3_action_msg/share/t3_action_msg/local_setup.zsh
[1.888s] -- Up-to-date symlink: /home/ssfa/ros2_ws/install/t3_action_msg/share/t3_action_msg/local_setup.dsv
[1.888s] -- Symlinking: /home/ssfa/ros2_ws/install/t3_action_msg/share/t3_action_msg/package.dsv
[1.903s] -- Up-to-date symlink: /home/ssfa/ros2_ws/install/t3_action_msg/share/ament_index/resource_index/packages/t3_action_msg
[1.904s] -- Up-to-date symlink: /home/ssfa/ros2_ws/install/t3_action_msg/share/t3_action_msg/cmake/rosidl_cmake-extras.cmake
[1.904s] -- Up-to-date symlink: /home/ssfa/ros2_ws/install/t3_action_msg/share/t3_action_msg/cmake/ament_cmake_export_dependencies-extras.cmake
[1.926s] -- Up-to-date symlink: /home/ssfa/ros2_ws/install/t3_action_msg/share/t3_action_msg/cmake/ament_cmake_export_include_directories-extras.cmake
[1.929s] -- Up-to-date symlink: /home/ssfa/ros2_ws/install/t3_action_msg/share/t3_action_msg/cmake/ament_cmake_export_libraries-extras.cmake
[1.930s] -- Up-to-date symlink: /home/ssfa/ros2_ws/install/t3_action_msg/share/t3_action_msg/cmake/ament_cmake_export_targets-extras.cmake
[1.930s] -- Up-to-date symlink: /home/ssfa/ros2_ws/install/t3_action_msg/share/t3_action_msg/cmake/rosidl_cmake_export_typesupport_targets-extras.cmake
[1.930s] -- Up-to-date symlink: /home/ssfa/ros2_ws/install/t3_action_msg/share/t3_action_msg/cmake/rosidl_cmake_export_typesupport_libraries-extras.cmake
[1.930s] -- Up-to-date symlink: /home/ssfa/ros2_ws/install/t3_action_msg/share/t3_action_msg/cmake/t3_action_msgConfig.cmake
[1.930s] -- Up-to-date symlink: /home/ssfa/ros2_ws/install/t3_action_msg/share/t3_action_msg/cmake/t3_action_msgConfig-version.cmake
[1.930s] -- Up-to-date symlink: /home/ssfa/ros2_ws/install/t3_action_msg/share/t3_action_msg/package.xml
[1.930s] -- Up-to-date: /home/ssfa/ros2_ws/install/t3_action_msg/lib/libt3_action_msg__rosidl_generator_c.so
[1.930s] -- Up-to-date: /home/ssfa/ros2_ws/install/t3_action_msg/lib/libt3_action_msg__rosidl_typesupport_fastrtps_c.so
[1.931s] -- Up-to-date: /home/ssfa/ros2_ws/install/t3_action_msg/lib/libt3_action_msg__rosidl_typesupport_fastrtps_cpp.so
[1.931s] -- Up-to-date: /home/ssfa/ros2_ws/install/t3_action_msg/lib/libt3_action_msg__rosidl_typesupport_introspection_c.so
[1.931s] -- Up-to-date: /home/ssfa/ros2_ws/install/t3_action_msg/lib/libt3_action_msg__rosidl_typesupport_c.so
[1.931s] -- Up-to-date: /home/ssfa/ros2_ws/install/t3_action_msg/lib/libt3_action_msg__rosidl_typesupport_introspection_cpp.so
[1.931s] -- Up-to-date: /home/ssfa/ros2_ws/install/t3_action_msg/lib/libt3_action_msg__rosidl_typesupport_cpp.so
[1.995s] Listing '/home/ssfa/ros2_ws/install/t3_action_msg/local/lib/python3.10/dist-packages/t3_action_msg'...
[1.996s] Listing '/home/ssfa/ros2_ws/install/t3_action_msg/local/lib/python3.10/dist-packages/t3_action_msg/action'...
[2.010s] -- Up-to-date: /home/ssfa/ros2_ws/install/t3_action_msg/lib/libt3_action_msg__rosidl_generator_py.so
[2.011s] -- Up-to-date: /home/ssfa/ros2_ws/install/t3_action_msg/share/t3_action_msg/cmake/export_t3_action_msg__rosidl_generator_cExport.cmake
[2.011s] -- Up-to-date: /home/ssfa/ros2_ws/install/t3_action_msg/share/t3_action_msg/cmake/export_t3_action_msg__rosidl_generator_cExport-noconfig.cmake
[2.011s] -- Up-to-date: /home/ssfa/ros2_ws/install/t3_action_msg/share/t3_action_msg/cmake/export_t3_action_msg__rosidl_typesupport_fastrtps_cExport.cmake
[2.030s] -- Up-to-date: /home/ssfa/ros2_ws/install/t3_action_msg/share/t3_action_msg/cmake/export_t3_action_msg__rosidl_typesupport_fastrtps_cExport-noconfig.cmake
[2.030s] -- Up-to-date: /home/ssfa/ros2_ws/install/t3_action_msg/share/t3_action_msg/cmake/export_t3_action_msg__rosidl_generator_cppExport.cmake
[2.030s] -- Up-to-date: /home/ssfa/ros2_ws/install/t3_action_msg/share/t3_action_msg/cmake/export_t3_action_msg__rosidl_typesupport_fastrtps_cppExport.cmake
[2.030s] -- Up-to-date: /home/ssfa/ros2_ws/install/t3_action_msg/share/t3_action_msg/cmake/export_t3_action_msg__rosidl_typesupport_fastrtps_cppExport-noconfig.cmake
[2.030s] -- Up-to-date: /home/ssfa/ros2_ws/install/t3_action_msg/share/t3_action_msg/cmake/t3_action_msg__rosidl_typesupport_introspection_cExport.cmake
[2.031s] -- Up-to-date: /home/ssfa/ros2_ws/install/t3_action_msg/share/t3_action_msg/cmake/t3_action_msg__rosidl_typesupport_introspection_cExport-noconfig.cmake
[2.031s] -- Up-to-date: /home/ssfa/ros2_ws/install/t3_action_msg/share/t3_action_msg/cmake/t3_action_msg__rosidl_typesupport_cExport.cmake
[2.031s] -- Up-to-date: /home/ssfa/ros2_ws/install/t3_action_msg/share/t3_action_msg/cmake/t3_action_msg__rosidl_typesupport_cExport-noconfig.cmake
[2.031s] -- Up-to-date: /home/ssfa/ros2_ws/install/t3_action_msg/share/t3_action_msg/cmake/t3_action_msg__rosidl_typesupport_introspection_cppExport.cmake
[2.031s] -- Up-to-date: /home/ssfa/ros2_ws/install/t3_action_msg/share/t3_action_msg/cmake/t3_action_msg__rosidl_typesupport_introspection_cppExport-noconfig.cmake
[2.031s] -- Up-to-date: /home/ssfa/ros2_ws/install/t3_action_msg/share/t3_action_msg/cmake/t3_action_msg__rosidl_typesupport_cppExport.cmake
[2.032s] -- Up-to-date: /home/ssfa/ros2_ws/install/t3_action_msg/share/t3_action_msg/cmake/t3_action_msg__rosidl_typesupport_cppExport-noconfig.cmake
[2.032s] -- Up-to-date: /home/ssfa/ros2_ws/install/t3_action_msg/share/t3_action_msg/cmake/export_t3_action_msg__rosidl_generator_pyExport.cmake
[2.032s] -- Up-to-date: /home/ssfa/ros2_ws/install/t3_action_msg/share/t3_action_msg/cmake/export_t3_action_msg__rosidl_generator_pyExport-noconfig.cmake
[2.079s] Invoked command in '/home/ssfa/ros2_ws/build/t3_action_msg' returned '0': CMAKE_PREFIX_PATH=${CMAKE_PREFIX_PATH}:/home/ssfa/ros2_ws/install/yolov8_ros:/home/ssfa/ros2_ws/install/turtlebot3_teleop:/home/ssfa/ros2_ws/install/turtlebot3_example:/home/ssfa/ros2_ws/install/shape_detector:/home/ssfa/ros2_ws/install/services_pkg:/home/ssfa/ros2_ws/install/cv_basics:/home/ssfa/ros2_ws/install/color_shape_detector:/opt/ros/humble /usr/bin/cmake --install /home/ssfa/ros2_ws/build/t3_action_msg
