[1.236s] Invoking command in '/home/ssfa/ros2_ws/build/movement_pkg': CMAKE_PREFIX_PATH=/home/ssfa/ros2_ws/install/custom_interfaces:/home/ssfa/ros2_ws/install/yolov8_bringup:/home/ssfa/ros2_ws/install/yolov8_msgs:/home/ssfa/ros2_ws/install/two_wheeled_robot:/home/ssfa/ros2_ws/install/turtlebot3:/home/ssfa/ros2_ws/install/turtlebot3_simulations:/home/ssfa/ros2_ws/install/turtlebot3_navigation2:/home/ssfa/ros2_ws/install/turtlebot3_msgs:/home/ssfa/ros2_ws/install/turtlebot3_gazebo:/home/ssfa/ros2_ws/install/turtlebot3_bringup:/home/ssfa/ros2_ws/install/turtlebot3_description:/home/ssfa/ros2_ws/install/turtlebot3_cartographer:/home/ssfa/ros2_ws/install/turtlebot3_as:/home/ssfa/ros2_ws/install/tiago_demo:/home/ssfa/ros2_ws/install/t3_action_msg:/home/ssfa/ros2_ws/install/dynamixel_sdk LD_LIBRARY_PATH=/home/ssfa/ros2_ws/install/custom_interfaces/lib:/home/ssfa/ros2_ws/install/yolov8_msgs/lib:/home/ssfa/ros2_ws/install/turtlebot3_msgs/lib:/home/ssfa/ros2_ws/install/t3_action_msg/lib:/home/ssfa/ros2_ws/install/dynamixel_sdk/lib:/usr/lib/x86_64-linux-gnu/gazebo-11/plugins:/opt/ros/humble/opt/rviz_ogre_vendor/lib:/opt/ros/humble/lib/x86_64-linux-gnu:/opt/ros/humble/lib PYTHONPATH=/home/ssfa/ros2_ws/build/movement_pkg/prefix_override:/usr/lib/python3/dist-packages/colcon_core/task/python/colcon_distutils_commands:/home/ssfa/ros2_ws/install/movement_pkg/lib/python3.10/site-packages:${PYTHONPATH} /usr/bin/python3 -W ignore:setup.py install is deprecated setup.py develop --editable --build-directory /home/ssfa/ros2_ws/build/movement_pkg/build --no-deps symlink_data --force
[1.525s] running develop
[1.525s] /usr/lib/python3/dist-packages/setuptools/command/easy_install.py:158: EasyInstallDeprecationWarning: easy_install command is deprecated. Use build and pip and other standards-based tools.
[1.525s]   warnings.warn(
[1.643s] running egg_info
[1.643s] writing movement_pkg.egg-info/PKG-INFO
[1.643s] writing dependency_links to movement_pkg.egg-info/dependency_links.txt
[1.643s] writing entry points to movement_pkg.egg-info/entry_points.txt
[1.643s] writing requirements to movement_pkg.egg-info/requires.txt
[1.643s] writing top-level names to movement_pkg.egg-info/top_level.txt
[1.645s] reading manifest file 'movement_pkg.egg-info/SOURCES.txt'
[1.646s] writing manifest file 'movement_pkg.egg-info/SOURCES.txt'
[1.647s] running build_ext
[1.647s] Creating /home/ssfa/ros2_ws/install/movement_pkg/lib/python3.10/site-packages/movement-pkg.egg-link (link to .)
[1.648s] Installing movement_client script to /home/ssfa/ros2_ws/install/movement_pkg/lib/movement_pkg
[1.648s] Installing movement_server script to /home/ssfa/ros2_ws/install/movement_pkg/lib/movement_pkg
[1.648s] 
[1.648s] Installed /home/ssfa/ros2_ws/build/movement_pkg
[1.648s] running symlink_data
[1.648s] symbolically linking /home/ssfa/ros2_ws/build/movement_pkg/resource/movement_pkg -> /home/ssfa/ros2_ws/install/movement_pkg/share/ament_index/resource_index/packages
[1.649s] symbolically linking /home/ssfa/ros2_ws/build/movement_pkg/package.xml -> /home/ssfa/ros2_ws/install/movement_pkg/share/movement_pkg
[1.649s] symbolically linking /home/ssfa/ros2_ws/build/movement_pkg/launch/movement_server.launch.py -> /home/ssfa/ros2_ws/install/movement_pkg/share/movement_pkg
[1.673s] Invoked command in '/home/ssfa/ros2_ws/build/movement_pkg' returned '0': CMAKE_PREFIX_PATH=/home/ssfa/ros2_ws/install/custom_interfaces:/home/ssfa/ros2_ws/install/yolov8_bringup:/home/ssfa/ros2_ws/install/yolov8_msgs:/home/ssfa/ros2_ws/install/two_wheeled_robot:/home/ssfa/ros2_ws/install/turtlebot3:/home/ssfa/ros2_ws/install/turtlebot3_simulations:/home/ssfa/ros2_ws/install/turtlebot3_navigation2:/home/ssfa/ros2_ws/install/turtlebot3_msgs:/home/ssfa/ros2_ws/install/turtlebot3_gazebo:/home/ssfa/ros2_ws/install/turtlebot3_bringup:/home/ssfa/ros2_ws/install/turtlebot3_description:/home/ssfa/ros2_ws/install/turtlebot3_cartographer:/home/ssfa/ros2_ws/install/turtlebot3_as:/home/ssfa/ros2_ws/install/tiago_demo:/home/ssfa/ros2_ws/install/t3_action_msg:/home/ssfa/ros2_ws/install/dynamixel_sdk LD_LIBRARY_PATH=/home/ssfa/ros2_ws/install/custom_interfaces/lib:/home/ssfa/ros2_ws/install/yolov8_msgs/lib:/home/ssfa/ros2_ws/install/turtlebot3_msgs/lib:/home/ssfa/ros2_ws/install/t3_action_msg/lib:/home/ssfa/ros2_ws/install/dynamixel_sdk/lib:/usr/lib/x86_64-linux-gnu/gazebo-11/plugins:/opt/ros/humble/opt/rviz_ogre_vendor/lib:/opt/ros/humble/lib/x86_64-linux-gnu:/opt/ros/humble/lib PYTHONPATH=/home/ssfa/ros2_ws/build/movement_pkg/prefix_override:/usr/lib/python3/dist-packages/colcon_core/task/python/colcon_distutils_commands:/home/ssfa/ros2_ws/install/movement_pkg/lib/python3.10/site-packages:${PYTHONPATH} /usr/bin/python3 -W ignore:setup.py install is deprecated setup.py develop --editable --build-directory /home/ssfa/ros2_ws/build/movement_pkg/build --no-deps symlink_data --force
