running develop
running egg_info
creating topic_exercise.egg-info
writing topic_exercise.egg-info/PKG-INFO
writing dependency_links to topic_exercise.egg-info/dependency_links.txt
writing entry points to topic_exercise.egg-info/entry_points.txt
writing requirements to topic_exercise.egg-info/requires.txt
writing top-level names to topic_exercise.egg-info/top_level.txt
writing manifest file 'topic_exercise.egg-info/SOURCES.txt'
reading manifest file 'topic_exercise.egg-info/SOURCES.txt'
writing manifest file 'topic_exercise.egg-info/SOURCES.txt'
running build_ext
Creating /home/ssfa/ros2_ws/install/topic_exercise/lib/python3.10/site-packages/topic-exercise.egg-link (link to .)
Installing exercise script to /home/ssfa/ros2_ws/install/topic_exercise/lib/topic_exercise

Installed /home/ssfa/ros2_ws/build/topic_exercise
running symlink_data
creating /home/ssfa/ros2_ws/install/topic_exercise/share/ament_index
creating /home/ssfa/ros2_ws/install/topic_exercise/share/ament_index/resource_index
creating /home/ssfa/ros2_ws/install/topic_exercise/share/ament_index/resource_index/packages
symbolically linking /home/ssfa/ros2_ws/build/topic_exercise/resource/topic_exercise -> /home/ssfa/ros2_ws/install/topic_exercise/share/ament_index/resource_index/packages
symbolically linking /home/ssfa/ros2_ws/build/topic_exercise/package.xml -> /home/ssfa/ros2_ws/install/topic_exercise/share/topic_exercise
symbolically linking /home/ssfa/ros2_ws/build/topic_exercise/launch/exercise.launch.py -> /home/ssfa/ros2_ws/install/topic_exercise/share/topic_exercise
