[0.322s] Invoking command in '/home/ssfa/ros2_ws/build/topic_exercise': PYTHONPATH=/home/ssfa/ros2_ws/build/topic_exercise/prefix_override:/usr/lib/python3/dist-packages/colcon_core/task/python/colcon_distutils_commands:/home/ssfa/ros2_ws/install/topic_exercise/lib/python3.10/site-packages:${PYTHONPATH} /usr/bin/python3 -W ignore:setup.py install is deprecated setup.py develop --editable --build-directory /home/ssfa/ros2_ws/build/topic_exercise/build --no-deps symlink_data
[0.462s] running develop
[0.462s] /usr/lib/python3/dist-packages/setuptools/command/easy_install.py:158: EasyInstallDeprecationWarning: easy_install command is deprecated. Use build and pip and other standards-based tools.
[0.462s]   warnings.warn(
[0.540s] running egg_info
[0.540s] creating topic_exercise.egg-info
[0.540s] writing topic_exercise.egg-info/PKG-INFO
[0.540s] writing dependency_links to topic_exercise.egg-info/dependency_links.txt
[0.541s] writing entry points to topic_exercise.egg-info/entry_points.txt
[0.541s] writing requirements to topic_exercise.egg-info/requires.txt
[0.541s] writing top-level names to topic_exercise.egg-info/top_level.txt
[0.541s] writing manifest file 'topic_exercise.egg-info/SOURCES.txt'
[0.542s] reading manifest file 'topic_exercise.egg-info/SOURCES.txt'
[0.542s] writing manifest file 'topic_exercise.egg-info/SOURCES.txt'
[0.543s] running build_ext
[0.543s] Creating /home/ssfa/ros2_ws/install/topic_exercise/lib/python3.10/site-packages/topic-exercise.egg-link (link to .)
[0.544s] Installing exercise script to /home/ssfa/ros2_ws/install/topic_exercise/lib/topic_exercise
[0.544s] 
[0.544s] Installed /home/ssfa/ros2_ws/build/topic_exercise
[0.544s] running symlink_data
[0.544s] creating /home/ssfa/ros2_ws/install/topic_exercise/share/ament_index
[0.544s] creating /home/ssfa/ros2_ws/install/topic_exercise/share/ament_index/resource_index
[0.544s] creating /home/ssfa/ros2_ws/install/topic_exercise/share/ament_index/resource_index/packages
[0.544s] symbolically linking /home/ssfa/ros2_ws/build/topic_exercise/resource/topic_exercise -> /home/ssfa/ros2_ws/install/topic_exercise/share/ament_index/resource_index/packages
[0.544s] symbolically linking /home/ssfa/ros2_ws/build/topic_exercise/package.xml -> /home/ssfa/ros2_ws/install/topic_exercise/share/topic_exercise
[0.544s] symbolically linking /home/ssfa/ros2_ws/build/topic_exercise/launch/exercise.launch.py -> /home/ssfa/ros2_ws/install/topic_exercise/share/topic_exercise
[0.562s] Invoked command in '/home/ssfa/ros2_ws/build/topic_exercise' returned '0': PYTHONPATH=/home/ssfa/ros2_ws/build/topic_exercise/prefix_override:/usr/lib/python3/dist-packages/colcon_core/task/python/colcon_distutils_commands:/home/ssfa/ros2_ws/install/topic_exercise/lib/python3.10/site-packages:${PYTHONPATH} /usr/bin/python3 -W ignore:setup.py install is deprecated setup.py develop --editable --build-directory /home/ssfa/ros2_ws/build/topic_exercise/build --no-deps symlink_data
