running develop
running egg_info
creating custom_interface_example.egg-info
writing custom_interface_example.egg-info/PKG-INFO
writing dependency_links to custom_interface_example.egg-info/dependency_links.txt
writing entry points to custom_interface_example.egg-info/entry_points.txt
writing requirements to custom_interface_example.egg-info/requires.txt
writing top-level names to custom_interface_example.egg-info/top_level.txt
writing manifest file 'custom_interface_example.egg-info/SOURCES.txt'
reading manifest file 'custom_interface_example.egg-info/SOURCES.txt'
writing manifest file 'custom_interface_example.egg-info/SOURCES.txt'
running build_ext
Creating /home/ssfa/ros2_ws/install/custom_interface_example/lib/python3.10/site-packages/custom-interface-example.egg-link (link to .)
Installing example script to /home/ssfa/ros2_ws/install/custom_interface_example/lib/custom_interface_example

Installed /home/ssfa/ros2_ws/build/custom_interface_example
running symlink_data
creating /home/ssfa/ros2_ws/install/custom_interface_example/share/ament_index
creating /home/ssfa/ros2_ws/install/custom_interface_example/share/ament_index/resource_index
creating /home/ssfa/ros2_ws/install/custom_interface_example/share/ament_index/resource_index/packages
symbolically linking /home/ssfa/ros2_ws/build/custom_interface_example/resource/custom_interface_example -> /home/ssfa/ros2_ws/install/custom_interface_example/share/ament_index/resource_index/packages
symbolically linking /home/ssfa/ros2_ws/build/custom_interface_example/package.xml -> /home/ssfa/ros2_ws/install/custom_interface_example/share/custom_interface_example
symbolically linking /home/ssfa/ros2_ws/build/custom_interface_example/launch/example.launch.py -> /home/ssfa/ros2_ws/install/custom_interface_example/share/custom_interface_example
