[0.820s] Invoking command in '/home/ssfa/ros2_ws/src/yolov8_ros/yolov8_ros': CMAKE_PREFIX_PATH=/home/ssfa/ros2_ws/install/yolov8_msgs:/home/ssfa/ros2_ws/install/yolov8_bringup:/home/ssfa/ros2_ws/install/usb_cam:/home/ssfa/ros2_ws/install/turtlebot3:/home/ssfa/ros2_ws/install/turtlebot3_simulations:/home/ssfa/ros2_ws/install/turtlebot3_navigation2:/home/ssfa/ros2_ws/install/turtlebot3_msgs:/home/ssfa/ros2_ws/install/turtlebot3_gazebo:/home/ssfa/ros2_ws/install/turtlebot3_bringup:/home/ssfa/ros2_ws/install/turtlebot3_description:/home/ssfa/ros2_ws/install/turtlebot3_cartographer:/home/ssfa/ros2_ws/install/turtlebot3_as:/home/ssfa/ros2_ws/install/t3_action_msg:/home/ssfa/ros2_ws/install/dynamixel_sdk PYTHONPATH=/home/ssfa/ros2_ws/build/yolov8_ros/prefix_override:/usr/lib/python3/dist-packages/colcon_core/task/python/colcon_distutils_commands:/home/ssfa/ros2_ws/install/yolov8_ros/lib/python3.10/site-packages:${PYTHONPATH} /usr/bin/python3 -W ignore:setup.py install is deprecated setup.py egg_info --egg-base ../../../build/yolov8_ros build --build-base /home/ssfa/ros2_ws/build/yolov8_ros/build install --record /home/ssfa/ros2_ws/build/yolov8_ros/install.log --single-version-externally-managed install_data
[1.136s] running egg_info
[1.137s] writing ../../../build/yolov8_ros/yolov8_ros.egg-info/PKG-INFO
[1.137s] writing dependency_links to ../../../build/yolov8_ros/yolov8_ros.egg-info/dependency_links.txt
[1.138s] writing entry points to ../../../build/yolov8_ros/yolov8_ros.egg-info/entry_points.txt
[1.138s] writing requirements to ../../../build/yolov8_ros/yolov8_ros.egg-info/requires.txt
[1.138s] writing top-level names to ../../../build/yolov8_ros/yolov8_ros.egg-info/top_level.txt
[1.140s] reading manifest file '../../../build/yolov8_ros/yolov8_ros.egg-info/SOURCES.txt'
[1.140s] writing manifest file '../../../build/yolov8_ros/yolov8_ros.egg-info/SOURCES.txt'
[1.141s] running build
[1.141s] running build_py
[1.141s] running install
[1.141s] running install_lib
[1.144s] running install_data
[1.144s] running install_egg_info
[1.146s] removing '/home/ssfa/ros2_ws/install/yolov8_ros/lib/python3.10/site-packages/yolov8_ros-0.0.0-py3.10.egg-info' (and everything under it)
[1.146s] Copying ../../../build/yolov8_ros/yolov8_ros.egg-info to /home/ssfa/ros2_ws/install/yolov8_ros/lib/python3.10/site-packages/yolov8_ros-0.0.0-py3.10.egg-info
[1.147s] running install_scripts
[1.173s] Installing debug_node script to /home/ssfa/ros2_ws/install/yolov8_ros/lib/yolov8_ros
[1.173s] Installing detect_3d_node script to /home/ssfa/ros2_ws/install/yolov8_ros/lib/yolov8_ros
[1.174s] Installing tracking_node script to /home/ssfa/ros2_ws/install/yolov8_ros/lib/yolov8_ros
[1.174s] Installing yolov8_node script to /home/ssfa/ros2_ws/install/yolov8_ros/lib/yolov8_ros
[1.174s] writing list of installed files to '/home/ssfa/ros2_ws/build/yolov8_ros/install.log'
[1.204s] Invoked command in '/home/ssfa/ros2_ws/src/yolov8_ros/yolov8_ros' returned '0': CMAKE_PREFIX_PATH=/home/ssfa/ros2_ws/install/yolov8_msgs:/home/ssfa/ros2_ws/install/yolov8_bringup:/home/ssfa/ros2_ws/install/usb_cam:/home/ssfa/ros2_ws/install/turtlebot3:/home/ssfa/ros2_ws/install/turtlebot3_simulations:/home/ssfa/ros2_ws/install/turtlebot3_navigation2:/home/ssfa/ros2_ws/install/turtlebot3_msgs:/home/ssfa/ros2_ws/install/turtlebot3_gazebo:/home/ssfa/ros2_ws/install/turtlebot3_bringup:/home/ssfa/ros2_ws/install/turtlebot3_description:/home/ssfa/ros2_ws/install/turtlebot3_cartographer:/home/ssfa/ros2_ws/install/turtlebot3_as:/home/ssfa/ros2_ws/install/t3_action_msg:/home/ssfa/ros2_ws/install/dynamixel_sdk PYTHONPATH=/home/ssfa/ros2_ws/build/yolov8_ros/prefix_override:/usr/lib/python3/dist-packages/colcon_core/task/python/colcon_distutils_commands:/home/ssfa/ros2_ws/install/yolov8_ros/lib/python3.10/site-packages:${PYTHONPATH} /usr/bin/python3 -W ignore:setup.py install is deprecated setup.py egg_info --egg-base ../../../build/yolov8_ros build --build-base /home/ssfa/ros2_ws/build/yolov8_ros/build install --record /home/ssfa/ros2_ws/build/yolov8_ros/install.log --single-version-externally-managed install_data
