[2.346s] Invoking command in '/home/ssfa/ros2_ws/src/shape_detector': PYTHONPATH=/home/ssfa/ros2_ws/build/shape_detector/prefix_override:/usr/lib/python3/dist-packages/colcon_core/task/python/colcon_distutils_commands:/home/ssfa/ros2_ws/install/shape_detector/lib/python3.10/site-packages:${PYTHONPATH} /usr/bin/python3 -W ignore:setup.py install is deprecated setup.py egg_info --egg-base ../../build/shape_detector build --build-base /home/ssfa/ros2_ws/build/shape_detector/build install --record /home/ssfa/ros2_ws/build/shape_detector/install.log --single-version-externally-managed install_data
[2.894s] running egg_info
[2.898s] writing ../../build/shape_detector/shape_detector.egg-info/PKG-INFO
[2.898s] writing dependency_links to ../../build/shape_detector/shape_detector.egg-info/dependency_links.txt
[2.898s] writing entry points to ../../build/shape_detector/shape_detector.egg-info/entry_points.txt
[2.898s] writing requirements to ../../build/shape_detector/shape_detector.egg-info/requires.txt
[2.898s] writing top-level names to ../../build/shape_detector/shape_detector.egg-info/top_level.txt
[2.903s] reading manifest file '../../build/shape_detector/shape_detector.egg-info/SOURCES.txt'
[2.903s] writing manifest file '../../build/shape_detector/shape_detector.egg-info/SOURCES.txt'
[2.903s] running build
[2.904s] running build_py
[2.904s] copying shape_detector/shape_detector.py -> /home/ssfa/ros2_ws/build/shape_detector/build/lib/shape_detector
[2.905s] running install
[2.905s] running install_lib
[2.907s] copying /home/ssfa/ros2_ws/build/shape_detector/build/lib/shape_detector/shape_detector.py -> /home/ssfa/ros2_ws/install/shape_detector/lib/python3.10/site-packages/shape_detector
[2.909s] byte-compiling /home/ssfa/ros2_ws/install/shape_detector/lib/python3.10/site-packages/shape_detector/shape_detector.py to shape_detector.cpython-310.pyc
[2.911s] running install_data
[2.911s] running install_egg_info
[2.916s] removing '/home/ssfa/ros2_ws/install/shape_detector/lib/python3.10/site-packages/shape_detector-0.0.0-py3.10.egg-info' (and everything under it)
[2.919s] Copying ../../build/shape_detector/shape_detector.egg-info to /home/ssfa/ros2_ws/install/shape_detector/lib/python3.10/site-packages/shape_detector-0.0.0-py3.10.egg-info
[2.924s] running install_scripts
[2.953s] Installing shape_detector script to /home/ssfa/ros2_ws/install/shape_detector/lib/shape_detector
[2.954s] writing list of installed files to '/home/ssfa/ros2_ws/build/shape_detector/install.log'
[3.210s] Invoked command in '/home/ssfa/ros2_ws/src/shape_detector' returned '0': PYTHONPATH=/home/ssfa/ros2_ws/build/shape_detector/prefix_override:/usr/lib/python3/dist-packages/colcon_core/task/python/colcon_distutils_commands:/home/ssfa/ros2_ws/install/shape_detector/lib/python3.10/site-packages:${PYTHONPATH} /usr/bin/python3 -W ignore:setup.py install is deprecated setup.py egg_info --egg-base ../../build/shape_detector build --build-base /home/ssfa/ros2_ws/build/shape_detector/build install --record /home/ssfa/ros2_ws/build/shape_detector/install.log --single-version-externally-managed install_data
