[0.018s] Invoking command in '/home/ssfa/ros2_ws/build/yolov8_bringup': AMENT_PREFIX_PATH=/home/ssfa/ros2_ws/install/yolov8_ros:/home/ssfa/ros2_ws/install/yolov8_msgs:${AMENT_PREFIX_PATH} CMAKE_PREFIX_PATH=/home/ssfa/ros2_ws/install/yolov8_msgs:/home/ssfa/ros2_ws/install/two_wheeled_robot:/home/ssfa/ros2_ws/install/turtlebot3:/home/ssfa/ros2_ws/install/turtlebot3_simulations:/home/ssfa/ros2_ws/install/turtlebot3_navigation2:/home/ssfa/ros2_ws/install/turtlebot3_msgs:/home/ssfa/ros2_ws/install/turtlebot3_gazebo:/home/ssfa/ros2_ws/install/turtlebot3_bringup:/home/ssfa/ros2_ws/install/turtlebot3_description:/home/ssfa/ros2_ws/install/turtlebot3_cartographer:/home/ssfa/ros2_ws/install/turtlebot3_as:/home/ssfa/ros2_ws/install/t3_action_msg:/home/ssfa/ros2_ws/install/dynamixel_sdk:/home/ssfa/ros2_ws/install/custom_interfaces:/home/ssfa/ros2_ws/install/turtlebot3_teleop:/home/ssfa/ros2_ws/install/turtlebot3_example:/home/ssfa/ros2_ws/install/topic_exercise:/home/ssfa/ros2_ws/install/subscriber_pkg:/home/ssfa/ros2_ws/install/services_pkg:/home/ssfa/ros2_ws/install/publisher_pkg:/home/ssfa/ros2_ws/install/my_package:/home/ssfa/ros2_ws/install/movement_pkg:/home/ssfa/ros2_ws/install/exercise_pkg:/home/ssfa/ros2_ws/install/custom_interface_example:/home/ssfa/ros2_ws/install/client_pkg:/opt/ros/humble LD_LIBRARY_PATH=/home/ssfa/ros2_ws/install/yolov8_msgs/lib:${LD_LIBRARY_PATH} PYTHONPATH=/home/ssfa/ros2_ws/install/yolov8_ros/lib/python3.10/site-packages:/home/ssfa/ros2_ws/install/yolov8_msgs/local/lib/python3.10/dist-packages:${PYTHONPATH} /usr/bin/cmake /home/ssfa/ros2_ws/src/yolov8_ros/yolov8_bringup -DCMAKE_INSTALL_PREFIX=/home/ssfa/ros2_ws/install/yolov8_bringup
[0.095s] -- The C compiler identification is GNU 11.4.0
[0.175s] -- The CXX compiler identification is GNU 11.4.0
[0.184s] -- Detecting C compiler ABI info
[0.266s] -- Detecting C compiler ABI info - done
[0.276s] -- Check for working C compiler: /usr/bin/cc - skipped
[0.276s] -- Detecting C compile features
[0.276s] -- Detecting C compile features - done
[0.280s] -- Detecting CXX compiler ABI info
[0.376s] -- Detecting CXX compiler ABI info - done
[0.386s] -- Check for working CXX compiler: /usr/bin/c++ - skipped
[0.386s] -- Detecting CXX compile features
[0.388s] -- Detecting CXX compile features - done
[0.393s] -- Found ament_cmake: 1.3.9 (/opt/ros/humble/share/ament_cmake/cmake)
[0.657s] -- Found Python3: /usr/bin/python3 (found version "3.10.12") found components: Interpreter 
[0.911s] -- Configuring done
[0.913s] -- Generating done
[0.914s] -- Build files have been written to: /home/ssfa/ros2_ws/build/yolov8_bringup
[0.918s] Invoked command in '/home/ssfa/ros2_ws/build/yolov8_bringup' returned '0': AMENT_PREFIX_PATH=/home/ssfa/ros2_ws/install/yolov8_ros:/home/ssfa/ros2_ws/install/yolov8_msgs:${AMENT_PREFIX_PATH} CMAKE_PREFIX_PATH=/home/ssfa/ros2_ws/install/yolov8_msgs:/home/ssfa/ros2_ws/install/two_wheeled_robot:/home/ssfa/ros2_ws/install/turtlebot3:/home/ssfa/ros2_ws/install/turtlebot3_simulations:/home/ssfa/ros2_ws/install/turtlebot3_navigation2:/home/ssfa/ros2_ws/install/turtlebot3_msgs:/home/ssfa/ros2_ws/install/turtlebot3_gazebo:/home/ssfa/ros2_ws/install/turtlebot3_bringup:/home/ssfa/ros2_ws/install/turtlebot3_description:/home/ssfa/ros2_ws/install/turtlebot3_cartographer:/home/ssfa/ros2_ws/install/turtlebot3_as:/home/ssfa/ros2_ws/install/t3_action_msg:/home/ssfa/ros2_ws/install/dynamixel_sdk:/home/ssfa/ros2_ws/install/custom_interfaces:/home/ssfa/ros2_ws/install/turtlebot3_teleop:/home/ssfa/ros2_ws/install/turtlebot3_example:/home/ssfa/ros2_ws/install/topic_exercise:/home/ssfa/ros2_ws/install/subscriber_pkg:/home/ssfa/ros2_ws/install/services_pkg:/home/ssfa/ros2_ws/install/publisher_pkg:/home/ssfa/ros2_ws/install/my_package:/home/ssfa/ros2_ws/install/movement_pkg:/home/ssfa/ros2_ws/install/exercise_pkg:/home/ssfa/ros2_ws/install/custom_interface_example:/home/ssfa/ros2_ws/install/client_pkg:/opt/ros/humble LD_LIBRARY_PATH=/home/ssfa/ros2_ws/install/yolov8_msgs/lib:${LD_LIBRARY_PATH} PYTHONPATH=/home/ssfa/ros2_ws/install/yolov8_ros/lib/python3.10/site-packages:/home/ssfa/ros2_ws/install/yolov8_msgs/local/lib/python3.10/dist-packages:${PYTHONPATH} /usr/bin/cmake /home/ssfa/ros2_ws/src/yolov8_ros/yolov8_bringup -DCMAKE_INSTALL_PREFIX=/home/ssfa/ros2_ws/install/yolov8_bringup
[0.921s] Invoking command in '/home/ssfa/ros2_ws/build/yolov8_bringup': AMENT_PREFIX_PATH=/home/ssfa/ros2_ws/install/yolov8_ros:/home/ssfa/ros2_ws/install/yolov8_msgs:${AMENT_PREFIX_PATH} CMAKE_PREFIX_PATH=/home/ssfa/ros2_ws/install/yolov8_msgs:/home/ssfa/ros2_ws/install/two_wheeled_robot:/home/ssfa/ros2_ws/install/turtlebot3:/home/ssfa/ros2_ws/install/turtlebot3_simulations:/home/ssfa/ros2_ws/install/turtlebot3_navigation2:/home/ssfa/ros2_ws/install/turtlebot3_msgs:/home/ssfa/ros2_ws/install/turtlebot3_gazebo:/home/ssfa/ros2_ws/install/turtlebot3_bringup:/home/ssfa/ros2_ws/install/turtlebot3_description:/home/ssfa/ros2_ws/install/turtlebot3_cartographer:/home/ssfa/ros2_ws/install/turtlebot3_as:/home/ssfa/ros2_ws/install/t3_action_msg:/home/ssfa/ros2_ws/install/dynamixel_sdk:/home/ssfa/ros2_ws/install/custom_interfaces:/home/ssfa/ros2_ws/install/turtlebot3_teleop:/home/ssfa/ros2_ws/install/turtlebot3_example:/home/ssfa/ros2_ws/install/topic_exercise:/home/ssfa/ros2_ws/install/subscriber_pkg:/home/ssfa/ros2_ws/install/services_pkg:/home/ssfa/ros2_ws/install/publisher_pkg:/home/ssfa/ros2_ws/install/my_package:/home/ssfa/ros2_ws/install/movement_pkg:/home/ssfa/ros2_ws/install/exercise_pkg:/home/ssfa/ros2_ws/install/custom_interface_example:/home/ssfa/ros2_ws/install/client_pkg:/opt/ros/humble LD_LIBRARY_PATH=/home/ssfa/ros2_ws/install/yolov8_msgs/lib:${LD_LIBRARY_PATH} PYTHONPATH=/home/ssfa/ros2_ws/install/yolov8_ros/lib/python3.10/site-packages:/home/ssfa/ros2_ws/install/yolov8_msgs/local/lib/python3.10/dist-packages:${PYTHONPATH} /usr/bin/cmake --build /home/ssfa/ros2_ws/build/yolov8_bringup -- -j12 -l12
[0.964s] Invoked command in '/home/ssfa/ros2_ws/build/yolov8_bringup' returned '0': AMENT_PREFIX_PATH=/home/ssfa/ros2_ws/install/yolov8_ros:/home/ssfa/ros2_ws/install/yolov8_msgs:${AMENT_PREFIX_PATH} CMAKE_PREFIX_PATH=/home/ssfa/ros2_ws/install/yolov8_msgs:/home/ssfa/ros2_ws/install/two_wheeled_robot:/home/ssfa/ros2_ws/install/turtlebot3:/home/ssfa/ros2_ws/install/turtlebot3_simulations:/home/ssfa/ros2_ws/install/turtlebot3_navigation2:/home/ssfa/ros2_ws/install/turtlebot3_msgs:/home/ssfa/ros2_ws/install/turtlebot3_gazebo:/home/ssfa/ros2_ws/install/turtlebot3_bringup:/home/ssfa/ros2_ws/install/turtlebot3_description:/home/ssfa/ros2_ws/install/turtlebot3_cartographer:/home/ssfa/ros2_ws/install/turtlebot3_as:/home/ssfa/ros2_ws/install/t3_action_msg:/home/ssfa/ros2_ws/install/dynamixel_sdk:/home/ssfa/ros2_ws/install/custom_interfaces:/home/ssfa/ros2_ws/install/turtlebot3_teleop:/home/ssfa/ros2_ws/install/turtlebot3_example:/home/ssfa/ros2_ws/install/topic_exercise:/home/ssfa/ros2_ws/install/subscriber_pkg:/home/ssfa/ros2_ws/install/services_pkg:/home/ssfa/ros2_ws/install/publisher_pkg:/home/ssfa/ros2_ws/install/my_package:/home/ssfa/ros2_ws/install/movement_pkg:/home/ssfa/ros2_ws/install/exercise_pkg:/home/ssfa/ros2_ws/install/custom_interface_example:/home/ssfa/ros2_ws/install/client_pkg:/opt/ros/humble LD_LIBRARY_PATH=/home/ssfa/ros2_ws/install/yolov8_msgs/lib:${LD_LIBRARY_PATH} PYTHONPATH=/home/ssfa/ros2_ws/install/yolov8_ros/lib/python3.10/site-packages:/home/ssfa/ros2_ws/install/yolov8_msgs/local/lib/python3.10/dist-packages:${PYTHONPATH} /usr/bin/cmake --build /home/ssfa/ros2_ws/build/yolov8_bringup -- -j12 -l12
[0.991s] Invoking command in '/home/ssfa/ros2_ws/build/yolov8_bringup': AMENT_PREFIX_PATH=/home/ssfa/ros2_ws/install/yolov8_ros:/home/ssfa/ros2_ws/install/yolov8_msgs:${AMENT_PREFIX_PATH} CMAKE_PREFIX_PATH=/home/ssfa/ros2_ws/install/yolov8_msgs:/home/ssfa/ros2_ws/install/two_wheeled_robot:/home/ssfa/ros2_ws/install/turtlebot3:/home/ssfa/ros2_ws/install/turtlebot3_simulations:/home/ssfa/ros2_ws/install/turtlebot3_navigation2:/home/ssfa/ros2_ws/install/turtlebot3_msgs:/home/ssfa/ros2_ws/install/turtlebot3_gazebo:/home/ssfa/ros2_ws/install/turtlebot3_bringup:/home/ssfa/ros2_ws/install/turtlebot3_description:/home/ssfa/ros2_ws/install/turtlebot3_cartographer:/home/ssfa/ros2_ws/install/turtlebot3_as:/home/ssfa/ros2_ws/install/t3_action_msg:/home/ssfa/ros2_ws/install/dynamixel_sdk:/home/ssfa/ros2_ws/install/custom_interfaces:/home/ssfa/ros2_ws/install/turtlebot3_teleop:/home/ssfa/ros2_ws/install/turtlebot3_example:/home/ssfa/ros2_ws/install/topic_exercise:/home/ssfa/ros2_ws/install/subscriber_pkg:/home/ssfa/ros2_ws/install/services_pkg:/home/ssfa/ros2_ws/install/publisher_pkg:/home/ssfa/ros2_ws/install/my_package:/home/ssfa/ros2_ws/install/movement_pkg:/home/ssfa/ros2_ws/install/exercise_pkg:/home/ssfa/ros2_ws/install/custom_interface_example:/home/ssfa/ros2_ws/install/client_pkg:/opt/ros/humble LD_LIBRARY_PATH=/home/ssfa/ros2_ws/install/yolov8_msgs/lib:${LD_LIBRARY_PATH} PYTHONPATH=/home/ssfa/ros2_ws/install/yolov8_ros/lib/python3.10/site-packages:/home/ssfa/ros2_ws/install/yolov8_msgs/local/lib/python3.10/dist-packages:${PYTHONPATH} /usr/bin/cmake --install /home/ssfa/ros2_ws/build/yolov8_bringup
[1.000s] -- Install configuration: ""
[1.000s] -- Installing: /home/ssfa/ros2_ws/install/yolov8_bringup/share/yolov8_bringup//launch
[1.000s] -- Installing: /home/ssfa/ros2_ws/install/yolov8_bringup/share/yolov8_bringup//launch/yolov8_3d.launch.py
[1.000s] -- Installing: /home/ssfa/ros2_ws/install/yolov8_bringup/share/yolov8_bringup//launch/yolov9.launch.py
[1.000s] -- Installing: /home/ssfa/ros2_ws/install/yolov8_bringup/share/yolov8_bringup//launch/yolov8.launch.py
[1.001s] -- Installing: /home/ssfa/ros2_ws/install/yolov8_bringup/share/yolov8_bringup//launch/yolov10.launch.py
[1.001s] -- Installing: /home/ssfa/ros2_ws/install/yolov8_bringup/share/ament_index/resource_index/package_run_dependencies/yolov8_bringup
[1.001s] -- Installing: /home/ssfa/ros2_ws/install/yolov8_bringup/share/ament_index/resource_index/parent_prefix_path/yolov8_bringup
[1.001s] -- Installing: /home/ssfa/ros2_ws/install/yolov8_bringup/share/yolov8_bringup/environment/ament_prefix_path.sh
[1.001s] -- Installing: /home/ssfa/ros2_ws/install/yolov8_bringup/share/yolov8_bringup/environment/ament_prefix_path.dsv
[1.001s] -- Installing: /home/ssfa/ros2_ws/install/yolov8_bringup/share/yolov8_bringup/environment/path.sh
[1.002s] -- Installing: /home/ssfa/ros2_ws/install/yolov8_bringup/share/yolov8_bringup/environment/path.dsv
[1.002s] -- Installing: /home/ssfa/ros2_ws/install/yolov8_bringup/share/yolov8_bringup/local_setup.bash
[1.002s] -- Installing: /home/ssfa/ros2_ws/install/yolov8_bringup/share/yolov8_bringup/local_setup.sh
[1.002s] -- Installing: /home/ssfa/ros2_ws/install/yolov8_bringup/share/yolov8_bringup/local_setup.zsh
[1.002s] -- Installing: /home/ssfa/ros2_ws/install/yolov8_bringup/share/yolov8_bringup/local_setup.dsv
[1.002s] -- Installing: /home/ssfa/ros2_ws/install/yolov8_bringup/share/yolov8_bringup/package.dsv
[1.002s] -- Installing: /home/ssfa/ros2_ws/install/yolov8_bringup/share/ament_index/resource_index/packages/yolov8_bringup
[1.003s] -- Installing: /home/ssfa/ros2_ws/install/yolov8_bringup/share/yolov8_bringup/cmake/yolov8_bringupConfig.cmake
[1.003s] -- Installing: /home/ssfa/ros2_ws/install/yolov8_bringup/share/yolov8_bringup/cmake/yolov8_bringupConfig-version.cmake
[1.003s] -- Installing: /home/ssfa/ros2_ws/install/yolov8_bringup/share/yolov8_bringup/package.xml
[1.004s] Invoked command in '/home/ssfa/ros2_ws/build/yolov8_bringup' returned '0': AMENT_PREFIX_PATH=/home/ssfa/ros2_ws/install/yolov8_ros:/home/ssfa/ros2_ws/install/yolov8_msgs:${AMENT_PREFIX_PATH} CMAKE_PREFIX_PATH=/home/ssfa/ros2_ws/install/yolov8_msgs:/home/ssfa/ros2_ws/install/two_wheeled_robot:/home/ssfa/ros2_ws/install/turtlebot3:/home/ssfa/ros2_ws/install/turtlebot3_simulations:/home/ssfa/ros2_ws/install/turtlebot3_navigation2:/home/ssfa/ros2_ws/install/turtlebot3_msgs:/home/ssfa/ros2_ws/install/turtlebot3_gazebo:/home/ssfa/ros2_ws/install/turtlebot3_bringup:/home/ssfa/ros2_ws/install/turtlebot3_description:/home/ssfa/ros2_ws/install/turtlebot3_cartographer:/home/ssfa/ros2_ws/install/turtlebot3_as:/home/ssfa/ros2_ws/install/t3_action_msg:/home/ssfa/ros2_ws/install/dynamixel_sdk:/home/ssfa/ros2_ws/install/custom_interfaces:/home/ssfa/ros2_ws/install/turtlebot3_teleop:/home/ssfa/ros2_ws/install/turtlebot3_example:/home/ssfa/ros2_ws/install/topic_exercise:/home/ssfa/ros2_ws/install/subscriber_pkg:/home/ssfa/ros2_ws/install/services_pkg:/home/ssfa/ros2_ws/install/publisher_pkg:/home/ssfa/ros2_ws/install/my_package:/home/ssfa/ros2_ws/install/movement_pkg:/home/ssfa/ros2_ws/install/exercise_pkg:/home/ssfa/ros2_ws/install/custom_interface_example:/home/ssfa/ros2_ws/install/client_pkg:/opt/ros/humble LD_LIBRARY_PATH=/home/ssfa/ros2_ws/install/yolov8_msgs/lib:${LD_LIBRARY_PATH} PYTHONPATH=/home/ssfa/ros2_ws/install/yolov8_ros/lib/python3.10/site-packages:/home/ssfa/ros2_ws/install/yolov8_msgs/local/lib/python3.10/dist-packages:${PYTHONPATH} /usr/bin/cmake --install /home/ssfa/ros2_ws/build/yolov8_bringup
