[2.189s] Invoking command in '/home/ssfa/ros2_ws/build/services_pkg': PYTHONPATH=/home/ssfa/ros2_ws/build/services_pkg/prefix_override:/usr/lib/python3/dist-packages/colcon_core/task/python/colcon_distutils_commands:/home/ssfa/ros2_ws/install/services_pkg/lib/python3.10/site-packages:${PYTHONPATH} /usr/bin/python3 -W ignore:setup.py install is deprecated setup.py develop --editable --build-directory /home/ssfa/ros2_ws/build/services_pkg/build --no-deps symlink_data
[2.601s] running develop
[2.601s] /usr/lib/python3/dist-packages/setuptools/dist.py:723: UserWarning: Usage of dash-separated 'script-dir' will not be supported in future versions. Please use the underscore name 'script_dir' instead
[2.601s]   warnings.warn(
[2.602s] /usr/lib/python3/dist-packages/setuptools/command/easy_install.py:158: EasyInstallDeprecationWarning: easy_install command is deprecated. Use build and pip and other standards-based tools.
[2.602s]   warnings.warn(
[2.838s] running egg_info
[2.839s] writing services_pkg.egg-info/PKG-INFO
[2.839s] writing dependency_links to services_pkg.egg-info/dependency_links.txt
[2.840s] writing entry points to services_pkg.egg-info/entry_points.txt
[2.840s] writing requirements to services_pkg.egg-info/requires.txt
[2.840s] writing top-level names to services_pkg.egg-info/top_level.txt
[2.844s] reading manifest file 'services_pkg.egg-info/SOURCES.txt'
[2.849s] writing manifest file 'services_pkg.egg-info/SOURCES.txt'
[2.853s] running build_ext
[2.853s] Creating /home/ssfa/ros2_ws/install/services_pkg/lib/python3.10/site-packages/services-pkg.egg-link (link to .)
[2.855s] Installing service script to /home/ssfa/ros2_ws/install/services_pkg/lib/services_pkg
[2.855s] Installing service2 script to /home/ssfa/ros2_ws/install/services_pkg/lib/services_pkg
[2.855s] Installing service_client script to /home/ssfa/ros2_ws/install/services_pkg/lib/services_pkg
[2.856s] 
[2.856s] Installed /home/ssfa/ros2_ws/build/services_pkg
[2.856s] running symlink_data
[3.089s] Invoked command in '/home/ssfa/ros2_ws/build/services_pkg' returned '0': PYTHONPATH=/home/ssfa/ros2_ws/build/services_pkg/prefix_override:/usr/lib/python3/dist-packages/colcon_core/task/python/colcon_distutils_commands:/home/ssfa/ros2_ws/install/services_pkg/lib/python3.10/site-packages:${PYTHONPATH} /usr/bin/python3 -W ignore:setup.py install is deprecated setup.py develop --editable --build-directory /home/ssfa/ros2_ws/build/services_pkg/build --no-deps symlink_data
