running develop
/usr/lib/python3/dist-packages/setuptools/command/easy_install.py:158: EasyInstallDeprecationWarning: easy_install command is deprecated. Use build and pip and other standards-based tools.
  warnings.warn(
running egg_info
creating movement_pkg.egg-info
writing movement_pkg.egg-info/PKG-INFO
writing dependency_links to movement_pkg.egg-info/dependency_links.txt
writing entry points to movement_pkg.egg-info/entry_points.txt
writing requirements to movement_pkg.egg-info/requires.txt
writing top-level names to movement_pkg.egg-info/top_level.txt
writing manifest file 'movement_pkg.egg-info/SOURCES.txt'
reading manifest file 'movement_pkg.egg-info/SOURCES.txt'
writing manifest file 'movement_pkg.egg-info/SOURCES.txt'
running build_ext
Creating /home/ssfa/ros2_ws/install/movement_pkg/lib/python3.10/site-packages/movement-pkg.egg-link (link to .)
Installing movement_client script to /home/ssfa/ros2_ws/install/movement_pkg/lib/movement_pkg
Installing movement_server script to /home/ssfa/ros2_ws/install/movement_pkg/lib/movement_pkg

Installed /home/ssfa/ros2_ws/build/movement_pkg
running symlink_data
creating /home/ssfa/ros2_ws/install/movement_pkg/share/ament_index
creating /home/ssfa/ros2_ws/install/movement_pkg/share/ament_index/resource_index
creating /home/ssfa/ros2_ws/install/movement_pkg/share/ament_index/resource_index/packages
symbolically linking /home/ssfa/ros2_ws/build/movement_pkg/resource/movement_pkg -> /home/ssfa/ros2_ws/install/movement_pkg/share/ament_index/resource_index/packages
symbolically linking /home/ssfa/ros2_ws/build/movement_pkg/package.xml -> /home/ssfa/ros2_ws/install/movement_pkg/share/movement_pkg
symbolically linking /home/ssfa/ros2_ws/build/movement_pkg/launch/movement_server.launch.py -> /home/ssfa/ros2_ws/install/movement_pkg/share/movement_pkg
