[0.055s] Invoking command in '/home/ssfa/ros2_ws/build/t3_action_msg': CMAKE_PREFIX_PATH=/opt/ros/humble /usr/bin/cmake /home/ssfa/ros2_ws/src/t3/t3_action_msg -DAMENT_CMAKE_SYMLINK_INSTALL=1 -DCMAKE_INSTALL_PREFIX=/home/ssfa/ros2_ws/install/t3_action_msg
[1.918s] -- The C compiler identification is GNU 11.4.0
[1.918s] -- The CXX compiler identification is GNU 11.4.0
[1.918s] -- Detecting C compiler ABI info
[1.918s] -- Detecting C compiler ABI info - done
[1.918s] -- Check for working C compiler: /usr/bin/cc - skipped
[1.918s] -- Detecting C compile features
[1.918s] -- Detecting C compile features - done
[1.919s] -- Detecting CXX compiler ABI info
[1.919s] -- Detecting CXX compiler ABI info - done
[1.919s] -- Check for working CXX compiler: /usr/bin/c++ - skipped
[1.919s] -- Detecting CXX compile features
[1.919s] -- Detecting CXX compile features - done
[1.919s] -- Found ament_cmake: 1.3.9 (/opt/ros/humble/share/ament_cmake/cmake)
[1.919s] -- Found Python3: /usr/bin/python3 (found version "3.10.12") found components: Interpreter 
[1.919s] -- Override CMake install command with custom implementation using symlinks instead of copying resources
[1.919s] -- Found rclcpp: 16.0.9 (/opt/ros/humble/share/rclcpp/cmake)
[1.919s] -- Found rosidl_generator_c: 3.1.5 (/opt/ros/humble/share/rosidl_generator_c/cmake)
[1.919s] -- Found rosidl_adapter: 3.1.5 (/opt/ros/humble/share/rosidl_adapter/cmake)
[1.919s] -- Found rosidl_generator_cpp: 3.1.5 (/opt/ros/humble/share/rosidl_generator_cpp/cmake)
[1.919s] -- Using all available rosidl_typesupport_c: rosidl_typesupport_fastrtps_c;rosidl_typesupport_introspection_c
[1.919s] -- Using all available rosidl_typesupport_cpp: rosidl_typesupport_fastrtps_cpp;rosidl_typesupport_introspection_cpp
[1.919s] -- Found rmw_implementation_cmake: 6.1.2 (/opt/ros/humble/share/rmw_implementation_cmake/cmake)
[1.920s] -- Found rmw_fastrtps_cpp: 6.2.6 (/opt/ros/humble/share/rmw_fastrtps_cpp/cmake)
[1.920s] -- Found OpenSSL: /usr/lib/x86_64-linux-gnu/libcrypto.so (found version "3.0.2")  
[1.920s] -- Found FastRTPS: /opt/ros/humble/include  
[1.920s] -- Using RMW implementation 'rmw_fastrtps_cpp' as default
[1.920s] -- Looking for pthread.h
[1.920s] -- Looking for pthread.h - found
[1.920s] -- Performing Test CMAKE_HAVE_LIBC_PTHREAD
[1.920s] -- Performing Test CMAKE_HAVE_LIBC_PTHREAD - Success
[1.920s] -- Found Threads: TRUE  
[1.920s] -- Found action_msgs: 1.2.1 (/opt/ros/humble/share/action_msgs/cmake)
[1.920s] -- Found rosidl_default_generators: 1.2.0 (/opt/ros/humble/share/rosidl_default_generators/cmake)
[2.300s] -- Found ament_cmake_ros: 0.10.0 (/opt/ros/humble/share/ament_cmake_ros/cmake)
[2.995s] -- Using all available rosidl_typesupport_c: rosidl_typesupport_fastrtps_c;rosidl_typesupport_introspection_c
[3.204s] -- Using all available rosidl_typesupport_cpp: rosidl_typesupport_fastrtps_cpp;rosidl_typesupport_introspection_cpp
[3.248s] -- Found PythonInterp: /usr/bin/python3 (found suitable version "3.10.12", minimum required is "3.6") 
[3.251s] -- Found python_cmake_module: 0.10.0 (/opt/ros/humble/share/python_cmake_module/cmake)
[3.300s] -- Found PythonLibs: /usr/lib/x86_64-linux-gnu/libpython3.10.so (found suitable version "3.10.12", minimum required is "3.5") 
[3.301s] -- Using PYTHON_EXECUTABLE: /usr/bin/python3
[3.301s] -- Using PYTHON_INCLUDE_DIRS: /usr/include/python3.10
[3.301s] -- Using PYTHON_LIBRARIES: /usr/lib/x86_64-linux-gnu/libpython3.10.so
[3.343s] -- Found PythonExtra: .so  
[3.427s] -- Found ament_lint_auto: 0.12.11 (/opt/ros/humble/share/ament_lint_auto/cmake)
[3.463s] -- Added test 'copyright' to check source files copyright and LICENSE
[3.466s] -- Added test 'lint_cmake' to check CMake code style
[3.468s] -- Added test 'xmllint' to check XML markup files
[3.474s] -- Configuring done
[3.536s] -- Generating done
[3.541s] -- Build files have been written to: /home/ssfa/ros2_ws/build/t3_action_msg
[3.778s] Invoked command in '/home/ssfa/ros2_ws/build/t3_action_msg' returned '0': CMAKE_PREFIX_PATH=/opt/ros/humble /usr/bin/cmake /home/ssfa/ros2_ws/src/t3/t3_action_msg -DAMENT_CMAKE_SYMLINK_INSTALL=1 -DCMAKE_INSTALL_PREFIX=/home/ssfa/ros2_ws/install/t3_action_msg
[3.779s] Invoking command in '/home/ssfa/ros2_ws/build/t3_action_msg': CMAKE_PREFIX_PATH=/opt/ros/humble /usr/bin/cmake --build /home/ssfa/ros2_ws/build/t3_action_msg -- -j12 -l12
[3.866s] [  3%] [34m[1mGenerating C code for ROS interfaces[0m
[3.918s] [  3%] Built target ament_cmake_python_symlink_t3_action_msg
[3.941s] [  6%] [34m[1mGenerating C++ code for ROS interfaces[0m
[4.353s] running egg_info
[4.353s] creating t3_action_msg.egg-info
[4.353s] writing t3_action_msg.egg-info/PKG-INFO
[4.353s] writing dependency_links to t3_action_msg.egg-info/dependency_links.txt
[4.354s] writing top-level names to t3_action_msg.egg-info/top_level.txt
[4.354s] writing manifest file 't3_action_msg.egg-info/SOURCES.txt'
[4.366s] reading manifest file 't3_action_msg.egg-info/SOURCES.txt'
[4.366s] writing manifest file 't3_action_msg.egg-info/SOURCES.txt'
[4.399s] [  6%] Built target ament_cmake_python_build_t3_action_msg_egg
[4.782s] [  9%] [32mBuilding C object CMakeFiles/t3_action_msg__rosidl_generator_c.dir/rosidl_generator_c/t3_action_msg/action/detail/move__functions.c.o[0m
[4.883s] [  9%] Built target t3_action_msg__cpp
[4.897s] [ 12%] [34m[1mGenerating C++ type support for eProsima Fast-RTPS[0m
[4.898s] [ 19%] [34m[1mGenerating C++ type support dispatch for ROS interfaces[0m
[4.898s] [ 19%] [34m[1mGenerating C++ introspection for ROS interfaces[0m
[5.024s] [ 22%] [32m[1mLinking C shared library libt3_action_msg__rosidl_generator_c.so[0m
[5.074s] [ 22%] Built target t3_action_msg__rosidl_generator_c
[5.088s] [ 25%] [34m[1mGenerating C introspection for ROS interfaces[0m
[5.090s] [ 29%] [34m[1mGenerating C type support for eProsima Fast-RTPS[0m
[5.093s] [ 32%] [34m[1mGenerating C type support dispatch for ROS interfaces[0m
[5.480s] [ 35%] [32mBuilding CXX object CMakeFiles/t3_action_msg__rosidl_typesupport_cpp.dir/rosidl_typesupport_cpp/t3_action_msg/action/move__type_support.cpp.o[0m
[5.512s] [ 38%] [32mBuilding CXX object CMakeFiles/t3_action_msg__rosidl_typesupport_introspection_cpp.dir/rosidl_typesupport_introspection_cpp/t3_action_msg/action/detail/move__type_support.cpp.o[0m
[5.650s] [ 41%] [32mBuilding CXX object CMakeFiles/t3_action_msg__rosidl_typesupport_fastrtps_cpp.dir/rosidl_typesupport_fastrtps_cpp/t3_action_msg/action/detail/dds_fastrtps/move__type_support.cpp.o[0m
[5.798s] [ 45%] [32mBuilding CXX object CMakeFiles/t3_action_msg__rosidl_typesupport_c.dir/rosidl_typesupport_c/t3_action_msg/action/move__type_support.cpp.o[0m
[5.900s] [ 48%] [32m[1mLinking CXX shared library libt3_action_msg__rosidl_typesupport_c.so[0m
[5.906s] [ 51%] [32mBuilding C object CMakeFiles/t3_action_msg__rosidl_typesupport_introspection_c.dir/rosidl_typesupport_introspection_c/t3_action_msg/action/detail/move__type_support.c.o[0m
[5.923s] [ 54%] [32mBuilding CXX object CMakeFiles/t3_action_msg__rosidl_typesupport_fastrtps_c.dir/rosidl_typesupport_fastrtps_c/t3_action_msg/action/detail/move__type_support_c.cpp.o[0m
[5.984s] [ 54%] Built target t3_action_msg__rosidl_typesupport_c
[5.997s] [ 58%] [32m[1mLinking C shared library libt3_action_msg__rosidl_typesupport_introspection_c.so[0m
[6.051s] [ 58%] Built target t3_action_msg__rosidl_typesupport_introspection_c
[6.525s] [ 61%] [32m[1mLinking CXX shared library libt3_action_msg__rosidl_typesupport_cpp.so[0m
[6.544s] [ 64%] [32m[1mLinking CXX shared library libt3_action_msg__rosidl_typesupport_introspection_cpp.so[0m
[6.627s] [ 64%] Built target t3_action_msg__rosidl_typesupport_cpp
[6.764s] [ 64%] Built target t3_action_msg__rosidl_typesupport_introspection_cpp
[6.772s] [ 67%] [32m[1mLinking CXX shared library libt3_action_msg__rosidl_typesupport_fastrtps_c.so[0m
[6.962s] [ 67%] Built target t3_action_msg__rosidl_typesupport_fastrtps_c
[7.178s] [ 70%] [32m[1mLinking CXX shared library libt3_action_msg__rosidl_typesupport_fastrtps_cpp.so[0m
[7.317s] [ 70%] Built target t3_action_msg__rosidl_typesupport_fastrtps_cpp
[7.348s] [ 70%] Built target t3_action_msg
[7.416s] [ 74%] [34m[1mGenerating Python code for ROS interfaces[0m
[8.904s] [ 74%] Built target t3_action_msg__py
[8.925s] [ 77%] [32mBuilding C object CMakeFiles/t3_action_msg__rosidl_generator_py.dir/rosidl_generator_py/t3_action_msg/action/_move_s.c.o[0m
[9.102s] [ 80%] [32m[1mLinking C shared library rosidl_generator_py/t3_action_msg/libt3_action_msg__rosidl_generator_py.so[0m
[9.153s] [ 80%] Built target t3_action_msg__rosidl_generator_py
[9.176s] [ 90%] [32mBuilding C object CMakeFiles/t3_action_msg__rosidl_typesupport_introspection_c__pyext.dir/rosidl_generator_py/t3_action_msg/_t3_action_msg_s.ep.rosidl_typesupport_introspection_c.c.o[0m
[9.177s] [ 90%] [32mBuilding C object CMakeFiles/t3_action_msg__rosidl_typesupport_fastrtps_c__pyext.dir/rosidl_generator_py/t3_action_msg/_t3_action_msg_s.ep.rosidl_typesupport_fastrtps_c.c.o[0m
[9.177s] [ 90%] [32mBuilding C object CMakeFiles/t3_action_msg__rosidl_typesupport_c__pyext.dir/rosidl_generator_py/t3_action_msg/_t3_action_msg_s.ep.rosidl_typesupport_c.c.o[0m
[9.316s] [ 96%] [32m[1mLinking C shared library rosidl_generator_py/t3_action_msg/t3_action_msg_s__rosidl_typesupport_introspection_c.cpython-310-x86_64-linux-gnu.so[0m
[9.316s] [ 96%] [32m[1mLinking C shared library rosidl_generator_py/t3_action_msg/t3_action_msg_s__rosidl_typesupport_fastrtps_c.cpython-310-x86_64-linux-gnu.so[0m
[9.363s] [ 96%] Built target t3_action_msg__rosidl_typesupport_introspection_c__pyext
[9.373s] [100%] [32m[1mLinking C shared library rosidl_generator_py/t3_action_msg/t3_action_msg_s__rosidl_typesupport_c.cpython-310-x86_64-linux-gnu.so[0m
[9.379s] [100%] Built target t3_action_msg__rosidl_typesupport_fastrtps_c__pyext
[9.418s] [100%] Built target t3_action_msg__rosidl_typesupport_c__pyext
[9.432s] Invoked command in '/home/ssfa/ros2_ws/build/t3_action_msg' returned '0': CMAKE_PREFIX_PATH=/opt/ros/humble /usr/bin/cmake --build /home/ssfa/ros2_ws/build/t3_action_msg -- -j12 -l12
[9.495s] Invoking command in '/home/ssfa/ros2_ws/build/t3_action_msg': CMAKE_PREFIX_PATH=/opt/ros/humble /usr/bin/cmake --install /home/ssfa/ros2_ws/build/t3_action_msg
[9.503s] -- Install configuration: ""
[9.504s] -- Execute custom install script
[9.504s] -- Symlinking: /home/ssfa/ros2_ws/install/t3_action_msg/share/ament_index/resource_index/rosidl_interfaces/t3_action_msg
[9.514s] -- Symlinking: /home/ssfa/ros2_ws/install/t3_action_msg/include/t3_action_msg/t3_action_msg/action/detail/move__functions.h
[9.523s] -- Symlinking: /home/ssfa/ros2_ws/install/t3_action_msg/include/t3_action_msg/t3_action_msg/action/detail/move__struct.h
[9.533s] -- Symlinking: /home/ssfa/ros2_ws/install/t3_action_msg/include/t3_action_msg/t3_action_msg/action/detail/move__type_support.h
[9.543s] -- Symlinking: /home/ssfa/ros2_ws/install/t3_action_msg/include/t3_action_msg/t3_action_msg/action/move.h
[9.553s] -- Symlinking: /home/ssfa/ros2_ws/install/t3_action_msg/include/t3_action_msg/t3_action_msg/msg/rosidl_generator_c__visibility_control.h
[9.563s] -- Symlinking: /home/ssfa/ros2_ws/install/t3_action_msg/share/t3_action_msg/environment/library_path.sh
[9.573s] -- Symlinking: /home/ssfa/ros2_ws/install/t3_action_msg/share/t3_action_msg/environment/library_path.dsv
[9.583s] -- Symlinking: /home/ssfa/ros2_ws/install/t3_action_msg/include/t3_action_msg/t3_action_msg/action/detail/move__rosidl_typesupport_fastrtps_c.h
[9.593s] -- Symlinking: /home/ssfa/ros2_ws/install/t3_action_msg/include/t3_action_msg/t3_action_msg/msg/rosidl_typesupport_fastrtps_c__visibility_control.h
[9.603s] -- Symlinking: /home/ssfa/ros2_ws/install/t3_action_msg/include/t3_action_msg/t3_action_msg/action/detail/move__builder.hpp
[9.612s] -- Symlinking: /home/ssfa/ros2_ws/install/t3_action_msg/include/t3_action_msg/t3_action_msg/action/detail/move__struct.hpp
[9.621s] -- Symlinking: /home/ssfa/ros2_ws/install/t3_action_msg/include/t3_action_msg/t3_action_msg/action/detail/move__traits.hpp
[9.631s] -- Symlinking: /home/ssfa/ros2_ws/install/t3_action_msg/include/t3_action_msg/t3_action_msg/action/move.hpp
[9.642s] -- Symlinking: /home/ssfa/ros2_ws/install/t3_action_msg/include/t3_action_msg/t3_action_msg/action/detail/move__rosidl_typesupport_fastrtps_cpp.hpp
[9.655s] -- Symlinking: /home/ssfa/ros2_ws/install/t3_action_msg/include/t3_action_msg/t3_action_msg/msg/rosidl_typesupport_fastrtps_cpp__visibility_control.h
[9.664s] -- Symlinking: /home/ssfa/ros2_ws/install/t3_action_msg/include/t3_action_msg/t3_action_msg/action/detail/move__rosidl_typesupport_introspection_c.h
[9.674s] -- Symlinking: /home/ssfa/ros2_ws/install/t3_action_msg/include/t3_action_msg/t3_action_msg/msg/rosidl_typesupport_introspection_c__visibility_control.h
[9.684s] -- Symlinking: /home/ssfa/ros2_ws/install/t3_action_msg/include/t3_action_msg/t3_action_msg/action/detail/move__rosidl_typesupport_introspection_cpp.hpp
[9.694s] -- Symlinking: /home/ssfa/ros2_ws/install/t3_action_msg/share/t3_action_msg/environment/pythonpath.sh
[9.703s] -- Symlinking: /home/ssfa/ros2_ws/install/t3_action_msg/share/t3_action_msg/environment/pythonpath.dsv
[9.714s] -- Symlinking: /home/ssfa/ros2_ws/install/t3_action_msg/local/lib/python3.10/dist-packages/t3_action_msg-0.0.0-py3.10.egg-info/PKG-INFO
[9.724s] -- Symlinking: /home/ssfa/ros2_ws/install/t3_action_msg/local/lib/python3.10/dist-packages/t3_action_msg-0.0.0-py3.10.egg-info/SOURCES.txt
[9.733s] -- Symlinking: /home/ssfa/ros2_ws/install/t3_action_msg/local/lib/python3.10/dist-packages/t3_action_msg-0.0.0-py3.10.egg-info/dependency_links.txt
[9.742s] -- Symlinking: /home/ssfa/ros2_ws/install/t3_action_msg/local/lib/python3.10/dist-packages/t3_action_msg-0.0.0-py3.10.egg-info/top_level.txt
[9.753s] -- Symlinking: /home/ssfa/ros2_ws/install/t3_action_msg/local/lib/python3.10/dist-packages/t3_action_msg/__init__.py
[9.762s] -- Symlinking: /home/ssfa/ros2_ws/install/t3_action_msg/local/lib/python3.10/dist-packages/t3_action_msg/_t3_action_msg_s.ep.rosidl_typesupport_c.c
[9.773s] -- Symlinking: /home/ssfa/ros2_ws/install/t3_action_msg/local/lib/python3.10/dist-packages/t3_action_msg/_t3_action_msg_s.ep.rosidl_typesupport_fastrtps_c.c
[9.783s] -- Symlinking: /home/ssfa/ros2_ws/install/t3_action_msg/local/lib/python3.10/dist-packages/t3_action_msg/_t3_action_msg_s.ep.rosidl_typesupport_introspection_c.c
[9.792s] -- Symlinking: /home/ssfa/ros2_ws/install/t3_action_msg/local/lib/python3.10/dist-packages/t3_action_msg/action/__init__.py
[9.801s] -- Symlinking: /home/ssfa/ros2_ws/install/t3_action_msg/local/lib/python3.10/dist-packages/t3_action_msg/action/_move.py
[9.813s] -- Symlinking: /home/ssfa/ros2_ws/install/t3_action_msg/local/lib/python3.10/dist-packages/t3_action_msg/action/_move_s.c
[9.822s] -- Symlinking: /home/ssfa/ros2_ws/install/t3_action_msg/local/lib/python3.10/dist-packages/t3_action_msg/libt3_action_msg__rosidl_generator_py.so
[9.832s] -- Symlinking: /home/ssfa/ros2_ws/install/t3_action_msg/local/lib/python3.10/dist-packages/t3_action_msg/t3_action_msg_s__rosidl_typesupport_c.cpython-310-x86_64-linux-gnu.so
[9.841s] -- Symlinking: /home/ssfa/ros2_ws/install/t3_action_msg/local/lib/python3.10/dist-packages/t3_action_msg/t3_action_msg_s__rosidl_typesupport_fastrtps_c.cpython-310-x86_64-linux-gnu.so
[9.851s] -- Symlinking: /home/ssfa/ros2_ws/install/t3_action_msg/local/lib/python3.10/dist-packages/t3_action_msg/t3_action_msg_s__rosidl_typesupport_introspection_c.cpython-310-x86_64-linux-gnu.so
[9.862s] -- Up-to-date symlink: /home/ssfa/ros2_ws/install/t3_action_msg/local/lib/python3.10/dist-packages/t3_action_msg/t3_action_msg_s__rosidl_typesupport_fastrtps_c.cpython-310-x86_64-linux-gnu.so
[9.862s] -- Up-to-date symlink: /home/ssfa/ros2_ws/install/t3_action_msg/local/lib/python3.10/dist-packages/t3_action_msg/t3_action_msg_s__rosidl_typesupport_introspection_c.cpython-310-x86_64-linux-gnu.so
[9.863s] -- Up-to-date symlink: /home/ssfa/ros2_ws/install/t3_action_msg/local/lib/python3.10/dist-packages/t3_action_msg/t3_action_msg_s__rosidl_typesupport_c.cpython-310-x86_64-linux-gnu.so
[9.863s] -- Symlinking: /home/ssfa/ros2_ws/install/t3_action_msg/share/t3_action_msg/action/Move.idl
[9.872s] -- Symlinking: /home/ssfa/ros2_ws/install/t3_action_msg/share/t3_action_msg/action/Move.action
[9.882s] -- Symlinking: /home/ssfa/ros2_ws/install/t3_action_msg/share/ament_index/resource_index/package_run_dependencies/t3_action_msg
[9.892s] -- Symlinking: /home/ssfa/ros2_ws/install/t3_action_msg/share/ament_index/resource_index/parent_prefix_path/t3_action_msg
[9.901s] -- Symlinking: /home/ssfa/ros2_ws/install/t3_action_msg/share/t3_action_msg/environment/ament_prefix_path.sh
[9.911s] -- Symlinking: /home/ssfa/ros2_ws/install/t3_action_msg/share/t3_action_msg/environment/ament_prefix_path.dsv
[9.921s] -- Symlinking: /home/ssfa/ros2_ws/install/t3_action_msg/share/t3_action_msg/environment/path.sh
[9.930s] -- Symlinking: /home/ssfa/ros2_ws/install/t3_action_msg/share/t3_action_msg/environment/path.dsv
[9.940s] -- Symlinking: /home/ssfa/ros2_ws/install/t3_action_msg/share/t3_action_msg/local_setup.bash
[9.950s] -- Symlinking: /home/ssfa/ros2_ws/install/t3_action_msg/share/t3_action_msg/local_setup.sh
[9.960s] -- Symlinking: /home/ssfa/ros2_ws/install/t3_action_msg/share/t3_action_msg/local_setup.zsh
[9.970s] -- Symlinking: /home/ssfa/ros2_ws/install/t3_action_msg/share/t3_action_msg/local_setup.dsv
[9.980s] -- Symlinking: /home/ssfa/ros2_ws/install/t3_action_msg/share/t3_action_msg/package.dsv
[9.990s] -- Symlinking: /home/ssfa/ros2_ws/install/t3_action_msg/share/ament_index/resource_index/packages/t3_action_msg
[10.001s] -- Symlinking: /home/ssfa/ros2_ws/install/t3_action_msg/share/t3_action_msg/cmake/rosidl_cmake-extras.cmake
[10.010s] -- Symlinking: /home/ssfa/ros2_ws/install/t3_action_msg/share/t3_action_msg/cmake/ament_cmake_export_dependencies-extras.cmake
[10.020s] -- Symlinking: /home/ssfa/ros2_ws/install/t3_action_msg/share/t3_action_msg/cmake/ament_cmake_export_include_directories-extras.cmake
[10.029s] -- Symlinking: /home/ssfa/ros2_ws/install/t3_action_msg/share/t3_action_msg/cmake/ament_cmake_export_libraries-extras.cmake
[10.039s] -- Symlinking: /home/ssfa/ros2_ws/install/t3_action_msg/share/t3_action_msg/cmake/ament_cmake_export_targets-extras.cmake
[10.049s] -- Symlinking: /home/ssfa/ros2_ws/install/t3_action_msg/share/t3_action_msg/cmake/rosidl_cmake_export_typesupport_targets-extras.cmake
[10.058s] -- Symlinking: /home/ssfa/ros2_ws/install/t3_action_msg/share/t3_action_msg/cmake/rosidl_cmake_export_typesupport_libraries-extras.cmake
[10.070s] -- Symlinking: /home/ssfa/ros2_ws/install/t3_action_msg/share/t3_action_msg/cmake/t3_action_msgConfig.cmake
[10.080s] -- Symlinking: /home/ssfa/ros2_ws/install/t3_action_msg/share/t3_action_msg/cmake/t3_action_msgConfig-version.cmake
[10.090s] -- Symlinking: /home/ssfa/ros2_ws/install/t3_action_msg/share/t3_action_msg/package.xml
[10.100s] -- Installing: /home/ssfa/ros2_ws/install/t3_action_msg/lib/libt3_action_msg__rosidl_generator_c.so
[10.100s] -- Set runtime path of "/home/ssfa/ros2_ws/install/t3_action_msg/lib/libt3_action_msg__rosidl_generator_c.so" to ""
[10.100s] -- Installing: /home/ssfa/ros2_ws/install/t3_action_msg/lib/libt3_action_msg__rosidl_typesupport_fastrtps_c.so
[10.101s] -- Set runtime path of "/home/ssfa/ros2_ws/install/t3_action_msg/lib/libt3_action_msg__rosidl_typesupport_fastrtps_c.so" to ""
[10.101s] -- Installing: /home/ssfa/ros2_ws/install/t3_action_msg/lib/libt3_action_msg__rosidl_typesupport_fastrtps_cpp.so
[10.101s] -- Set runtime path of "/home/ssfa/ros2_ws/install/t3_action_msg/lib/libt3_action_msg__rosidl_typesupport_fastrtps_cpp.so" to ""
[10.101s] -- Installing: /home/ssfa/ros2_ws/install/t3_action_msg/lib/libt3_action_msg__rosidl_typesupport_introspection_c.so
[10.102s] -- Set runtime path of "/home/ssfa/ros2_ws/install/t3_action_msg/lib/libt3_action_msg__rosidl_typesupport_introspection_c.so" to ""
[10.102s] -- Installing: /home/ssfa/ros2_ws/install/t3_action_msg/lib/libt3_action_msg__rosidl_typesupport_c.so
[10.102s] -- Set runtime path of "/home/ssfa/ros2_ws/install/t3_action_msg/lib/libt3_action_msg__rosidl_typesupport_c.so" to ""
[10.102s] -- Installing: /home/ssfa/ros2_ws/install/t3_action_msg/lib/libt3_action_msg__rosidl_typesupport_introspection_cpp.so
[10.102s] -- Set runtime path of "/home/ssfa/ros2_ws/install/t3_action_msg/lib/libt3_action_msg__rosidl_typesupport_introspection_cpp.so" to ""
[10.102s] -- Installing: /home/ssfa/ros2_ws/install/t3_action_msg/lib/libt3_action_msg__rosidl_typesupport_cpp.so
[10.102s] -- Set runtime path of "/home/ssfa/ros2_ws/install/t3_action_msg/lib/libt3_action_msg__rosidl_typesupport_cpp.so" to ""
[10.148s] Listing '/home/ssfa/ros2_ws/install/t3_action_msg/local/lib/python3.10/dist-packages/t3_action_msg'...
[10.148s] Compiling '/home/ssfa/ros2_ws/install/t3_action_msg/local/lib/python3.10/dist-packages/t3_action_msg/__init__.py'...
[10.148s] Listing '/home/ssfa/ros2_ws/install/t3_action_msg/local/lib/python3.10/dist-packages/t3_action_msg/action'...
[10.149s] Compiling '/home/ssfa/ros2_ws/install/t3_action_msg/local/lib/python3.10/dist-packages/t3_action_msg/action/__init__.py'...
[10.149s] Compiling '/home/ssfa/ros2_ws/install/t3_action_msg/local/lib/python3.10/dist-packages/t3_action_msg/action/_move.py'...
[10.154s] -- Installing: /home/ssfa/ros2_ws/install/t3_action_msg/lib/libt3_action_msg__rosidl_generator_py.so
[10.154s] -- Set runtime path of "/home/ssfa/ros2_ws/install/t3_action_msg/lib/libt3_action_msg__rosidl_generator_py.so" to ""
[10.155s] -- Installing: /home/ssfa/ros2_ws/install/t3_action_msg/share/t3_action_msg/cmake/export_t3_action_msg__rosidl_generator_cExport.cmake
[10.155s] -- Installing: /home/ssfa/ros2_ws/install/t3_action_msg/share/t3_action_msg/cmake/export_t3_action_msg__rosidl_generator_cExport-noconfig.cmake
[10.155s] -- Installing: /home/ssfa/ros2_ws/install/t3_action_msg/share/t3_action_msg/cmake/export_t3_action_msg__rosidl_typesupport_fastrtps_cExport.cmake
[10.155s] -- Installing: /home/ssfa/ros2_ws/install/t3_action_msg/share/t3_action_msg/cmake/export_t3_action_msg__rosidl_typesupport_fastrtps_cExport-noconfig.cmake
[10.156s] -- Installing: /home/ssfa/ros2_ws/install/t3_action_msg/share/t3_action_msg/cmake/export_t3_action_msg__rosidl_generator_cppExport.cmake
[10.156s] -- Installing: /home/ssfa/ros2_ws/install/t3_action_msg/share/t3_action_msg/cmake/export_t3_action_msg__rosidl_typesupport_fastrtps_cppExport.cmake
[10.156s] -- Installing: /home/ssfa/ros2_ws/install/t3_action_msg/share/t3_action_msg/cmake/export_t3_action_msg__rosidl_typesupport_fastrtps_cppExport-noconfig.cmake
[10.156s] -- Installing: /home/ssfa/ros2_ws/install/t3_action_msg/share/t3_action_msg/cmake/t3_action_msg__rosidl_typesupport_introspection_cExport.cmake
[10.157s] -- Installing: /home/ssfa/ros2_ws/install/t3_action_msg/share/t3_action_msg/cmake/t3_action_msg__rosidl_typesupport_introspection_cExport-noconfig.cmake
[10.157s] -- Installing: /home/ssfa/ros2_ws/install/t3_action_msg/share/t3_action_msg/cmake/t3_action_msg__rosidl_typesupport_cExport.cmake
[10.157s] -- Installing: /home/ssfa/ros2_ws/install/t3_action_msg/share/t3_action_msg/cmake/t3_action_msg__rosidl_typesupport_cExport-noconfig.cmake
[10.157s] -- Installing: /home/ssfa/ros2_ws/install/t3_action_msg/share/t3_action_msg/cmake/t3_action_msg__rosidl_typesupport_introspection_cppExport.cmake
[10.157s] -- Installing: /home/ssfa/ros2_ws/install/t3_action_msg/share/t3_action_msg/cmake/t3_action_msg__rosidl_typesupport_introspection_cppExport-noconfig.cmake
[10.158s] -- Installing: /home/ssfa/ros2_ws/install/t3_action_msg/share/t3_action_msg/cmake/t3_action_msg__rosidl_typesupport_cppExport.cmake
[10.158s] -- Installing: /home/ssfa/ros2_ws/install/t3_action_msg/share/t3_action_msg/cmake/t3_action_msg__rosidl_typesupport_cppExport-noconfig.cmake
[10.158s] -- Installing: /home/ssfa/ros2_ws/install/t3_action_msg/share/t3_action_msg/cmake/export_t3_action_msg__rosidl_generator_pyExport.cmake
[10.158s] -- Installing: /home/ssfa/ros2_ws/install/t3_action_msg/share/t3_action_msg/cmake/export_t3_action_msg__rosidl_generator_pyExport-noconfig.cmake
[10.161s] Invoked command in '/home/ssfa/ros2_ws/build/t3_action_msg' returned '0': CMAKE_PREFIX_PATH=/opt/ros/humble /usr/bin/cmake --install /home/ssfa/ros2_ws/build/t3_action_msg
