[0.040s] Invoking command in '/home/ssfa/ros2_ws/build/t3_action_msg': CMAKE_PREFIX_PATH=${CMAKE_PREFIX_PATH}:/home/ssfa/ros2_ws/install/yolov8_ros:/home/ssfa/ros2_ws/install/turtlebot3_teleop:/home/ssfa/ros2_ws/install/turtlebot3_example:/home/ssfa/ros2_ws/install/topic_exercise:/home/ssfa/ros2_ws/install/subscriber_pkg:/home/ssfa/ros2_ws/install/services_pkg:/home/ssfa/ros2_ws/install/publisher_pkg:/home/ssfa/ros2_ws/install/my_package:/home/ssfa/ros2_ws/install/movement_pkg:/home/ssfa/ros2_ws/install/exercise_pkg:/home/ssfa/ros2_ws/install/cv_basics:/home/ssfa/ros2_ws/install/custom_interface_example:/home/ssfa/ros2_ws/install/client_pkg:/opt/ros/humble /usr/bin/cmake --build /home/ssfa/ros2_ws/build/t3_action_msg -- -j12 -l12
[1.014s] [  6%] Built target t3_action_msg__cpp
[1.015s] [ 12%] Built target t3_action_msg__rosidl_generator_c
[1.015s] [ 12%] Built target ament_cmake_python_symlink_t3_action_msg
[1.015s] [ 22%] Built target t3_action_msg__rosidl_typesupport_introspection_c
[1.015s] [ 32%] Built target t3_action_msg__rosidl_typesupport_cpp
[1.016s] [ 41%] Built target t3_action_msg__rosidl_typesupport_c
[1.016s] [ 51%] Built target t3_action_msg__rosidl_typesupport_fastrtps_cpp
[1.016s] [ 61%] Built target t3_action_msg__rosidl_typesupport_fastrtps_c
[1.016s] [ 70%] Built target t3_action_msg__rosidl_typesupport_introspection_cpp
[1.016s] [ 70%] Built target t3_action_msg
[1.016s] [ 74%] Built target t3_action_msg__py
[1.016s] [ 80%] Built target t3_action_msg__rosidl_generator_py
[1.016s] [ 87%] Built target t3_action_msg__rosidl_typesupport_fastrtps_c__pyext
[1.016s] [ 93%] Built target t3_action_msg__rosidl_typesupport_c__pyext
[1.016s] [100%] Built target t3_action_msg__rosidl_typesupport_introspection_c__pyext
[1.016s] running egg_info
[1.016s] writing t3_action_msg.egg-info/PKG-INFO
[1.016s] writing dependency_links to t3_action_msg.egg-info/dependency_links.txt
[1.016s] writing top-level names to t3_action_msg.egg-info/top_level.txt
[1.017s] reading manifest file 't3_action_msg.egg-info/SOURCES.txt'
[1.017s] writing manifest file 't3_action_msg.egg-info/SOURCES.txt'
[1.017s] [100%] Built target ament_cmake_python_build_t3_action_msg_egg
[1.023s] Invoked command in '/home/ssfa/ros2_ws/build/t3_action_msg' returned '0': CMAKE_PREFIX_PATH=${CMAKE_PREFIX_PATH}:/home/ssfa/ros2_ws/install/yolov8_ros:/home/ssfa/ros2_ws/install/turtlebot3_teleop:/home/ssfa/ros2_ws/install/turtlebot3_example:/home/ssfa/ros2_ws/install/topic_exercise:/home/ssfa/ros2_ws/install/subscriber_pkg:/home/ssfa/ros2_ws/install/services_pkg:/home/ssfa/ros2_ws/install/publisher_pkg:/home/ssfa/ros2_ws/install/my_package:/home/ssfa/ros2_ws/install/movement_pkg:/home/ssfa/ros2_ws/install/exercise_pkg:/home/ssfa/ros2_ws/install/cv_basics:/home/ssfa/ros2_ws/install/custom_interface_example:/home/ssfa/ros2_ws/install/client_pkg:/opt/ros/humble /usr/bin/cmake --build /home/ssfa/ros2_ws/build/t3_action_msg -- -j12 -l12
[1.105s] Invoking command in '/home/ssfa/ros2_ws/build/t3_action_msg': CMAKE_PREFIX_PATH=${CMAKE_PREFIX_PATH}:/home/ssfa/ros2_ws/install/yolov8_ros:/home/ssfa/ros2_ws/install/turtlebot3_teleop:/home/ssfa/ros2_ws/install/turtlebot3_example:/home/ssfa/ros2_ws/install/topic_exercise:/home/ssfa/ros2_ws/install/subscriber_pkg:/home/ssfa/ros2_ws/install/services_pkg:/home/ssfa/ros2_ws/install/publisher_pkg:/home/ssfa/ros2_ws/install/my_package:/home/ssfa/ros2_ws/install/movement_pkg:/home/ssfa/ros2_ws/install/exercise_pkg:/home/ssfa/ros2_ws/install/cv_basics:/home/ssfa/ros2_ws/install/custom_interface_example:/home/ssfa/ros2_ws/install/client_pkg:/opt/ros/humble /usr/bin/cmake --install /home/ssfa/ros2_ws/build/t3_action_msg
[1.117s] -- Install configuration: ""
[1.117s] -- Execute custom install script
[1.117s] -- Up-to-date symlink: /home/ssfa/ros2_ws/install/t3_action_msg/share/ament_index/resource_index/rosidl_interfaces/t3_action_msg
[1.117s] -- Up-to-date symlink: /home/ssfa/ros2_ws/install/t3_action_msg/include/t3_action_msg/t3_action_msg/action/detail/move__functions.h
[1.117s] -- Up-to-date symlink: /home/ssfa/ros2_ws/install/t3_action_msg/include/t3_action_msg/t3_action_msg/action/detail/move__struct.h
[1.117s] -- Up-to-date symlink: /home/ssfa/ros2_ws/install/t3_action_msg/include/t3_action_msg/t3_action_msg/action/detail/move__type_support.h
[1.117s] -- Up-to-date symlink: /home/ssfa/ros2_ws/install/t3_action_msg/include/t3_action_msg/t3_action_msg/action/move.h
[1.117s] -- Up-to-date symlink: /home/ssfa/ros2_ws/install/t3_action_msg/include/t3_action_msg/t3_action_msg/msg/rosidl_generator_c__visibility_control.h
[1.117s] -- Up-to-date symlink: /home/ssfa/ros2_ws/install/t3_action_msg/share/t3_action_msg/environment/library_path.sh
[1.117s] -- Up-to-date symlink: /home/ssfa/ros2_ws/install/t3_action_msg/share/t3_action_msg/environment/library_path.dsv
[1.117s] -- Up-to-date symlink: /home/ssfa/ros2_ws/install/t3_action_msg/include/t3_action_msg/t3_action_msg/action/detail/move__rosidl_typesupport_fastrtps_c.h
[1.117s] -- Up-to-date symlink: /home/ssfa/ros2_ws/install/t3_action_msg/include/t3_action_msg/t3_action_msg/msg/rosidl_typesupport_fastrtps_c__visibility_control.h
[1.118s] -- Up-to-date symlink: /home/ssfa/ros2_ws/install/t3_action_msg/include/t3_action_msg/t3_action_msg/action/detail/move__builder.hpp
[1.118s] -- Up-to-date symlink: /home/ssfa/ros2_ws/install/t3_action_msg/include/t3_action_msg/t3_action_msg/action/detail/move__struct.hpp
[1.119s] -- Up-to-date symlink: /home/ssfa/ros2_ws/install/t3_action_msg/include/t3_action_msg/t3_action_msg/action/detail/move__traits.hpp
[1.119s] -- Up-to-date symlink: /home/ssfa/ros2_ws/install/t3_action_msg/include/t3_action_msg/t3_action_msg/action/move.hpp
[1.119s] -- Up-to-date symlink: /home/ssfa/ros2_ws/install/t3_action_msg/include/t3_action_msg/t3_action_msg/action/detail/move__rosidl_typesupport_fastrtps_cpp.hpp
[1.119s] -- Up-to-date symlink: /home/ssfa/ros2_ws/install/t3_action_msg/include/t3_action_msg/t3_action_msg/msg/rosidl_typesupport_fastrtps_cpp__visibility_control.h
[1.120s] -- Up-to-date symlink: /home/ssfa/ros2_ws/install/t3_action_msg/include/t3_action_msg/t3_action_msg/action/detail/move__rosidl_typesupport_introspection_c.h
[1.120s] -- Up-to-date symlink: /home/ssfa/ros2_ws/install/t3_action_msg/include/t3_action_msg/t3_action_msg/msg/rosidl_typesupport_introspection_c__visibility_control.h
[1.120s] -- Up-to-date symlink: /home/ssfa/ros2_ws/install/t3_action_msg/include/t3_action_msg/t3_action_msg/action/detail/move__rosidl_typesupport_introspection_cpp.hpp
[1.120s] -- Up-to-date symlink: /home/ssfa/ros2_ws/install/t3_action_msg/share/t3_action_msg/environment/pythonpath.sh
[1.120s] -- Up-to-date symlink: /home/ssfa/ros2_ws/install/t3_action_msg/share/t3_action_msg/environment/pythonpath.dsv
[1.123s] -- Up-to-date symlink: /home/ssfa/ros2_ws/install/t3_action_msg/local/lib/python3.10/dist-packages/t3_action_msg-0.0.0-py3.10.egg-info/PKG-INFO
[1.123s] -- Up-to-date symlink: /home/ssfa/ros2_ws/install/t3_action_msg/local/lib/python3.10/dist-packages/t3_action_msg-0.0.0-py3.10.egg-info/SOURCES.txt
[1.123s] -- Up-to-date symlink: /home/ssfa/ros2_ws/install/t3_action_msg/local/lib/python3.10/dist-packages/t3_action_msg-0.0.0-py3.10.egg-info/dependency_links.txt
[1.123s] -- Up-to-date symlink: /home/ssfa/ros2_ws/install/t3_action_msg/local/lib/python3.10/dist-packages/t3_action_msg-0.0.0-py3.10.egg-info/top_level.txt
[1.123s] -- Up-to-date symlink: /home/ssfa/ros2_ws/install/t3_action_msg/local/lib/python3.10/dist-packages/t3_action_msg/__init__.py
[1.124s] -- Up-to-date symlink: /home/ssfa/ros2_ws/install/t3_action_msg/local/lib/python3.10/dist-packages/t3_action_msg/_t3_action_msg_s.ep.rosidl_typesupport_c.c
[1.124s] -- Up-to-date symlink: /home/ssfa/ros2_ws/install/t3_action_msg/local/lib/python3.10/dist-packages/t3_action_msg/_t3_action_msg_s.ep.rosidl_typesupport_fastrtps_c.c
[1.124s] -- Up-to-date symlink: /home/ssfa/ros2_ws/install/t3_action_msg/local/lib/python3.10/dist-packages/t3_action_msg/_t3_action_msg_s.ep.rosidl_typesupport_introspection_c.c
[1.124s] -- Up-to-date symlink: /home/ssfa/ros2_ws/install/t3_action_msg/local/lib/python3.10/dist-packages/t3_action_msg/action/__init__.py
[1.125s] -- Up-to-date symlink: /home/ssfa/ros2_ws/install/t3_action_msg/local/lib/python3.10/dist-packages/t3_action_msg/action/_move.py
[1.125s] -- Up-to-date symlink: /home/ssfa/ros2_ws/install/t3_action_msg/local/lib/python3.10/dist-packages/t3_action_msg/action/_move_s.c
[1.125s] -- Up-to-date symlink: /home/ssfa/ros2_ws/install/t3_action_msg/local/lib/python3.10/dist-packages/t3_action_msg/libt3_action_msg__rosidl_generator_py.so
[1.125s] -- Up-to-date symlink: /home/ssfa/ros2_ws/install/t3_action_msg/local/lib/python3.10/dist-packages/t3_action_msg/t3_action_msg_s__rosidl_typesupport_c.cpython-310-x86_64-linux-gnu.so
[1.125s] -- Up-to-date symlink: /home/ssfa/ros2_ws/install/t3_action_msg/local/lib/python3.10/dist-packages/t3_action_msg/t3_action_msg_s__rosidl_typesupport_fastrtps_c.cpython-310-x86_64-linux-gnu.so
[1.125s] -- Up-to-date symlink: /home/ssfa/ros2_ws/install/t3_action_msg/local/lib/python3.10/dist-packages/t3_action_msg/t3_action_msg_s__rosidl_typesupport_introspection_c.cpython-310-x86_64-linux-gnu.so
[1.125s] -- Up-to-date symlink: /home/ssfa/ros2_ws/install/t3_action_msg/local/lib/python3.10/dist-packages/t3_action_msg/t3_action_msg_s__rosidl_typesupport_fastrtps_c.cpython-310-x86_64-linux-gnu.so
[1.125s] -- Up-to-date symlink: /home/ssfa/ros2_ws/install/t3_action_msg/local/lib/python3.10/dist-packages/t3_action_msg/t3_action_msg_s__rosidl_typesupport_introspection_c.cpython-310-x86_64-linux-gnu.so
[1.125s] -- Up-to-date symlink: /home/ssfa/ros2_ws/install/t3_action_msg/local/lib/python3.10/dist-packages/t3_action_msg/t3_action_msg_s__rosidl_typesupport_c.cpython-310-x86_64-linux-gnu.so
[1.126s] -- Up-to-date symlink: /home/ssfa/ros2_ws/install/t3_action_msg/share/t3_action_msg/action/Move.idl
[1.126s] -- Up-to-date symlink: /home/ssfa/ros2_ws/install/t3_action_msg/share/t3_action_msg/action/Move.action
[1.126s] -- Up-to-date symlink: /home/ssfa/ros2_ws/install/t3_action_msg/share/ament_index/resource_index/package_run_dependencies/t3_action_msg
[1.126s] -- Up-to-date symlink: /home/ssfa/ros2_ws/install/t3_action_msg/share/ament_index/resource_index/parent_prefix_path/t3_action_msg
[1.127s] -- Up-to-date symlink: /home/ssfa/ros2_ws/install/t3_action_msg/share/t3_action_msg/environment/ament_prefix_path.sh
[1.127s] -- Up-to-date symlink: /home/ssfa/ros2_ws/install/t3_action_msg/share/t3_action_msg/environment/ament_prefix_path.dsv
[1.127s] -- Up-to-date symlink: /home/ssfa/ros2_ws/install/t3_action_msg/share/t3_action_msg/environment/path.sh
[1.127s] -- Up-to-date symlink: /home/ssfa/ros2_ws/install/t3_action_msg/share/t3_action_msg/environment/path.dsv
[1.127s] -- Up-to-date symlink: /home/ssfa/ros2_ws/install/t3_action_msg/share/t3_action_msg/local_setup.bash
[1.127s] -- Up-to-date symlink: /home/ssfa/ros2_ws/install/t3_action_msg/share/t3_action_msg/local_setup.sh
[1.127s] -- Up-to-date symlink: /home/ssfa/ros2_ws/install/t3_action_msg/share/t3_action_msg/local_setup.zsh
[1.127s] -- Up-to-date symlink: /home/ssfa/ros2_ws/install/t3_action_msg/share/t3_action_msg/local_setup.dsv
[1.127s] -- Symlinking: /home/ssfa/ros2_ws/install/t3_action_msg/share/t3_action_msg/package.dsv
[1.139s] -- Up-to-date symlink: /home/ssfa/ros2_ws/install/t3_action_msg/share/ament_index/resource_index/packages/t3_action_msg
[1.140s] -- Up-to-date symlink: /home/ssfa/ros2_ws/install/t3_action_msg/share/t3_action_msg/cmake/rosidl_cmake-extras.cmake
[1.140s] -- Up-to-date symlink: /home/ssfa/ros2_ws/install/t3_action_msg/share/t3_action_msg/cmake/ament_cmake_export_dependencies-extras.cmake
[1.140s] -- Up-to-date symlink: /home/ssfa/ros2_ws/install/t3_action_msg/share/t3_action_msg/cmake/ament_cmake_export_include_directories-extras.cmake
[1.143s] -- Up-to-date symlink: /home/ssfa/ros2_ws/install/t3_action_msg/share/t3_action_msg/cmake/ament_cmake_export_libraries-extras.cmake
[1.146s] -- Up-to-date symlink: /home/ssfa/ros2_ws/install/t3_action_msg/share/t3_action_msg/cmake/ament_cmake_export_targets-extras.cmake
[1.146s] -- Up-to-date symlink: /home/ssfa/ros2_ws/install/t3_action_msg/share/t3_action_msg/cmake/rosidl_cmake_export_typesupport_targets-extras.cmake
[1.149s] -- Up-to-date symlink: /home/ssfa/ros2_ws/install/t3_action_msg/share/t3_action_msg/cmake/rosidl_cmake_export_typesupport_libraries-extras.cmake
[1.149s] -- Up-to-date symlink: /home/ssfa/ros2_ws/install/t3_action_msg/share/t3_action_msg/cmake/t3_action_msgConfig.cmake
[1.149s] -- Up-to-date symlink: /home/ssfa/ros2_ws/install/t3_action_msg/share/t3_action_msg/cmake/t3_action_msgConfig-version.cmake
[1.149s] -- Up-to-date symlink: /home/ssfa/ros2_ws/install/t3_action_msg/share/t3_action_msg/package.xml
[1.149s] -- Up-to-date: /home/ssfa/ros2_ws/install/t3_action_msg/lib/libt3_action_msg__rosidl_generator_c.so
[1.149s] -- Up-to-date: /home/ssfa/ros2_ws/install/t3_action_msg/lib/libt3_action_msg__rosidl_typesupport_fastrtps_c.so
[1.149s] -- Up-to-date: /home/ssfa/ros2_ws/install/t3_action_msg/lib/libt3_action_msg__rosidl_typesupport_fastrtps_cpp.so
[1.149s] -- Up-to-date: /home/ssfa/ros2_ws/install/t3_action_msg/lib/libt3_action_msg__rosidl_typesupport_introspection_c.so
[1.149s] -- Up-to-date: /home/ssfa/ros2_ws/install/t3_action_msg/lib/libt3_action_msg__rosidl_typesupport_c.so
[1.150s] -- Up-to-date: /home/ssfa/ros2_ws/install/t3_action_msg/lib/libt3_action_msg__rosidl_typesupport_introspection_cpp.so
[1.150s] -- Up-to-date: /home/ssfa/ros2_ws/install/t3_action_msg/lib/libt3_action_msg__rosidl_typesupport_cpp.so
[1.191s] Listing '/home/ssfa/ros2_ws/install/t3_action_msg/local/lib/python3.10/dist-packages/t3_action_msg'...
[1.191s] Compiling '/home/ssfa/ros2_ws/install/t3_action_msg/local/lib/python3.10/dist-packages/t3_action_msg/__init__.py'...
[1.191s] Listing '/home/ssfa/ros2_ws/install/t3_action_msg/local/lib/python3.10/dist-packages/t3_action_msg/action'...
[1.196s] -- Up-to-date: /home/ssfa/ros2_ws/install/t3_action_msg/lib/libt3_action_msg__rosidl_generator_py.so
[1.196s] -- Up-to-date: /home/ssfa/ros2_ws/install/t3_action_msg/share/t3_action_msg/cmake/export_t3_action_msg__rosidl_generator_cExport.cmake
[1.196s] -- Up-to-date: /home/ssfa/ros2_ws/install/t3_action_msg/share/t3_action_msg/cmake/export_t3_action_msg__rosidl_generator_cExport-noconfig.cmake
[1.196s] -- Up-to-date: /home/ssfa/ros2_ws/install/t3_action_msg/share/t3_action_msg/cmake/export_t3_action_msg__rosidl_typesupport_fastrtps_cExport.cmake
[1.196s] -- Up-to-date: /home/ssfa/ros2_ws/install/t3_action_msg/share/t3_action_msg/cmake/export_t3_action_msg__rosidl_typesupport_fastrtps_cExport-noconfig.cmake
[1.197s] -- Up-to-date: /home/ssfa/ros2_ws/install/t3_action_msg/share/t3_action_msg/cmake/export_t3_action_msg__rosidl_generator_cppExport.cmake
[1.197s] -- Up-to-date: /home/ssfa/ros2_ws/install/t3_action_msg/share/t3_action_msg/cmake/export_t3_action_msg__rosidl_typesupport_fastrtps_cppExport.cmake
[1.197s] -- Up-to-date: /home/ssfa/ros2_ws/install/t3_action_msg/share/t3_action_msg/cmake/export_t3_action_msg__rosidl_typesupport_fastrtps_cppExport-noconfig.cmake
[1.197s] -- Up-to-date: /home/ssfa/ros2_ws/install/t3_action_msg/share/t3_action_msg/cmake/t3_action_msg__rosidl_typesupport_introspection_cExport.cmake
[1.197s] -- Up-to-date: /home/ssfa/ros2_ws/install/t3_action_msg/share/t3_action_msg/cmake/t3_action_msg__rosidl_typesupport_introspection_cExport-noconfig.cmake
[1.197s] -- Up-to-date: /home/ssfa/ros2_ws/install/t3_action_msg/share/t3_action_msg/cmake/t3_action_msg__rosidl_typesupport_cExport.cmake
[1.197s] -- Up-to-date: /home/ssfa/ros2_ws/install/t3_action_msg/share/t3_action_msg/cmake/t3_action_msg__rosidl_typesupport_cExport-noconfig.cmake
[1.197s] -- Up-to-date: /home/ssfa/ros2_ws/install/t3_action_msg/share/t3_action_msg/cmake/t3_action_msg__rosidl_typesupport_introspection_cppExport.cmake
[1.198s] -- Up-to-date: /home/ssfa/ros2_ws/install/t3_action_msg/share/t3_action_msg/cmake/t3_action_msg__rosidl_typesupport_introspection_cppExport-noconfig.cmake
[1.198s] -- Up-to-date: /home/ssfa/ros2_ws/install/t3_action_msg/share/t3_action_msg/cmake/t3_action_msg__rosidl_typesupport_cppExport.cmake
[1.198s] -- Up-to-date: /home/ssfa/ros2_ws/install/t3_action_msg/share/t3_action_msg/cmake/t3_action_msg__rosidl_typesupport_cppExport-noconfig.cmake
[1.200s] -- Up-to-date: /home/ssfa/ros2_ws/install/t3_action_msg/share/t3_action_msg/cmake/export_t3_action_msg__rosidl_generator_pyExport.cmake
[1.200s] -- Up-to-date: /home/ssfa/ros2_ws/install/t3_action_msg/share/t3_action_msg/cmake/export_t3_action_msg__rosidl_generator_pyExport-noconfig.cmake
[1.427s] Invoked command in '/home/ssfa/ros2_ws/build/t3_action_msg' returned '0': CMAKE_PREFIX_PATH=${CMAKE_PREFIX_PATH}:/home/ssfa/ros2_ws/install/yolov8_ros:/home/ssfa/ros2_ws/install/turtlebot3_teleop:/home/ssfa/ros2_ws/install/turtlebot3_example:/home/ssfa/ros2_ws/install/topic_exercise:/home/ssfa/ros2_ws/install/subscriber_pkg:/home/ssfa/ros2_ws/install/services_pkg:/home/ssfa/ros2_ws/install/publisher_pkg:/home/ssfa/ros2_ws/install/my_package:/home/ssfa/ros2_ws/install/movement_pkg:/home/ssfa/ros2_ws/install/exercise_pkg:/home/ssfa/ros2_ws/install/cv_basics:/home/ssfa/ros2_ws/install/custom_interface_example:/home/ssfa/ros2_ws/install/client_pkg:/opt/ros/humble /usr/bin/cmake --install /home/ssfa/ros2_ws/build/t3_action_msg
