[0.502s] Invoking command in '/home/ssfa/ros2_ws/build/turtlebot3_gazebo': CMAKE_PREFIX_PATH=/home/ssfa/ros2_ws/install/turtlebot3_description:/home/ssfa/ros2_ws/install/turtlebot3:/home/ssfa/ros2_ws/install/turtlebot3_simulations:/home/ssfa/ros2_ws/install/turtlebot3_navigation2:/home/ssfa/ros2_ws/install/turtlebot3_msgs:/home/ssfa/ros2_ws/install/turtlebot3_gazebo:/home/ssfa/ros2_ws/install/turtlebot3_bringup:/home/ssfa/ros2_ws/install/turtlebot3_cartographer:/home/ssfa/ros2_ws/install/turtlebot3_as:/home/ssfa/ros2_ws/install/t3_action_msg:/home/ssfa/ros2_ws/install/dynamixel_sdk:/home/ssfa/ros2_ws/install/custom_interfaces:/home/ssfa/ros2_ws/install/visionsensor:/home/ssfa/ros2_ws/install/turtlebot3_teleop:/home/ssfa/ros2_ws/install/turtlebot3_example:/home/ssfa/ros2_ws/install/topic_exercise:/home/ssfa/ros2_ws/install/subscriber_pkg:/home/ssfa/ros2_ws/install/services_pkg:/home/ssfa/ros2_ws/install/publisher_pkg:/home/ssfa/ros2_ws/install/opencv_tools:/home/ssfa/ros2_ws/install/my_package:/home/ssfa/ros2_ws/install/movement_pkg:/home/ssfa/ros2_ws/install/exercise_pkg:/home/ssfa/ros2_ws/install/custom_interface_example:/home/ssfa/ros2_ws/install/client_pkg:/opt/ros/humble /usr/bin/cmake --build /home/ssfa/ros2_ws/build/turtlebot3_gazebo -- -j12 -l12
[1.209s] Invoked command in '/home/ssfa/ros2_ws/build/turtlebot3_gazebo' returned '0': CMAKE_PREFIX_PATH=/home/ssfa/ros2_ws/install/turtlebot3_description:/home/ssfa/ros2_ws/install/turtlebot3:/home/ssfa/ros2_ws/install/turtlebot3_simulations:/home/ssfa/ros2_ws/install/turtlebot3_navigation2:/home/ssfa/ros2_ws/install/turtlebot3_msgs:/home/ssfa/ros2_ws/install/turtlebot3_gazebo:/home/ssfa/ros2_ws/install/turtlebot3_bringup:/home/ssfa/ros2_ws/install/turtlebot3_cartographer:/home/ssfa/ros2_ws/install/turtlebot3_as:/home/ssfa/ros2_ws/install/t3_action_msg:/home/ssfa/ros2_ws/install/dynamixel_sdk:/home/ssfa/ros2_ws/install/custom_interfaces:/home/ssfa/ros2_ws/install/visionsensor:/home/ssfa/ros2_ws/install/turtlebot3_teleop:/home/ssfa/ros2_ws/install/turtlebot3_example:/home/ssfa/ros2_ws/install/topic_exercise:/home/ssfa/ros2_ws/install/subscriber_pkg:/home/ssfa/ros2_ws/install/services_pkg:/home/ssfa/ros2_ws/install/publisher_pkg:/home/ssfa/ros2_ws/install/opencv_tools:/home/ssfa/ros2_ws/install/my_package:/home/ssfa/ros2_ws/install/movement_pkg:/home/ssfa/ros2_ws/install/exercise_pkg:/home/ssfa/ros2_ws/install/custom_interface_example:/home/ssfa/ros2_ws/install/client_pkg:/opt/ros/humble /usr/bin/cmake --build /home/ssfa/ros2_ws/build/turtlebot3_gazebo -- -j12 -l12
[1.330s] Invoking command in '/home/ssfa/ros2_ws/build/turtlebot3_gazebo': CMAKE_PREFIX_PATH=/home/ssfa/ros2_ws/install/turtlebot3_description:/home/ssfa/ros2_ws/install/turtlebot3:/home/ssfa/ros2_ws/install/turtlebot3_simulations:/home/ssfa/ros2_ws/install/turtlebot3_navigation2:/home/ssfa/ros2_ws/install/turtlebot3_msgs:/home/ssfa/ros2_ws/install/turtlebot3_gazebo:/home/ssfa/ros2_ws/install/turtlebot3_bringup:/home/ssfa/ros2_ws/install/turtlebot3_cartographer:/home/ssfa/ros2_ws/install/turtlebot3_as:/home/ssfa/ros2_ws/install/t3_action_msg:/home/ssfa/ros2_ws/install/dynamixel_sdk:/home/ssfa/ros2_ws/install/custom_interfaces:/home/ssfa/ros2_ws/install/visionsensor:/home/ssfa/ros2_ws/install/turtlebot3_teleop:/home/ssfa/ros2_ws/install/turtlebot3_example:/home/ssfa/ros2_ws/install/topic_exercise:/home/ssfa/ros2_ws/install/subscriber_pkg:/home/ssfa/ros2_ws/install/services_pkg:/home/ssfa/ros2_ws/install/publisher_pkg:/home/ssfa/ros2_ws/install/opencv_tools:/home/ssfa/ros2_ws/install/my_package:/home/ssfa/ros2_ws/install/movement_pkg:/home/ssfa/ros2_ws/install/exercise_pkg:/home/ssfa/ros2_ws/install/custom_interface_example:/home/ssfa/ros2_ws/install/client_pkg:/opt/ros/humble /usr/bin/cmake --install /home/ssfa/ros2_ws/build/turtlebot3_gazebo
[1.360s] -- Install configuration: ""
[1.360s] -- Execute custom install script
[1.361s] -- Up-to-date symlink: /home/ssfa/ros2_ws/install/turtlebot3_gazebo/share/turtlebot3_gazebo//models/turtlebot3_autorace/course/materials/scripts/course.material
[1.361s] -- Up-to-date symlink: /home/ssfa/ros2_ws/install/turtlebot3_gazebo/share/turtlebot3_gazebo//models/turtlebot3_autorace/course/materials/textures/course.png
[1.361s] -- Up-to-date symlink: /home/ssfa/ros2_ws/install/turtlebot3_gazebo/share/turtlebot3_gazebo//models/turtlebot3_autorace/course/model.config
[1.361s] -- Up-to-date symlink: /home/ssfa/ros2_ws/install/turtlebot3_gazebo/share/turtlebot3_gazebo//models/turtlebot3_autorace/course/model.sdf
[1.362s] -- Up-to-date symlink: /home/ssfa/ros2_ws/install/turtlebot3_gazebo/share/turtlebot3_gazebo//models/turtlebot3_autorace/ground/model.config
[1.362s] -- Up-to-date symlink: /home/ssfa/ros2_ws/install/turtlebot3_gazebo/share/turtlebot3_gazebo//models/turtlebot3_autorace/ground/model.sdf
[1.362s] -- Up-to-date symlink: /home/ssfa/ros2_ws/install/turtlebot3_gazebo/share/turtlebot3_gazebo//models/turtlebot3_autorace/lights/model.config
[1.362s] -- Up-to-date symlink: /home/ssfa/ros2_ws/install/turtlebot3_gazebo/share/turtlebot3_gazebo//models/turtlebot3_autorace/lights/model.sdf
[1.363s] -- Up-to-date symlink: /home/ssfa/ros2_ws/install/turtlebot3_gazebo/share/turtlebot3_gazebo//models/turtlebot3_autorace/model.config
[1.363s] -- Up-to-date symlink: /home/ssfa/ros2_ws/install/turtlebot3_gazebo/share/turtlebot3_gazebo//models/turtlebot3_autorace/traffic_bar_down/materials/scripts/traffic_bar.material
[1.363s] -- Up-to-date symlink: /home/ssfa/ros2_ws/install/turtlebot3_gazebo/share/turtlebot3_gazebo//models/turtlebot3_autorace/traffic_bar_down/materials/textures/traffic_bar.png
[1.364s] -- Up-to-date symlink: /home/ssfa/ros2_ws/install/turtlebot3_gazebo/share/turtlebot3_gazebo//models/turtlebot3_autorace/traffic_bar_down/model.config
[1.364s] -- Up-to-date symlink: /home/ssfa/ros2_ws/install/turtlebot3_gazebo/share/turtlebot3_gazebo//models/turtlebot3_autorace/traffic_bar_down/model.sdf
[1.364s] -- Up-to-date symlink: /home/ssfa/ros2_ws/install/turtlebot3_gazebo/share/turtlebot3_gazebo//models/turtlebot3_autorace/traffic_bar_up/materials/scripts/traffic_bar.material
[1.364s] -- Up-to-date symlink: /home/ssfa/ros2_ws/install/turtlebot3_gazebo/share/turtlebot3_gazebo//models/turtlebot3_autorace/traffic_bar_up/materials/textures/traffic_bar.png
[1.364s] -- Up-to-date symlink: /home/ssfa/ros2_ws/install/turtlebot3_gazebo/share/turtlebot3_gazebo//models/turtlebot3_autorace/traffic_bar_up/model.config
[1.364s] -- Up-to-date symlink: /home/ssfa/ros2_ws/install/turtlebot3_gazebo/share/turtlebot3_gazebo//models/turtlebot3_autorace/traffic_bar_up/model.sdf
[1.365s] -- Up-to-date symlink: /home/ssfa/ros2_ws/install/turtlebot3_gazebo/share/turtlebot3_gazebo//models/turtlebot3_autorace/traffic_light_green/model.config
[1.365s] -- Up-to-date symlink: /home/ssfa/ros2_ws/install/turtlebot3_gazebo/share/turtlebot3_gazebo//models/turtlebot3_autorace/traffic_light_green/model.sdf
[1.365s] -- Up-to-date symlink: /home/ssfa/ros2_ws/install/turtlebot3_gazebo/share/turtlebot3_gazebo//models/turtlebot3_autorace/traffic_light_red/model.config
[1.365s] -- Up-to-date symlink: /home/ssfa/ros2_ws/install/turtlebot3_gazebo/share/turtlebot3_gazebo//models/turtlebot3_autorace/traffic_light_red/model.sdf
[1.365s] -- Up-to-date symlink: /home/ssfa/ros2_ws/install/turtlebot3_gazebo/share/turtlebot3_gazebo//models/turtlebot3_autorace/traffic_light_yellow/model.config
[1.365s] -- Up-to-date symlink: /home/ssfa/ros2_ws/install/turtlebot3_gazebo/share/turtlebot3_gazebo//models/turtlebot3_autorace/traffic_light_yellow/model.sdf
[1.365s] -- Up-to-date symlink: /home/ssfa/ros2_ws/install/turtlebot3_gazebo/share/turtlebot3_gazebo//models/turtlebot3_autorace/traffic_parking/materials/scripts/traffic_parking.material
[1.365s] -- Up-to-date symlink: /home/ssfa/ros2_ws/install/turtlebot3_gazebo/share/turtlebot3_gazebo//models/turtlebot3_autorace/traffic_parking/materials/textures/traffic_parking.png
[1.366s] -- Up-to-date symlink: /home/ssfa/ros2_ws/install/turtlebot3_gazebo/share/turtlebot3_gazebo//models/turtlebot3_autorace/traffic_parking/model.config
[1.366s] -- Up-to-date symlink: /home/ssfa/ros2_ws/install/turtlebot3_gazebo/share/turtlebot3_gazebo//models/turtlebot3_autorace/traffic_parking/model.sdf
[1.366s] -- Up-to-date symlink: /home/ssfa/ros2_ws/install/turtlebot3_gazebo/share/turtlebot3_gazebo//models/turtlebot3_autorace/traffic_stop/materials/scripts/traffic_stop.material
[1.366s] -- Up-to-date symlink: /home/ssfa/ros2_ws/install/turtlebot3_gazebo/share/turtlebot3_gazebo//models/turtlebot3_autorace/traffic_stop/materials/textures/traffic_stop.png
[1.367s] -- Up-to-date symlink: /home/ssfa/ros2_ws/install/turtlebot3_gazebo/share/turtlebot3_gazebo//models/turtlebot3_autorace/traffic_stop/model.config
[1.367s] -- Up-to-date symlink: /home/ssfa/ros2_ws/install/turtlebot3_gazebo/share/turtlebot3_gazebo//models/turtlebot3_autorace/traffic_stop/model.sdf
[1.367s] -- Up-to-date symlink: /home/ssfa/ros2_ws/install/turtlebot3_gazebo/share/turtlebot3_gazebo//models/turtlebot3_autorace/traffic_tunnel/materials/scripts/tunnel.material
[1.368s] -- Up-to-date symlink: /home/ssfa/ros2_ws/install/turtlebot3_gazebo/share/turtlebot3_gazebo//models/turtlebot3_autorace/traffic_tunnel/materials/textures/tunnel.png
[1.368s] -- Up-to-date symlink: /home/ssfa/ros2_ws/install/turtlebot3_gazebo/share/turtlebot3_gazebo//models/turtlebot3_autorace/traffic_tunnel/model.config
[1.368s] -- Up-to-date symlink: /home/ssfa/ros2_ws/install/turtlebot3_gazebo/share/turtlebot3_gazebo//models/turtlebot3_autorace/traffic_tunnel/model.sdf
[1.368s] -- Up-to-date symlink: /home/ssfa/ros2_ws/install/turtlebot3_gazebo/share/turtlebot3_gazebo//models/turtlebot3_autorace/tunnel_obstacles/model.config
[1.368s] -- Up-to-date symlink: /home/ssfa/ros2_ws/install/turtlebot3_gazebo/share/turtlebot3_gazebo//models/turtlebot3_autorace/tunnel_obstacles/model.sdf
[1.368s] -- Up-to-date symlink: /home/ssfa/ros2_ws/install/turtlebot3_gazebo/share/turtlebot3_gazebo//models/turtlebot3_autorace/tunnel_wall/model.config
[1.368s] -- Up-to-date symlink: /home/ssfa/ros2_ws/install/turtlebot3_gazebo/share/turtlebot3_gazebo//models/turtlebot3_autorace/tunnel_wall/model.sdf
[1.368s] -- Up-to-date symlink: /home/ssfa/ros2_ws/install/turtlebot3_gazebo/share/turtlebot3_gazebo//models/turtlebot3_burger/meshes/burger_base.stl
[1.368s] -- Up-to-date symlink: /home/ssfa/ros2_ws/install/turtlebot3_gazebo/share/turtlebot3_gazebo//models/turtlebot3_burger/meshes/lds.stl
[1.368s] -- Up-to-date symlink: /home/ssfa/ros2_ws/install/turtlebot3_gazebo/share/turtlebot3_gazebo//models/turtlebot3_burger/meshes/left_tire.stl
[1.369s] -- Up-to-date symlink: /home/ssfa/ros2_ws/install/turtlebot3_gazebo/share/turtlebot3_gazebo//models/turtlebot3_burger/meshes/right_tire.stl
[1.369s] -- Up-to-date symlink: /home/ssfa/ros2_ws/install/turtlebot3_gazebo/share/turtlebot3_gazebo//models/turtlebot3_burger/meshes_dae/burger_base.dae
[1.369s] -- Up-to-date symlink: /home/ssfa/ros2_ws/install/turtlebot3_gazebo/share/turtlebot3_gazebo//models/turtlebot3_burger/meshes_dae/lds.dae
[1.370s] -- Up-to-date symlink: /home/ssfa/ros2_ws/install/turtlebot3_gazebo/share/turtlebot3_gazebo//models/turtlebot3_burger/meshes_dae/left_tire.dae
[1.371s] -- Up-to-date symlink: /home/ssfa/ros2_ws/install/turtlebot3_gazebo/share/turtlebot3_gazebo//models/turtlebot3_burger/meshes_dae/right_tire.dae
[1.371s] -- Up-to-date symlink: /home/ssfa/ros2_ws/install/turtlebot3_gazebo/share/turtlebot3_gazebo//models/turtlebot3_burger/model-1_4.sdf
[1.371s] -- Up-to-date symlink: /home/ssfa/ros2_ws/install/turtlebot3_gazebo/share/turtlebot3_gazebo//models/turtlebot3_burger/model.config
[1.371s] -- Up-to-date symlink: /home/ssfa/ros2_ws/install/turtlebot3_gazebo/share/turtlebot3_gazebo//models/turtlebot3_burger/model.sdf
[1.371s] -- Up-to-date symlink: /home/ssfa/ros2_ws/install/turtlebot3_gazebo/share/turtlebot3_gazebo//models/turtlebot3_dqn_world/goal_box/model.config
[1.371s] -- Up-to-date symlink: /home/ssfa/ros2_ws/install/turtlebot3_gazebo/share/turtlebot3_gazebo//models/turtlebot3_dqn_world/goal_box/model.sdf
[1.371s] -- Up-to-date symlink: /home/ssfa/ros2_ws/install/turtlebot3_gazebo/share/turtlebot3_gazebo//models/turtlebot3_dqn_world/inner_walls/model.config
[1.372s] -- Up-to-date symlink: /home/ssfa/ros2_ws/install/turtlebot3_gazebo/share/turtlebot3_gazebo//models/turtlebot3_dqn_world/inner_walls/model.sdf
[1.372s] -- Up-to-date symlink: /home/ssfa/ros2_ws/install/turtlebot3_gazebo/share/turtlebot3_gazebo//models/turtlebot3_dqn_world/model.config
[1.373s] -- Up-to-date symlink: /home/ssfa/ros2_ws/install/turtlebot3_gazebo/share/turtlebot3_gazebo//models/turtlebot3_dqn_world/model.sdf
[1.373s] -- Up-to-date symlink: /home/ssfa/ros2_ws/install/turtlebot3_gazebo/share/turtlebot3_gazebo//models/turtlebot3_dqn_world/obstacle1/model.config
[1.373s] -- Up-to-date symlink: /home/ssfa/ros2_ws/install/turtlebot3_gazebo/share/turtlebot3_gazebo//models/turtlebot3_dqn_world/obstacle1/model.sdf
[1.373s] -- Up-to-date symlink: /home/ssfa/ros2_ws/install/turtlebot3_gazebo/share/turtlebot3_gazebo//models/turtlebot3_dqn_world/obstacle2/model.config
[1.373s] -- Up-to-date symlink: /home/ssfa/ros2_ws/install/turtlebot3_gazebo/share/turtlebot3_gazebo//models/turtlebot3_dqn_world/obstacle2/model.sdf
[1.373s] -- Up-to-date symlink: /home/ssfa/ros2_ws/install/turtlebot3_gazebo/share/turtlebot3_gazebo//models/turtlebot3_dqn_world/obstacle_plugin/CMakeLists.txt
[1.373s] -- Up-to-date symlink: /home/ssfa/ros2_ws/install/turtlebot3_gazebo/share/turtlebot3_gazebo//models/turtlebot3_dqn_world/obstacle_plugin/build/CMakeCache.txt
[1.374s] -- Up-to-date symlink: /home/ssfa/ros2_ws/install/turtlebot3_gazebo/share/turtlebot3_gazebo//models/turtlebot3_dqn_world/obstacle_plugin/build/CMakeFiles/3.10.2/CMakeCCompiler.cmake
[1.374s] -- Up-to-date symlink: /home/ssfa/ros2_ws/install/turtlebot3_gazebo/share/turtlebot3_gazebo//models/turtlebot3_dqn_world/obstacle_plugin/build/CMakeFiles/3.10.2/CMakeCXXCompiler.cmake
[1.374s] -- Up-to-date symlink: /home/ssfa/ros2_ws/install/turtlebot3_gazebo/share/turtlebot3_gazebo//models/turtlebot3_dqn_world/obstacle_plugin/build/CMakeFiles/3.10.2/CMakeDetermineCompilerABI_C.bin
[1.374s] -- Up-to-date symlink: /home/ssfa/ros2_ws/install/turtlebot3_gazebo/share/turtlebot3_gazebo//models/turtlebot3_dqn_world/obstacle_plugin/build/CMakeFiles/3.10.2/CMakeDetermineCompilerABI_CXX.bin
[1.374s] -- Up-to-date symlink: /home/ssfa/ros2_ws/install/turtlebot3_gazebo/share/turtlebot3_gazebo//models/turtlebot3_dqn_world/obstacle_plugin/build/CMakeFiles/3.10.2/CMakeSystem.cmake
[1.374s] -- Up-to-date symlink: /home/ssfa/ros2_ws/install/turtlebot3_gazebo/share/turtlebot3_gazebo//models/turtlebot3_dqn_world/obstacle_plugin/build/CMakeFiles/3.10.2/CompilerIdC/CMakeCCompilerId.c
[1.374s] -- Up-to-date symlink: /home/ssfa/ros2_ws/install/turtlebot3_gazebo/share/turtlebot3_gazebo//models/turtlebot3_dqn_world/obstacle_plugin/build/CMakeFiles/3.10.2/CompilerIdC/a.out
[1.374s] -- Up-to-date symlink: /home/ssfa/ros2_ws/install/turtlebot3_gazebo/share/turtlebot3_gazebo//models/turtlebot3_dqn_world/obstacle_plugin/build/CMakeFiles/3.10.2/CompilerIdCXX/CMakeCXXCompilerId.cpp
[1.375s] -- Up-to-date symlink: /home/ssfa/ros2_ws/install/turtlebot3_gazebo/share/turtlebot3_gazebo//models/turtlebot3_dqn_world/obstacle_plugin/build/CMakeFiles/3.10.2/CompilerIdCXX/a.out
[1.375s] -- Up-to-date symlink: /home/ssfa/ros2_ws/install/turtlebot3_gazebo/share/turtlebot3_gazebo//models/turtlebot3_dqn_world/obstacle_plugin/build/CMakeFiles/CMakeDirectoryInformation.cmake
[1.375s] -- Up-to-date symlink: /home/ssfa/ros2_ws/install/turtlebot3_gazebo/share/turtlebot3_gazebo//models/turtlebot3_dqn_world/obstacle_plugin/build/CMakeFiles/Makefile.cmake
[1.375s] -- Up-to-date symlink: /home/ssfa/ros2_ws/install/turtlebot3_gazebo/share/turtlebot3_gazebo//models/turtlebot3_dqn_world/obstacle_plugin/build/CMakeFiles/Makefile2
[1.375s] -- Up-to-date symlink: /home/ssfa/ros2_ws/install/turtlebot3_gazebo/share/turtlebot3_gazebo//models/turtlebot3_dqn_world/obstacle_plugin/build/CMakeFiles/TargetDirectories.txt
[1.375s] -- Up-to-date symlink: /home/ssfa/ros2_ws/install/turtlebot3_gazebo/share/turtlebot3_gazebo//models/turtlebot3_dqn_world/obstacle_plugin/build/CMakeFiles/cmake.check_cache
[1.375s] -- Up-to-date symlink: /home/ssfa/ros2_ws/install/turtlebot3_gazebo/share/turtlebot3_gazebo//models/turtlebot3_dqn_world/obstacle_plugin/build/CMakeFiles/feature_tests.bin
[1.376s] -- Up-to-date symlink: /home/ssfa/ros2_ws/install/turtlebot3_gazebo/share/turtlebot3_gazebo//models/turtlebot3_dqn_world/obstacle_plugin/build/CMakeFiles/feature_tests.c
[1.376s] -- Up-to-date symlink: /home/ssfa/ros2_ws/install/turtlebot3_gazebo/share/turtlebot3_gazebo//models/turtlebot3_dqn_world/obstacle_plugin/build/CMakeFiles/feature_tests.cxx
[1.376s] -- Up-to-date symlink: /home/ssfa/ros2_ws/install/turtlebot3_gazebo/share/turtlebot3_gazebo//models/turtlebot3_dqn_world/obstacle_plugin/build/CMakeFiles/obstacle1.dir/CXX.includecache
[1.377s] -- Up-to-date symlink: /home/ssfa/ros2_ws/install/turtlebot3_gazebo/share/turtlebot3_gazebo//models/turtlebot3_dqn_world/obstacle_plugin/build/CMakeFiles/obstacle1.dir/DependInfo.cmake
[1.377s] -- Up-to-date symlink: /home/ssfa/ros2_ws/install/turtlebot3_gazebo/share/turtlebot3_gazebo//models/turtlebot3_dqn_world/obstacle_plugin/build/CMakeFiles/obstacle1.dir/build.make
[1.377s] -- Up-to-date symlink: /home/ssfa/ros2_ws/install/turtlebot3_gazebo/share/turtlebot3_gazebo//models/turtlebot3_dqn_world/obstacle_plugin/build/CMakeFiles/obstacle1.dir/cmake_clean.cmake
[1.377s] -- Up-to-date symlink: /home/ssfa/ros2_ws/install/turtlebot3_gazebo/share/turtlebot3_gazebo//models/turtlebot3_dqn_world/obstacle_plugin/build/CMakeFiles/obstacle1.dir/depend.internal
[1.377s] -- Up-to-date symlink: /home/ssfa/ros2_ws/install/turtlebot3_gazebo/share/turtlebot3_gazebo//models/turtlebot3_dqn_world/obstacle_plugin/build/CMakeFiles/obstacle1.dir/depend.make
[1.378s] -- Up-to-date symlink: /home/ssfa/ros2_ws/install/turtlebot3_gazebo/share/turtlebot3_gazebo//models/turtlebot3_dqn_world/obstacle_plugin/build/CMakeFiles/obstacle1.dir/flags.make
[1.378s] -- Up-to-date symlink: /home/ssfa/ros2_ws/install/turtlebot3_gazebo/share/turtlebot3_gazebo//models/turtlebot3_dqn_world/obstacle_plugin/build/CMakeFiles/obstacle1.dir/link.txt
[1.378s] -- Up-to-date symlink: /home/ssfa/ros2_ws/install/turtlebot3_gazebo/share/turtlebot3_gazebo//models/turtlebot3_dqn_world/obstacle_plugin/build/CMakeFiles/obstacle1.dir/obstacle1.cc.o
[1.378s] -- Up-to-date symlink: /home/ssfa/ros2_ws/install/turtlebot3_gazebo/share/turtlebot3_gazebo//models/turtlebot3_dqn_world/obstacle_plugin/build/CMakeFiles/obstacle1.dir/progress.make
[1.379s] -- Up-to-date symlink: /home/ssfa/ros2_ws/install/turtlebot3_gazebo/share/turtlebot3_gazebo//models/turtlebot3_dqn_world/obstacle_plugin/build/CMakeFiles/obstacle2.dir/CXX.includecache
[1.379s] -- Up-to-date symlink: /home/ssfa/ros2_ws/install/turtlebot3_gazebo/share/turtlebot3_gazebo//models/turtlebot3_dqn_world/obstacle_plugin/build/CMakeFiles/obstacle2.dir/DependInfo.cmake
[1.379s] -- Up-to-date symlink: /home/ssfa/ros2_ws/install/turtlebot3_gazebo/share/turtlebot3_gazebo//models/turtlebot3_dqn_world/obstacle_plugin/build/CMakeFiles/obstacle2.dir/build.make
[1.379s] -- Up-to-date symlink: /home/ssfa/ros2_ws/install/turtlebot3_gazebo/share/turtlebot3_gazebo//models/turtlebot3_dqn_world/obstacle_plugin/build/CMakeFiles/obstacle2.dir/cmake_clean.cmake
[1.379s] -- Up-to-date symlink: /home/ssfa/ros2_ws/install/turtlebot3_gazebo/share/turtlebot3_gazebo//models/turtlebot3_dqn_world/obstacle_plugin/build/CMakeFiles/obstacle2.dir/depend.internal
[1.379s] -- Up-to-date symlink: /home/ssfa/ros2_ws/install/turtlebot3_gazebo/share/turtlebot3_gazebo//models/turtlebot3_dqn_world/obstacle_plugin/build/CMakeFiles/obstacle2.dir/depend.make
[1.379s] -- Up-to-date symlink: /home/ssfa/ros2_ws/install/turtlebot3_gazebo/share/turtlebot3_gazebo//models/turtlebot3_dqn_world/obstacle_plugin/build/CMakeFiles/obstacle2.dir/flags.make
[1.379s] -- Up-to-date symlink: /home/ssfa/ros2_ws/install/turtlebot3_gazebo/share/turtlebot3_gazebo//models/turtlebot3_dqn_world/obstacle_plugin/build/CMakeFiles/obstacle2.dir/link.txt
[1.379s] -- Up-to-date symlink: /home/ssfa/ros2_ws/install/turtlebot3_gazebo/share/turtlebot3_gazebo//models/turtlebot3_dqn_world/obstacle_plugin/build/CMakeFiles/obstacle2.dir/obstacle2.cc.o
[1.379s] -- Up-to-date symlink: /home/ssfa/ros2_ws/install/turtlebot3_gazebo/share/turtlebot3_gazebo//models/turtlebot3_dqn_world/obstacle_plugin/build/CMakeFiles/obstacle2.dir/progress.make
[1.380s] -- Up-to-date symlink: /home/ssfa/ros2_ws/install/turtlebot3_gazebo/share/turtlebot3_gazebo//models/turtlebot3_dqn_world/obstacle_plugin/build/CMakeFiles/obstacles.dir/CXX.includecache
[1.380s] -- Up-to-date symlink: /home/ssfa/ros2_ws/install/turtlebot3_gazebo/share/turtlebot3_gazebo//models/turtlebot3_dqn_world/obstacle_plugin/build/CMakeFiles/obstacles.dir/DependInfo.cmake
[1.380s] -- Up-to-date symlink: /home/ssfa/ros2_ws/install/turtlebot3_gazebo/share/turtlebot3_gazebo//models/turtlebot3_dqn_world/obstacle_plugin/build/CMakeFiles/obstacles.dir/build.make
[1.380s] -- Up-to-date symlink: /home/ssfa/ros2_ws/install/turtlebot3_gazebo/share/turtlebot3_gazebo//models/turtlebot3_dqn_world/obstacle_plugin/build/CMakeFiles/obstacles.dir/cmake_clean.cmake
[1.380s] -- Up-to-date symlink: /home/ssfa/ros2_ws/install/turtlebot3_gazebo/share/turtlebot3_gazebo//models/turtlebot3_dqn_world/obstacle_plugin/build/CMakeFiles/obstacles.dir/depend.internal
[1.380s] -- Up-to-date symlink: /home/ssfa/ros2_ws/install/turtlebot3_gazebo/share/turtlebot3_gazebo//models/turtlebot3_dqn_world/obstacle_plugin/build/CMakeFiles/obstacles.dir/depend.make
[1.381s] -- Up-to-date symlink: /home/ssfa/ros2_ws/install/turtlebot3_gazebo/share/turtlebot3_gazebo//models/turtlebot3_dqn_world/obstacle_plugin/build/CMakeFiles/obstacles.dir/flags.make
[1.381s] -- Up-to-date symlink: /home/ssfa/ros2_ws/install/turtlebot3_gazebo/share/turtlebot3_gazebo//models/turtlebot3_dqn_world/obstacle_plugin/build/CMakeFiles/obstacles.dir/link.txt
[1.382s] -- Up-to-date symlink: /home/ssfa/ros2_ws/install/turtlebot3_gazebo/share/turtlebot3_gazebo//models/turtlebot3_dqn_world/obstacle_plugin/build/CMakeFiles/obstacles.dir/obstacles.cc.o
[1.382s] -- Up-to-date symlink: /home/ssfa/ros2_ws/install/turtlebot3_gazebo/share/turtlebot3_gazebo//models/turtlebot3_dqn_world/obstacle_plugin/build/CMakeFiles/obstacles.dir/progress.make
[1.382s] -- Up-to-date symlink: /home/ssfa/ros2_ws/install/turtlebot3_gazebo/share/turtlebot3_gazebo//models/turtlebot3_dqn_world/obstacle_plugin/build/CMakeFiles/progress.marks
[1.383s] -- Up-to-date symlink: /home/ssfa/ros2_ws/install/turtlebot3_gazebo/share/turtlebot3_gazebo//models/turtlebot3_dqn_world/obstacle_plugin/build/CMakeTmp/test_freeimage.c
[1.383s] -- Up-to-date symlink: /home/ssfa/ros2_ws/install/turtlebot3_gazebo/share/turtlebot3_gazebo//models/turtlebot3_dqn_world/obstacle_plugin/build/Makefile
[1.383s] -- Up-to-date symlink: /home/ssfa/ros2_ws/install/turtlebot3_gazebo/share/turtlebot3_gazebo//models/turtlebot3_dqn_world/obstacle_plugin/build/cmake_install.cmake
[1.383s] -- Up-to-date symlink: /home/ssfa/ros2_ws/install/turtlebot3_gazebo/share/turtlebot3_gazebo//models/turtlebot3_dqn_world/obstacle_plugin/build/libobstacle1.so
[1.383s] -- Up-to-date symlink: /home/ssfa/ros2_ws/install/turtlebot3_gazebo/share/turtlebot3_gazebo//models/turtlebot3_dqn_world/obstacle_plugin/build/libobstacle2.so
[1.384s] -- Up-to-date symlink: /home/ssfa/ros2_ws/install/turtlebot3_gazebo/share/turtlebot3_gazebo//models/turtlebot3_dqn_world/obstacle_plugin/build/libobstacles.so
[1.384s] -- Up-to-date symlink: /home/ssfa/ros2_ws/install/turtlebot3_gazebo/share/turtlebot3_gazebo//models/turtlebot3_dqn_world/obstacle_plugin/obstacle1.cc
[1.384s] -- Up-to-date symlink: /home/ssfa/ros2_ws/install/turtlebot3_gazebo/share/turtlebot3_gazebo//models/turtlebot3_dqn_world/obstacle_plugin/obstacle2.cc
[1.385s] -- Up-to-date symlink: /home/ssfa/ros2_ws/install/turtlebot3_gazebo/share/turtlebot3_gazebo//models/turtlebot3_dqn_world/obstacle_plugin/obstacles.cc
[1.386s] -- Up-to-date symlink: /home/ssfa/ros2_ws/install/turtlebot3_gazebo/share/turtlebot3_gazebo//models/turtlebot3_dqn_world/obstacles/model.config
[1.386s] -- Up-to-date symlink: /home/ssfa/ros2_ws/install/turtlebot3_gazebo/share/turtlebot3_gazebo//models/turtlebot3_dqn_world/obstacles/model.sdf
[1.387s] -- Up-to-date symlink: /home/ssfa/ros2_ws/install/turtlebot3_gazebo/share/turtlebot3_gazebo//models/turtlebot3_house/blender/turtlebot3_house.blend
[1.387s] -- Up-to-date symlink: /home/ssfa/ros2_ws/install/turtlebot3_gazebo/share/turtlebot3_gazebo//models/turtlebot3_house/blender/turtlebot3_house.blend1
[1.387s] -- Up-to-date symlink: /home/ssfa/ros2_ws/install/turtlebot3_gazebo/share/turtlebot3_gazebo//models/turtlebot3_house/meshes/turtlebot3_house_text.dae
[1.387s] -- Up-to-date symlink: /home/ssfa/ros2_ws/install/turtlebot3_gazebo/share/turtlebot3_gazebo//models/turtlebot3_house/meshes/wall_texture.jpg
[1.387s] -- Up-to-date symlink: /home/ssfa/ros2_ws/install/turtlebot3_gazebo/share/turtlebot3_gazebo//models/turtlebot3_house/meshes/wall_texture_1.png
[1.388s] -- Up-to-date symlink: /home/ssfa/ros2_ws/install/turtlebot3_gazebo/share/turtlebot3_gazebo//models/turtlebot3_house/model copy.sdf
[1.389s] -- Up-to-date symlink: /home/ssfa/ros2_ws/install/turtlebot3_gazebo/share/turtlebot3_gazebo//models/turtlebot3_house/model.config
[1.389s] -- Up-to-date symlink: /home/ssfa/ros2_ws/install/turtlebot3_gazebo/share/turtlebot3_gazebo//models/turtlebot3_house/model.sdf
[1.389s] -- Up-to-date symlink: /home/ssfa/ros2_ws/install/turtlebot3_gazebo/share/turtlebot3_gazebo//models/turtlebot3_room/meshes/hexagon.dae
[1.389s] -- Up-to-date symlink: /home/ssfa/ros2_ws/install/turtlebot3_gazebo/share/turtlebot3_gazebo//models/turtlebot3_room/meshes/turtleroom.dae
[1.389s] -- Up-to-date symlink: /home/ssfa/ros2_ws/install/turtlebot3_gazebo/share/turtlebot3_gazebo//models/turtlebot3_room/meshes/wall.dae
[1.389s] -- Up-to-date symlink: /home/ssfa/ros2_ws/install/turtlebot3_gazebo/share/turtlebot3_gazebo//models/turtlebot3_room/model.config
[1.389s] -- Up-to-date symlink: /home/ssfa/ros2_ws/install/turtlebot3_gazebo/share/turtlebot3_gazebo//models/turtlebot3_room/model.sdf
[1.390s] -- Up-to-date symlink: /home/ssfa/ros2_ws/install/turtlebot3_gazebo/share/turtlebot3_gazebo//models/turtlebot3_room/troom.blend
[1.390s] -- Up-to-date symlink: /home/ssfa/ros2_ws/install/turtlebot3_gazebo/share/turtlebot3_gazebo//models/turtlebot3_room/troom.blend1
[1.390s] -- Up-to-date symlink: /home/ssfa/ros2_ws/install/turtlebot3_gazebo/share/turtlebot3_gazebo//models/turtlebot3_waffle/blender/lds_text.blend
[1.390s] -- Up-to-date symlink: /home/ssfa/ros2_ws/install/turtlebot3_gazebo/share/turtlebot3_gazebo//models/turtlebot3_waffle/blender/lds_text.blend1
[1.390s] -- Up-to-date symlink: /home/ssfa/ros2_ws/install/turtlebot3_gazebo/share/turtlebot3_gazebo//models/turtlebot3_waffle/blender/left_tire_text.blend
[1.390s] -- Up-to-date symlink: /home/ssfa/ros2_ws/install/turtlebot3_gazebo/share/turtlebot3_gazebo//models/turtlebot3_waffle/blender/left_tire_text.blend1
[1.390s] -- Up-to-date symlink: /home/ssfa/ros2_ws/install/turtlebot3_gazebo/share/turtlebot3_gazebo//models/turtlebot3_waffle/blender/right_tire_text.blend
[1.391s] -- Up-to-date symlink: /home/ssfa/ros2_ws/install/turtlebot3_gazebo/share/turtlebot3_gazebo//models/turtlebot3_waffle/blender/right_tire_text.blend1
[1.391s] -- Up-to-date symlink: /home/ssfa/ros2_ws/install/turtlebot3_gazebo/share/turtlebot3_gazebo//models/turtlebot3_waffle/blender/waffle_text.blend
[1.391s] -- Up-to-date symlink: /home/ssfa/ros2_ws/install/turtlebot3_gazebo/share/turtlebot3_gazebo//models/turtlebot3_waffle/blender/waffle_text.blend1
[1.391s] -- Up-to-date symlink: /home/ssfa/ros2_ws/install/turtlebot3_gazebo/share/turtlebot3_gazebo//models/turtlebot3_waffle/meshes/Base.dae
[1.391s] -- Up-to-date symlink: /home/ssfa/ros2_ws/install/turtlebot3_gazebo/share/turtlebot3_gazebo//models/turtlebot3_waffle/meshes/LDS_Texture.png
[1.391s] -- Up-to-date symlink: /home/ssfa/ros2_ws/install/turtlebot3_gazebo/share/turtlebot3_gazebo//models/turtlebot3_waffle/meshes/astra.dae
[1.391s] -- Up-to-date symlink: /home/ssfa/ros2_ws/install/turtlebot3_gazebo/share/turtlebot3_gazebo//models/turtlebot3_waffle/meshes/astra.jpg
[1.391s] -- Up-to-date symlink: /home/ssfa/ros2_ws/install/turtlebot3_gazebo/share/turtlebot3_gazebo//models/turtlebot3_waffle/meshes/lds.dae
[1.392s] -- Up-to-date symlink: /home/ssfa/ros2_ws/install/turtlebot3_gazebo/share/turtlebot3_gazebo//models/turtlebot3_waffle/meshes/lds.stl
[1.392s] -- Up-to-date symlink: /home/ssfa/ros2_ws/install/turtlebot3_gazebo/share/turtlebot3_gazebo//models/turtlebot3_waffle/meshes/lds_text.dae
[1.392s] -- Up-to-date symlink: /home/ssfa/ros2_ws/install/turtlebot3_gazebo/share/turtlebot3_gazebo//models/turtlebot3_waffle/meshes/left_tire.dae
[1.392s] -- Up-to-date symlink: /home/ssfa/ros2_ws/install/turtlebot3_gazebo/share/turtlebot3_gazebo//models/turtlebot3_waffle/meshes/left_tire.stl
[1.392s] -- Up-to-date symlink: /home/ssfa/ros2_ws/install/turtlebot3_gazebo/share/turtlebot3_gazebo//models/turtlebot3_waffle/meshes/left_tire_text.dae
[1.392s] -- Up-to-date symlink: /home/ssfa/ros2_ws/install/turtlebot3_gazebo/share/turtlebot3_gazebo//models/turtlebot3_waffle/meshes/left_tire_text.png
[1.392s] -- Up-to-date symlink: /home/ssfa/ros2_ws/install/turtlebot3_gazebo/share/turtlebot3_gazebo//models/turtlebot3_waffle/meshes/r200.dae
[1.393s] -- Up-to-date symlink: /home/ssfa/ros2_ws/install/turtlebot3_gazebo/share/turtlebot3_gazebo//models/turtlebot3_waffle/meshes/r200.jpg
[1.393s] -- Up-to-date symlink: /home/ssfa/ros2_ws/install/turtlebot3_gazebo/share/turtlebot3_gazebo//models/turtlebot3_waffle/meshes/right_tire.dae
[1.393s] -- Up-to-date symlink: /home/ssfa/ros2_ws/install/turtlebot3_gazebo/share/turtlebot3_gazebo//models/turtlebot3_waffle/meshes/right_tire.stl
[1.393s] -- Up-to-date symlink: /home/ssfa/ros2_ws/install/turtlebot3_gazebo/share/turtlebot3_gazebo//models/turtlebot3_waffle/meshes/right_tire_text.dae
[1.393s] -- Up-to-date symlink: /home/ssfa/ros2_ws/install/turtlebot3_gazebo/share/turtlebot3_gazebo//models/turtlebot3_waffle/meshes/right_tire_texture.png
[1.393s] -- Up-to-date symlink: /home/ssfa/ros2_ws/install/turtlebot3_gazebo/share/turtlebot3_gazebo//models/turtlebot3_waffle/meshes/waffle_base.dae
[1.393s] -- Up-to-date symlink: /home/ssfa/ros2_ws/install/turtlebot3_gazebo/share/turtlebot3_gazebo//models/turtlebot3_waffle/meshes/waffle_base.stl
[1.393s] -- Up-to-date symlink: /home/ssfa/ros2_ws/install/turtlebot3_gazebo/share/turtlebot3_gazebo//models/turtlebot3_waffle/meshes/waffle_base_text.dae
[1.393s] -- Up-to-date symlink: /home/ssfa/ros2_ws/install/turtlebot3_gazebo/share/turtlebot3_gazebo//models/turtlebot3_waffle/meshes/waffle_base_texture.png
[1.393s] -- Up-to-date symlink: /home/ssfa/ros2_ws/install/turtlebot3_gazebo/share/turtlebot3_gazebo//models/turtlebot3_waffle/model-1_4.sdf
[1.393s] -- Up-to-date symlink: /home/ssfa/ros2_ws/install/turtlebot3_gazebo/share/turtlebot3_gazebo//models/turtlebot3_waffle/model.config
[1.393s] -- Up-to-date symlink: /home/ssfa/ros2_ws/install/turtlebot3_gazebo/share/turtlebot3_gazebo//models/turtlebot3_waffle/model.sdf
[1.394s] -- Up-to-date symlink: /home/ssfa/ros2_ws/install/turtlebot3_gazebo/share/turtlebot3_gazebo//models/turtlebot3_waffle/model_copy.sdf
[1.394s] -- Up-to-date symlink: /home/ssfa/ros2_ws/install/turtlebot3_gazebo/share/turtlebot3_gazebo//models/turtlebot3_waffle/model_copy_2.sdf
[1.394s] -- Up-to-date symlink: /home/ssfa/ros2_ws/install/turtlebot3_gazebo/share/turtlebot3_gazebo//models/turtlebot3_waffle_pi/meshes/lds.stl
[1.394s] -- Up-to-date symlink: /home/ssfa/ros2_ws/install/turtlebot3_gazebo/share/turtlebot3_gazebo//models/turtlebot3_waffle_pi/meshes/left_tire.stl
[1.394s] -- Up-to-date symlink: /home/ssfa/ros2_ws/install/turtlebot3_gazebo/share/turtlebot3_gazebo//models/turtlebot3_waffle_pi/meshes/right_tire.stl
[1.394s] -- Up-to-date symlink: /home/ssfa/ros2_ws/install/turtlebot3_gazebo/share/turtlebot3_gazebo//models/turtlebot3_waffle_pi/meshes/waffle_pi_base.stl
[1.395s] -- Up-to-date symlink: /home/ssfa/ros2_ws/install/turtlebot3_gazebo/share/turtlebot3_gazebo//models/turtlebot3_waffle_pi/meshes_dae/lds.dae
[1.395s] -- Up-to-date symlink: /home/ssfa/ros2_ws/install/turtlebot3_gazebo/share/turtlebot3_gazebo//models/turtlebot3_waffle_pi/meshes_dae/left_tire.dae
[1.395s] -- Up-to-date symlink: /home/ssfa/ros2_ws/install/turtlebot3_gazebo/share/turtlebot3_gazebo//models/turtlebot3_waffle_pi/meshes_dae/right_tire.dae
[1.395s] -- Up-to-date symlink: /home/ssfa/ros2_ws/install/turtlebot3_gazebo/share/turtlebot3_gazebo//models/turtlebot3_waffle_pi/meshes_dae/waffle_pi_base.dae
[1.395s] -- Up-to-date symlink: /home/ssfa/ros2_ws/install/turtlebot3_gazebo/share/turtlebot3_gazebo//models/turtlebot3_waffle_pi/model-1_4.sdf
[1.396s] -- Up-to-date symlink: /home/ssfa/ros2_ws/install/turtlebot3_gazebo/share/turtlebot3_gazebo//models/turtlebot3_waffle_pi/model.config
[1.396s] -- Up-to-date symlink: /home/ssfa/ros2_ws/install/turtlebot3_gazebo/share/turtlebot3_gazebo//models/turtlebot3_waffle_pi/model.sdf
[1.396s] -- Up-to-date symlink: /home/ssfa/ros2_ws/install/turtlebot3_gazebo/share/turtlebot3_gazebo//models/turtlebot3_world/meshes/hexagon.dae
[1.396s] -- Up-to-date symlink: /home/ssfa/ros2_ws/install/turtlebot3_gazebo/share/turtlebot3_gazebo//models/turtlebot3_world/meshes/hexagon.stl
[1.396s] -- Up-to-date symlink: /home/ssfa/ros2_ws/install/turtlebot3_gazebo/share/turtlebot3_gazebo//models/turtlebot3_world/meshes/wall.dae
[1.396s] -- Up-to-date symlink: /home/ssfa/ros2_ws/install/turtlebot3_gazebo/share/turtlebot3_gazebo//models/turtlebot3_world/meshes/wall.stl
[1.396s] -- Up-to-date symlink: /home/ssfa/ros2_ws/install/turtlebot3_gazebo/share/turtlebot3_gazebo//models/turtlebot3_world/model-1_4.sdf
[1.396s] -- Up-to-date symlink: /home/ssfa/ros2_ws/install/turtlebot3_gazebo/share/turtlebot3_gazebo//models/turtlebot3_world/model.config
[1.397s] -- Up-to-date symlink: /home/ssfa/ros2_ws/install/turtlebot3_gazebo/share/turtlebot3_gazebo//models/turtlebot3_world/model.sdf
[1.397s] -- Up-to-date symlink: /home/ssfa/ros2_ws/install/turtlebot3_gazebo/share/turtlebot3_gazebo//models/turtlebot3_world/model_old_stls.sdf
[1.397s] -- Up-to-date symlink: /home/ssfa/ros2_ws/install/turtlebot3_gazebo/share/turtlebot3_gazebo//rviz/tb3_gazebo.rviz
[1.397s] -- Up-to-date symlink: /home/ssfa/ros2_ws/install/turtlebot3_gazebo/share/turtlebot3_gazebo//worlds/empty_worlds/burger.model
[1.397s] -- Up-to-date symlink: /home/ssfa/ros2_ws/install/turtlebot3_gazebo/share/turtlebot3_gazebo//worlds/empty_worlds/waffle.model
[1.397s] -- Up-to-date symlink: /home/ssfa/ros2_ws/install/turtlebot3_gazebo/share/turtlebot3_gazebo//worlds/empty_worlds/waffle_pi.model
[1.397s] -- Up-to-date symlink: /home/ssfa/ros2_ws/install/turtlebot3_gazebo/share/turtlebot3_gazebo//worlds/turtlebot3_autoraces/burger.model
[1.397s] -- Up-to-date symlink: /home/ssfa/ros2_ws/install/turtlebot3_gazebo/share/turtlebot3_gazebo//worlds/turtlebot3_autoraces/waffle.model
[1.398s] -- Up-to-date symlink: /home/ssfa/ros2_ws/install/turtlebot3_gazebo/share/turtlebot3_gazebo//worlds/turtlebot3_autoraces/waffle_pi.model
[1.398s] -- Up-to-date symlink: /home/ssfa/ros2_ws/install/turtlebot3_gazebo/share/turtlebot3_gazebo//worlds/turtlebot3_dqn_stage1/burger.model
[1.398s] -- Up-to-date symlink: /home/ssfa/ros2_ws/install/turtlebot3_gazebo/share/turtlebot3_gazebo//worlds/turtlebot3_dqn_stage1/waffle.model
[1.398s] -- Up-to-date symlink: /home/ssfa/ros2_ws/install/turtlebot3_gazebo/share/turtlebot3_gazebo//worlds/turtlebot3_dqn_stage1/waffle_pi.model
[1.398s] -- Up-to-date symlink: /home/ssfa/ros2_ws/install/turtlebot3_gazebo/share/turtlebot3_gazebo//worlds/turtlebot3_dqn_stage2/burger.model
[1.399s] -- Up-to-date symlink: /home/ssfa/ros2_ws/install/turtlebot3_gazebo/share/turtlebot3_gazebo//worlds/turtlebot3_dqn_stage2/waffle.model
[1.399s] -- Up-to-date symlink: /home/ssfa/ros2_ws/install/turtlebot3_gazebo/share/turtlebot3_gazebo//worlds/turtlebot3_dqn_stage2/waffle_pi.model
[1.399s] -- Up-to-date symlink: /home/ssfa/ros2_ws/install/turtlebot3_gazebo/share/turtlebot3_gazebo//worlds/turtlebot3_dqn_stage3/burger.model
[1.399s] -- Up-to-date symlink: /home/ssfa/ros2_ws/install/turtlebot3_gazebo/share/turtlebot3_gazebo//worlds/turtlebot3_dqn_stage3/waffle.model
[1.399s] -- Up-to-date symlink: /home/ssfa/ros2_ws/install/turtlebot3_gazebo/share/turtlebot3_gazebo//worlds/turtlebot3_dqn_stage3/waffle_pi.model
[1.399s] -- Up-to-date symlink: /home/ssfa/ros2_ws/install/turtlebot3_gazebo/share/turtlebot3_gazebo//worlds/turtlebot3_dqn_stage4/burger.model
[1.400s] -- Up-to-date symlink: /home/ssfa/ros2_ws/install/turtlebot3_gazebo/share/turtlebot3_gazebo//worlds/turtlebot3_dqn_stage4/waffle.model
[1.400s] -- Up-to-date symlink: /home/ssfa/ros2_ws/install/turtlebot3_gazebo/share/turtlebot3_gazebo//worlds/turtlebot3_dqn_stage4/waffle_pi.model
[1.400s] -- Up-to-date symlink: /home/ssfa/ros2_ws/install/turtlebot3_gazebo/share/turtlebot3_gazebo//worlds/turtlebot3_houses/burger.model
[1.400s] -- Up-to-date symlink: /home/ssfa/ros2_ws/install/turtlebot3_gazebo/share/turtlebot3_gazebo//worlds/turtlebot3_houses/waffle.model
[1.400s] -- Up-to-date symlink: /home/ssfa/ros2_ws/install/turtlebot3_gazebo/share/turtlebot3_gazebo//worlds/turtlebot3_houses/waffle_pi.model
[1.400s] -- Up-to-date symlink: /home/ssfa/ros2_ws/install/turtlebot3_gazebo/share/turtlebot3_gazebo//worlds/turtlebot3_tc.world
[1.400s] -- Up-to-date symlink: /home/ssfa/ros2_ws/install/turtlebot3_gazebo/share/turtlebot3_gazebo//worlds/turtlebot3_worlds/burger.model
[1.400s] -- Up-to-date symlink: /home/ssfa/ros2_ws/install/turtlebot3_gazebo/share/turtlebot3_gazebo//worlds/turtlebot3_worlds/waffle.model
[1.400s] -- Up-to-date symlink: /home/ssfa/ros2_ws/install/turtlebot3_gazebo/share/turtlebot3_gazebo//worlds/turtlebot3_worlds/waffle_pi.model
[1.400s] -- Up-to-date symlink: /home/ssfa/ros2_ws/install/turtlebot3_gazebo/share/turtlebot3_gazebo//launch/empty_world.launch.py
[1.400s] -- Up-to-date symlink: /home/ssfa/ros2_ws/install/turtlebot3_gazebo/share/turtlebot3_gazebo//launch/robot_state_publisher.launch.py
[1.401s] -- Up-to-date symlink: /home/ssfa/ros2_ws/install/turtlebot3_gazebo/share/turtlebot3_gazebo//launch/turtlebot3_autorace.launch.py
[1.401s] -- Up-to-date symlink: /home/ssfa/ros2_ws/install/turtlebot3_gazebo/share/turtlebot3_gazebo//launch/turtlebot3_dqn_stage1.launch.py
[1.401s] -- Up-to-date symlink: /home/ssfa/ros2_ws/install/turtlebot3_gazebo/share/turtlebot3_gazebo//launch/turtlebot3_dqn_stage2.launch.py
[1.402s] -- Up-to-date symlink: /home/ssfa/ros2_ws/install/turtlebot3_gazebo/share/turtlebot3_gazebo//launch/turtlebot3_dqn_stage3.launch.py
[1.402s] -- Up-to-date symlink: /home/ssfa/ros2_ws/install/turtlebot3_gazebo/share/turtlebot3_gazebo//launch/turtlebot3_dqn_stage4.launch.py
[1.402s] -- Up-to-date symlink: /home/ssfa/ros2_ws/install/turtlebot3_gazebo/share/turtlebot3_gazebo//launch/turtlebot3_house.launch.py
[1.402s] -- Up-to-date symlink: /home/ssfa/ros2_ws/install/turtlebot3_gazebo/share/turtlebot3_gazebo//launch/turtlebot3_house_v2.launch.py
[1.402s] -- Up-to-date symlink: /home/ssfa/ros2_ws/install/turtlebot3_gazebo/share/turtlebot3_gazebo//launch/turtlebot3_tc_world.launch.py
[1.403s] -- Up-to-date symlink: /home/ssfa/ros2_ws/install/turtlebot3_gazebo/share/turtlebot3_gazebo//launch/turtlebot3_world.launch.py
[1.403s] -- Up-to-date symlink: /home/ssfa/ros2_ws/install/turtlebot3_gazebo/share/ament_index/resource_index/package_run_dependencies/turtlebot3_gazebo
[1.403s] -- Up-to-date symlink: /home/ssfa/ros2_ws/install/turtlebot3_gazebo/share/ament_index/resource_index/parent_prefix_path/turtlebot3_gazebo
[1.403s] -- Up-to-date symlink: /home/ssfa/ros2_ws/install/turtlebot3_gazebo/share/turtlebot3_gazebo/environment/ament_prefix_path.sh
[1.404s] -- Up-to-date symlink: /home/ssfa/ros2_ws/install/turtlebot3_gazebo/share/turtlebot3_gazebo/environment/ament_prefix_path.dsv
[1.404s] -- Up-to-date symlink: /home/ssfa/ros2_ws/install/turtlebot3_gazebo/share/turtlebot3_gazebo/environment/path.sh
[1.404s] -- Up-to-date symlink: /home/ssfa/ros2_ws/install/turtlebot3_gazebo/share/turtlebot3_gazebo/environment/path.dsv
[1.404s] -- Up-to-date symlink: /home/ssfa/ros2_ws/install/turtlebot3_gazebo/share/turtlebot3_gazebo/local_setup.bash
[1.404s] -- Up-to-date symlink: /home/ssfa/ros2_ws/install/turtlebot3_gazebo/share/turtlebot3_gazebo/local_setup.sh
[1.404s] -- Up-to-date symlink: /home/ssfa/ros2_ws/install/turtlebot3_gazebo/share/turtlebot3_gazebo/local_setup.zsh
[1.404s] -- Up-to-date symlink: /home/ssfa/ros2_ws/install/turtlebot3_gazebo/share/turtlebot3_gazebo/local_setup.dsv
[1.405s] -- Symlinking: /home/ssfa/ros2_ws/install/turtlebot3_gazebo/share/turtlebot3_gazebo/package.dsv
[1.418s] -- Up-to-date symlink: /home/ssfa/ros2_ws/install/turtlebot3_gazebo/share/ament_index/resource_index/packages/turtlebot3_gazebo
[1.418s] -- Up-to-date symlink: /home/ssfa/ros2_ws/install/turtlebot3_gazebo/share/turtlebot3_gazebo/cmake/turtlebot3_gazeboConfig.cmake
[1.419s] -- Up-to-date symlink: /home/ssfa/ros2_ws/install/turtlebot3_gazebo/share/turtlebot3_gazebo/cmake/turtlebot3_gazeboConfig-version.cmake
[1.419s] -- Up-to-date symlink: /home/ssfa/ros2_ws/install/turtlebot3_gazebo/share/turtlebot3_gazebo/package.xml
[2.647s] Invoked command in '/home/ssfa/ros2_ws/build/turtlebot3_gazebo' returned '0': CMAKE_PREFIX_PATH=/home/ssfa/ros2_ws/install/turtlebot3_description:/home/ssfa/ros2_ws/install/turtlebot3:/home/ssfa/ros2_ws/install/turtlebot3_simulations:/home/ssfa/ros2_ws/install/turtlebot3_navigation2:/home/ssfa/ros2_ws/install/turtlebot3_msgs:/home/ssfa/ros2_ws/install/turtlebot3_gazebo:/home/ssfa/ros2_ws/install/turtlebot3_bringup:/home/ssfa/ros2_ws/install/turtlebot3_cartographer:/home/ssfa/ros2_ws/install/turtlebot3_as:/home/ssfa/ros2_ws/install/t3_action_msg:/home/ssfa/ros2_ws/install/dynamixel_sdk:/home/ssfa/ros2_ws/install/custom_interfaces:/home/ssfa/ros2_ws/install/visionsensor:/home/ssfa/ros2_ws/install/turtlebot3_teleop:/home/ssfa/ros2_ws/install/turtlebot3_example:/home/ssfa/ros2_ws/install/topic_exercise:/home/ssfa/ros2_ws/install/subscriber_pkg:/home/ssfa/ros2_ws/install/services_pkg:/home/ssfa/ros2_ws/install/publisher_pkg:/home/ssfa/ros2_ws/install/opencv_tools:/home/ssfa/ros2_ws/install/my_package:/home/ssfa/ros2_ws/install/movement_pkg:/home/ssfa/ros2_ws/install/exercise_pkg:/home/ssfa/ros2_ws/install/custom_interface_example:/home/ssfa/ros2_ws/install/client_pkg:/opt/ros/humble /usr/bin/cmake --install /home/ssfa/ros2_ws/build/turtlebot3_gazebo
