[0.620s] Invoking command in '/home/ssfa/ros2_ws/build/turtlebot3_bringup': AMENT_PREFIX_PATH=/home/ssfa/ros2_ws/install/turtlebot3_description:${AMENT_PREFIX_PATH} CMAKE_PREFIX_PATH=/home/ssfa/ros2_ws/install/turtlebot3_description:/opt/ros/humble /usr/bin/cmake /home/ssfa/ros2_ws/src/t3/turtlebot3/turtlebot3/turtlebot3_bringup -DAMENT_CMAKE_SYMLINK_INSTALL=1 -DCMAKE_INSTALL_PREFIX=/home/ssfa/ros2_ws/install/turtlebot3_bringup
[0.717s] -- The C compiler identification is GNU 11.4.0
[0.821s] -- The CXX compiler identification is GNU 11.4.0
[0.834s] -- Detecting C compiler ABI info
[1.014s] -- Detecting C compiler ABI info - done
[1.033s] -- Check for working C compiler: /usr/bin/cc - skipped
[1.047s] -- Detecting C compile features
[1.048s] -- Detecting C compile features - done
[1.054s] -- Detecting CXX compiler ABI info
[1.200s] -- Detecting CXX compiler ABI info - done
[1.218s] -- Check for working CXX compiler: /usr/bin/c++ - skipped
[1.218s] -- Detecting CXX compile features
[1.219s] -- Detecting CXX compile features - done
[1.223s] -- Found ament_cmake: 1.3.9 (/opt/ros/humble/share/ament_cmake/cmake)
[1.474s] -- Found Python3: /usr/bin/python3 (found version "3.10.12") found components: Interpreter 
[1.560s] -- Override CMake install command with custom implementation using symlinks instead of copying resources
[1.716s] -- Configuring done
[1.723s] -- Generating done
[1.724s] -- Build files have been written to: /home/ssfa/ros2_ws/build/turtlebot3_bringup
[1.732s] Invoked command in '/home/ssfa/ros2_ws/build/turtlebot3_bringup' returned '0': AMENT_PREFIX_PATH=/home/ssfa/ros2_ws/install/turtlebot3_description:${AMENT_PREFIX_PATH} CMAKE_PREFIX_PATH=/home/ssfa/ros2_ws/install/turtlebot3_description:/opt/ros/humble /usr/bin/cmake /home/ssfa/ros2_ws/src/t3/turtlebot3/turtlebot3/turtlebot3_bringup -DAMENT_CMAKE_SYMLINK_INSTALL=1 -DCMAKE_INSTALL_PREFIX=/home/ssfa/ros2_ws/install/turtlebot3_bringup
[1.734s] Invoking command in '/home/ssfa/ros2_ws/build/turtlebot3_bringup': AMENT_PREFIX_PATH=/home/ssfa/ros2_ws/install/turtlebot3_description:${AMENT_PREFIX_PATH} CMAKE_PREFIX_PATH=/home/ssfa/ros2_ws/install/turtlebot3_description:/opt/ros/humble /usr/bin/cmake --build /home/ssfa/ros2_ws/build/turtlebot3_bringup -- -j12 -l12
[1.803s] Invoked command in '/home/ssfa/ros2_ws/build/turtlebot3_bringup' returned '0': AMENT_PREFIX_PATH=/home/ssfa/ros2_ws/install/turtlebot3_description:${AMENT_PREFIX_PATH} CMAKE_PREFIX_PATH=/home/ssfa/ros2_ws/install/turtlebot3_description:/opt/ros/humble /usr/bin/cmake --build /home/ssfa/ros2_ws/build/turtlebot3_bringup -- -j12 -l12
[1.839s] Invoking command in '/home/ssfa/ros2_ws/build/turtlebot3_bringup': AMENT_PREFIX_PATH=/home/ssfa/ros2_ws/install/turtlebot3_description:${AMENT_PREFIX_PATH} CMAKE_PREFIX_PATH=/home/ssfa/ros2_ws/install/turtlebot3_description:/opt/ros/humble /usr/bin/cmake --install /home/ssfa/ros2_ws/build/turtlebot3_bringup
[1.851s] -- Install configuration: ""
[1.851s] -- Execute custom install script
[1.852s] -- Symlinking: /home/ssfa/ros2_ws/install/turtlebot3_bringup/share/turtlebot3_bringup/launch/robot.launch.py
[1.869s] -- Symlinking: /home/ssfa/ros2_ws/install/turtlebot3_bringup/share/turtlebot3_bringup/launch/rviz2.launch.py
[1.885s] -- Symlinking: /home/ssfa/ros2_ws/install/turtlebot3_bringup/share/turtlebot3_bringup/launch/turtlebot3_state_publisher.launch.py
[1.894s] -- Symlinking: /home/ssfa/ros2_ws/install/turtlebot3_bringup/share/turtlebot3_bringup/param/burger.yaml
[1.909s] -- Symlinking: /home/ssfa/ros2_ws/install/turtlebot3_bringup/share/turtlebot3_bringup/param/waffle.yaml
[1.927s] -- Symlinking: /home/ssfa/ros2_ws/install/turtlebot3_bringup/share/turtlebot3_bringup/param/waffle_pi.yaml
[1.946s] -- Symlinking: /home/ssfa/ros2_ws/install/turtlebot3_bringup/share/ament_index/resource_index/package_run_dependencies/turtlebot3_bringup
[1.960s] -- Symlinking: /home/ssfa/ros2_ws/install/turtlebot3_bringup/share/ament_index/resource_index/parent_prefix_path/turtlebot3_bringup
[1.975s] -- Symlinking: /home/ssfa/ros2_ws/install/turtlebot3_bringup/share/turtlebot3_bringup/environment/ament_prefix_path.sh
[1.991s] -- Symlinking: /home/ssfa/ros2_ws/install/turtlebot3_bringup/share/turtlebot3_bringup/environment/ament_prefix_path.dsv
[2.010s] -- Symlinking: /home/ssfa/ros2_ws/install/turtlebot3_bringup/share/turtlebot3_bringup/environment/path.sh
[2.024s] -- Symlinking: /home/ssfa/ros2_ws/install/turtlebot3_bringup/share/turtlebot3_bringup/environment/path.dsv
[2.039s] -- Symlinking: /home/ssfa/ros2_ws/install/turtlebot3_bringup/share/turtlebot3_bringup/local_setup.bash
[2.059s] -- Symlinking: /home/ssfa/ros2_ws/install/turtlebot3_bringup/share/turtlebot3_bringup/local_setup.sh
[2.072s] -- Symlinking: /home/ssfa/ros2_ws/install/turtlebot3_bringup/share/turtlebot3_bringup/local_setup.zsh
[2.087s] -- Symlinking: /home/ssfa/ros2_ws/install/turtlebot3_bringup/share/turtlebot3_bringup/local_setup.dsv
[2.104s] -- Symlinking: /home/ssfa/ros2_ws/install/turtlebot3_bringup/share/turtlebot3_bringup/package.dsv
[2.119s] -- Symlinking: /home/ssfa/ros2_ws/install/turtlebot3_bringup/share/ament_index/resource_index/packages/turtlebot3_bringup
[2.134s] -- Symlinking: /home/ssfa/ros2_ws/install/turtlebot3_bringup/share/turtlebot3_bringup/cmake/turtlebot3_bringupConfig.cmake
[2.150s] -- Symlinking: /home/ssfa/ros2_ws/install/turtlebot3_bringup/share/turtlebot3_bringup/cmake/turtlebot3_bringupConfig-version.cmake
[2.164s] -- Symlinking: /home/ssfa/ros2_ws/install/turtlebot3_bringup/share/turtlebot3_bringup/package.xml
[2.186s] Invoked command in '/home/ssfa/ros2_ws/build/turtlebot3_bringup' returned '0': AMENT_PREFIX_PATH=/home/ssfa/ros2_ws/install/turtlebot3_description:${AMENT_PREFIX_PATH} CMAKE_PREFIX_PATH=/home/ssfa/ros2_ws/install/turtlebot3_description:/opt/ros/humble /usr/bin/cmake --install /home/ssfa/ros2_ws/build/turtlebot3_bringup
