[0.007s] Invoking command in '/home/ssfa/ros2_ws/build/color_shape_detector': CMAKE_PREFIX_PATH=${CMAKE_PREFIX_PATH}:/home/ssfa/ros2_ws/install/yolov8_ros:/home/ssfa/ros2_ws/install/turtlebot3_teleop:/home/ssfa/ros2_ws/install/turtlebot3_example:/home/ssfa/ros2_ws/install/shape_detector:/home/ssfa/ros2_ws/install/services_pkg:/home/ssfa/ros2_ws/install/cv_basics:/home/ssfa/ros2_ws/install/color_shape_detector:/opt/ros/humble /usr/bin/cmake /home/ssfa/ros2_ws/src/color_shape_detector -DCMAKE_INSTALL_PREFIX=/home/ssfa/ros2_ws/install/color_shape_detector
[0.014s] -- Found ament_cmake: 1.3.9 (/opt/ros/humble/share/ament_cmake/cmake)
[0.095s] -- Found rclpy: 3.3.13 (/opt/ros/humble/share/rclpy/cmake)
[0.095s] -- Found image_transport: 3.1.9 (/opt/ros/humble/share/image_transport/cmake)
[0.113s] -- Found rosidl_generator_c: 3.1.5 (/opt/ros/humble/share/rosidl_generator_c/cmake)
[0.115s] -- Found rosidl_adapter: 3.1.5 (/opt/ros/humble/share/rosidl_adapter/cmake)
[0.118s] -- Found rosidl_generator_cpp: 3.1.5 (/opt/ros/humble/share/rosidl_generator_cpp/cmake)
[0.125s] -- Using all available rosidl_typesupport_c: rosidl_typesupport_fastrtps_c;rosidl_typesupport_introspection_c
[0.134s] -- Using all available rosidl_typesupport_cpp: rosidl_typesupport_fastrtps_cpp;rosidl_typesupport_introspection_cpp
[0.168s] -- Found rmw_implementation_cmake: 6.1.2 (/opt/ros/humble/share/rmw_implementation_cmake/cmake)
[0.170s] -- Found rmw_fastrtps_cpp: 6.2.6 (/opt/ros/humble/share/rmw_fastrtps_cpp/cmake)
[0.244s] -- Using RMW implementation 'rmw_fastrtps_cpp' as default
[0.438s] -- Found cv_bridge: 3.2.1 (/opt/ros/humble/share/cv_bridge/cmake)
[0.447s] -- Found rosidl_default_generators: 1.2.0 (/opt/ros/humble/share/rosidl_default_generators/cmake)
[0.565s] [31mCMake Error at /opt/ros/humble/share/rosidl_adapter/cmake/rosidl_adapt_interfaces.cmake:59 (message):
[0.565s]   execute_process(/usr/bin/python3 -m rosidl_adapter --package-name
[0.565s]   color_shape_detector --arguments-file
[0.565s]   /home/ssfa/ros2_ws/build/color_shape_detector/rosidl_adapter__arguments__color_shape_detector.json
[0.565s]   --output-dir
[0.565s]   /home/ssfa/ros2_ws/build/color_shape_detector/rosidl_adapter/color_shape_detector
[0.565s]   --output-file
[0.565s]   /home/ssfa/ros2_ws/build/color_shape_detector/rosidl_adapter/color_shape_detector.idls)
[0.565s]   returned error code 1:
[0.565s] 
[0.565s]   Traceback (most recent call last):
[0.566s] 
[0.566s]     File "/usr/lib/python3.10/runpy.py", line 196, in _run_module_as_main
[0.566s]       return _run_code(code, main_globals, None,
[0.566s]     File "/usr/lib/python3.10/runpy.py", line 86, in _run_code
[0.566s]       exec(code, run_globals)
[0.566s]     File "/opt/ros/humble/local/lib/python3.10/dist-packages/rosidl_adapter/__main__.py", line 19, in <module>
[0.566s]       sys.exit(main())
[0.566s]     File "/opt/ros/humble/local/lib/python3.10/dist-packages/rosidl_adapter/main.py", line 53, in main
[0.566s]       abs_idl_file = convert_to_idl(
[0.566s]     File "/opt/ros/humble/local/lib/python3.10/dist-packages/rosidl_adapter/__init__.py", line 24, in convert_to_idl
[0.566s]       return convert_srv_to_idl(
[0.566s]     File "/opt/ros/humble/local/lib/python3.10/dist-packages/rosidl_adapter/srv/__init__.py", line 28, in convert_srv_to_idl
[0.566s]       srv = parse_service_string(package_name, input_file.stem, content)
[0.566s]     File "/opt/ros/humble/local/lib/python3.10/dist-packages/rosidl_adapter/parser.py", line 850, in parse_service_string
[0.566s]       raise InvalidServiceSpecification(
[0.566s] 
[0.566s]   rosidl_adapter.parser.InvalidServiceSpecification: Could not find separator
[0.567s]   '---' between request and response
[0.567s] 
[0.567s] Call Stack (most recent call first):
[0.567s]   /opt/ros/humble/share/rosidl_cmake/cmake/rosidl_generate_interfaces.cmake:130 (rosidl_adapt_interfaces)
[0.567s]   CMakeLists.txt:18 (rosidl_generate_interfaces)
[0.567s] 
[0.567s] [0m
[0.567s] -- Configuring incomplete, errors occurred!
[0.567s] See also "/home/ssfa/ros2_ws/build/color_shape_detector/CMakeFiles/CMakeOutput.log".
[0.570s] Invoked command in '/home/ssfa/ros2_ws/build/color_shape_detector' returned '1': CMAKE_PREFIX_PATH=${CMAKE_PREFIX_PATH}:/home/ssfa/ros2_ws/install/yolov8_ros:/home/ssfa/ros2_ws/install/turtlebot3_teleop:/home/ssfa/ros2_ws/install/turtlebot3_example:/home/ssfa/ros2_ws/install/shape_detector:/home/ssfa/ros2_ws/install/services_pkg:/home/ssfa/ros2_ws/install/cv_basics:/home/ssfa/ros2_ws/install/color_shape_detector:/opt/ros/humble /usr/bin/cmake /home/ssfa/ros2_ws/src/color_shape_detector -DCMAKE_INSTALL_PREFIX=/home/ssfa/ros2_ws/install/color_shape_detector
