[1.504s] Invoking command in '/home/ssfa/ros2_ws/build/usb_cam': CMAKE_PREFIX_PATH=${CMAKE_PREFIX_PATH}:/home/ssfa/ros2_ws/install/yolov8_ros:/home/ssfa/ros2_ws/install/turtlebot3_teleop:/home/ssfa/ros2_ws/install/turtlebot3_example:/home/ssfa/ros2_ws/install/shape_detector:/home/ssfa/ros2_ws/install/services_pkg:/home/ssfa/ros2_ws/install/cv_basics:/home/ssfa/ros2_ws/install/color_shape_detector:/opt/ros/humble /usr/bin/cmake --build /home/ssfa/ros2_ws/build/usb_cam -- -j12 -l12
[1.598s] [ 14%] Built target usb_cam
[1.620s] [ 28%] Built target usb_cam_node_exe
[1.621s] [ 42%] Built target gtest
[1.636s] [ 57%] Built target gtest_main
[1.690s] [ 71%] Built target test_usb_cam_utils
[1.690s] [ 85%] Built target test_pixel_formats
[1.702s] [100%] Built target usb_cam_node
[1.798s] Invoked command in '/home/ssfa/ros2_ws/build/usb_cam' returned '0': CMAKE_PREFIX_PATH=${CMAKE_PREFIX_PATH}:/home/ssfa/ros2_ws/install/yolov8_ros:/home/ssfa/ros2_ws/install/turtlebot3_teleop:/home/ssfa/ros2_ws/install/turtlebot3_example:/home/ssfa/ros2_ws/install/shape_detector:/home/ssfa/ros2_ws/install/services_pkg:/home/ssfa/ros2_ws/install/cv_basics:/home/ssfa/ros2_ws/install/color_shape_detector:/opt/ros/humble /usr/bin/cmake --build /home/ssfa/ros2_ws/build/usb_cam -- -j12 -l12
[1.952s] Invoking command in '/home/ssfa/ros2_ws/build/usb_cam': CMAKE_PREFIX_PATH=${CMAKE_PREFIX_PATH}:/home/ssfa/ros2_ws/install/yolov8_ros:/home/ssfa/ros2_ws/install/turtlebot3_teleop:/home/ssfa/ros2_ws/install/turtlebot3_example:/home/ssfa/ros2_ws/install/shape_detector:/home/ssfa/ros2_ws/install/services_pkg:/home/ssfa/ros2_ws/install/cv_basics:/home/ssfa/ros2_ws/install/color_shape_detector:/opt/ros/humble /usr/bin/cmake --install /home/ssfa/ros2_ws/build/usb_cam
[1.970s] -- Install configuration: ""
[1.970s] -- Up-to-date: /home/ssfa/ros2_ws/install/usb_cam/share/usb_cam/environment/library_path.sh
[1.970s] -- Up-to-date: /home/ssfa/ros2_ws/install/usb_cam/share/usb_cam/environment/library_path.dsv
[1.970s] -- Up-to-date: /home/ssfa/ros2_ws/install/usb_cam/lib/usb_cam/usb_cam_node_exe
[1.971s] -- Up-to-date: /home/ssfa/ros2_ws/install/usb_cam/lib/usb_cam/show_image.py
[1.971s] -- Up-to-date: /home/ssfa/ros2_ws/install/usb_cam/lib/libusb_cam.so
[1.971s] -- Up-to-date: /home/ssfa/ros2_ws/install/usb_cam/lib/libusb_cam_node.so
[1.977s] -- Up-to-date: /home/ssfa/ros2_ws/install/usb_cam/include
[1.977s] -- Up-to-date: /home/ssfa/ros2_ws/install/usb_cam/include/usb_cam
[1.977s] -- Up-to-date: /home/ssfa/ros2_ws/install/usb_cam/include/usb_cam/utils.hpp
[1.977s] -- Up-to-date: /home/ssfa/ros2_ws/install/usb_cam/include/usb_cam/usb_cam.hpp
[1.978s] -- Up-to-date: /home/ssfa/ros2_ws/install/usb_cam/include/usb_cam/conversions.hpp
[1.978s] -- Up-to-date: /home/ssfa/ros2_ws/install/usb_cam/include/usb_cam/formats
[1.978s] -- Up-to-date: /home/ssfa/ros2_ws/install/usb_cam/include/usb_cam/formats/utils.hpp
[1.978s] -- Up-to-date: /home/ssfa/ros2_ws/install/usb_cam/include/usb_cam/formats/m420.hpp
[1.978s] -- Up-to-date: /home/ssfa/ros2_ws/install/usb_cam/include/usb_cam/formats/yuyv.hpp
[1.978s] -- Up-to-date: /home/ssfa/ros2_ws/install/usb_cam/include/usb_cam/formats/uyvy.hpp
[1.978s] -- Up-to-date: /home/ssfa/ros2_ws/install/usb_cam/include/usb_cam/formats/mjpeg.hpp
[1.978s] -- Up-to-date: /home/ssfa/ros2_ws/install/usb_cam/include/usb_cam/formats/mono.hpp
[1.978s] -- Up-to-date: /home/ssfa/ros2_ws/install/usb_cam/include/usb_cam/formats/rgb.hpp
[1.978s] -- Up-to-date: /home/ssfa/ros2_ws/install/usb_cam/include/usb_cam/formats/av_pixel_format_helper.hpp
[1.979s] -- Up-to-date: /home/ssfa/ros2_ws/install/usb_cam/include/usb_cam/formats/pixel_format_base.hpp
[1.979s] -- Up-to-date: /home/ssfa/ros2_ws/install/usb_cam/include/usb_cam/usb_cam_node.hpp
[1.979s] -- Up-to-date: /home/ssfa/ros2_ws/install/usb_cam/include/usb_cam/constants.hpp
[1.979s] -- Up-to-date: /home/ssfa/ros2_ws/install/usb_cam/lib/libusb_cam_node.so
[1.979s] -- Up-to-date: /home/ssfa/ros2_ws/install/usb_cam/share/usb_cam/launch
[1.979s] -- Up-to-date: /home/ssfa/ros2_ws/install/usb_cam/share/usb_cam/launch/__init__.py
[1.979s] -- Up-to-date: /home/ssfa/ros2_ws/install/usb_cam/share/usb_cam/launch/camera_config.py
[1.979s] -- Up-to-date: /home/ssfa/ros2_ws/install/usb_cam/share/usb_cam/launch/camera.launch.py
[1.979s] -- Up-to-date: /home/ssfa/ros2_ws/install/usb_cam/share/usb_cam/config
[1.979s] -- Up-to-date: /home/ssfa/ros2_ws/install/usb_cam/share/usb_cam/config/params_2.yaml
[1.980s] -- Up-to-date: /home/ssfa/ros2_ws/install/usb_cam/share/usb_cam/config/params_1.yaml
[1.980s] -- Up-to-date: /home/ssfa/ros2_ws/install/usb_cam/share/usb_cam/config/camera_info.yaml
[1.980s] -- Up-to-date: /home/ssfa/ros2_ws/install/usb_cam/share/ament_index/resource_index/package_run_dependencies/usb_cam
[1.981s] -- Up-to-date: /home/ssfa/ros2_ws/install/usb_cam/share/ament_index/resource_index/parent_prefix_path/usb_cam
[1.981s] -- Up-to-date: /home/ssfa/ros2_ws/install/usb_cam/share/usb_cam/environment/ament_prefix_path.sh
[1.981s] -- Up-to-date: /home/ssfa/ros2_ws/install/usb_cam/share/usb_cam/environment/ament_prefix_path.dsv
[1.981s] -- Up-to-date: /home/ssfa/ros2_ws/install/usb_cam/share/usb_cam/environment/path.sh
[1.981s] -- Up-to-date: /home/ssfa/ros2_ws/install/usb_cam/share/usb_cam/environment/path.dsv
[1.981s] -- Up-to-date: /home/ssfa/ros2_ws/install/usb_cam/share/usb_cam/local_setup.bash
[1.982s] -- Up-to-date: /home/ssfa/ros2_ws/install/usb_cam/share/usb_cam/local_setup.sh
[1.982s] -- Up-to-date: /home/ssfa/ros2_ws/install/usb_cam/share/usb_cam/local_setup.zsh
[1.982s] -- Up-to-date: /home/ssfa/ros2_ws/install/usb_cam/share/usb_cam/local_setup.dsv
[1.982s] -- Installing: /home/ssfa/ros2_ws/install/usb_cam/share/usb_cam/package.dsv
[1.982s] -- Up-to-date: /home/ssfa/ros2_ws/install/usb_cam/share/ament_index/resource_index/packages/usb_cam
[1.983s] -- Up-to-date: /home/ssfa/ros2_ws/install/usb_cam/share/ament_index/resource_index/rclcpp_components/usb_cam
[1.983s] -- Up-to-date: /home/ssfa/ros2_ws/install/usb_cam/share/usb_cam/cmake/ament_cmake_export_libraries-extras.cmake
[1.990s] -- Up-to-date: /home/ssfa/ros2_ws/install/usb_cam/share/usb_cam/cmake/ament_cmake_export_dependencies-extras.cmake
[1.991s] -- Up-to-date: /home/ssfa/ros2_ws/install/usb_cam/share/usb_cam/cmake/ament_cmake_export_include_directories-extras.cmake
[1.991s] -- Up-to-date: /home/ssfa/ros2_ws/install/usb_cam/share/usb_cam/cmake/usb_camConfig.cmake
[1.991s] -- Up-to-date: /home/ssfa/ros2_ws/install/usb_cam/share/usb_cam/cmake/usb_camConfig-version.cmake
[1.991s] -- Up-to-date: /home/ssfa/ros2_ws/install/usb_cam/share/usb_cam/package.xml
[2.011s] Invoked command in '/home/ssfa/ros2_ws/build/usb_cam' returned '0': CMAKE_PREFIX_PATH=${CMAKE_PREFIX_PATH}:/home/ssfa/ros2_ws/install/yolov8_ros:/home/ssfa/ros2_ws/install/turtlebot3_teleop:/home/ssfa/ros2_ws/install/turtlebot3_example:/home/ssfa/ros2_ws/install/shape_detector:/home/ssfa/ros2_ws/install/services_pkg:/home/ssfa/ros2_ws/install/cv_basics:/home/ssfa/ros2_ws/install/color_shape_detector:/opt/ros/humble /usr/bin/cmake --install /home/ssfa/ros2_ws/build/usb_cam
