[0.608s] Invoking command in '/home/ssfa/ros2_ws/build/turtlebot3_gazebo': AMENT_PREFIX_PATH=/home/ssfa/ros2_ws/install/turtlebot3_description:${AMENT_PREFIX_PATH} CMAKE_PREFIX_PATH=/home/ssfa/ros2_ws/install/turtlebot3_description:/opt/ros/humble /usr/bin/cmake /home/ssfa/ros2_ws/src/t3/turtlebot3_simulations/turtlebot3_gazebo -DAMENT_CMAKE_SYMLINK_INSTALL=1 -DCMAKE_INSTALL_PREFIX=/home/ssfa/ros2_ws/install/turtlebot3_gazebo
[0.749s] -- The C compiler identification is GNU 11.4.0
[0.868s] -- The CXX compiler identification is GNU 11.4.0
[0.888s] -- Detecting C compiler ABI info
[1.020s] -- Detecting C compiler ABI info - done
[1.037s] -- Check for working C compiler: /usr/bin/cc - skipped
[1.037s] -- Detecting C compile features
[1.038s] -- Detecting C compile features - done
[1.044s] -- Detecting CXX compiler ABI info
[1.194s] -- Detecting CXX compiler ABI info - done
[1.212s] -- Check for working CXX compiler: /usr/bin/c++ - skipped
[1.213s] -- Detecting CXX compile features
[1.214s] -- Detecting CXX compile features - done
[1.218s] -- Found ament_cmake: 1.3.9 (/opt/ros/humble/share/ament_cmake/cmake)
[1.450s] -- Found Python3: /usr/bin/python3 (found version "3.10.12") found components: Interpreter 
[1.530s] -- Override CMake install command with custom implementation using symlinks instead of copying resources
[1.693s] -- Configuring done
[1.696s] -- Generating done
[1.698s] -- Build files have been written to: /home/ssfa/ros2_ws/build/turtlebot3_gazebo
[1.707s] Invoked command in '/home/ssfa/ros2_ws/build/turtlebot3_gazebo' returned '0': AMENT_PREFIX_PATH=/home/ssfa/ros2_ws/install/turtlebot3_description:${AMENT_PREFIX_PATH} CMAKE_PREFIX_PATH=/home/ssfa/ros2_ws/install/turtlebot3_description:/opt/ros/humble /usr/bin/cmake /home/ssfa/ros2_ws/src/t3/turtlebot3_simulations/turtlebot3_gazebo -DAMENT_CMAKE_SYMLINK_INSTALL=1 -DCMAKE_INSTALL_PREFIX=/home/ssfa/ros2_ws/install/turtlebot3_gazebo
[1.710s] Invoking command in '/home/ssfa/ros2_ws/build/turtlebot3_gazebo': AMENT_PREFIX_PATH=/home/ssfa/ros2_ws/install/turtlebot3_description:${AMENT_PREFIX_PATH} CMAKE_PREFIX_PATH=/home/ssfa/ros2_ws/install/turtlebot3_description:/opt/ros/humble /usr/bin/cmake --build /home/ssfa/ros2_ws/build/turtlebot3_gazebo -- -j12 -l12
[1.771s] Invoked command in '/home/ssfa/ros2_ws/build/turtlebot3_gazebo' returned '0': AMENT_PREFIX_PATH=/home/ssfa/ros2_ws/install/turtlebot3_description:${AMENT_PREFIX_PATH} CMAKE_PREFIX_PATH=/home/ssfa/ros2_ws/install/turtlebot3_description:/opt/ros/humble /usr/bin/cmake --build /home/ssfa/ros2_ws/build/turtlebot3_gazebo -- -j12 -l12
[1.808s] Invoking command in '/home/ssfa/ros2_ws/build/turtlebot3_gazebo': AMENT_PREFIX_PATH=/home/ssfa/ros2_ws/install/turtlebot3_description:${AMENT_PREFIX_PATH} CMAKE_PREFIX_PATH=/home/ssfa/ros2_ws/install/turtlebot3_description:/opt/ros/humble /usr/bin/cmake --install /home/ssfa/ros2_ws/build/turtlebot3_gazebo
[1.822s] -- Install configuration: ""
[1.823s] -- Execute custom install script
[1.827s] -- Symlinking: /home/ssfa/ros2_ws/install/turtlebot3_gazebo/share/turtlebot3_gazebo//models/turtlebot3_autorace/course/materials/scripts/course.material
[1.844s] -- Symlinking: /home/ssfa/ros2_ws/install/turtlebot3_gazebo/share/turtlebot3_gazebo//models/turtlebot3_autorace/course/materials/textures/course.png
[1.859s] -- Symlinking: /home/ssfa/ros2_ws/install/turtlebot3_gazebo/share/turtlebot3_gazebo//models/turtlebot3_autorace/course/model.config
[1.875s] -- Symlinking: /home/ssfa/ros2_ws/install/turtlebot3_gazebo/share/turtlebot3_gazebo//models/turtlebot3_autorace/course/model.sdf
[1.893s] -- Symlinking: /home/ssfa/ros2_ws/install/turtlebot3_gazebo/share/turtlebot3_gazebo//models/turtlebot3_autorace/ground/model.config
[1.908s] -- Symlinking: /home/ssfa/ros2_ws/install/turtlebot3_gazebo/share/turtlebot3_gazebo//models/turtlebot3_autorace/ground/model.sdf
[1.923s] -- Symlinking: /home/ssfa/ros2_ws/install/turtlebot3_gazebo/share/turtlebot3_gazebo//models/turtlebot3_autorace/lights/model.config
[1.938s] -- Symlinking: /home/ssfa/ros2_ws/install/turtlebot3_gazebo/share/turtlebot3_gazebo//models/turtlebot3_autorace/lights/model.sdf
[1.953s] -- Symlinking: /home/ssfa/ros2_ws/install/turtlebot3_gazebo/share/turtlebot3_gazebo//models/turtlebot3_autorace/model.config
[1.969s] -- Symlinking: /home/ssfa/ros2_ws/install/turtlebot3_gazebo/share/turtlebot3_gazebo//models/turtlebot3_autorace/traffic_bar_down/materials/scripts/traffic_bar.material
[1.984s] -- Symlinking: /home/ssfa/ros2_ws/install/turtlebot3_gazebo/share/turtlebot3_gazebo//models/turtlebot3_autorace/traffic_bar_down/materials/textures/traffic_bar.png
[1.998s] -- Symlinking: /home/ssfa/ros2_ws/install/turtlebot3_gazebo/share/turtlebot3_gazebo//models/turtlebot3_autorace/traffic_bar_down/model.config
[2.013s] -- Symlinking: /home/ssfa/ros2_ws/install/turtlebot3_gazebo/share/turtlebot3_gazebo//models/turtlebot3_autorace/traffic_bar_down/model.sdf
[2.028s] -- Symlinking: /home/ssfa/ros2_ws/install/turtlebot3_gazebo/share/turtlebot3_gazebo//models/turtlebot3_autorace/traffic_bar_up/materials/scripts/traffic_bar.material
[2.044s] -- Symlinking: /home/ssfa/ros2_ws/install/turtlebot3_gazebo/share/turtlebot3_gazebo//models/turtlebot3_autorace/traffic_bar_up/materials/textures/traffic_bar.png
[2.058s] -- Symlinking: /home/ssfa/ros2_ws/install/turtlebot3_gazebo/share/turtlebot3_gazebo//models/turtlebot3_autorace/traffic_bar_up/model.config
[2.074s] -- Symlinking: /home/ssfa/ros2_ws/install/turtlebot3_gazebo/share/turtlebot3_gazebo//models/turtlebot3_autorace/traffic_bar_up/model.sdf
[2.089s] -- Symlinking: /home/ssfa/ros2_ws/install/turtlebot3_gazebo/share/turtlebot3_gazebo//models/turtlebot3_autorace/traffic_light_green/model.config
[2.106s] -- Symlinking: /home/ssfa/ros2_ws/install/turtlebot3_gazebo/share/turtlebot3_gazebo//models/turtlebot3_autorace/traffic_light_green/model.sdf
[2.122s] -- Symlinking: /home/ssfa/ros2_ws/install/turtlebot3_gazebo/share/turtlebot3_gazebo//models/turtlebot3_autorace/traffic_light_red/model.config
[2.137s] -- Symlinking: /home/ssfa/ros2_ws/install/turtlebot3_gazebo/share/turtlebot3_gazebo//models/turtlebot3_autorace/traffic_light_red/model.sdf
[2.153s] -- Symlinking: /home/ssfa/ros2_ws/install/turtlebot3_gazebo/share/turtlebot3_gazebo//models/turtlebot3_autorace/traffic_light_yellow/model.config
[2.169s] -- Symlinking: /home/ssfa/ros2_ws/install/turtlebot3_gazebo/share/turtlebot3_gazebo//models/turtlebot3_autorace/traffic_light_yellow/model.sdf
[2.183s] -- Symlinking: /home/ssfa/ros2_ws/install/turtlebot3_gazebo/share/turtlebot3_gazebo//models/turtlebot3_autorace/traffic_parking/materials/scripts/traffic_parking.material
[2.198s] -- Symlinking: /home/ssfa/ros2_ws/install/turtlebot3_gazebo/share/turtlebot3_gazebo//models/turtlebot3_autorace/traffic_parking/materials/textures/traffic_parking.png
[2.213s] -- Symlinking: /home/ssfa/ros2_ws/install/turtlebot3_gazebo/share/turtlebot3_gazebo//models/turtlebot3_autorace/traffic_parking/model.config
[2.230s] -- Symlinking: /home/ssfa/ros2_ws/install/turtlebot3_gazebo/share/turtlebot3_gazebo//models/turtlebot3_autorace/traffic_parking/model.sdf
[2.243s] -- Symlinking: /home/ssfa/ros2_ws/install/turtlebot3_gazebo/share/turtlebot3_gazebo//models/turtlebot3_autorace/traffic_stop/materials/scripts/traffic_stop.material
[2.261s] -- Symlinking: /home/ssfa/ros2_ws/install/turtlebot3_gazebo/share/turtlebot3_gazebo//models/turtlebot3_autorace/traffic_stop/materials/textures/traffic_stop.png
[2.279s] -- Symlinking: /home/ssfa/ros2_ws/install/turtlebot3_gazebo/share/turtlebot3_gazebo//models/turtlebot3_autorace/traffic_stop/model.config
[2.294s] -- Symlinking: /home/ssfa/ros2_ws/install/turtlebot3_gazebo/share/turtlebot3_gazebo//models/turtlebot3_autorace/traffic_stop/model.sdf
[2.310s] -- Symlinking: /home/ssfa/ros2_ws/install/turtlebot3_gazebo/share/turtlebot3_gazebo//models/turtlebot3_autorace/traffic_tunnel/materials/scripts/tunnel.material
[2.325s] -- Symlinking: /home/ssfa/ros2_ws/install/turtlebot3_gazebo/share/turtlebot3_gazebo//models/turtlebot3_autorace/traffic_tunnel/materials/textures/tunnel.png
[2.339s] -- Symlinking: /home/ssfa/ros2_ws/install/turtlebot3_gazebo/share/turtlebot3_gazebo//models/turtlebot3_autorace/traffic_tunnel/model.config
[2.354s] -- Symlinking: /home/ssfa/ros2_ws/install/turtlebot3_gazebo/share/turtlebot3_gazebo//models/turtlebot3_autorace/traffic_tunnel/model.sdf
[2.369s] -- Symlinking: /home/ssfa/ros2_ws/install/turtlebot3_gazebo/share/turtlebot3_gazebo//models/turtlebot3_autorace/tunnel_obstacles/model.config
[2.384s] -- Symlinking: /home/ssfa/ros2_ws/install/turtlebot3_gazebo/share/turtlebot3_gazebo//models/turtlebot3_autorace/tunnel_obstacles/model.sdf
[2.400s] -- Symlinking: /home/ssfa/ros2_ws/install/turtlebot3_gazebo/share/turtlebot3_gazebo//models/turtlebot3_autorace/tunnel_wall/model.config
[2.415s] -- Symlinking: /home/ssfa/ros2_ws/install/turtlebot3_gazebo/share/turtlebot3_gazebo//models/turtlebot3_autorace/tunnel_wall/model.sdf
[2.430s] -- Symlinking: /home/ssfa/ros2_ws/install/turtlebot3_gazebo/share/turtlebot3_gazebo//models/turtlebot3_burger/meshes/burger_base.stl
[2.444s] -- Symlinking: /home/ssfa/ros2_ws/install/turtlebot3_gazebo/share/turtlebot3_gazebo//models/turtlebot3_burger/meshes/lds.stl
[2.477s] -- Symlinking: /home/ssfa/ros2_ws/install/turtlebot3_gazebo/share/turtlebot3_gazebo//models/turtlebot3_burger/meshes/left_tire.stl
[2.509s] -- Symlinking: /home/ssfa/ros2_ws/install/turtlebot3_gazebo/share/turtlebot3_gazebo//models/turtlebot3_burger/meshes/right_tire.stl
[2.524s] -- Symlinking: /home/ssfa/ros2_ws/install/turtlebot3_gazebo/share/turtlebot3_gazebo//models/turtlebot3_burger/meshes_dae/burger_base.dae
[2.551s] -- Symlinking: /home/ssfa/ros2_ws/install/turtlebot3_gazebo/share/turtlebot3_gazebo//models/turtlebot3_burger/meshes_dae/lds.dae
[2.567s] -- Symlinking: /home/ssfa/ros2_ws/install/turtlebot3_gazebo/share/turtlebot3_gazebo//models/turtlebot3_burger/meshes_dae/left_tire.dae
[2.581s] -- Symlinking: /home/ssfa/ros2_ws/install/turtlebot3_gazebo/share/turtlebot3_gazebo//models/turtlebot3_burger/meshes_dae/right_tire.dae
[2.597s] -- Symlinking: /home/ssfa/ros2_ws/install/turtlebot3_gazebo/share/turtlebot3_gazebo//models/turtlebot3_burger/model-1_4.sdf
[2.612s] -- Symlinking: /home/ssfa/ros2_ws/install/turtlebot3_gazebo/share/turtlebot3_gazebo//models/turtlebot3_burger/model.config
[2.628s] -- Symlinking: /home/ssfa/ros2_ws/install/turtlebot3_gazebo/share/turtlebot3_gazebo//models/turtlebot3_burger/model.sdf
[2.644s] -- Symlinking: /home/ssfa/ros2_ws/install/turtlebot3_gazebo/share/turtlebot3_gazebo//models/turtlebot3_dqn_world/goal_box/model.config
[2.659s] -- Symlinking: /home/ssfa/ros2_ws/install/turtlebot3_gazebo/share/turtlebot3_gazebo//models/turtlebot3_dqn_world/goal_box/model.sdf
[2.674s] -- Symlinking: /home/ssfa/ros2_ws/install/turtlebot3_gazebo/share/turtlebot3_gazebo//models/turtlebot3_dqn_world/inner_walls/model.config
[2.690s] -- Symlinking: /home/ssfa/ros2_ws/install/turtlebot3_gazebo/share/turtlebot3_gazebo//models/turtlebot3_dqn_world/inner_walls/model.sdf
[2.708s] -- Symlinking: /home/ssfa/ros2_ws/install/turtlebot3_gazebo/share/turtlebot3_gazebo//models/turtlebot3_dqn_world/model.config
[2.723s] -- Symlinking: /home/ssfa/ros2_ws/install/turtlebot3_gazebo/share/turtlebot3_gazebo//models/turtlebot3_dqn_world/model.sdf
[2.738s] -- Symlinking: /home/ssfa/ros2_ws/install/turtlebot3_gazebo/share/turtlebot3_gazebo//models/turtlebot3_dqn_world/obstacle1/model.config
[2.753s] -- Symlinking: /home/ssfa/ros2_ws/install/turtlebot3_gazebo/share/turtlebot3_gazebo//models/turtlebot3_dqn_world/obstacle1/model.sdf
[2.768s] -- Symlinking: /home/ssfa/ros2_ws/install/turtlebot3_gazebo/share/turtlebot3_gazebo//models/turtlebot3_dqn_world/obstacle2/model.config
[2.783s] -- Symlinking: /home/ssfa/ros2_ws/install/turtlebot3_gazebo/share/turtlebot3_gazebo//models/turtlebot3_dqn_world/obstacle2/model.sdf
[2.800s] -- Symlinking: /home/ssfa/ros2_ws/install/turtlebot3_gazebo/share/turtlebot3_gazebo//models/turtlebot3_dqn_world/obstacle_plugin/CMakeLists.txt
[2.816s] -- Symlinking: /home/ssfa/ros2_ws/install/turtlebot3_gazebo/share/turtlebot3_gazebo//models/turtlebot3_dqn_world/obstacle_plugin/build/CMakeCache.txt
[2.832s] -- Symlinking: /home/ssfa/ros2_ws/install/turtlebot3_gazebo/share/turtlebot3_gazebo//models/turtlebot3_dqn_world/obstacle_plugin/build/CMakeFiles/3.10.2/CMakeCCompiler.cmake
[2.847s] -- Symlinking: /home/ssfa/ros2_ws/install/turtlebot3_gazebo/share/turtlebot3_gazebo//models/turtlebot3_dqn_world/obstacle_plugin/build/CMakeFiles/3.10.2/CMakeCXXCompiler.cmake
[2.864s] -- Symlinking: /home/ssfa/ros2_ws/install/turtlebot3_gazebo/share/turtlebot3_gazebo//models/turtlebot3_dqn_world/obstacle_plugin/build/CMakeFiles/3.10.2/CMakeDetermineCompilerABI_C.bin
[2.883s] -- Symlinking: /home/ssfa/ros2_ws/install/turtlebot3_gazebo/share/turtlebot3_gazebo//models/turtlebot3_dqn_world/obstacle_plugin/build/CMakeFiles/3.10.2/CMakeDetermineCompilerABI_CXX.bin
[2.902s] -- Symlinking: /home/ssfa/ros2_ws/install/turtlebot3_gazebo/share/turtlebot3_gazebo//models/turtlebot3_dqn_world/obstacle_plugin/build/CMakeFiles/3.10.2/CMakeSystem.cmake
[2.917s] -- Symlinking: /home/ssfa/ros2_ws/install/turtlebot3_gazebo/share/turtlebot3_gazebo//models/turtlebot3_dqn_world/obstacle_plugin/build/CMakeFiles/3.10.2/CompilerIdC/CMakeCCompilerId.c
[2.935s] -- Symlinking: /home/ssfa/ros2_ws/install/turtlebot3_gazebo/share/turtlebot3_gazebo//models/turtlebot3_dqn_world/obstacle_plugin/build/CMakeFiles/3.10.2/CompilerIdC/a.out
[2.950s] -- Symlinking: /home/ssfa/ros2_ws/install/turtlebot3_gazebo/share/turtlebot3_gazebo//models/turtlebot3_dqn_world/obstacle_plugin/build/CMakeFiles/3.10.2/CompilerIdCXX/CMakeCXXCompilerId.cpp
[2.969s] -- Symlinking: /home/ssfa/ros2_ws/install/turtlebot3_gazebo/share/turtlebot3_gazebo//models/turtlebot3_dqn_world/obstacle_plugin/build/CMakeFiles/3.10.2/CompilerIdCXX/a.out
[2.979s] -- Symlinking: /home/ssfa/ros2_ws/install/turtlebot3_gazebo/share/turtlebot3_gazebo//models/turtlebot3_dqn_world/obstacle_plugin/build/CMakeFiles/CMakeDirectoryInformation.cmake
[2.994s] -- Symlinking: /home/ssfa/ros2_ws/install/turtlebot3_gazebo/share/turtlebot3_gazebo//models/turtlebot3_dqn_world/obstacle_plugin/build/CMakeFiles/Makefile.cmake
[3.009s] -- Symlinking: /home/ssfa/ros2_ws/install/turtlebot3_gazebo/share/turtlebot3_gazebo//models/turtlebot3_dqn_world/obstacle_plugin/build/CMakeFiles/Makefile2
[3.025s] -- Symlinking: /home/ssfa/ros2_ws/install/turtlebot3_gazebo/share/turtlebot3_gazebo//models/turtlebot3_dqn_world/obstacle_plugin/build/CMakeFiles/TargetDirectories.txt
[3.046s] -- Symlinking: /home/ssfa/ros2_ws/install/turtlebot3_gazebo/share/turtlebot3_gazebo//models/turtlebot3_dqn_world/obstacle_plugin/build/CMakeFiles/cmake.check_cache
[3.060s] -- Symlinking: /home/ssfa/ros2_ws/install/turtlebot3_gazebo/share/turtlebot3_gazebo//models/turtlebot3_dqn_world/obstacle_plugin/build/CMakeFiles/feature_tests.bin
[3.076s] -- Symlinking: /home/ssfa/ros2_ws/install/turtlebot3_gazebo/share/turtlebot3_gazebo//models/turtlebot3_dqn_world/obstacle_plugin/build/CMakeFiles/feature_tests.c
[3.091s] -- Symlinking: /home/ssfa/ros2_ws/install/turtlebot3_gazebo/share/turtlebot3_gazebo//models/turtlebot3_dqn_world/obstacle_plugin/build/CMakeFiles/feature_tests.cxx
[3.107s] -- Symlinking: /home/ssfa/ros2_ws/install/turtlebot3_gazebo/share/turtlebot3_gazebo//models/turtlebot3_dqn_world/obstacle_plugin/build/CMakeFiles/obstacle1.dir/CXX.includecache
[3.123s] -- Symlinking: /home/ssfa/ros2_ws/install/turtlebot3_gazebo/share/turtlebot3_gazebo//models/turtlebot3_dqn_world/obstacle_plugin/build/CMakeFiles/obstacle1.dir/DependInfo.cmake
[3.138s] -- Symlinking: /home/ssfa/ros2_ws/install/turtlebot3_gazebo/share/turtlebot3_gazebo//models/turtlebot3_dqn_world/obstacle_plugin/build/CMakeFiles/obstacle1.dir/build.make
[3.153s] -- Symlinking: /home/ssfa/ros2_ws/install/turtlebot3_gazebo/share/turtlebot3_gazebo//models/turtlebot3_dqn_world/obstacle_plugin/build/CMakeFiles/obstacle1.dir/cmake_clean.cmake
[3.173s] -- Symlinking: /home/ssfa/ros2_ws/install/turtlebot3_gazebo/share/turtlebot3_gazebo//models/turtlebot3_dqn_world/obstacle_plugin/build/CMakeFiles/obstacle1.dir/depend.internal
[3.190s] -- Symlinking: /home/ssfa/ros2_ws/install/turtlebot3_gazebo/share/turtlebot3_gazebo//models/turtlebot3_dqn_world/obstacle_plugin/build/CMakeFiles/obstacle1.dir/depend.make
[3.205s] -- Symlinking: /home/ssfa/ros2_ws/install/turtlebot3_gazebo/share/turtlebot3_gazebo//models/turtlebot3_dqn_world/obstacle_plugin/build/CMakeFiles/obstacle1.dir/flags.make
[3.219s] -- Symlinking: /home/ssfa/ros2_ws/install/turtlebot3_gazebo/share/turtlebot3_gazebo//models/turtlebot3_dqn_world/obstacle_plugin/build/CMakeFiles/obstacle1.dir/link.txt
[3.237s] -- Symlinking: /home/ssfa/ros2_ws/install/turtlebot3_gazebo/share/turtlebot3_gazebo//models/turtlebot3_dqn_world/obstacle_plugin/build/CMakeFiles/obstacle1.dir/obstacle1.cc.o
[3.253s] -- Symlinking: /home/ssfa/ros2_ws/install/turtlebot3_gazebo/share/turtlebot3_gazebo//models/turtlebot3_dqn_world/obstacle_plugin/build/CMakeFiles/obstacle1.dir/progress.make
[3.273s] -- Symlinking: /home/ssfa/ros2_ws/install/turtlebot3_gazebo/share/turtlebot3_gazebo//models/turtlebot3_dqn_world/obstacle_plugin/build/CMakeFiles/obstacle2.dir/CXX.includecache
[3.290s] -- Symlinking: /home/ssfa/ros2_ws/install/turtlebot3_gazebo/share/turtlebot3_gazebo//models/turtlebot3_dqn_world/obstacle_plugin/build/CMakeFiles/obstacle2.dir/DependInfo.cmake
[3.305s] -- Symlinking: /home/ssfa/ros2_ws/install/turtlebot3_gazebo/share/turtlebot3_gazebo//models/turtlebot3_dqn_world/obstacle_plugin/build/CMakeFiles/obstacle2.dir/build.make
[3.319s] -- Symlinking: /home/ssfa/ros2_ws/install/turtlebot3_gazebo/share/turtlebot3_gazebo//models/turtlebot3_dqn_world/obstacle_plugin/build/CMakeFiles/obstacle2.dir/cmake_clean.cmake
[3.334s] -- Symlinking: /home/ssfa/ros2_ws/install/turtlebot3_gazebo/share/turtlebot3_gazebo//models/turtlebot3_dqn_world/obstacle_plugin/build/CMakeFiles/obstacle2.dir/depend.internal
[3.349s] -- Symlinking: /home/ssfa/ros2_ws/install/turtlebot3_gazebo/share/turtlebot3_gazebo//models/turtlebot3_dqn_world/obstacle_plugin/build/CMakeFiles/obstacle2.dir/depend.make
[3.364s] -- Symlinking: /home/ssfa/ros2_ws/install/turtlebot3_gazebo/share/turtlebot3_gazebo//models/turtlebot3_dqn_world/obstacle_plugin/build/CMakeFiles/obstacle2.dir/flags.make
[3.380s] -- Symlinking: /home/ssfa/ros2_ws/install/turtlebot3_gazebo/share/turtlebot3_gazebo//models/turtlebot3_dqn_world/obstacle_plugin/build/CMakeFiles/obstacle2.dir/link.txt
[3.395s] -- Symlinking: /home/ssfa/ros2_ws/install/turtlebot3_gazebo/share/turtlebot3_gazebo//models/turtlebot3_dqn_world/obstacle_plugin/build/CMakeFiles/obstacle2.dir/obstacle2.cc.o
[3.409s] -- Symlinking: /home/ssfa/ros2_ws/install/turtlebot3_gazebo/share/turtlebot3_gazebo//models/turtlebot3_dqn_world/obstacle_plugin/build/CMakeFiles/obstacle2.dir/progress.make
[3.424s] -- Symlinking: /home/ssfa/ros2_ws/install/turtlebot3_gazebo/share/turtlebot3_gazebo//models/turtlebot3_dqn_world/obstacle_plugin/build/CMakeFiles/obstacles.dir/CXX.includecache
[3.471s] -- Symlinking: /home/ssfa/ros2_ws/install/turtlebot3_gazebo/share/turtlebot3_gazebo//models/turtlebot3_dqn_world/obstacle_plugin/build/CMakeFiles/obstacles.dir/DependInfo.cmake
[3.488s] -- Symlinking: /home/ssfa/ros2_ws/install/turtlebot3_gazebo/share/turtlebot3_gazebo//models/turtlebot3_dqn_world/obstacle_plugin/build/CMakeFiles/obstacles.dir/build.make
[3.512s] -- Symlinking: /home/ssfa/ros2_ws/install/turtlebot3_gazebo/share/turtlebot3_gazebo//models/turtlebot3_dqn_world/obstacle_plugin/build/CMakeFiles/obstacles.dir/cmake_clean.cmake
[3.527s] -- Symlinking: /home/ssfa/ros2_ws/install/turtlebot3_gazebo/share/turtlebot3_gazebo//models/turtlebot3_dqn_world/obstacle_plugin/build/CMakeFiles/obstacles.dir/depend.internal
[3.542s] -- Symlinking: /home/ssfa/ros2_ws/install/turtlebot3_gazebo/share/turtlebot3_gazebo//models/turtlebot3_dqn_world/obstacle_plugin/build/CMakeFiles/obstacles.dir/depend.make
[3.558s] -- Symlinking: /home/ssfa/ros2_ws/install/turtlebot3_gazebo/share/turtlebot3_gazebo//models/turtlebot3_dqn_world/obstacle_plugin/build/CMakeFiles/obstacles.dir/flags.make
[3.576s] -- Symlinking: /home/ssfa/ros2_ws/install/turtlebot3_gazebo/share/turtlebot3_gazebo//models/turtlebot3_dqn_world/obstacle_plugin/build/CMakeFiles/obstacles.dir/link.txt
[3.598s] -- Symlinking: /home/ssfa/ros2_ws/install/turtlebot3_gazebo/share/turtlebot3_gazebo//models/turtlebot3_dqn_world/obstacle_plugin/build/CMakeFiles/obstacles.dir/obstacles.cc.o
[3.646s] -- Symlinking: /home/ssfa/ros2_ws/install/turtlebot3_gazebo/share/turtlebot3_gazebo//models/turtlebot3_dqn_world/obstacle_plugin/build/CMakeFiles/obstacles.dir/progress.make
[3.695s] -- Symlinking: /home/ssfa/ros2_ws/install/turtlebot3_gazebo/share/turtlebot3_gazebo//models/turtlebot3_dqn_world/obstacle_plugin/build/CMakeFiles/progress.marks
[3.735s] -- Symlinking: /home/ssfa/ros2_ws/install/turtlebot3_gazebo/share/turtlebot3_gazebo//models/turtlebot3_dqn_world/obstacle_plugin/build/CMakeTmp/test_freeimage.c
[3.771s] -- Symlinking: /home/ssfa/ros2_ws/install/turtlebot3_gazebo/share/turtlebot3_gazebo//models/turtlebot3_dqn_world/obstacle_plugin/build/Makefile
[3.813s] -- Symlinking: /home/ssfa/ros2_ws/install/turtlebot3_gazebo/share/turtlebot3_gazebo//models/turtlebot3_dqn_world/obstacle_plugin/build/cmake_install.cmake
[3.829s] -- Symlinking: /home/ssfa/ros2_ws/install/turtlebot3_gazebo/share/turtlebot3_gazebo//models/turtlebot3_dqn_world/obstacle_plugin/build/libobstacle1.so
[3.845s] -- Symlinking: /home/ssfa/ros2_ws/install/turtlebot3_gazebo/share/turtlebot3_gazebo//models/turtlebot3_dqn_world/obstacle_plugin/build/libobstacle2.so
[3.862s] -- Symlinking: /home/ssfa/ros2_ws/install/turtlebot3_gazebo/share/turtlebot3_gazebo//models/turtlebot3_dqn_world/obstacle_plugin/build/libobstacles.so
[3.882s] -- Symlinking: /home/ssfa/ros2_ws/install/turtlebot3_gazebo/share/turtlebot3_gazebo//models/turtlebot3_dqn_world/obstacle_plugin/obstacle1.cc
[3.916s] -- Symlinking: /home/ssfa/ros2_ws/install/turtlebot3_gazebo/share/turtlebot3_gazebo//models/turtlebot3_dqn_world/obstacle_plugin/obstacle2.cc
[3.932s] -- Symlinking: /home/ssfa/ros2_ws/install/turtlebot3_gazebo/share/turtlebot3_gazebo//models/turtlebot3_dqn_world/obstacle_plugin/obstacles.cc
[3.948s] -- Symlinking: /home/ssfa/ros2_ws/install/turtlebot3_gazebo/share/turtlebot3_gazebo//models/turtlebot3_dqn_world/obstacles/model.config
[3.975s] -- Symlinking: /home/ssfa/ros2_ws/install/turtlebot3_gazebo/share/turtlebot3_gazebo//models/turtlebot3_dqn_world/obstacles/model.sdf
[3.992s] -- Symlinking: /home/ssfa/ros2_ws/install/turtlebot3_gazebo/share/turtlebot3_gazebo//models/turtlebot3_house/blender/turtlebot3_house.blend
[4.006s] -- Symlinking: /home/ssfa/ros2_ws/install/turtlebot3_gazebo/share/turtlebot3_gazebo//models/turtlebot3_house/blender/turtlebot3_house.blend1
[4.027s] -- Symlinking: /home/ssfa/ros2_ws/install/turtlebot3_gazebo/share/turtlebot3_gazebo//models/turtlebot3_house/meshes/turtlebot3_house_text.dae
[4.043s] -- Symlinking: /home/ssfa/ros2_ws/install/turtlebot3_gazebo/share/turtlebot3_gazebo//models/turtlebot3_house/meshes/wall_texture.jpg
[4.061s] -- Symlinking: /home/ssfa/ros2_ws/install/turtlebot3_gazebo/share/turtlebot3_gazebo//models/turtlebot3_house/meshes/wall_texture_1.png
[4.080s] -- Symlinking: /home/ssfa/ros2_ws/install/turtlebot3_gazebo/share/turtlebot3_gazebo//models/turtlebot3_house/model copy.sdf
[4.098s] -- Symlinking: /home/ssfa/ros2_ws/install/turtlebot3_gazebo/share/turtlebot3_gazebo//models/turtlebot3_house/model.config
[4.117s] -- Symlinking: /home/ssfa/ros2_ws/install/turtlebot3_gazebo/share/turtlebot3_gazebo//models/turtlebot3_house/model.sdf
[4.134s] -- Symlinking: /home/ssfa/ros2_ws/install/turtlebot3_gazebo/share/turtlebot3_gazebo//models/turtlebot3_room/meshes/hexagon.dae
[4.149s] -- Symlinking: /home/ssfa/ros2_ws/install/turtlebot3_gazebo/share/turtlebot3_gazebo//models/turtlebot3_room/meshes/turtleroom.dae
[4.165s] -- Symlinking: /home/ssfa/ros2_ws/install/turtlebot3_gazebo/share/turtlebot3_gazebo//models/turtlebot3_room/meshes/wall.dae
[4.184s] -- Symlinking: /home/ssfa/ros2_ws/install/turtlebot3_gazebo/share/turtlebot3_gazebo//models/turtlebot3_room/model.config
[4.212s] -- Symlinking: /home/ssfa/ros2_ws/install/turtlebot3_gazebo/share/turtlebot3_gazebo//models/turtlebot3_room/model.sdf
[4.242s] -- Symlinking: /home/ssfa/ros2_ws/install/turtlebot3_gazebo/share/turtlebot3_gazebo//models/turtlebot3_room/troom.blend
[4.265s] -- Symlinking: /home/ssfa/ros2_ws/install/turtlebot3_gazebo/share/turtlebot3_gazebo//models/turtlebot3_room/troom.blend1
[4.284s] -- Symlinking: /home/ssfa/ros2_ws/install/turtlebot3_gazebo/share/turtlebot3_gazebo//models/turtlebot3_waffle/blender/lds_text.blend
[4.321s] -- Symlinking: /home/ssfa/ros2_ws/install/turtlebot3_gazebo/share/turtlebot3_gazebo//models/turtlebot3_waffle/blender/lds_text.blend1
[4.338s] -- Symlinking: /home/ssfa/ros2_ws/install/turtlebot3_gazebo/share/turtlebot3_gazebo//models/turtlebot3_waffle/blender/left_tire_text.blend
[4.354s] -- Symlinking: /home/ssfa/ros2_ws/install/turtlebot3_gazebo/share/turtlebot3_gazebo//models/turtlebot3_waffle/blender/left_tire_text.blend1
[4.371s] -- Symlinking: /home/ssfa/ros2_ws/install/turtlebot3_gazebo/share/turtlebot3_gazebo//models/turtlebot3_waffle/blender/right_tire_text.blend
[4.384s] -- Symlinking: /home/ssfa/ros2_ws/install/turtlebot3_gazebo/share/turtlebot3_gazebo//models/turtlebot3_waffle/blender/right_tire_text.blend1
[4.398s] -- Symlinking: /home/ssfa/ros2_ws/install/turtlebot3_gazebo/share/turtlebot3_gazebo//models/turtlebot3_waffle/blender/waffle_text.blend
[4.414s] -- Symlinking: /home/ssfa/ros2_ws/install/turtlebot3_gazebo/share/turtlebot3_gazebo//models/turtlebot3_waffle/blender/waffle_text.blend1
[4.432s] -- Symlinking: /home/ssfa/ros2_ws/install/turtlebot3_gazebo/share/turtlebot3_gazebo//models/turtlebot3_waffle/meshes/Base.dae
[4.453s] -- Symlinking: /home/ssfa/ros2_ws/install/turtlebot3_gazebo/share/turtlebot3_gazebo//models/turtlebot3_waffle/meshes/LDS_Texture.png
[4.483s] -- Symlinking: /home/ssfa/ros2_ws/install/turtlebot3_gazebo/share/turtlebot3_gazebo//models/turtlebot3_waffle/meshes/astra.dae
[4.498s] -- Symlinking: /home/ssfa/ros2_ws/install/turtlebot3_gazebo/share/turtlebot3_gazebo//models/turtlebot3_waffle/meshes/astra.jpg
[4.515s] -- Symlinking: /home/ssfa/ros2_ws/install/turtlebot3_gazebo/share/turtlebot3_gazebo//models/turtlebot3_waffle/meshes/lds.dae
[4.533s] -- Symlinking: /home/ssfa/ros2_ws/install/turtlebot3_gazebo/share/turtlebot3_gazebo//models/turtlebot3_waffle/meshes/lds.stl
[4.566s] -- Symlinking: /home/ssfa/ros2_ws/install/turtlebot3_gazebo/share/turtlebot3_gazebo//models/turtlebot3_waffle/meshes/lds_text.dae
[4.602s] -- Symlinking: /home/ssfa/ros2_ws/install/turtlebot3_gazebo/share/turtlebot3_gazebo//models/turtlebot3_waffle/meshes/left_tire.dae
[4.631s] -- Symlinking: /home/ssfa/ros2_ws/install/turtlebot3_gazebo/share/turtlebot3_gazebo//models/turtlebot3_waffle/meshes/left_tire.stl
[4.671s] -- Symlinking: /home/ssfa/ros2_ws/install/turtlebot3_gazebo/share/turtlebot3_gazebo//models/turtlebot3_waffle/meshes/left_tire_text.dae
[4.687s] -- Symlinking: /home/ssfa/ros2_ws/install/turtlebot3_gazebo/share/turtlebot3_gazebo//models/turtlebot3_waffle/meshes/left_tire_text.png
[4.703s] -- Symlinking: /home/ssfa/ros2_ws/install/turtlebot3_gazebo/share/turtlebot3_gazebo//models/turtlebot3_waffle/meshes/r200.dae
[4.718s] -- Symlinking: /home/ssfa/ros2_ws/install/turtlebot3_gazebo/share/turtlebot3_gazebo//models/turtlebot3_waffle/meshes/r200.jpg
[4.733s] -- Symlinking: /home/ssfa/ros2_ws/install/turtlebot3_gazebo/share/turtlebot3_gazebo//models/turtlebot3_waffle/meshes/right_tire.dae
[4.748s] -- Symlinking: /home/ssfa/ros2_ws/install/turtlebot3_gazebo/share/turtlebot3_gazebo//models/turtlebot3_waffle/meshes/right_tire.stl
[4.763s] -- Symlinking: /home/ssfa/ros2_ws/install/turtlebot3_gazebo/share/turtlebot3_gazebo//models/turtlebot3_waffle/meshes/right_tire_text.dae
[4.778s] -- Symlinking: /home/ssfa/ros2_ws/install/turtlebot3_gazebo/share/turtlebot3_gazebo//models/turtlebot3_waffle/meshes/right_tire_texture.png
[4.792s] -- Symlinking: /home/ssfa/ros2_ws/install/turtlebot3_gazebo/share/turtlebot3_gazebo//models/turtlebot3_waffle/meshes/waffle_base.dae
[4.806s] -- Symlinking: /home/ssfa/ros2_ws/install/turtlebot3_gazebo/share/turtlebot3_gazebo//models/turtlebot3_waffle/meshes/waffle_base.stl
[4.827s] -- Symlinking: /home/ssfa/ros2_ws/install/turtlebot3_gazebo/share/turtlebot3_gazebo//models/turtlebot3_waffle/meshes/waffle_base_text.dae
[4.842s] -- Symlinking: /home/ssfa/ros2_ws/install/turtlebot3_gazebo/share/turtlebot3_gazebo//models/turtlebot3_waffle/meshes/waffle_base_texture.png
[4.856s] -- Symlinking: /home/ssfa/ros2_ws/install/turtlebot3_gazebo/share/turtlebot3_gazebo//models/turtlebot3_waffle/model-1_4.sdf
[4.874s] -- Symlinking: /home/ssfa/ros2_ws/install/turtlebot3_gazebo/share/turtlebot3_gazebo//models/turtlebot3_waffle/model.config
[4.890s] -- Symlinking: /home/ssfa/ros2_ws/install/turtlebot3_gazebo/share/turtlebot3_gazebo//models/turtlebot3_waffle/model.sdf
[4.933s] -- Symlinking: /home/ssfa/ros2_ws/install/turtlebot3_gazebo/share/turtlebot3_gazebo//models/turtlebot3_waffle/model_copy.sdf
[4.967s] -- Symlinking: /home/ssfa/ros2_ws/install/turtlebot3_gazebo/share/turtlebot3_gazebo//models/turtlebot3_waffle/model_copy_2.sdf
[4.982s] -- Symlinking: /home/ssfa/ros2_ws/install/turtlebot3_gazebo/share/turtlebot3_gazebo//models/turtlebot3_waffle_pi/meshes/lds.stl
[4.996s] -- Symlinking: /home/ssfa/ros2_ws/install/turtlebot3_gazebo/share/turtlebot3_gazebo//models/turtlebot3_waffle_pi/meshes/left_tire.stl
[5.011s] -- Symlinking: /home/ssfa/ros2_ws/install/turtlebot3_gazebo/share/turtlebot3_gazebo//models/turtlebot3_waffle_pi/meshes/right_tire.stl
[5.025s] -- Symlinking: /home/ssfa/ros2_ws/install/turtlebot3_gazebo/share/turtlebot3_gazebo//models/turtlebot3_waffle_pi/meshes/waffle_pi_base.stl
[5.041s] -- Symlinking: /home/ssfa/ros2_ws/install/turtlebot3_gazebo/share/turtlebot3_gazebo//models/turtlebot3_waffle_pi/meshes_dae/lds.dae
[5.055s] -- Symlinking: /home/ssfa/ros2_ws/install/turtlebot3_gazebo/share/turtlebot3_gazebo//models/turtlebot3_waffle_pi/meshes_dae/left_tire.dae
[5.071s] -- Symlinking: /home/ssfa/ros2_ws/install/turtlebot3_gazebo/share/turtlebot3_gazebo//models/turtlebot3_waffle_pi/meshes_dae/right_tire.dae
[5.087s] -- Symlinking: /home/ssfa/ros2_ws/install/turtlebot3_gazebo/share/turtlebot3_gazebo//models/turtlebot3_waffle_pi/meshes_dae/waffle_pi_base.dae
[5.103s] -- Symlinking: /home/ssfa/ros2_ws/install/turtlebot3_gazebo/share/turtlebot3_gazebo//models/turtlebot3_waffle_pi/model-1_4.sdf
[5.114s] -- Symlinking: /home/ssfa/ros2_ws/install/turtlebot3_gazebo/share/turtlebot3_gazebo//models/turtlebot3_waffle_pi/model.config
[5.124s] -- Symlinking: /home/ssfa/ros2_ws/install/turtlebot3_gazebo/share/turtlebot3_gazebo//models/turtlebot3_waffle_pi/model.sdf
[5.134s] -- Symlinking: /home/ssfa/ros2_ws/install/turtlebot3_gazebo/share/turtlebot3_gazebo//models/turtlebot3_world/meshes/hexagon.dae
[5.145s] -- Symlinking: /home/ssfa/ros2_ws/install/turtlebot3_gazebo/share/turtlebot3_gazebo//models/turtlebot3_world/meshes/hexagon.stl
[5.156s] -- Symlinking: /home/ssfa/ros2_ws/install/turtlebot3_gazebo/share/turtlebot3_gazebo//models/turtlebot3_world/meshes/wall.dae
[5.166s] -- Symlinking: /home/ssfa/ros2_ws/install/turtlebot3_gazebo/share/turtlebot3_gazebo//models/turtlebot3_world/meshes/wall.stl
[5.179s] -- Symlinking: /home/ssfa/ros2_ws/install/turtlebot3_gazebo/share/turtlebot3_gazebo//models/turtlebot3_world/model-1_4.sdf
[5.191s] -- Symlinking: /home/ssfa/ros2_ws/install/turtlebot3_gazebo/share/turtlebot3_gazebo//models/turtlebot3_world/model.config
[5.201s] -- Symlinking: /home/ssfa/ros2_ws/install/turtlebot3_gazebo/share/turtlebot3_gazebo//models/turtlebot3_world/model.sdf
[5.212s] -- Symlinking: /home/ssfa/ros2_ws/install/turtlebot3_gazebo/share/turtlebot3_gazebo//models/turtlebot3_world/model_old_stls.sdf
[5.223s] -- Symlinking: /home/ssfa/ros2_ws/install/turtlebot3_gazebo/share/turtlebot3_gazebo//rviz/tb3_gazebo.rviz
[5.234s] -- Symlinking: /home/ssfa/ros2_ws/install/turtlebot3_gazebo/share/turtlebot3_gazebo//worlds/empty_worlds/burger.model
[5.245s] -- Symlinking: /home/ssfa/ros2_ws/install/turtlebot3_gazebo/share/turtlebot3_gazebo//worlds/empty_worlds/waffle.model
[5.257s] -- Symlinking: /home/ssfa/ros2_ws/install/turtlebot3_gazebo/share/turtlebot3_gazebo//worlds/empty_worlds/waffle_pi.model
[5.269s] -- Symlinking: /home/ssfa/ros2_ws/install/turtlebot3_gazebo/share/turtlebot3_gazebo//worlds/turtlebot3_autoraces/burger.model
[5.284s] -- Symlinking: /home/ssfa/ros2_ws/install/turtlebot3_gazebo/share/turtlebot3_gazebo//worlds/turtlebot3_autoraces/waffle.model
[5.299s] -- Symlinking: /home/ssfa/ros2_ws/install/turtlebot3_gazebo/share/turtlebot3_gazebo//worlds/turtlebot3_autoraces/waffle_pi.model
[5.314s] -- Symlinking: /home/ssfa/ros2_ws/install/turtlebot3_gazebo/share/turtlebot3_gazebo//worlds/turtlebot3_dqn_stage1/burger.model
[5.329s] -- Symlinking: /home/ssfa/ros2_ws/install/turtlebot3_gazebo/share/turtlebot3_gazebo//worlds/turtlebot3_dqn_stage1/waffle.model
[5.344s] -- Symlinking: /home/ssfa/ros2_ws/install/turtlebot3_gazebo/share/turtlebot3_gazebo//worlds/turtlebot3_dqn_stage1/waffle_pi.model
[5.360s] -- Symlinking: /home/ssfa/ros2_ws/install/turtlebot3_gazebo/share/turtlebot3_gazebo//worlds/turtlebot3_dqn_stage2/burger.model
[5.370s] -- Symlinking: /home/ssfa/ros2_ws/install/turtlebot3_gazebo/share/turtlebot3_gazebo//worlds/turtlebot3_dqn_stage2/waffle.model
[5.381s] -- Symlinking: /home/ssfa/ros2_ws/install/turtlebot3_gazebo/share/turtlebot3_gazebo//worlds/turtlebot3_dqn_stage2/waffle_pi.model
[5.391s] -- Symlinking: /home/ssfa/ros2_ws/install/turtlebot3_gazebo/share/turtlebot3_gazebo//worlds/turtlebot3_dqn_stage3/burger.model
[5.402s] -- Symlinking: /home/ssfa/ros2_ws/install/turtlebot3_gazebo/share/turtlebot3_gazebo//worlds/turtlebot3_dqn_stage3/waffle.model
[5.413s] -- Symlinking: /home/ssfa/ros2_ws/install/turtlebot3_gazebo/share/turtlebot3_gazebo//worlds/turtlebot3_dqn_stage3/waffle_pi.model
[5.423s] -- Symlinking: /home/ssfa/ros2_ws/install/turtlebot3_gazebo/share/turtlebot3_gazebo//worlds/turtlebot3_dqn_stage4/burger.model
[5.434s] -- Symlinking: /home/ssfa/ros2_ws/install/turtlebot3_gazebo/share/turtlebot3_gazebo//worlds/turtlebot3_dqn_stage4/waffle.model
[5.445s] -- Symlinking: /home/ssfa/ros2_ws/install/turtlebot3_gazebo/share/turtlebot3_gazebo//worlds/turtlebot3_dqn_stage4/waffle_pi.model
[5.456s] -- Symlinking: /home/ssfa/ros2_ws/install/turtlebot3_gazebo/share/turtlebot3_gazebo//worlds/turtlebot3_houses/burger.model
[5.466s] -- Symlinking: /home/ssfa/ros2_ws/install/turtlebot3_gazebo/share/turtlebot3_gazebo//worlds/turtlebot3_houses/waffle.model
[5.477s] -- Symlinking: /home/ssfa/ros2_ws/install/turtlebot3_gazebo/share/turtlebot3_gazebo//worlds/turtlebot3_houses/waffle_pi.model
[5.488s] -- Symlinking: /home/ssfa/ros2_ws/install/turtlebot3_gazebo/share/turtlebot3_gazebo//worlds/turtlebot3_tc.world
[5.498s] -- Symlinking: /home/ssfa/ros2_ws/install/turtlebot3_gazebo/share/turtlebot3_gazebo//worlds/turtlebot3_worlds/burger.model
[5.509s] -- Symlinking: /home/ssfa/ros2_ws/install/turtlebot3_gazebo/share/turtlebot3_gazebo//worlds/turtlebot3_worlds/waffle.model
[5.519s] -- Symlinking: /home/ssfa/ros2_ws/install/turtlebot3_gazebo/share/turtlebot3_gazebo//worlds/turtlebot3_worlds/waffle_pi.model
[5.530s] -- Symlinking: /home/ssfa/ros2_ws/install/turtlebot3_gazebo/share/turtlebot3_gazebo//launch/empty_world.launch.py
[5.540s] -- Symlinking: /home/ssfa/ros2_ws/install/turtlebot3_gazebo/share/turtlebot3_gazebo//launch/robot_state_publisher.launch.py
[5.551s] -- Symlinking: /home/ssfa/ros2_ws/install/turtlebot3_gazebo/share/turtlebot3_gazebo//launch/turtlebot3_autorace.launch.py
[5.561s] -- Symlinking: /home/ssfa/ros2_ws/install/turtlebot3_gazebo/share/turtlebot3_gazebo//launch/turtlebot3_dqn_stage1.launch.py
[5.573s] -- Symlinking: /home/ssfa/ros2_ws/install/turtlebot3_gazebo/share/turtlebot3_gazebo//launch/turtlebot3_dqn_stage2.launch.py
[5.584s] -- Symlinking: /home/ssfa/ros2_ws/install/turtlebot3_gazebo/share/turtlebot3_gazebo//launch/turtlebot3_dqn_stage3.launch.py
[5.594s] -- Symlinking: /home/ssfa/ros2_ws/install/turtlebot3_gazebo/share/turtlebot3_gazebo//launch/turtlebot3_dqn_stage4.launch.py
[5.605s] -- Symlinking: /home/ssfa/ros2_ws/install/turtlebot3_gazebo/share/turtlebot3_gazebo//launch/turtlebot3_house.launch.py
[5.615s] -- Symlinking: /home/ssfa/ros2_ws/install/turtlebot3_gazebo/share/turtlebot3_gazebo//launch/turtlebot3_house_v2.launch.py
[5.625s] -- Symlinking: /home/ssfa/ros2_ws/install/turtlebot3_gazebo/share/turtlebot3_gazebo//launch/turtlebot3_tc_world.launch.py
[5.636s] -- Symlinking: /home/ssfa/ros2_ws/install/turtlebot3_gazebo/share/turtlebot3_gazebo//launch/turtlebot3_world.launch.py
[5.646s] -- Symlinking: /home/ssfa/ros2_ws/install/turtlebot3_gazebo/share/ament_index/resource_index/package_run_dependencies/turtlebot3_gazebo
[5.658s] -- Symlinking: /home/ssfa/ros2_ws/install/turtlebot3_gazebo/share/ament_index/resource_index/parent_prefix_path/turtlebot3_gazebo
[5.668s] -- Symlinking: /home/ssfa/ros2_ws/install/turtlebot3_gazebo/share/turtlebot3_gazebo/environment/ament_prefix_path.sh
[5.680s] -- Symlinking: /home/ssfa/ros2_ws/install/turtlebot3_gazebo/share/turtlebot3_gazebo/environment/ament_prefix_path.dsv
[5.691s] -- Symlinking: /home/ssfa/ros2_ws/install/turtlebot3_gazebo/share/turtlebot3_gazebo/environment/path.sh
[5.701s] -- Symlinking: /home/ssfa/ros2_ws/install/turtlebot3_gazebo/share/turtlebot3_gazebo/environment/path.dsv
[5.712s] -- Symlinking: /home/ssfa/ros2_ws/install/turtlebot3_gazebo/share/turtlebot3_gazebo/local_setup.bash
[5.722s] -- Symlinking: /home/ssfa/ros2_ws/install/turtlebot3_gazebo/share/turtlebot3_gazebo/local_setup.sh
[5.732s] -- Symlinking: /home/ssfa/ros2_ws/install/turtlebot3_gazebo/share/turtlebot3_gazebo/local_setup.zsh
[5.742s] -- Symlinking: /home/ssfa/ros2_ws/install/turtlebot3_gazebo/share/turtlebot3_gazebo/local_setup.dsv
[5.755s] -- Symlinking: /home/ssfa/ros2_ws/install/turtlebot3_gazebo/share/turtlebot3_gazebo/package.dsv
[5.765s] -- Symlinking: /home/ssfa/ros2_ws/install/turtlebot3_gazebo/share/ament_index/resource_index/packages/turtlebot3_gazebo
[5.776s] -- Symlinking: /home/ssfa/ros2_ws/install/turtlebot3_gazebo/share/turtlebot3_gazebo/cmake/turtlebot3_gazeboConfig.cmake
[5.786s] -- Symlinking: /home/ssfa/ros2_ws/install/turtlebot3_gazebo/share/turtlebot3_gazebo/cmake/turtlebot3_gazeboConfig-version.cmake
[5.797s] -- Symlinking: /home/ssfa/ros2_ws/install/turtlebot3_gazebo/share/turtlebot3_gazebo/package.xml
[5.811s] Invoked command in '/home/ssfa/ros2_ws/build/turtlebot3_gazebo' returned '0': AMENT_PREFIX_PATH=/home/ssfa/ros2_ws/install/turtlebot3_description:${AMENT_PREFIX_PATH} CMAKE_PREFIX_PATH=/home/ssfa/ros2_ws/install/turtlebot3_description:/opt/ros/humble /usr/bin/cmake --install /home/ssfa/ros2_ws/build/turtlebot3_gazebo
