running develop
running egg_info
creating shape_detector.egg-info
writing shape_detector.egg-info/PKG-INFO
writing dependency_links to shape_detector.egg-info/dependency_links.txt
writing entry points to shape_detector.egg-info/entry_points.txt
writing requirements to shape_detector.egg-info/requires.txt
writing top-level names to shape_detector.egg-info/top_level.txt
writing manifest file 'shape_detector.egg-info/SOURCES.txt'
reading manifest file 'shape_detector.egg-info/SOURCES.txt'
writing manifest file 'shape_detector.egg-info/SOURCES.txt'
running build_ext
Creating /home/ssfa/ros2_ws/install/shape_detector/lib/python3.10/site-packages/shape-detector.egg-link (link to .)
Installing shape_detector script to /home/ssfa/ros2_ws/install/shape_detector/lib/shape_detector

Installed /home/ssfa/ros2_ws/build/shape_detector
running symlink_data
creating /home/ssfa/ros2_ws/install/shape_detector/share/ament_index
creating /home/ssfa/ros2_ws/install/shape_detector/share/ament_index/resource_index
creating /home/ssfa/ros2_ws/install/shape_detector/share/ament_index/resource_index/packages
symbolically linking /home/ssfa/ros2_ws/build/shape_detector/resource/shape_detector -> /home/ssfa/ros2_ws/install/shape_detector/share/ament_index/resource_index/packages
symbolically linking /home/ssfa/ros2_ws/build/shape_detector/package.xml -> /home/ssfa/ros2_ws/install/shape_detector/share/shape_detector
