[1.283s] Invoking command in '/home/ssfa/ros2_ws/build/shape_detector': PYTHONPATH=/home/ssfa/ros2_ws/build/shape_detector/prefix_override:/usr/lib/python3/dist-packages/colcon_core/task/python/colcon_distutils_commands:/home/ssfa/ros2_ws/install/shape_detector/lib/python3.10/site-packages:${PYTHONPATH} /usr/bin/python3 -W ignore:setup.py install is deprecated setup.py develop --editable --build-directory /home/ssfa/ros2_ws/build/shape_detector/build --no-deps symlink_data
[1.659s] running develop
[1.659s] /usr/lib/python3/dist-packages/setuptools/command/easy_install.py:158: EasyInstallDeprecationWarning: easy_install command is deprecated. Use build and pip and other standards-based tools.
[1.659s]   warnings.warn(
[1.897s] running egg_info
[1.897s] creating shape_detector.egg-info
[1.897s] writing shape_detector.egg-info/PKG-INFO
[1.897s] writing dependency_links to shape_detector.egg-info/dependency_links.txt
[1.897s] writing entry points to shape_detector.egg-info/entry_points.txt
[1.897s] writing requirements to shape_detector.egg-info/requires.txt
[1.897s] writing top-level names to shape_detector.egg-info/top_level.txt
[1.897s] writing manifest file 'shape_detector.egg-info/SOURCES.txt'
[1.899s] reading manifest file 'shape_detector.egg-info/SOURCES.txt'
[1.900s] writing manifest file 'shape_detector.egg-info/SOURCES.txt'
[1.901s] running build_ext
[1.902s] Creating /home/ssfa/ros2_ws/install/shape_detector/lib/python3.10/site-packages/shape-detector.egg-link (link to .)
[1.902s] Installing shape_detector script to /home/ssfa/ros2_ws/install/shape_detector/lib/shape_detector
[1.902s] 
[1.903s] Installed /home/ssfa/ros2_ws/build/shape_detector
[1.903s] running symlink_data
[1.903s] creating /home/ssfa/ros2_ws/install/shape_detector/share/ament_index
[1.903s] creating /home/ssfa/ros2_ws/install/shape_detector/share/ament_index/resource_index
[1.903s] creating /home/ssfa/ros2_ws/install/shape_detector/share/ament_index/resource_index/packages
[1.903s] symbolically linking /home/ssfa/ros2_ws/build/shape_detector/resource/shape_detector -> /home/ssfa/ros2_ws/install/shape_detector/share/ament_index/resource_index/packages
[1.903s] symbolically linking /home/ssfa/ros2_ws/build/shape_detector/package.xml -> /home/ssfa/ros2_ws/install/shape_detector/share/shape_detector
[1.933s] Invoked command in '/home/ssfa/ros2_ws/build/shape_detector' returned '0': PYTHONPATH=/home/ssfa/ros2_ws/build/shape_detector/prefix_override:/usr/lib/python3/dist-packages/colcon_core/task/python/colcon_distutils_commands:/home/ssfa/ros2_ws/install/shape_detector/lib/python3.10/site-packages:${PYTHONPATH} /usr/bin/python3 -W ignore:setup.py install is deprecated setup.py develop --editable --build-directory /home/ssfa/ros2_ws/build/shape_detector/build --no-deps symlink_data
